C51 COMPILER V9.53.0.0   DRVGPIO                                                           06/30/2023 14:32:02 PAGE 1   


C51 COMPILER V9.53.0.0, COMPILATION OF MODULE DRVGPIO
OBJECT MODULE PLACED IN ..\..\..\..\..\out\DrvGpio.obj
COMPILER INVOKED BY: C:\Keil_v5\c51\C51\BIN\C51.EXE ..\User\Driver\DrvGpio.c LARGE OPTIMIZE(8,SIZE) OPTIMIZE(8,SIZE) REG
                    -FILE(..\..\..\..\..\out\LT9211C_MIPI DSI to LVDS test.ORC) BROWSE INCDIR(..\User\Driver;..\User\App;..\User\Ocm;..\User\
                    -Module) DEBUG OBJECTEXTEND PRINT(.\Listings\DrvGpio.lst) OBJECT(..\..\..\..\..\out\DrvGpio.obj)

line level    source

   1          
   2          
   3          #include "include.h"


MODULE INFORMATION:   STATIC OVERLAYABLE
   CODE SIZE        =   ----    ----
   CONSTANT SIZE    =   ----    ----
   XDATA SIZE       =   ----    ----
   PDATA SIZE       =   ----    ----
   DATA SIZE        =   ----    ----
   IDATA SIZE       =   ----    ----
   BIT SIZE         =   ----    ----
END OF MODULE INFORMATION.


C51 COMPILATION COMPLETE.  0 WARNING(S),  0 ERROR(S)
