BL51 BANKED LINKER/LOCATER V6.22                                                        06/30/2023  14:32:06  PAGE 1


BL51 BANKED LINKER/LOCATER V6.22, INVOKED BY:
C:\KEIL_V5\C51\C51\BIN\BL51.EXE ..\..\..\..\..\out\STARTUP.obj, ..\..\..\..\..\out\main.obj, ..\..\..\..\..\out\OcmDelay
>> .obj, ..\..\..\..\..\out\OcmUart0.obj, ..\..\..\..\..\out\DrvCsc.obj, ..\..\..\..\..\out\DrvDcsCmd.obj, ..\..\..\..\.
>> .\out\DrvGpio.obj, ..\..\..\..\..\out\DrvI2cMaster.obj, ..\..\..\..\..\out\DrvLvdsRx.obj, ..\..\..\..\..\out\DrvLvdsT
>> x.obj, ..\..\..\..\..\out\DrvMipiRx.obj, ..\..\..\..\..\out\DrvMipiTx.obj, ..\..\..\..\..\out\DrvTtlRx.obj, ..\..\..\
>> ..\..\out\DrvTtlTx.obj, ..\..\..\..\..\out\DrvSystem.obj, ..\..\..\..\..\out\DrvMipiRpt.obj, ..\..\..\..\..\out\DrvMi
>> piLs.obj, ..\..\..\..\..\out\ModSystem.obj, ..\..\..\..\..\out\ModLvdsRx.obj, ..\..\..\..\..\out\ModLvdsTx.obj, ..\..
>> \..\..\..\out\ModMipiRx.obj, ..\..\..\..\..\out\ModMipiTx.obj, ..\..\..\..\..\out\ModTtlRx.obj, ..\..\..\..\..\out\Mo
>> dTtlTx.obj, ..\..\..\..\..\out\ModPattern.obj, ..\..\..\..\..\out\ModMipiRpt.obj, ..\..\..\..\..\out\ModMipiLs.obj TO
>>  ..\..\..\..\..\out\LT9211C_MIPI DSI to LVDS test REGFILE (..\..\..\..\..\out\LT9211C_MIPI DSI to LVDS test.ORC) PRIN
>> T (.\Listings\LT9211C_MIPI DSI to LVDS test.m51) RAMSIZE (256) DISABLEWARNING (16)


MEMORY MODEL: LARGE WITH FLOATING POINT ARITHMETIC


INPUT MODULES INCLUDED:
  ..\..\..\..\..\out\STARTUP.obj (?C_STARTUP)
  ..\..\..\..\..\out\main.obj (MAIN)
  ..\..\..\..\..\out\OcmDelay.obj (OCMDELAY)
  ..\..\..\..\..\out\OcmUart0.obj (OCMUART0)
  ..\..\..\..\..\out\DrvCsc.obj (DRVCSC)
  ..\..\..\..\..\out\DrvDcsCmd.obj (DRVDCSCMD)
  ..\..\..\..\..\out\DrvGpio.obj (DRVGPIO)
  ..\..\..\..\..\out\DrvI2cMaster.obj (DRVI2CMASTER)
  ..\..\..\..\..\out\DrvLvdsRx.obj (DRVLVDSRX)
  ..\..\..\..\..\out\DrvLvdsTx.obj (DRVLVDSTX)
  ..\..\..\..\..\out\DrvMipiRx.obj (DRVMIPIRX)
  ..\..\..\..\..\out\DrvMipiTx.obj (DRVMIPITX)
  ..\..\..\..\..\out\DrvTtlRx.obj (DRVTTLRX)
  ..\..\..\..\..\out\DrvTtlTx.obj (DRVTTLTX)
  ..\..\..\..\..\out\DrvSystem.obj (DRVSYSTEM)
  ..\..\..\..\..\out\DrvMipiRpt.obj (DRVMIPIRPT)
  ..\..\..\..\..\out\DrvMipiLs.obj (DRVMIPILS)
  ..\..\..\..\..\out\ModSystem.obj (MODSYSTEM)
  ..\..\..\..\..\out\ModLvdsRx.obj (MODLVDSRX)
  ..\..\..\..\..\out\ModLvdsTx.obj (MODLVDSTX)
  ..\..\..\..\..\out\ModMipiRx.obj (MODMIPIRX)
  ..\..\..\..\..\out\ModMipiTx.obj (MODMIPITX)
  ..\..\..\..\..\out\ModTtlRx.obj (MODTTLRX)
  ..\..\..\..\..\out\ModTtlTx.obj (MODTTLTX)
  ..\..\..\..\..\out\ModPattern.obj (MODPATTERN)
  ..\..\..\..\..\out\ModMipiRpt.obj (MODMIPIRPT)
  ..\..\..\..\..\out\ModMipiLs.obj (MODMIPILS)
  C:\KEIL_V5\C51\C51\LIB\C51FPL.LIB (?C?FPADD)
  C:\KEIL_V5\C51\C51\LIB\C51FPL.LIB (?C?FPDIV)
  C:\KEIL_V5\C51\C51\LIB\C51FPL.LIB (?C?FPCMP)
  C:\KEIL_V5\C51\C51\LIB\C51FPL.LIB (?C?FCAST)
  C:\KEIL_V5\C51\C51\LIB\C51FPL.LIB (?C?CASTF)
  C:\KEIL_V5\C51\C51\LIB\C51FPL.LIB (PRINTF)
  C:\KEIL_V5\C51\C51\LIB\C51FPL.LIB (VSPRINTF)
  C:\KEIL_V5\C51\C51\LIB\C51FPL.LIB (?C?FPGETOPN)
  C:\KEIL_V5\C51\C51\LIB\C51FPL.LIB (?C?FPROUND)
  C:\KEIL_V5\C51\C51\LIB\C51FPL.LIB (?C?FPCONVERT)
  C:\KEIL_V5\C51\C51\LIB\C51FPL.LIB (?C?FPMUL)
  C:\KEIL_V5\C51\C51\LIB\C51FPL.LIB (?C?FTNPWR)
  C:\KEIL_V5\C51\C51\LIB\C51L.LIB (?C_INIT)
  C:\KEIL_V5\C51\C51\LIB\C51L.LIB (?C?COPY)
BL51 BANKED LINKER/LOCATER V6.22                                                      06/30/2023  14:32:06  PAGE 2


  C:\KEIL_V5\C51\C51\LIB\C51L.LIB (?C?CLDPTR)
  C:\KEIL_V5\C51\C51\LIB\C51L.LIB (?C?CLDOPTR)
  C:\KEIL_V5\C51\C51\LIB\C51L.LIB (?C?CSTPTR)
  C:\KEIL_V5\C51\C51\LIB\C51L.LIB (?C?CSTOPTR)
  C:\KEIL_V5\C51\C51\LIB\C51L.LIB (?C?UIDIV)
  C:\KEIL_V5\C51\C51\LIB\C51L.LIB (?C?ISTPTR)
  C:\KEIL_V5\C51\C51\LIB\C51L.LIB (?C?ISTOPTR)
  C:\KEIL_V5\C51\C51\LIB\C51L.LIB (?C?LADD)
  C:\KEIL_V5\C51\C51\LIB\C51L.LIB (?C?LMUL)
  C:\KEIL_V5\C51\C51\LIB\C51L.LIB (?C?ULDIV)
  C:\KEIL_V5\C51\C51\LIB\C51L.LIB (?C?LNEG)
  C:\KEIL_V5\C51\C51\LIB\C51L.LIB (?C?ULCMP)
  C:\KEIL_V5\C51\C51\LIB\C51L.LIB (?C?ULSHR)
  C:\KEIL_V5\C51\C51\LIB\C51L.LIB (?C?LSHL)
  C:\KEIL_V5\C51\C51\LIB\C51L.LIB (?C?LLDXDATA)
  C:\KEIL_V5\C51\C51\LIB\C51L.LIB (?C?LLDXDATA0)
  C:\KEIL_V5\C51\C51\LIB\C51L.LIB (?C?LSTXDATA)
  C:\KEIL_V5\C51\C51\LIB\C51L.LIB (?C?LSTKXDATA)
  C:\KEIL_V5\C51\C51\LIB\C51L.LIB (?C?OFFXADD)
  C:\KEIL_V5\C51\C51\LIB\C51L.LIB (?C?PLDXDATA)
  C:\KEIL_V5\C51\C51\LIB\C51L.LIB (?C?PLDIXDATA)
  C:\KEIL_V5\C51\C51\LIB\C51L.LIB (?C?PSTXDATA)
  C:\KEIL_V5\C51\C51\LIB\C51L.LIB (?C?PLDCODE)
  C:\KEIL_V5\C51\C51\LIB\C51L.LIB (?C?CCASE)
  C:\KEIL_V5\C51\C51\LIB\C51L.LIB (?C?ICALL)
  C:\KEIL_V5\C51\C51\LIB\C51L.LIB (?C?LIMUL)
  C:\KEIL_V5\C51\C51\LIB\C51L.LIB (PUTCHAR)
  C:\KEIL_V5\C51\C51\LIB\C51L.LIB (?C?MEMSET)


LINK MAP OF MODULE:  ..\..\..\..\..\out\LT9211C_MIPI DSI to LVDS test (?C_STARTUP)


            TYPE    BASE      LENGTH    RELOCATION   SEGMENT NAME
            -----------------------------------------------------

            * * * * * * *   D A T A   M E M O R Y   * * * * * * *
            REG     0000H     0008H     ABSOLUTE     "REG BANK 0"
            DATA    0008H     0005H     UNIT         _DATA_GROUP_
                    000DH     0013H                  *** GAP ***
            BIT     0020H.0   0001H.1   UNIT         _BIT_GROUP_
            BIT     0021H.1   0000H.1   UNIT         ?BI?OCMUART0
                    0021H.2   0000H.6                *** GAP ***
            IDATA   0022H     0001H     UNIT         ?STACK

            * * * * * * *  X D A T A   M E M O R Y  * * * * * * *
            XDATA   0000H     00F0H     UNIT         _XDATA_GROUP_
            XDATA   00F0H     0040H     UNIT         ?XD?MODSYSTEM
            XDATA   0130H     001BH     UNIT         ?XD?DRVMIPIRX
            XDATA   014BH     0006H     UNIT         ?XD?DRV_LVDSTX_VIDTIMING_SET?DRVLVDSTX
            XDATA   0151H     0005H     UNIT         ?XD?_HDMI_READI2C_BYTEN?DRVI2CMASTER
            XDATA   0156H     0005H     UNIT         ?XD?_HDMI_WRITEI2C_BYTEN?DRVI2CMASTER
            XDATA   015BH     0004H     UNIT         ?XD?_OCM_TIMER0_DELAY100US?OCMDELAY
            XDATA   015FH     0002H     UNIT         ?XD?DRVI2CMASTER
            XDATA   0161H     0001H     UNIT         ?XD?OCMUART0
            XDATA   0162H     0001H     UNIT         ?XD?DRV_MIPIRX_VIDFMTUPDATE?DRVMIPIRX

BL51 BANKED LINKER/LOCATER V6.22                                                      06/30/2023  14:32:06  PAGE 3


            * * * * * * *   C O D E   M E M O R Y   * * * * * * *
            CODE    0000H     0003H     ABSOLUTE     
            CODE    0003H     0A23H     UNIT         ?C?LIB_CODE
            CODE    0A26H     0483H     UNIT         ?PR?PRINTF?PRINTF
            CODE    0EA9H     03FDH     UNIT         ?CO?DRVMIPIRX
            CODE    12A6H     03E4H     UNIT         ?PR?DRV_LVDSTXPLL_CONFIG?DRVLVDSTX
            CODE    168AH     0230H     UNIT         ?PR?DRV_MIPIRX_VIDTIMING_SEL?DRVMIPIRX
            CODE    18BAH     01D7H     UNIT         ?PR?DRV_MIPIRX_DESSCPLL_SET?DRVMIPIRX
            CODE    1A91H     01C7H     UNIT         ?PR?DRV_MIPIRX_PCRCALI?DRVMIPIRX
            CODE    1C58H     0155H     UNIT         ?PR?DRV_MIPIRX_HACTGET?DRVMIPIRX
            CODE    1DADH     0144H     UNIT         ?PR?_DRV_VIDCHKSINGLE_GET?DRVSYSTEM
            CODE    1EF1H     00FFH     UNIT         ?PR?_DRV_VIDCHKALL_GET?DRVSYSTEM
            CODE    1FF0H     00D9H     UNIT         ?CO?DRVLVDSTX
            CODE    20C9H     00B8H     UNIT         ?PR?_DRV_SYSTEM_FMCLKGET?DRVSYSTEM
            CODE    2181H     00B6H     UNIT         ?PR?DRV_LVDSTX_VIDTIMING_SET?DRVLVDSTX
            CODE    2237H     00B5H     UNIT         ?CO?OCMUART0
            CODE    22ECH     00B1H     UNIT         ?PR?MOD_MIPIRX_STATEHANDLER?MODMIPIRX
            CODE    239DH     00ADH     UNIT         ?PR?DRV_MIPIRX_SOTGET?DRVMIPIRX
            CODE    244AH     00ACH     UNIT         ?PR?DRV_LVDSTXPHY_POWERON?DRVLVDSTX
            CODE    24F6H     00AAH     UNIT         ?PR?DRV_MIPIRX_PHYPOWERON?DRVMIPIRX
            CODE    25A0H     00A6H     UNIT         ?PR?DRV_VIDCHK_FRMRT_GET?DRVSYSTEM
            CODE    2646H     00A5H     UNIT         ?PR?DRV_MIPIRX_VIDTIMING_SET?DRVMIPIRX
            CODE    26EBH     00A2H     UNIT         ?PR?_DRV_MIPIRX_VIDFMT_GET?DRVMIPIRX
            CODE    278DH     0091H     UNIT         ?PR?DRV_MIPIRX_VIDTIMING_GET?DRVMIPIRX
            CODE    281EH     008DH     UNIT         ?PR?_LTLOG?OCMUART0
            CODE    28ABH     008CH     UNIT         ?C_C51STARTUP
            CODE    2937H     0084H     UNIT         ?PR?_I2C_READ_BYTE?DRVI2CMASTER
            CODE    29BBH     0083H     UNIT         ?PR?DRV_LVDSTXPLL_CALI?DRVLVDSTX
            CODE    2A3EH     007BH     UNIT         ?PR?_DRV_SYSTEMACTRX_SEL?DRVSYSTEM
            CODE    2AB9H     0070H     UNIT         ?PR?DRV_DESSCPLL_SDMCAL?DRVMIPIRX
            CODE    2B29H     0066H     UNIT         ?CO?MODSYSTEM
            CODE    2B8FH     0062H     UNIT         ?PR?DRV_LVDSTXLANENUM_SET?DRVLVDSTX
            CODE    2BF1H     0061H     UNIT         ?PR?MOD_LVDSTX_STATEHANDLER?MODLVDSTX
            CODE    2C52H     005FH     UNIT         ?PR?_I2C_WRITE_BYTE?DRVI2CMASTER
            CODE    2CB1H     005DH     UNIT         ?PR?_DRV_SYSTEM_VIDCHK_SRCSEL?DRVSYSTEM
            CODE    2D0EH     0059H     UNIT         ?PR?DRV_LVDSTXVIDFMT_SET?DRVLVDSTX
            CODE    2D67H     0059H     UNIT         ?PR?_DRV_SYSTEM_VIDCHKCLK_SRCSEL?DRVSYSTEM
            CODE    2DC0H     0054H     UNIT         ?PR?DRV_MIPIRX_LANESET?DRVMIPIRX
            CODE    2E14H     0053H     UNIT         ?PR?_MOD_SYSTEMRX_SETSTATE?MODSYSTEM
            CODE    2E67H     0051H     UNIT         ?PR?_I2C_SENDBYTE?DRVI2CMASTER
            CODE    2EB8H     004BH     UNIT         ?PR?_OCM_TIMER0_DELAY100US?OCMDELAY
            CODE    2F03H     004BH     UNIT         ?PR?_OCM_TIMER0_DELAY1MS?OCMDELAY
            CODE    2F4EH     004AH     UNIT         ?PR?_VSPRINTF?VSPRINTF
            CODE    2F98H     0041H     UNIT         ?PR?MOD_CHIPID_READ?MODSYSTEM
            CODE    2FD9H     003EH     UNIT         ?CO?MODMIPIRX
            CODE    3017H     003DH     UNIT         ?PR?_DRV_SYSTEMTXSRAM_SEL?DRVSYSTEM
            CODE    3054H     003CH     UNIT         ?PR?MOD_SYSTEMRX_POWERONINIT?MODSYSTEM
            CODE    3090H     0039H     UNIT         ?PR?_OCM_UART0_TIMER1INIT?OCMUART0
            CODE    30C9H     0036H     UNIT         ?PR?MAIN?MAIN
            CODE    30FFH     0034H     UNIT         ?PR?RCVBYTE?DRVI2CMASTER
            CODE    3133H     0031H     UNIT         ?PR?DRV_MIPIRXCLK_SEL?DRVMIPIRX
            CODE    3164H     002BH     UNIT         ?PR?DRV_LVDSTXSW_RST?DRVLVDSTX
            CODE    318FH     0029H     UNIT         ?PR?_HDMI_READI2C_BYTE?DRVI2CMASTER
            CODE    31B8H     0029H     UNIT         ?PR?DRV_MIPIRX_VIDFMTUPDATE?DRVMIPIRX
            CODE    31E1H     0029H     UNIT         ?PR?MOD_SYSTEM_INIT?MODSYSTEM
            CODE    320AH     0027H     UNIT         ?PR?PUTCHAR?PUTCHAR
            CODE    3231H     0023H     UNIT         ?CO?MAIN
BL51 BANKED LINKER/LOCATER V6.22                                                      06/30/2023  14:32:06  PAGE 4


            CODE    3254H     0020H     UNIT         ?PR?DRV_MIPIRX_INPUTSEL?DRVMIPIRX
            CODE    3274H     0020H     UNIT         ?PR?_MOD_SYSTEMTX_SETSTATE?MODSYSTEM
            CODE    3294H     001EH     UNIT         ?PR?_HDMI_WRITEI2C_BYTE?DRVI2CMASTER
            CODE    32B2H     001EH     UNIT         ?PR?_MOD_SYSTEM_RXNOTIFYHANDLE?MODSYSTEM
            CODE    32D0H     001EH     UNIT         ?PR?MOD_MIPIRX_INIT?MODMIPIRX
            CODE    32EEH     001CH     UNIT         ?PR?_ACK_I2C?DRVI2CMASTER
            CODE    330AH     001AH     UNIT         ?PR?MOD_LT9211C_RESET?MODSYSTEM
            CODE    3324H     0019H     UNIT         ?PR?DRV_MIPIRX_HSSETTLESET?DRVMIPIRX
            CODE    333DH     0016H     UNIT         ?PR?MOD_SYSTEMTX_POWERONINIT?MODSYSTEM
            CODE    3353H     0016H     UNIT         ?PR?MOD_MIPIRX_VIDCHK_STABLE?MODMIPIRX
            CODE    3369H     0015H     UNIT         ?PR?START_I2C?DRVI2CMASTER
            CODE    337EH     0015H     UNIT         ?PR?_HDMI_READI2C_BYTEN?DRVI2CMASTER
            CODE    3393H     0015H     UNIT         ?PR?_HDMI_WRITEI2C_BYTEN?DRVI2CMASTER
            CODE    33A8H     0015H     UNIT         ?PR?DRV_LVDSTXPHY_POWEROFF?DRVLVDSTX
            CODE    33BDH     0015H     UNIT         ?PR?DRV_LVDSTXPORT_SET?DRVLVDSTX
            CODE    33D2H     0015H     UNIT         ?PR?MOD_LVDSTXDIG_SET?MODLVDSTX
            CODE    33E7H     0015H     UNIT         ?PR?MOD_LVDSTX_STATEJUDGE?MODLVDSTX
            CODE    33FCH     0012H     UNIT         ?PR?_I2C_DELAY_US?DRVI2CMASTER
            CODE    340EH     000EH     UNIT         ?PR?DRV_LVDSTXPLL_REFPIXCLK_SET?DRVLVDSTX
            CODE    341CH     000DH     UNIT         ?C_INITSEG
            CODE    3429H     000CH     UNIT         ?PR?STOP_I2C?DRVI2CMASTER
            CODE    3435H     000BH     UNIT         ?PR?DRV_LVDSTXCSC_SET?DRVLVDSTX
            CODE    3440H     000BH     UNIT         ?PR?MOD_LVDSTXPLL_REFPIXCLK_GET?MODLVDSTX
            CODE    344BH     0006H     UNIT         ?PR?_OCM_PRINTLEVEL_SET?OCMUART0
            CODE    3451H     0006H     UNIT         ?PR?DRV_SYSTEM_GETPIXELENCODING?DRVSYSTEM
            CODE    3457H     0006H     UNIT         ?PR?_MOD_SYSTEMRX_NOTIFYREGISTER?MODSYSTEM
            CODE    345DH     0006H     UNIT         ?PR?MOD_LVDSTX_HANDLER?MODLVDSTX
            CODE    3463H     0006H     UNIT         ?PR?MOD_MIPIRXDIG_SET?MODMIPIRX
            CODE    3469H     0003H     UNIT         ?PR?MOD_MIPIRX_HANDLER?MODMIPIRX
            CODE    346CH     0001H     UNIT         ?PR?DRV_LVDSTXPORT_SWAP?DRVLVDSTX
            CODE    346DH     0001H     UNIT         ?PR?DRV_LVDSTXPORT_COPY?DRVLVDSTX



OVERLAY MAP OF MODULE:   ..\..\..\..\..\out\LT9211C_MIPI DSI to LVDS test (?C_STARTUP)


SEGMENT                                             BIT_GROUP          DATA_GROUP          XDATA_GROUP
  +--> CALLED SEGMENT                            START    LENGTH     START    LENGTH     START    LENGTH
--------------------------------------------------------------------------------------------------------
?C_C51STARTUP                                    -----    -----      -----    -----      -----    -----
  +--> ?PR?MAIN?MAIN
  +--> ?C_INITSEG

?PR?MAIN?MAIN                                    -----    -----      -----    -----      -----    -----
  +--> ?PR?MOD_SYSTEM_INIT?MODSYSTEM
  +--> ?PR?MOD_LT9211C_RESET?MODSYSTEM
  +--> ?CO?MAIN
  +--> ?PR?_LTLOG?OCMUART0
  +--> ?PR?MOD_CHIPID_READ?MODSYSTEM
  +--> ?PR?MOD_SYSTEMRX_POWERONINIT?MODSYSTEM
  +--> ?PR?MOD_SYSTEMTX_POWERONINIT?MODSYSTEM
  +--> ?PR?MOD_MIPIRX_HANDLER?MODMIPIRX
  +--> ?PR?MOD_LVDSTX_HANDLER?MODLVDSTX

?PR?MOD_SYSTEM_INIT?MODSYSTEM                    -----    -----      -----    -----      -----    -----
  +--> ?PR?_OCM_UART0_TIMER1INIT?OCMUART0
BL51 BANKED LINKER/LOCATER V6.22                                                      06/30/2023  14:32:06  PAGE 5



?PR?MOD_LT9211C_RESET?MODSYSTEM                  -----    -----      -----    -----      -----    -----
  +--> ?PR?_OCM_TIMER0_DELAY1MS?OCMDELAY

?PR?_OCM_TIMER0_DELAY1MS?OCMDELAY                -----    -----      -----    -----      0007H    0004H

?PR?_LTLOG?OCMUART0                              -----    -----      -----    -----      000BH    00AFH
  +--> ?CO?OCMUART0
  +--> ?PR?_VSPRINTF?VSPRINTF
  +--> ?PR?PRINTF?PRINTF

?PR?_VSPRINTF?VSPRINTF                           -----    -----      -----    -----      00BAH    0006H
  +--> ?PR?PRINTF?PRINTF

?PR?PRINTF?PRINTF                                0020H.0  0001H.1    0008H    0005H      00C0H    0030H
  +--> ?PR?PUTCHAR?PUTCHAR

?PR?MOD_CHIPID_READ?MODSYSTEM                    -----    -----      -----    -----      -----    -----
  +--> ?PR?_HDMI_WRITEI2C_BYTE?DRVI2CMASTER
  +--> ?PR?_HDMI_READI2C_BYTE?DRVI2CMASTER
  +--> ?CO?MODSYSTEM
  +--> ?PR?_LTLOG?OCMUART0

?PR?_HDMI_WRITEI2C_BYTE?DRVI2CMASTER             -----    -----      -----    -----      000BH    0001H
  +--> ?PR?_I2C_WRITE_BYTE?DRVI2CMASTER

?PR?_I2C_WRITE_BYTE?DRVI2CMASTER                 -----    -----      -----    -----      000CH    0007H
  +--> ?PR?START_I2C?DRVI2CMASTER
  +--> ?PR?_I2C_SENDBYTE?DRVI2CMASTER
  +--> ?PR?STOP_I2C?DRVI2CMASTER

?PR?START_I2C?DRVI2CMASTER                       -----    -----      -----    -----      -----    -----
  +--> ?PR?_I2C_DELAY_US?DRVI2CMASTER

?PR?_I2C_SENDBYTE?DRVI2CMASTER                   -----    -----      -----    -----      -----    -----
  +--> ?PR?_I2C_DELAY_US?DRVI2CMASTER

?PR?STOP_I2C?DRVI2CMASTER                        -----    -----      -----    -----      -----    -----
  +--> ?PR?_I2C_DELAY_US?DRVI2CMASTER

?PR?_HDMI_READI2C_BYTE?DRVI2CMASTER              -----    -----      -----    -----      000BH    0001H
  +--> ?PR?_I2C_READ_BYTE?DRVI2CMASTER

?PR?_I2C_READ_BYTE?DRVI2CMASTER                  -----    -----      -----    -----      000CH    0007H
  +--> ?PR?START_I2C?DRVI2CMASTER
  +--> ?PR?_I2C_SENDBYTE?DRVI2CMASTER
  +--> ?PR?STOP_I2C?DRVI2CMASTER
  +--> ?PR?RCVBYTE?DRVI2CMASTER
  +--> ?PR?_ACK_I2C?DRVI2CMASTER

?PR?RCVBYTE?DRVI2CMASTER                         -----    -----      -----    -----      -----    -----
  +--> ?PR?_I2C_DELAY_US?DRVI2CMASTER

?PR?_ACK_I2C?DRVI2CMASTER                        -----    -----      -----    -----      -----    -----
  +--> ?PR?_I2C_DELAY_US?DRVI2CMASTER

?PR?MOD_SYSTEMRX_POWERONINIT?MODSYSTEM           -----    -----      -----    -----      -----    -----
BL51 BANKED LINKER/LOCATER V6.22                                                      06/30/2023  14:32:06  PAGE 6


  +--> ?PR?_MOD_SYSTEM_RXNOTIFYHANDLE?MODSYSTEM
  +--> ?PR?_MOD_SYSTEMRX_NOTIFYREGISTER?MODS...

?PR?MOD_MIPIRX_HANDLER?MODMIPIRX                 -----    -----      -----    -----      -----    -----
  +--> ?PR?MOD_MIPIRX_STATEHANDLER?MODMIPIRX

?PR?MOD_MIPIRX_STATEHANDLER?MODMIPIRX            -----    -----      -----    -----      -----    -----
  +--> ?PR?MOD_MIPIRX_INIT?MODMIPIRX
  +--> ?PR?DRV_MIPIRX_PHYPOWERON?DRVMIPIRX
  +--> ?PR?DRV_MIPIRXCLK_SEL?DRVMIPIRX
  +--> ?PR?_DRV_SYSTEM_VIDCHKCLK_SRCSEL?DRVS...
  +--> ?PR?_DRV_SYSTEM_VIDCHK_SRCSEL?DRVSYSTEM
  +--> ?PR?_DRV_SYSTEMACTRX_SEL?DRVSYSTEM
  +--> ?PR?MOD_MIPIRXDIG_SET?MODMIPIRX
  +--> ?PR?DRV_MIPIRX_VIDTIMING_GET?DRVMIPIRX
  +--> ?PR?_DRV_MIPIRX_VIDFMT_GET?DRVMIPIRX
  +--> ?PR?DRV_MIPIRX_VIDTIMING_SEL?DRVMIPIRX
  +--> ?CO?MODMIPIRX
  +--> ?PR?_LTLOG?OCMUART0
  +--> ?PR?DRV_MIPIRX_DESSCPLL_SET?DRVMIPIRX
  +--> ?PR?DRV_MIPIRX_PCRCALI?DRVMIPIRX
  +--> ?PR?MOD_MIPIRX_VIDCHK_STABLE?MODMIPIRX
  +--> ?PR?_MOD_SYSTEMRX_SETSTATE?MODSYSTEM

?PR?DRV_MIPIRX_PHYPOWERON?DRVMIPIRX              -----    -----      -----    -----      -----    -----
  +--> ?PR?_HDMI_WRITEI2C_BYTE?DRVI2CMASTER
  +--> ?PR?_HDMI_READI2C_BYTE?DRVI2CMASTER
  +--> ?CO?DRVMIPIRX
  +--> ?PR?_LTLOG?OCMUART0

?PR?DRV_MIPIRXCLK_SEL?DRVMIPIRX                  -----    -----      -----    -----      -----    -----
  +--> ?PR?_HDMI_WRITEI2C_BYTE?DRVI2CMASTER

?PR?_DRV_SYSTEM_VIDCHKCLK_SRCSEL?DRVS...         -----    -----      -----    -----      0000H    0001H
  +--> ?PR?_HDMI_WRITEI2C_BYTE?DRVI2CMASTER
  +--> ?PR?_HDMI_READI2C_BYTE?DRVI2CMASTER

?PR?_DRV_SYSTEM_VIDCHK_SRCSEL?DRVSYSTEM          -----    -----      -----    -----      0000H    0001H
  +--> ?PR?_HDMI_WRITEI2C_BYTE?DRVI2CMASTER
  +--> ?PR?_HDMI_READI2C_BYTE?DRVI2CMASTER

?PR?_DRV_SYSTEMACTRX_SEL?DRVSYSTEM               -----    -----      -----    -----      0000H    0001H
  +--> ?PR?_HDMI_WRITEI2C_BYTE?DRVI2CMASTER
  +--> ?PR?_HDMI_READI2C_BYTE?DRVI2CMASTER

?PR?MOD_MIPIRXDIG_SET?MODMIPIRX                  -----    -----      -----    -----      -----    -----
  +--> ?PR?DRV_MIPIRX_INPUTSEL?DRVMIPIRX
  +--> ?PR?DRV_MIPIRX_LANESET?DRVMIPIRX

?PR?DRV_MIPIRX_INPUTSEL?DRVMIPIRX                -----    -----      -----    -----      -----    -----
  +--> ?PR?_HDMI_WRITEI2C_BYTE?DRVI2CMASTER
  +--> ?CO?DRVMIPIRX
  +--> ?PR?_LTLOG?OCMUART0

?PR?DRV_MIPIRX_LANESET?DRVMIPIRX                 -----    -----      -----    -----      -----    -----
  +--> ?PR?_HDMI_WRITEI2C_BYTE?DRVI2CMASTER

BL51 BANKED LINKER/LOCATER V6.22                                                      06/30/2023  14:32:06  PAGE 7


?PR?DRV_MIPIRX_VIDTIMING_GET?DRVMIPIRX           -----    -----      -----    -----      -----    -----
  +--> ?PR?DRV_MIPIRX_SOTGET?DRVMIPIRX
  +--> ?PR?DRV_MIPIRX_HSSETTLESET?DRVMIPIRX
  +--> ?PR?DRV_MIPIRX_HACTGET?DRVMIPIRX
  +--> ?CO?DRVMIPIRX
  +--> ?PR?_LTLOG?OCMUART0

?PR?DRV_MIPIRX_SOTGET?DRVMIPIRX                  -----    -----      -----    -----      -----    -----
  +--> ?PR?_HDMI_WRITEI2C_BYTE?DRVI2CMASTER
  +--> ?PR?_HDMI_READI2C_BYTE?DRVI2CMASTER
  +--> ?CO?DRVMIPIRX
  +--> ?PR?_LTLOG?OCMUART0

?PR?DRV_MIPIRX_HSSETTLESET?DRVMIPIRX             -----    -----      -----    -----      -----    -----
  +--> ?CO?DRVMIPIRX
  +--> ?PR?_LTLOG?OCMUART0
  +--> ?PR?_HDMI_WRITEI2C_BYTE?DRVI2CMASTER

?PR?DRV_MIPIRX_HACTGET?DRVMIPIRX                 -----    -----      -----    -----      -----    -----
  +--> ?PR?_HDMI_WRITEI2C_BYTE?DRVI2CMASTER
  +--> ?PR?_HDMI_READI2C_BYTE?DRVI2CMASTER

?PR?_DRV_MIPIRX_VIDFMT_GET?DRVMIPIRX             -----    -----      -----    -----      0000H    0002H
  +--> ?CO?DRVMIPIRX
  +--> ?PR?_LTLOG?OCMUART0

?PR?DRV_MIPIRX_VIDTIMING_SEL?DRVMIPIRX           -----    -----      -----    -----      0000H    0003H
  +--> ?CO?DRVMIPIRX
  +--> ?PR?DRV_VIDCHK_FRMRT_GET?DRVSYSTEM
  +--> ?PR?_LTLOG?OCMUART0
  +--> ?PR?DRV_MIPIRX_VIDTIMING_SET?DRVMIPIRX

?PR?DRV_VIDCHK_FRMRT_GET?DRVSYSTEM               -----    -----      -----    -----      0003H    0004H
  +--> ?PR?_HDMI_WRITEI2C_BYTE?DRVI2CMASTER
  +--> ?PR?_HDMI_READI2C_BYTE?DRVI2CMASTER

?PR?DRV_MIPIRX_VIDTIMING_SET?DRVMIPIRX           -----    -----      -----    -----      -----    -----
  +--> ?PR?_HDMI_WRITEI2C_BYTE?DRVI2CMASTER

?PR?DRV_MIPIRX_DESSCPLL_SET?DRVMIPIRX            -----    -----      -----    -----      0000H    0001H
  +--> ?PR?_HDMI_WRITEI2C_BYTE?DRVI2CMASTER
  +--> ?CO?DRVMIPIRX
  +--> ?PR?_LTLOG?OCMUART0
  +--> ?PR?DRV_DESSCPLL_SDMCAL?DRVMIPIRX
  +--> ?PR?_OCM_TIMER0_DELAY1MS?OCMDELAY

?PR?DRV_DESSCPLL_SDMCAL?DRVMIPIRX                -----    -----      -----    -----      -----    -----
  +--> ?PR?_HDMI_WRITEI2C_BYTE?DRVI2CMASTER
  +--> ?PR?_HDMI_READI2C_BYTE?DRVI2CMASTER

?PR?DRV_MIPIRX_PCRCALI?DRVMIPIRX                 -----    -----      -----    -----      0000H    0007H
  +--> ?PR?_HDMI_WRITEI2C_BYTE?DRVI2CMASTER
  +--> ?PR?_OCM_TIMER0_DELAY1MS?OCMDELAY
  +--> ?PR?_HDMI_READI2C_BYTE?DRVI2CMASTER
  +--> ?CO?DRVMIPIRX
  +--> ?PR?_LTLOG?OCMUART0

BL51 BANKED LINKER/LOCATER V6.22                                                      06/30/2023  14:32:06  PAGE 8


?PR?MOD_MIPIRX_VIDCHK_STABLE?MODMIPIRX           -----    -----      -----    -----      -----    -----
  +--> ?PR?_HDMI_WRITEI2C_BYTE?DRVI2CMASTER
  +--> ?PR?_HDMI_READI2C_BYTE?DRVI2CMASTER

?PR?_MOD_SYSTEMRX_SETSTATE?MODSYSTEM             -----    -----      -----    -----      0000H    0001H
  +--> ?CO?MODSYSTEM
  +--> ?PR?_LTLOG?OCMUART0

?PR?MOD_LVDSTX_HANDLER?MODLVDSTX                 -----    -----      -----    -----      -----    -----
  +--> ?PR?MOD_LVDSTX_STATEJUDGE?MODLVDSTX
  +--> ?PR?MOD_LVDSTX_STATEHANDLER?MODLVDSTX

?PR?MOD_LVDSTX_STATEJUDGE?MODLVDSTX              -----    -----      -----    -----      -----    -----
  +--> ?PR?_MOD_SYSTEMTX_SETSTATE?MODSYSTEM

?PR?_MOD_SYSTEMTX_SETSTATE?MODSYSTEM             -----    -----      -----    -----      -----    -----
  +--> ?CO?MODSYSTEM
  +--> ?PR?_LTLOG?OCMUART0

?PR?MOD_LVDSTX_STATEHANDLER?MODLVDSTX            -----    -----      -----    -----      -----    -----
  +--> ?PR?DRV_LVDSTXPHY_POWEROFF?DRVLVDSTX
  +--> ?PR?_DRV_SYSTEMTXSRAM_SEL?DRVSYSTEM
  +--> ?PR?DRV_LVDSTXPHY_POWERON?DRVLVDSTX
  +--> ?PR?MOD_LVDSTXPLL_REFPIXCLK_GET?MODLV...
  +--> ?PR?DRV_LVDSTXPLL_REFPIXCLK_SET?DRVLV...
  +--> ?PR?DRV_LVDSTXPLL_CONFIG?DRVLVDSTX
  +--> ?PR?DRV_LVDSTXPLL_CALI?DRVLVDSTX
  +--> ?PR?_DRV_VIDCHKALL_GET?DRVSYSTEM
  +--> ?PR?MOD_LVDSTXDIG_SET?MODLVDSTX
  +--> ?PR?_MOD_SYSTEMTX_SETSTATE?MODSYSTEM

?PR?DRV_LVDSTXPHY_POWEROFF?DRVLVDSTX             -----    -----      -----    -----      -----    -----
  +--> ?PR?_HDMI_WRITEI2C_BYTE?DRVI2CMASTER

?PR?_DRV_SYSTEMTXSRAM_SEL?DRVSYSTEM              -----    -----      -----    -----      0000H    0001H
  +--> ?PR?_HDMI_WRITEI2C_BYTE?DRVI2CMASTER
  +--> ?PR?_HDMI_READI2C_BYTE?DRVI2CMASTER

?PR?DRV_LVDSTXPHY_POWERON?DRVLVDSTX              -----    -----      -----    -----      -----    -----
  +--> ?PR?_HDMI_WRITEI2C_BYTE?DRVI2CMASTER
  +--> ?CO?DRVLVDSTX
  +--> ?PR?_LTLOG?OCMUART0

?PR?MOD_LVDSTXPLL_REFPIXCLK_GET?MODLV...         -----    -----      -----    -----      -----    -----
  +--> ?PR?_DRV_SYSTEM_FMCLKGET?DRVSYSTEM

?PR?_DRV_SYSTEM_FMCLKGET?DRVSYSTEM               -----    -----      -----    -----      0000H    0005H
  +--> ?PR?_HDMI_WRITEI2C_BYTE?DRVI2CMASTER
  +--> ?PR?_OCM_TIMER0_DELAY1MS?OCMDELAY
  +--> ?PR?_HDMI_READI2C_BYTE?DRVI2CMASTER

?PR?DRV_LVDSTXPLL_REFPIXCLK_SET?DRVLV...         -----    -----      -----    -----      -----    -----
  +--> ?PR?_HDMI_WRITEI2C_BYTE?DRVI2CMASTER

?PR?DRV_LVDSTXPLL_CONFIG?DRVLVDSTX               -----    -----      -----    -----      0000H    000BH
  +--> ?PR?_HDMI_WRITEI2C_BYTE?DRVI2CMASTER
  +--> ?PR?_HDMI_READI2C_BYTE?DRVI2CMASTER
BL51 BANKED LINKER/LOCATER V6.22                                                      06/30/2023  14:32:06  PAGE 9


  +--> ?CO?DRVLVDSTX
  +--> ?PR?_LTLOG?OCMUART0

?PR?DRV_LVDSTXPLL_CALI?DRVLVDSTX                 -----    -----      -----    -----      0000H    0002H
  +--> ?PR?_HDMI_WRITEI2C_BYTE?DRVI2CMASTER
  +--> ?PR?_OCM_TIMER0_DELAY1MS?OCMDELAY
  +--> ?PR?_HDMI_READI2C_BYTE?DRVI2CMASTER
  +--> ?CO?DRVLVDSTX
  +--> ?PR?_LTLOG?OCMUART0

?PR?_DRV_VIDCHKALL_GET?DRVSYSTEM                 -----    -----      -----    -----      0000H    0003H
  +--> ?PR?_DRV_VIDCHKSINGLE_GET?DRVSYSTEM
  +--> ?PR?DRV_VIDCHK_FRMRT_GET?DRVSYSTEM

?PR?_DRV_VIDCHKSINGLE_GET?DRVSYSTEM              -----    -----      -----    -----      0003H    0003H
  +--> ?PR?_HDMI_WRITEI2C_BYTE?DRVI2CMASTER
  +--> ?PR?_OCM_TIMER0_DELAY1MS?OCMDELAY
  +--> ?PR?_HDMI_READI2C_BYTE?DRVI2CMASTER

?PR?MOD_LVDSTXDIG_SET?MODLVDSTX                  -----    -----      -----    -----      -----    -----
  +--> ?PR?DRV_LVDSTXPORT_SET?DRVLVDSTX
  +--> ?PR?DRV_LVDSTXVIDFMT_SET?DRVLVDSTX
  +--> ?PR?DRV_LVDSTXLANENUM_SET?DRVLVDSTX
  +--> ?PR?DRV_LVDSTXPORT_SWAP?DRVLVDSTX
  +--> ?PR?DRV_LVDSTXPORT_COPY?DRVLVDSTX
  +--> ?PR?DRV_LVDSTXSW_RST?DRVLVDSTX
  +--> ?PR?DRV_LVDSTXCSC_SET?DRVLVDSTX

?PR?DRV_LVDSTXPORT_SET?DRVLVDSTX                 -----    -----      -----    -----      -----    -----
  +--> ?PR?_HDMI_WRITEI2C_BYTE?DRVI2CMASTER
  +--> ?PR?_HDMI_READI2C_BYTE?DRVI2CMASTER

?PR?DRV_LVDSTXVIDFMT_SET?DRVLVDSTX               -----    -----      -----    -----      -----    -----
  +--> ?PR?_HDMI_WRITEI2C_BYTE?DRVI2CMASTER
  +--> ?PR?_HDMI_READI2C_BYTE?DRVI2CMASTER
  +--> ?CO?DRVLVDSTX
  +--> ?PR?_LTLOG?OCMUART0

?PR?DRV_LVDSTXLANENUM_SET?DRVLVDSTX              -----    -----      -----    -----      -----    -----
  +--> ?PR?_HDMI_WRITEI2C_BYTE?DRVI2CMASTER

?PR?DRV_LVDSTXSW_RST?DRVLVDSTX                   -----    -----      -----    -----      -----    -----
  +--> ?PR?_HDMI_WRITEI2C_BYTE?DRVI2CMASTER
  +--> ?PR?_OCM_TIMER0_DELAY1MS?OCMDELAY
  +--> ?CO?DRVLVDSTX
  +--> ?PR?_LTLOG?OCMUART0

?PR?DRV_LVDSTXCSC_SET?DRVLVDSTX                  -----    -----      -----    -----      -----    -----
  +--> ?CO?DRVLVDSTX
  +--> ?PR?_LTLOG?OCMUART0



SYMBOL TABLE OF MODULE:  ..\..\..\..\..\out\LT9211C_MIPI DSI to LVDS test (?C_STARTUP)

  VALUE           TYPE          NAME
  ----------------------------------
BL51 BANKED LINKER/LOCATER V6.22                                                      06/30/2023  14:32:06  PAGE 10



  -------         MODULE        ?C_STARTUP
  C:28ABH         SEGMENT       ?C_C51STARTUP
  I:0022H         SEGMENT       ?STACK
  C:0000H         PUBLIC        ?C_STARTUP
  D:00E0H         SYMBOL        ACC
  D:00F0H         SYMBOL        B
  D:0083H         SYMBOL        DPH
  D:0082H         SYMBOL        DPL
  N:0000H         SYMBOL        IBPSTACK
  N:0100H         SYMBOL        IBPSTACKTOP
  N:0080H         SYMBOL        IDATALEN
  C:28AEH         SYMBOL        IDATALOOP
  N:0000H         SYMBOL        PBPSTACK
  N:0100H         SYMBOL        PBPSTACKTOP
  N:0000H         SYMBOL        PDATALEN
  N:0000H         SYMBOL        PDATASTART
  N:0000H         SYMBOL        PPAGE
  N:0000H         SYMBOL        PPAGEENABLE
  D:00A0H         SYMBOL        PPAGE_SFR
  D:0081H         SYMBOL        SP
  C:28ABH         SYMBOL        STARTUP1
  N:0000H         SYMBOL        XBPSTACK
  N:0000H         SYMBOL        XBPSTACKTOP
  N:0000H         SYMBOL        XDATALEN
  N:0000H         SYMBOL        XDATASTART
  C:0000H         LINE#         126
  C:28ABH         LINE#         133
  C:28ADH         LINE#         134
  C:28AEH         LINE#         135
  C:28AFH         LINE#         136
  C:28B1H         LINE#         185
  C:28B4H         LINE#         196
  -------         ENDMOD        ?C_STARTUP

  -------         MODULE        MAIN
  C:0000H         SYMBOL        _ICE_DUMMY_
  D:0080H         PUBLIC        P0
  D:0090H         PUBLIC        P1
  D:00A0H         PUBLIC        P2
  D:00B0H         PUBLIC        P3
  D:00D8H         PUBLIC        PWMCON0
  D:00A8H         PUBLIC        IE
  D:00B8H         PUBLIC        IP
  C:30C9H         PUBLIC        main
  D:0098H         PUBLIC        SCON
  D:0088H         PUBLIC        TCON
  D:00F8H         PUBLIC        SCON_1
  D:00E8H         PUBLIC        ADCCON0
  D:00C0H         PUBLIC        I2CON
  D:00C8H         PUBLIC        T2CON
  D:00D0H         PUBLIC        PSW
  -------         PROC          MAIN
  C:30C9H         LINE#         12
  C:30C9H         LINE#         13
  C:30C9H         LINE#         14
  C:30CCH         LINE#         15
BL51 BANKED LINKER/LOCATER V6.22                                                      06/30/2023  14:32:06  PAGE 11


  C:30CFH         LINE#         16
  C:30EEH         LINE#         17
  C:30F1H         LINE#         19
  C:30F4H         LINE#         20
  C:30F7H         LINE#         23
  C:30F7H         LINE#         24
  C:30F7H         LINE#         47
  C:30FAH         LINE#         48
  C:30FDH         LINE#         70
  -------         ENDPROC       MAIN
  -------         ENDMOD        MAIN

  -------         MODULE        OCMDELAY
  C:0000H         SYMBOL        _ICE_DUMMY_
  D:0080H         PUBLIC        P0
  D:0090H         PUBLIC        P1
  D:00A0H         PUBLIC        P2
  D:00B0H         PUBLIC        P3
  C:2EB8H         PUBLIC        _Ocm_Timer0_Delay100us
  D:00D8H         PUBLIC        PWMCON0
  D:00A8H         PUBLIC        IE
  D:00B8H         PUBLIC        IP
  C:2F03H         PUBLIC        _Ocm_Timer0_Delay1ms
  D:0098H         PUBLIC        SCON
  D:0089H         PUBLIC        TMOD
  D:0088H         PUBLIC        TCON
  D:00F8H         PUBLIC        SCON_1
  B:0088H.5       PUBLIC        TF0
  D:008CH         PUBLIC        TH0
  D:008AH         PUBLIC        TL0
  B:0088H.4       PUBLIC        TR0
  D:00E8H         PUBLIC        ADCCON0
  D:00C0H         PUBLIC        I2CON
  D:00C8H         PUBLIC        T2CON
  D:008EH         PUBLIC        CKCON
  D:00D0H         PUBLIC        PSW
  -------         PROC          _OCM_TIMER0_DELAY100US
  X:015BH         SYMBOL        ulCnt
  C:2EB8H         LINE#         17
  C:2EBEH         LINE#         18
  C:2EBEH         LINE#         19
  C:2EC1H         LINE#         20
  C:2EC4H         LINE#         21
  C:2EC6H         LINE#         22
  C:2ED7H         LINE#         23
  C:2ED7H         LINE#         24
  C:2EDAH         LINE#         25
  C:2EDDH         LINE#         26
  C:2EE0H         LINE#         27
  C:2EE2H         LINE#         28
  C:2EFEH         LINE#         29
  C:2F00H         LINE#         30
  C:2F02H         LINE#         31
  -------         ENDPROC       _OCM_TIMER0_DELAY100US
  -------         PROC          _OCM_TIMER0_DELAY1MS
  X:0007H         SYMBOL        ulCnt
  C:2F03H         LINE#         33
BL51 BANKED LINKER/LOCATER V6.22                                                      06/30/2023  14:32:06  PAGE 12


  C:2F09H         LINE#         34
  C:2F09H         LINE#         35
  C:2F0CH         LINE#         36
  C:2F0FH         LINE#         37
  C:2F11H         LINE#         38
  C:2F22H         LINE#         39
  C:2F22H         LINE#         40
  C:2F25H         LINE#         41
  C:2F28H         LINE#         42
  C:2F2BH         LINE#         43
  C:2F2DH         LINE#         44
  C:2F49H         LINE#         45
  C:2F4BH         LINE#         46
  C:2F4DH         LINE#         47
  -------         ENDPROC       _OCM_TIMER0_DELAY1MS
  -------         ENDMOD        OCMDELAY

  -------         MODULE        OCMUART0
  C:0000H         SYMBOL        _ICE_DUMMY_
  D:00B1H         PUBLIC        P0M1
  D:00B2H         PUBLIC        P0M2
  D:0080H         PUBLIC        P0
  D:0090H         PUBLIC        P1
  D:00A0H         PUBLIC        P2
  D:00B0H         PUBLIC        P3
  D:00D8H         PUBLIC        PWMCON0
  D:00A8H         PUBLIC        IE
  D:00B8H         PUBLIC        IP
  C:344BH         PUBLIC        _Ocm_PrintLevel_Set
  C:3090H         PUBLIC        _Ocm_UART0_Timer1Init
  B:0098H.1       PUBLIC        TI
  D:0087H         PUBLIC        PCON
  B:0021H.1       PUBLIC        BIT_TMP
  D:0098H         PUBLIC        SCON
  D:0089H         PUBLIC        TMOD
  D:0088H         PUBLIC        TCON
  X:0161H         PUBLIC        g_ucLogLevel
  C:226CH         SYMBOL        _?ix1000
  C:281EH         PUBLIC        _LTLog
  D:00F8H         PUBLIC        SCON_1
  C:225DH         PUBLIC        messageTypeStr
  D:008DH         PUBLIC        TH1
  B:0088H.6       PUBLIC        TR1
  D:00E8H         PUBLIC        ADCCON0
  D:00C0H         PUBLIC        I2CON
  D:00C8H         PUBLIC        T2CON
  D:00C4H         PUBLIC        T3CON
  D:008EH         PUBLIC        CKCON
  D:00D0H         PUBLIC        PSW
  -------         PROC          _OCM_UART0_TIMER1INIT
  D:0004H         SYMBOL        ulBaudrate
  C:3090H         LINE#         32
  C:3090H         LINE#         33
  C:3090H         LINE#         34
  C:3096H         LINE#         35
  C:309CH         LINE#         37
  C:309FH         LINE#         38
BL51 BANKED LINKER/LOCATER V6.22                                                      06/30/2023  14:32:06  PAGE 13


  C:30A2H         LINE#         40
  C:30A5H         LINE#         41
  C:30A8H         LINE#         42
  C:30ABH         LINE#         45
  C:30C4H         LINE#         50
  C:30C6H         LINE#         51
  C:30C8H         LINE#         52
  -------         ENDPROC       _OCM_UART0_TIMER1INIT
  -------         PROC          _OCM_PRINTLEVEL_SET
  D:0007H         SYMBOL        ucLvl
  C:344BH         LINE#         55
  C:344BH         LINE#         56
  C:344BH         LINE#         57
  C:3450H         LINE#         58
  -------         ENDPROC       _OCM_PRINTLEVEL_SET
  -------         PROC          _LTLOG
  X:000BH         SYMBOL        ucLvl
  X:000CH         SYMBOL        fmt
  -------         DO            
  X:000FH         SYMBOL        ellipsis_40
  X:0037H         SYMBOL        buf
  X:00B7H         SYMBOL        args
  -------         ENDDO         
  C:281EH         LINE#         60
  C:2827H         LINE#         61
  C:2827H         LINE#         62
  C:283AH         LINE#         64
  C:2844H         LINE#         65
  C:2844H         LINE#         67
  C:2844H         LINE#         70
  C:284EH         LINE#         71
  C:284EH         LINE#         72
  C:285AH         LINE#         73
  C:287BH         LINE#         76
  C:28AAH         LINE#         77
  C:28AAH         LINE#         78
  -------         ENDPROC       _LTLOG
  -------         ENDMOD        OCMUART0

  -------         MODULE        DRVCSC
  C:0000H         SYMBOL        _ICE_DUMMY_
  D:0080H         PUBLIC        P0
  D:0090H         PUBLIC        P1
  D:00A0H         PUBLIC        P2
  D:00B0H         PUBLIC        P3
  D:00D8H         PUBLIC        PWMCON0
  D:00A8H         PUBLIC        IE
  D:00B8H         PUBLIC        IP
  D:0098H         PUBLIC        SCON
  D:0088H         PUBLIC        TCON
  D:00F8H         PUBLIC        SCON_1
  D:00E8H         PUBLIC        ADCCON0
  D:00C0H         PUBLIC        I2CON
  D:00C8H         PUBLIC        T2CON
  D:00D0H         PUBLIC        PSW
  -------         ENDMOD        DRVCSC

BL51 BANKED LINKER/LOCATER V6.22                                                      06/30/2023  14:32:06  PAGE 14


  -------         MODULE        DRVDCSCMD
  C:0000H         SYMBOL        _ICE_DUMMY_
  D:0080H         PUBLIC        P0
  D:0090H         PUBLIC        P1
  D:00A0H         PUBLIC        P2
  D:00B0H         PUBLIC        P3
  D:00D8H         PUBLIC        PWMCON0
  D:00A8H         PUBLIC        IE
  D:00B8H         PUBLIC        IP
  D:0098H         PUBLIC        SCON
  D:0088H         PUBLIC        TCON
  D:00F8H         PUBLIC        SCON_1
  D:00E8H         PUBLIC        ADCCON0
  D:00C0H         PUBLIC        I2CON
  D:00C8H         PUBLIC        T2CON
  D:00D0H         PUBLIC        PSW
  -------         ENDMOD        DRVDCSCMD

  -------         MODULE        DRVGPIO
  C:0000H         SYMBOL        _ICE_DUMMY_
  D:0080H         PUBLIC        P0
  D:0090H         PUBLIC        P1
  D:00A0H         PUBLIC        P2
  D:00B0H         PUBLIC        P3
  D:00D8H         PUBLIC        PWMCON0
  D:00A8H         PUBLIC        IE
  D:00B8H         PUBLIC        IP
  D:0098H         PUBLIC        SCON
  D:0088H         PUBLIC        TCON
  D:00F8H         PUBLIC        SCON_1
  D:00E8H         PUBLIC        ADCCON0
  D:00C0H         PUBLIC        I2CON
  D:00C8H         PUBLIC        T2CON
  D:00D0H         PUBLIC        PSW
  -------         ENDMOD        DRVGPIO

  -------         MODULE        DRVI2CMASTER
  C:0000H         SYMBOL        _ICE_DUMMY_
  D:0080H         PUBLIC        P0
  D:0090H         PUBLIC        P1
  D:00A0H         PUBLIC        P2
  D:00B0H         PUBLIC        P3
  C:337EH         PUBLIC        _HDMI_ReadI2C_ByteN
  D:00D8H         PUBLIC        PWMCON0
  D:00A8H         PUBLIC        IE
  C:2937H         SYMBOL        _i2c_read_byte
  C:3393H         PUBLIC        _HDMI_WriteI2C_ByteN
  D:00B8H         PUBLIC        IP
  C:2C52H         SYMBOL        _i2c_write_byte
  B:0090H.3       PUBLIC        P13
  D:0098H         PUBLIC        SCON
  B:0090H.4       PUBLIC        P14
  D:0088H         PUBLIC        TCON
  X:015FH         PUBLIC        ucI2cAddr
  C:318FH         PUBLIC        _HDMI_ReadI2C_Byte
  C:2E67H         SYMBOL        _I2C_SendByte
  C:30FFH         SYMBOL        RcvByte
BL51 BANKED LINKER/LOCATER V6.22                                                      06/30/2023  14:32:06  PAGE 15


  D:00F8H         PUBLIC        SCON_1
  C:3294H         PUBLIC        _HDMI_WriteI2C_Byte
  C:32EEH         SYMBOL        _Ack_I2c
  C:3369H         SYMBOL        Start_I2c
  C:3403H         SYMBOL        _I2C_Delay_us
  D:00E8H         PUBLIC        ADCCON0
  D:00C0H         PUBLIC        I2CON
  C:3429H         SYMBOL        Stop_I2c
  D:00C8H         PUBLIC        T2CON
  X:0160H         PUBLIC        ucAck
  D:00D0H         PUBLIC        PSW
  -------         PROC          L?0048
  -------         ENDPROC       L?0048
  -------         PROC          _I2C_DELAY_US
  D:0007H         SYMBOL        uscount
  -------         DO            
  D:0006H         SYMBOL        x
  -------         ENDDO         
  C:3403H         LINE#         22
  C:3403H         LINE#         23
  C:3403H         LINE#         25
  C:340AH         LINE#         26
  C:340AH         LINE#         28
  C:340DH         LINE#         29
  -------         ENDPROC       _I2C_DELAY_US
  -------         PROC          START_I2C
  C:3369H         LINE#         31
  C:3369H         LINE#         32
  C:3369H         LINE#         33
  C:336BH         LINE#         34
  C:336DH         LINE#         35
  C:336DH         LINE#         36
  C:3370H         LINE#         37
  C:3372H         LINE#         38
  C:3377H         LINE#         39
  C:3379H         LINE#         40
  -------         ENDPROC       START_I2C
  -------         PROC          STOP_I2C
  C:3429H         LINE#         43
  C:3429H         LINE#         44
  C:3429H         LINE#         45
  C:342BH         LINE#         46
  C:342DH         LINE#         47
  C:342DH         LINE#         48
  C:3430H         LINE#         49
  C:3432H         LINE#         50
  -------         ENDPROC       STOP_I2C
  -------         PROC          _I2C_SENDBYTE
  D:0005H         SYMBOL        c
  -------         DO            
  D:0004H         SYMBOL        bit_Cnt
  -------         ENDDO         
  C:2E67H         LINE#         53
  C:2E69H         LINE#         54
  C:2E69H         LINE#         57
  C:2E6BH         LINE#         58
  C:2E6BH         LINE#         59
BL51 BANKED LINKER/LOCATER V6.22                                                      06/30/2023  14:32:06  PAGE 16


  C:2E78H         LINE#         60
  C:2E78H         LINE#         61
  C:2E7AH         LINE#         62
  C:2E7CH         LINE#         64
  C:2E7CH         LINE#         65
  C:2E7EH         LINE#         66
  C:2E7EH         LINE#         67
  C:2E83H         LINE#         68
  C:2E85H         LINE#         69
  C:2E89H         LINE#         70
  C:2E8BH         LINE#         71
  C:2E90H         LINE#         73
  C:2E95H         LINE#         74
  C:2E97H         LINE#         75
  C:2E9CH         LINE#         76
  C:2E9EH         LINE#         77
  C:2EA1H         LINE#         79
  C:2EA4H         LINE#         80
  C:2EA4H         LINE#         81
  C:2EA9H         LINE#         82
  C:2EABH         LINE#         84
  C:2EABH         LINE#         85
  C:2EB1H         LINE#         86
  C:2EB1H         LINE#         87
  C:2EB3H         LINE#         88
  -------         ENDPROC       _I2C_SENDBYTE
  -------         PROC          RCVBYTE
  -------         DO            
  D:0005H         SYMBOL        retc
  D:0004H         SYMBOL        bit_Cnt
  -------         ENDDO         
  C:30FFH         LINE#         91
  C:30FFH         LINE#         92
  C:30FFH         LINE#         95
  C:3101H         LINE#         96
  C:3103H         LINE#         97
  C:3104H         LINE#         98
  C:3104H         LINE#         99
  C:3109H         LINE#         100
  C:310BH         LINE#         101
  C:3110H         LINE#         102
  C:3112H         LINE#         103
  C:3117H         LINE#         104
  C:311BH         LINE#         105
  C:311EH         LINE#         106
  C:311EH         LINE#         107
  C:311FH         LINE#         108
  C:311FH         LINE#         109
  C:3124H         LINE#         110
  C:3129H         LINE#         111
  C:312BH         LINE#         112
  C:3130H         LINE#         113
  C:3132H         LINE#         114
  -------         ENDPROC       RCVBYTE
  -------         PROC          _ACK_I2C
  D:0007H         SYMBOL        a
  C:32EEH         LINE#         116
BL51 BANKED LINKER/LOCATER V6.22                                                      06/30/2023  14:32:06  PAGE 17


  C:32EEH         LINE#         117
  C:32EEH         LINE#         118
  C:32F1H         LINE#         119
  C:32F1H         LINE#         120
  C:32F3H         LINE#         121
  C:32F5H         LINE#         123
  C:32F5H         LINE#         124
  C:32F7H         LINE#         125
  C:32F7H         LINE#         126
  C:32FCH         LINE#         127
  C:32FEH         LINE#         128
  C:3303H         LINE#         129
  C:3305H         LINE#         130
  -------         ENDPROC       _ACK_I2C
  -------         PROC          _I2C_WRITE_BYTE
  D:0004H         SYMBOL        sla
  X:000DH         SYMBOL        suba
  D:0001H         SYMBOL        s
  X:0011H         SYMBOL        no
  -------         DO            
  X:0012H         SYMBOL        i
  -------         ENDDO         
  C:2C52H         LINE#         133
  C:2C59H         LINE#         134
  C:2C59H         LINE#         136
  C:2C5CH         LINE#         137
  C:2C61H         LINE#         139
  C:2C67H         LINE#         140
  C:2C67H         LINE#         141
  C:2C67H         LINE#         142
  C:2C69H         LINE#         143
  C:2C69H         LINE#         144
  C:2C71H         LINE#         145
  C:2C77H         LINE#         146
  C:2C77H         LINE#         147
  C:2C77H         LINE#         148
  C:2C79H         LINE#         149
  C:2C79H         LINE#         151
  C:2C89H         LINE#         152
  C:2C89H         LINE#         153
  C:2C90H         LINE#         154
  C:2C96H         LINE#         155
  C:2C96H         LINE#         156
  C:2C99H         LINE#         157
  C:2C9CH         LINE#         158
  C:2C9CH         LINE#         159
  C:2CA3H         LINE#         160
  C:2CABH         LINE#         161
  C:2CAEH         LINE#         162
  C:2CB0H         LINE#         163
  -------         ENDPROC       _I2C_WRITE_BYTE
  -------         PROC          _I2C_READ_BYTE
  X:000CH         SYMBOL        sla
  X:000DH         SYMBOL        suba
  D:0001H         SYMBOL        s
  X:0011H         SYMBOL        no
  -------         DO            
BL51 BANKED LINKER/LOCATER V6.22                                                      06/30/2023  14:32:06  PAGE 18


  X:0012H         SYMBOL        i
  -------         ENDDO         
  C:2937H         LINE#         165
  C:293FH         LINE#         166
  C:293FH         LINE#         168
  C:2942H         LINE#         169
  C:294AH         LINE#         170
  C:2950H         LINE#         171
  C:2950H         LINE#         172
  C:2950H         LINE#         173
  C:2950H         LINE#         174
  C:2952H         LINE#         175
  C:2952H         LINE#         176
  C:295AH         LINE#         177
  C:2960H         LINE#         178
  C:2960H         LINE#         179
  C:2960H         LINE#         180
  C:2960H         LINE#         181
  C:2962H         LINE#         182
  C:2962H         LINE#         183
  C:2965H         LINE#         184
  C:296EH         LINE#         185
  C:2974H         LINE#         186
  C:2974H         LINE#         187
  C:2977H         LINE#         188
  C:297BH         LINE#         189
  C:297DH         LINE#         190
  C:297DH         LINE#         191
  C:298EH         LINE#         192
  C:298EH         LINE#         193
  C:2995H         LINE#         194
  C:299AH         LINE#         195
  C:29A1H         LINE#         196
  C:29A9H         LINE#         197
  C:29B0H         LINE#         198
  C:29B5H         LINE#         199
  C:29B8H         LINE#         200
  C:29BAH         LINE#         201
  -------         ENDPROC       _I2C_READ_BYTE
  -------         PROC          _HDMI_READI2C_BYTE
  D:0006H         SYMBOL        RegAddr
  -------         DO            
  X:000BH         SYMBOL        p_data
  -------         ENDDO         
  C:318FH         LINE#         203
  C:3191H         LINE#         204
  C:3191H         LINE#         205
  C:3196H         LINE#         206
  C:31AFH         LINE#         207
  C:31AFH         LINE#         208
  C:31B5H         LINE#         209
  C:31B5H         LINE#         210
  C:31B7H         LINE#         211
  -------         ENDPROC       _HDMI_READI2C_BYTE
  -------         PROC          _HDMI_READI2C_BYTEN
  D:0006H         SYMBOL        RegAddr
  D:0001H         SYMBOL        p_data
BL51 BANKED LINKER/LOCATER V6.22                                                      06/30/2023  14:32:06  PAGE 19


  X:0155H         SYMBOL        N
  -------         DO            
  D:0007H         SYMBOL        flag
  -------         ENDDO         
  C:337EH         LINE#         213
  C:3380H         LINE#         214
  C:3380H         LINE#         216
  C:3392H         LINE#         217
  C:3392H         LINE#         218
  -------         ENDPROC       _HDMI_READI2C_BYTEN
  -------         PROC          _HDMI_WRITEI2C_BYTE
  D:0006H         SYMBOL        RegAddr
  X:000BH         SYMBOL        d
  -------         DO            
  D:0007H         SYMBOL        flag
  -------         ENDDO         
  C:3294H         LINE#         220
  C:329BH         LINE#         221
  C:329BH         LINE#         223
  C:32B1H         LINE#         224
  C:32B1H         LINE#         225
  -------         ENDPROC       _HDMI_WRITEI2C_BYTE
  -------         PROC          _HDMI_WRITEI2C_BYTEN
  D:0006H         SYMBOL        RegAddr
  D:0001H         SYMBOL        d
  X:015AH         SYMBOL        N
  -------         DO            
  D:0007H         SYMBOL        flag
  -------         ENDDO         
  C:3393H         LINE#         227
  C:3395H         LINE#         228
  C:3395H         LINE#         230
  C:33A7H         LINE#         231
  C:33A7H         LINE#         232
  -------         ENDPROC       _HDMI_WRITEI2C_BYTEN
  -------         ENDMOD        DRVI2CMASTER

  -------         MODULE        DRVLVDSRX
  C:0000H         SYMBOL        _ICE_DUMMY_
  D:0080H         PUBLIC        P0
  D:0090H         PUBLIC        P1
  D:00A0H         PUBLIC        P2
  D:00B0H         PUBLIC        P3
  D:00D8H         PUBLIC        PWMCON0
  D:00A8H         PUBLIC        IE
  D:00B8H         PUBLIC        IP
  D:0098H         PUBLIC        SCON
  D:0088H         PUBLIC        TCON
  D:00F8H         PUBLIC        SCON_1
  D:00E8H         PUBLIC        ADCCON0
  D:00C0H         PUBLIC        I2CON
  D:00C8H         PUBLIC        T2CON
  D:00D0H         PUBLIC        PSW
  -------         ENDMOD        DRVLVDSRX

  -------         MODULE        DRVLVDSTX
  C:0000H         SYMBOL        _ICE_DUMMY_
BL51 BANKED LINKER/LOCATER V6.22                                                      06/30/2023  14:32:06  PAGE 20


  D:0080H         PUBLIC        P0
  D:0090H         PUBLIC        P1
  D:00A0H         PUBLIC        P2
  D:00B0H         PUBLIC        P3
  D:00D8H         PUBLIC        PWMCON0
  D:00A8H         PUBLIC        IE
  D:00B8H         PUBLIC        IP
  C:346DH         PUBLIC        Drv_LvdsTxPort_Copy
  C:346CH         PUBLIC        Drv_LvdsTxPort_Swap
  C:3435H         PUBLIC        Drv_LvdsTxCsc_Set
  C:33BDH         PUBLIC        Drv_LvdsTxPort_Set
  D:0098H         PUBLIC        SCON
  D:0088H         PUBLIC        TCON
  C:2B8FH         PUBLIC        Drv_LvdsTxLaneNum_Set
  D:00F8H         PUBLIC        SCON_1
  C:2D0EH         PUBLIC        Drv_LvdsTxVidFmt_Set
  C:33A8H         PUBLIC        Drv_LVDSTxPhy_PowerOff
  D:00E8H         PUBLIC        ADCCON0
  C:12A6H         PUBLIC        Drv_LvdsTxPll_Config
  D:00C0H         PUBLIC        I2CON
  C:3164H         PUBLIC        Drv_LvdsTxSw_Rst
  D:00C8H         PUBLIC        T2CON
  C:2181H         PUBLIC        Drv_LvdsTx_VidTiming_Set
  C:244AH         PUBLIC        Drv_LvdsTxPhy_Poweron
  D:00D0H         PUBLIC        PSW
  C:29BBH         PUBLIC        Drv_LvdsTxPll_Cali
  C:340EH         PUBLIC        Drv_LvdsTxPll_RefPixClk_Set
  -------         PROC          DRV_LVDSTXSW_RST
  C:3164H         LINE#         13
  C:3164H         LINE#         14
  C:3164H         LINE#         15
  C:316BH         LINE#         16
  C:3172H         LINE#         17
  C:317DH         LINE#         18
  C:3184H         LINE#         19
  -------         ENDPROC       DRV_LVDSTXSW_RST
  -------         PROC          DRV_LVDSTXPHY_POWEROFF
  C:33A8H         LINE#         22
  C:33A8H         LINE#         23
  C:33A8H         LINE#         24
  C:33AFH         LINE#         25
  C:33B6H         LINE#         26
  -------         ENDPROC       DRV_LVDSTXPHY_POWEROFF
  -------         PROC          DRV_LVDSTXPHY_POWERON
  C:244AH         LINE#         29
  C:244AH         LINE#         30
  C:244AH         LINE#         46
  C:2451H         LINE#         47
  C:2458H         LINE#         48
  C:245FH         LINE#         49
  C:246AH         LINE#         52
  C:2471H         LINE#         53
  C:2478H         LINE#         54
  C:247FH         LINE#         55
  C:2486H         LINE#         56
  C:248DH         LINE#         58
  C:2494H         LINE#         59
BL51 BANKED LINKER/LOCATER V6.22                                                      06/30/2023  14:32:06  PAGE 21


  C:249BH         LINE#         60
  C:24A2H         LINE#         61
  C:24A9H         LINE#         62
  C:24B0H         LINE#         63
  C:24B7H         LINE#         64
  C:24BEH         LINE#         65
  C:24C5H         LINE#         66
  C:24CCH         LINE#         67
  C:24D3H         LINE#         68
  C:24DAH         LINE#         69
  C:24E1H         LINE#         71
  C:24E8H         LINE#         72
  C:24EFH         LINE#         73
  -------         ENDPROC       DRV_LVDSTXPHY_POWERON
  -------         PROC          DRV_LVDSTXPLL_REFPIXCLK_SET
  C:340EH         LINE#         76
  C:340EH         LINE#         77
  C:340EH         LINE#         78
  C:3415H         LINE#         95
  -------         ENDPROC       DRV_LVDSTXPLL_REFPIXCLK_SET
  -------         PROC          DRV_LVDSTXPLL_CONFIG
  -------         DO            
  X:0000H         SYMBOL        ucPreDiv
  X:0001H         SYMBOL        ucSericlkDiv
  X:0002H         SYMBOL        ucDivSet
  X:0003H         SYMBOL        ucPixClkDiv
  X:0007H         SYMBOL        ulLvdsTXPhyClk
  -------         ENDDO         
  C:12A6H         LINE#         99
  C:12A6H         LINE#         100
  C:12A6H         LINE#         101
  C:12ABH         LINE#         102
  C:12ADH         LINE#         103
  C:12AFH         LINE#         104
  C:12B7H         LINE#         105
  C:12C1H         LINE#         109
  C:12DFH         LINE#         110
  C:12E6H         LINE#         111
  C:12F4H         LINE#         129
  C:12FBH         LINE#         130
  C:130EH         LINE#         131
  C:130EH         LINE#         132
  C:130EH         LINE#         133
  C:130EH         LINE#         134
  C:1310H         LINE#         135
  C:1336H         LINE#         136
  C:1336H         LINE#         137
  C:133DH         LINE#         138
  C:1343H         LINE#         139
  C:1346H         LINE#         140
  C:136DH         LINE#         141
  C:136DH         LINE#         142
  C:1374H         LINE#         143
  C:137AH         LINE#         144
  C:137DH         LINE#         145
  C:13A5H         LINE#         146
  C:13A5H         LINE#         147
BL51 BANKED LINKER/LOCATER V6.22                                                      06/30/2023  14:32:06  PAGE 22


  C:13ACH         LINE#         148
  C:13B2H         LINE#         149
  C:13B4H         LINE#         150
  C:13DCH         LINE#         151
  C:13DCH         LINE#         152
  C:13E3H         LINE#         153
  C:13E9H         LINE#         155
  C:13EBH         LINE#         156
  C:13FFH         LINE#         157
  C:13FFH         LINE#         158
  C:1406H         LINE#         159
  C:140CH         LINE#         161
  C:140CH         LINE#         164
  C:1413H         LINE#         165
  C:1427H         LINE#         166
  C:1427H         LINE#         167
  C:142EH         LINE#         168
  C:1434H         LINE#         169
  C:1437H         LINE#         170
  C:145FH         LINE#         171
  C:145FH         LINE#         172
  C:1466H         LINE#         173
  C:146CH         LINE#         174
  C:146EH         LINE#         175
  C:1496H         LINE#         176
  C:1496H         LINE#         177
  C:149DH         LINE#         178
  C:14A3H         LINE#         179
  C:14A5H         LINE#         180
  C:14CDH         LINE#         181
  C:14CDH         LINE#         182
  C:14D4H         LINE#         183
  C:14DAH         LINE#         184
  C:14DCH         LINE#         186
  C:14DCH         LINE#         187
  C:14E3H         LINE#         188
  C:14E9H         LINE#         189
  C:14E9H         LINE#         192
  C:14F0H         LINE#         193
  C:1504H         LINE#         194
  C:1504H         LINE#         195
  C:150BH         LINE#         196
  C:1515H         LINE#         197
  C:1518H         LINE#         199
  C:1518H         LINE#         200
  C:1560H         LINE#         202
  C:1574H         LINE#         203
  C:1574H         LINE#         204
  C:1576H         LINE#         205
  C:1579H         LINE#         206
  C:15A0H         LINE#         207
  C:15A0H         LINE#         208
  C:15A2H         LINE#         209
  C:15A4H         LINE#         210
  C:15CBH         LINE#         211
  C:15CBH         LINE#         212
  C:15CDH         LINE#         213
BL51 BANKED LINKER/LOCATER V6.22                                                      06/30/2023  14:32:06  PAGE 23


  C:15CFH         LINE#         214
  C:15F6H         LINE#         215
  C:15F6H         LINE#         216
  C:15F8H         LINE#         217
  C:15FAH         LINE#         219
  C:15FAH         LINE#         220
  C:1601H         LINE#         221
  C:1601H         LINE#         222
  C:1601H         LINE#         224
  C:163EH         LINE#         226
  C:1645H         LINE#         227
  C:164FH         LINE#         228
  -------         ENDPROC       DRV_LVDSTXPLL_CONFIG
  -------         PROC          DRV_LVDSTXPLL_CALI
  -------         DO            
  X:0000H         SYMBOL        ucloopx
  X:0001H         SYMBOL        ucRtn
  -------         ENDDO         
  C:29BBH         LINE#         283
  C:29BBH         LINE#         284
  C:29BBH         LINE#         286
  C:29C0H         LINE#         288
  C:29C7H         LINE#         289
  C:29CEH         LINE#         290
  C:29D9H         LINE#         291
  C:29E0H         LINE#         294
  C:29E0H         LINE#         295
  C:29E7H         LINE#         296
  C:29EEH         LINE#         297
  C:29F5H         LINE#         298
  C:2A00H         LINE#         300
  C:2A06H         LINE#         301
  C:2A15H         LINE#         303
  C:2A1EH         LINE#         304
  C:2A1EH         LINE#         305
  C:2A24H         LINE#         306
  C:2A2BH         LINE#         307
  C:2A2DH         LINE#         309
  C:2A2DH         LINE#         310
  C:2A38H         LINE#         311
  C:2A38H         LINE#         313
  C:2A3DH         LINE#         314
  -------         ENDPROC       DRV_LVDSTXPLL_CALI
  -------         PROC          DRV_LVDSTX_VIDTIMING_SET
  -------         DO            
  X:014BH         SYMBOL        vss
  X:014DH         SYMBOL        eav
  X:014FH         SYMBOL        sav
  -------         ENDDO         
  C:2181H         LINE#         316
  C:2181H         LINE#         317
  C:2181H         LINE#         319
  C:218CH         LINE#         320
  C:2193H         LINE#         322
  C:21ADH         LINE#         323
  C:21D9H         LINE#         324
  C:21DFH         LINE#         327
BL51 BANKED LINKER/LOCATER V6.22                                                      06/30/2023  14:32:06  PAGE 24


  C:21E6H         LINE#         328
  C:21EDH         LINE#         329
  C:21F7H         LINE#         330
  C:2202H         LINE#         331
  C:220DH         LINE#         332
  C:2217H         LINE#         333
  C:2222H         LINE#         334
  C:222CH         LINE#         335
  -------         ENDPROC       DRV_LVDSTX_VIDTIMING_SET
  -------         PROC          DRV_LVDSTXPORT_SET
  C:33BDH         LINE#         340
  C:33BDH         LINE#         341
  C:33BDH         LINE#         342
  C:33C4H         LINE#         347
  -------         ENDPROC       DRV_LVDSTXPORT_SET
  -------         PROC          DRV_LVDSTXVIDFMT_SET
  C:2D0EH         LINE#         351
  C:2D0EH         LINE#         352
  C:2D0EH         LINE#         353
  C:2D15H         LINE#         355
  C:2D23H         LINE#         364
  C:2D31H         LINE#         365
  C:2D3CH         LINE#         369
  C:2D47H         LINE#         375
  C:2D52H         LINE#         376
  C:2D60H         LINE#         414
  -------         ENDPROC       DRV_LVDSTXVIDFMT_SET
  -------         PROC          DRV_LVDSTXLANENUM_SET
  C:2B8FH         LINE#         419
  C:2B8FH         LINE#         420
  C:2B8FH         LINE#         421
  C:2B96H         LINE#         422
  C:2B9DH         LINE#         423
  C:2BA4H         LINE#         424
  C:2BABH         LINE#         425
  C:2BB2H         LINE#         426
  C:2BB9H         LINE#         427
  C:2BC0H         LINE#         430
  C:2BC7H         LINE#         431
  C:2BCEH         LINE#         432
  C:2BD5H         LINE#         433
  C:2BDCH         LINE#         434
  C:2BE3H         LINE#         435
  C:2BEAH         LINE#         436
  -------         ENDPROC       DRV_LVDSTXLANENUM_SET
  -------         PROC          DRV_LVDSTXPORT_SWAP
  C:346CH         LINE#         458
  C:346CH         LINE#         459
  C:346CH         LINE#         478
  -------         ENDPROC       DRV_LVDSTXPORT_SWAP
  -------         PROC          DRV_LVDSTXPORT_COPY
  C:346DH         LINE#         480
  C:346DH         LINE#         481
  C:346DH         LINE#         502
  -------         ENDPROC       DRV_LVDSTXPORT_COPY
  -------         PROC          DRV_LVDSTXCSC_SET
  C:3435H         LINE#         504
BL51 BANKED LINKER/LOCATER V6.22                                                      06/30/2023  14:32:06  PAGE 25


  C:3435H         LINE#         505
  C:3435H         LINE#         507
  -------         ENDPROC       DRV_LVDSTXCSC_SET
  -------         ENDMOD        DRVLVDSTX

  -------         MODULE        DRVMIPIRX
  C:0000H         SYMBOL        _ICE_DUMMY_
  D:0080H         PUBLIC        P0
  C:31B8H         PUBLIC        Drv_MipiRx_VidFmtUpdate
  D:0090H         PUBLIC        P1
  D:00A0H         PUBLIC        P2
  D:00B0H         PUBLIC        P3
  C:3254H         PUBLIC        Drv_MipiRx_InputSel
  C:2AB9H         PUBLIC        DRV_DesscPll_SdmCal
  D:00D8H         PUBLIC        PWMCON0
  C:3133H         PUBLIC        Drv_MipiRxClk_Sel
  D:00A8H         PUBLIC        IE
  D:00B8H         PUBLIC        IP
  C:26EBH         PUBLIC        _Drv_MipiRx_VidFmt_Get
  X:0130H         PUBLIC        g_stMipiRxVidTiming_Get
  C:239DH         PUBLIC        Drv_MipiRx_SotGet
  C:1279H         PUBLIC        g_szStrRxFormat
  C:3324H         PUBLIC        Drv_MipiRx_HsSettleSet
  D:0098H         PUBLIC        SCON
  D:0088H         PUBLIC        TCON
  D:00F8H         PUBLIC        SCON_1
  C:24F6H         PUBLIC        Drv_MipiRx_PhyPowerOn
  D:00E8H         PUBLIC        ADCCON0
  C:1096H         PUBLIC        resolution
  D:00C0H         PUBLIC        I2CON
  X:0141H         PUBLIC        g_stPcrPara
  C:278DH         PUBLIC        Drv_MipiRx_VidTiming_Get
  C:168AH         PUBLIC        Drv_MipiRx_VidTiming_Sel
  D:00C8H         PUBLIC        T2CON
  C:2646H         PUBLIC        Drv_MipiRx_VidTiming_Set
  C:1A91H         PUBLIC        Drv_MipiRx_PcrCali
  C:1C58H         PUBLIC        Drv_MipiRx_HactGet
  C:18BAH         PUBLIC        Drv_MipiRx_DesscPll_Set
  D:00D0H         PUBLIC        PSW
  C:2DC0H         PUBLIC        Drv_MipiRx_LaneSet
  -------         PROC          DRV_DESSCPLL_SDMCAL
  C:2AB9H         LINE#         65
  C:2AB9H         LINE#         66
  C:2AB9H         LINE#         67
  C:2AC0H         LINE#         68
  C:2AC7H         LINE#         70
  C:2AD6H         LINE#         71
  C:2AE0H         LINE#         72
  C:2AEAH         LINE#         74
  C:2AFCH         LINE#         75
  C:2B0EH         LINE#         76
  C:2B1BH         LINE#         77
  -------         ENDPROC       DRV_DESSCPLL_SDMCAL
  -------         PROC          DRV_MIPIRX_DESSCPLL_SET
  -------         DO            
  X:0000H         SYMBOL        ucdesscpll_pixck_div
  -------         ENDDO         
BL51 BANKED LINKER/LOCATER V6.22                                                      06/30/2023  14:32:06  PAGE 26


  C:18BAH         LINE#         81
  C:18BAH         LINE#         82
  C:18BAH         LINE#         83
  C:18BFH         LINE#         85
  C:18C6H         LINE#         86
  C:18CDH         LINE#         88
  C:18D4H         LINE#         90
  C:18EBH         LINE#         91
  C:18FFH         LINE#         92
  C:18FFH         LINE#         93
  C:18FFH         LINE#         94
  C:18FFH         LINE#         95
  C:1901H         LINE#         96
  C:1929H         LINE#         97
  C:1929H         LINE#         98
  C:1930H         LINE#         99
  C:1936H         LINE#         100
  C:1939H         LINE#         101
  C:1961H         LINE#         102
  C:1961H         LINE#         103
  C:1968H         LINE#         104
  C:196EH         LINE#         105
  C:1971H         LINE#         106
  C:1998H         LINE#         107
  C:1998H         LINE#         108
  C:199FH         LINE#         109
  C:19A5H         LINE#         110
  C:19A7H         LINE#         111
  C:19CDH         LINE#         112
  C:19CDH         LINE#         113
  C:19D4H         LINE#         114
  C:19DAH         LINE#         115
  C:19DCH         LINE#         117
  C:19DCH         LINE#         118
  C:19E3H         LINE#         119
  C:19E9H         LINE#         120
  C:19F0H         LINE#         121
  C:19F0H         LINE#         123
  C:1A11H         LINE#         124
  C:1A2FH         LINE#         125
  C:1A45H         LINE#         127
  C:1A51H         LINE#         128
  C:1A5DH         LINE#         130
  C:1A6EH         LINE#         132
  C:1A71H         LINE#         133
  C:1A78H         LINE#         134
  C:1A7FH         LINE#         135
  C:1A8AH         LINE#         136
  -------         ENDPROC       DRV_MIPIRX_DESSCPLL_SET
  -------         PROC          DRV_MIPIRX_PCRCALI
  -------         DO            
  X:0000H         SYMBOL        ucRtn
  X:0001H         SYMBOL        ucPcr_Cal_Cnt
  X:0002H         SYMBOL        ulrdbyteclk
  X:0006H         SYMBOL        i
  -------         ENDDO         
  C:1A91H         LINE#         139
BL51 BANKED LINKER/LOCATER V6.22                                                      06/30/2023  14:32:06  PAGE 27


  C:1A91H         LINE#         140
  C:1A91H         LINE#         141
  C:1A97H         LINE#         143
  C:1AA1H         LINE#         146
  C:1AA8H         LINE#         147
  C:1AAFH         LINE#         148
  C:1AB6H         LINE#         149
  C:1ABDH         LINE#         151
  C:1AC4H         LINE#         152
  C:1ACBH         LINE#         155
  C:1AD2H         LINE#         156
  C:1AD9H         LINE#         157
  C:1AE0H         LINE#         158
  C:1AE7H         LINE#         161
  C:1AEEH         LINE#         162
  C:1AF5H         LINE#         164
  C:1AFCH         LINE#         165
  C:1B03H         LINE#         166
  C:1B0AH         LINE#         167
  C:1B11H         LINE#         168
  C:1B18H         LINE#         170
  C:1B1FH         LINE#         171
  C:1B26H         LINE#         172
  C:1B2DH         LINE#         173
  C:1B34H         LINE#         175
  C:1B3BH         LINE#         177
  C:1B42H         LINE#         179
  C:1B49H         LINE#         180
  C:1B50H         LINE#         181
  C:1B57H         LINE#         183
  C:1B5EH         LINE#         184
  C:1B65H         LINE#         185
  C:1B6CH         LINE#         186
  C:1B77H         LINE#         187
  C:1B7EH         LINE#         188
  C:1B85H         LINE#         190
  C:1B98H         LINE#         191
  C:1B98H         LINE#         198
  C:1B9FH         LINE#         199
  C:1BA6H         LINE#         200
  C:1BA8H         LINE#         202
  C:1BAAH         LINE#         204
  C:1BAAH         LINE#         205
  C:1BB1H         LINE#         206
  C:1BB8H         LINE#         207
  C:1BBFH         LINE#         208
  C:1BBFH         LINE#         210
  C:1BC6H         LINE#         211
  C:1BCDH         LINE#         212
  C:1BD4H         LINE#         214
  C:1BDBH         LINE#         215
  C:1BE2H         LINE#         216
  C:1BE9H         LINE#         217
  C:1BF4H         LINE#         218
  C:1BF9H         LINE#         221
  C:1BF9H         LINE#         223
  C:1C04H         LINE#         224
BL51 BANKED LINKER/LOCATER V6.22                                                      06/30/2023  14:32:06  PAGE 28


  C:1C0AH         LINE#         225
  C:1C21H         LINE#         226
  C:1C36H         LINE#         228
  C:1C42H         LINE#         229
  C:1C42H         LINE#         230
  C:1C4DH         LINE#         231
  C:1C52H         LINE#         232
  C:1C52H         LINE#         250
  C:1C57H         LINE#         251
  -------         ENDPROC       DRV_MIPIRX_PCRCALI
  -------         PROC          DRV_MIPIRX_VIDFMTUPDATE
  -------         DO            
  X:0162H         SYMBOL        ucRxFmt
  -------         ENDDO         
  C:31B8H         LINE#         253
  C:31B8H         LINE#         254
  C:31B8H         LINE#         257
  C:31C0H         LINE#         258
  C:31C7H         LINE#         259
  C:31D4H         LINE#         261
  C:31DBH         LINE#         262
  C:31DBH         LINE#         263
  C:31DEH         LINE#         264
  C:31DEH         LINE#         266
  C:31DEH         LINE#         267
  C:31E0H         LINE#         268
  C:31E0H         LINE#         269
  -------         ENDPROC       DRV_MIPIRX_VIDFMTUPDATE
  -------         PROC          DRV_MIPIRX_HSSETTLESET
  C:3324H         LINE#         272
  C:3324H         LINE#         273
  C:3324H         LINE#         282
  C:332FH         LINE#         283
  C:3336H         LINE#         284
  -------         ENDPROC       DRV_MIPIRX_HSSETTLESET
  -------         PROC          DRV_MIPIRX_SOTGET
  C:239DH         LINE#         288
  C:239DH         LINE#         289
  C:239DH         LINE#         290
  C:23A4H         LINE#         291
  C:23AEH         LINE#         292
  C:23B8H         LINE#         293
  C:23C2H         LINE#         294
  C:23CCH         LINE#         295
  C:23D6H         LINE#         296
  C:23E0H         LINE#         297
  C:23EAH         LINE#         298
  C:23F4H         LINE#         300
  C:241FH         LINE#         302
  -------         ENDPROC       DRV_MIPIRX_SOTGET
  -------         PROC          DRV_MIPIRX_HACTGET
  C:1C58H         LINE#         306
  C:1C58H         LINE#         307
  C:1C58H         LINE#         308
  C:1C5FH         LINE#         309
  C:1C82H         LINE#         310
  C:1C8EH         LINE#         311
BL51 BANKED LINKER/LOCATER V6.22                                                      06/30/2023  14:32:06  PAGE 29


  C:1C98H         LINE#         312
  C:1CBBH         LINE#         314
  C:1CF0H         LINE#         315
  C:1CF0H         LINE#         316
  C:1CF0H         LINE#         317
  C:1CF0H         LINE#         318
  C:1D01H         LINE#         319
  C:1D03H         LINE#         320
  C:1D03H         LINE#         323
  C:1D03H         LINE#         324
  C:1D03H         LINE#         325
  C:1D05H         LINE#         326
  C:1D05H         LINE#         327
  C:1D16H         LINE#         328
  C:1D18H         LINE#         329
  C:1D18H         LINE#         330
  C:1D29H         LINE#         331
  C:1D2BH         LINE#         332
  C:1D2BH         LINE#         333
  C:1D2BH         LINE#         334
  C:1D2BH         LINE#         335
  C:1D2DH         LINE#         336
  C:1D2DH         LINE#         337
  C:1D37H         LINE#         338
  C:1D39H         LINE#         339
  C:1D39H         LINE#         340
  C:1D39H         LINE#         341
  C:1D4CH         LINE#         342
  C:1D4EH         LINE#         343
  C:1D4EH         LINE#         344
  C:1D57H         LINE#         345
  C:1D59H         LINE#         346
  C:1D59H         LINE#         347
  C:1D76H         LINE#         348
  C:1D78H         LINE#         349
  C:1D78H         LINE#         350
  C:1D95H         LINE#         351
  C:1D97H         LINE#         352
  C:1DACH         LINE#         354
  C:1DACH         LINE#         355
  C:1DACH         LINE#         357
  -------         ENDPROC       DRV_MIPIRX_HACTGET
  -------         PROC          DRV_MIPIRX_VIDTIMING_GET
  C:278DH         LINE#         359
  C:278DH         LINE#         360
  C:278DH         LINE#         361
  C:2790H         LINE#         362
  C:2793H         LINE#         363
  C:2796H         LINE#         364
  C:27B3H         LINE#         365
  C:27B3H         LINE#         366
  C:27BEH         LINE#         367
  C:27C1H         LINE#         368
  C:27C1H         LINE#         370
  C:27C1H         LINE#         371
  C:27DBH         LINE#         372
  C:27F5H         LINE#         373
BL51 BANKED LINKER/LOCATER V6.22                                                      06/30/2023  14:32:06  PAGE 30


  C:2808H         LINE#         374
  C:281BH         LINE#         375
  C:281DH         LINE#         376
  C:281DH         LINE#         377
  -------         ENDPROC       DRV_MIPIRX_VIDTIMING_GET
  -------         PROC          DRV_MIPIRX_VIDTIMING_SEL
  -------         DO            
  X:0000H         SYMBOL        rtn
  X:0001H         SYMBOL        uci
  X:0002H         SYMBOL        ucResolutionnum
  -------         ENDDO         
  C:168AH         LINE#         379
  C:168AH         LINE#         380
  C:168AH         LINE#         381
  C:168FH         LINE#         383
  C:1693H         LINE#         385
  C:1696H         LINE#         387
  C:16ACH         LINE#         388
  C:16ACH         LINE#         389
  C:16EFH         LINE#         391
  C:16EFH         LINE#         392
  C:16F7H         LINE#         393
  C:1706H         LINE#         394
  C:173BH         LINE#         396
  C:173BH         LINE#         397
  C:1758H         LINE#         398
  C:1770H         LINE#         399
  C:178CH         LINE#         400
  C:17A4H         LINE#         401
  C:17C0H         LINE#         403
  C:17D9H         LINE#         404
  C:17F5H         LINE#         405
  C:180DH         LINE#         406
  C:1825H         LINE#         407
  C:183DH         LINE#         408
  C:186FH         LINE#         410
  C:1872H         LINE#         411
  C:18A3H         LINE#         412
  C:18A9H         LINE#         413
  C:18ABH         LINE#         414
  C:18ABH         LINE#         415
  C:18ABH         LINE#         416
  C:18B4H         LINE#         417
  C:18B9H         LINE#         419
  -------         ENDPROC       DRV_MIPIRX_VIDTIMING_SEL
  -------         PROC          DRV_MIPIRX_VIDTIMING_SET
  C:2646H         LINE#         421
  C:2646H         LINE#         422
  C:2646H         LINE#         423
  C:264DH         LINE#         424
  C:2657H         LINE#         425
  C:2662H         LINE#         426
  C:266CH         LINE#         427
  C:2677H         LINE#         428
  C:2682H         LINE#         429
  C:268CH         LINE#         430
  C:2697H         LINE#         432
BL51 BANKED LINKER/LOCATER V6.22                                                      06/30/2023  14:32:06  PAGE 31


  C:26A1H         LINE#         433
  C:26ACH         LINE#         434
  C:26B6H         LINE#         435
  C:26C1H         LINE#         436
  C:26CBH         LINE#         437
  C:26D6H         LINE#         438
  C:26E0H         LINE#         439
  -------         ENDPROC       DRV_MIPIRX_VIDTIMING_SET
  -------         PROC          _DRV_MIPIRX_VIDFMT_GET
  X:0000H         SYMBOL        VidFmt
  -------         DO            
  X:0001H         SYMBOL        ucRxVidFmt
  -------         ENDDO         
  C:26EBH         LINE#         442
  C:26F0H         LINE#         443
  C:26F0H         LINE#         446
  C:2721H         LINE#         447
  C:2721H         LINE#         448
  C:2721H         LINE#         449
  C:2721H         LINE#         450
  C:2723H         LINE#         451
  C:2723H         LINE#         452
  C:2729H         LINE#         453
  C:272BH         LINE#         454
  C:272BH         LINE#         455
  C:2731H         LINE#         456
  C:2733H         LINE#         457
  C:2733H         LINE#         458
  C:2739H         LINE#         459
  C:273BH         LINE#         460
  C:273BH         LINE#         461
  C:2741H         LINE#         462
  C:2743H         LINE#         463
  C:2743H         LINE#         464
  C:2749H         LINE#         465
  C:274BH         LINE#         466
  C:274BH         LINE#         467
  C:274BH         LINE#         468
  C:274BH         LINE#         469
  C:2750H         LINE#         470
  C:2752H         LINE#         471
  C:2752H         LINE#         472
  C:2752H         LINE#         473
  C:2752H         LINE#         474
  C:2752H         LINE#         475
  C:2754H         LINE#         476
  C:2754H         LINE#         477
  C:2754H         LINE#         478
  C:2754H         LINE#         479
  C:2754H         LINE#         480
  C:2754H         LINE#         481
  C:2754H         LINE#         482
  C:2754H         LINE#         483
  C:275AH         LINE#         484
  C:275CH         LINE#         485
  C:275CH         LINE#         486
  C:2762H         LINE#         487
BL51 BANKED LINKER/LOCATER V6.22                                                      06/30/2023  14:32:06  PAGE 32


  C:2762H         LINE#         488
  C:2762H         LINE#         490
  C:2787H         LINE#         491
  C:278CH         LINE#         492
  -------         ENDPROC       _DRV_MIPIRX_VIDFMT_GET
  -------         PROC          DRV_MIPIRX_INPUTSEL
  C:3254H         LINE#         494
  C:3254H         LINE#         495
[...]
  D:00B0H         PUBLIC        P3
  D:00D8H         PUBLIC        PWMCON0
  C:345DH         PUBLIC        Mod_LvdsTx_Handler
  D:00A8H         PUBLIC        IE
  C:33D2H         PUBLIC        Mod_LvdsTxDig_Set
  C:2BF1H         PUBLIC        Mod_LvdsTx_StateHandler
  D:00B8H         PUBLIC        IP
  D:0098H         PUBLIC        SCON
BL51 BANKED LINKER/LOCATER V6.22                                                      06/30/2023  14:32:06  PAGE 42


  D:0088H         PUBLIC        TCON
  C:33E7H         PUBLIC        Mod_LvdsTx_StateJudge
  D:00F8H         PUBLIC        SCON_1
  D:00E8H         PUBLIC        ADCCON0
  D:00C0H         PUBLIC        I2CON
  C:3440H         PUBLIC        Mod_LvdsTxPll_RefPixClk_Get
  D:00C8H         PUBLIC        T2CON
  D:00D0H         PUBLIC        PSW
  -------         PROC          MOD_LVDSTXPLL_REFPIXCLK_GET
  C:3440H         LINE#         12
  C:3440H         LINE#         13
  C:3440H         LINE#         20
  -------         ENDPROC       MOD_LVDSTXPLL_REFPIXCLK_GET
  -------         PROC          MOD_LVDSTXDIG_SET
  C:33D2H         LINE#         28
  C:33D2H         LINE#         29
  C:33D2H         LINE#         30
  C:33D5H         LINE#         31
  C:33D8H         LINE#         32
  C:33DBH         LINE#         33
  C:33DEH         LINE#         34
  C:33E1H         LINE#         35
  C:33E4H         LINE#         36
  -------         ENDPROC       MOD_LVDSTXDIG_SET
  -------         PROC          MOD_LVDSTX_STATEJUDGE
  C:33E7H         LINE#         39
  C:33E7H         LINE#         40
  C:33E7H         LINE#         42
  C:33F0H         LINE#         43
  C:33F0H         LINE#         44
  C:33F6H         LINE#         45
  C:33F6H         LINE#         46
  C:33FBH         LINE#         47
  C:33FBH         LINE#         48
  C:33FBH         LINE#         49
  -------         ENDPROC       MOD_LVDSTX_STATEJUDGE
  -------         PROC          MOD_LVDSTX_STATEHANDLER
  C:2BF1H         LINE#         51
  C:2BF1H         LINE#         52
  C:2BF1H         LINE#         53
  C:2C03H         LINE#         54
  C:2C03H         LINE#         55
  C:2C03H         LINE#         56
  C:2C05H         LINE#         57
  C:2C07H         LINE#         59
  C:2C07H         LINE#         60
  C:2C0EH         LINE#         61
  C:2C0EH         LINE#         62
  C:2C11H         LINE#         63
  C:2C16H         LINE#         64
  C:2C16H         LINE#         66
  C:2C1EH         LINE#         67
  C:2C1EH         LINE#         68
  C:2C22H         LINE#         69
  C:2C25H         LINE#         70
  C:2C27H         LINE#         71
  C:2C27H         LINE#         72
BL51 BANKED LINKER/LOCATER V6.22                                                      06/30/2023  14:32:06  PAGE 43


  C:2C29H         LINE#         74
  C:2C29H         LINE#         75
  C:2C2CH         LINE#         76
  C:2C2FH         LINE#         77
  C:2C32H         LINE#         78
  C:2C38H         LINE#         79
  C:2C38H         LINE#         80
  C:2C3AH         LINE#         81
  C:2C3CH         LINE#         83
  C:2C3CH         LINE#         84
  C:2C3EH         LINE#         85
  C:2C3EH         LINE#         86
  C:2C40H         LINE#         88
  C:2C40H         LINE#         89
  C:2C49H         LINE#         90
  C:2C4CH         LINE#         91
  C:2C51H         LINE#         92
  C:2C51H         LINE#         94
  C:2C51H         LINE#         95
  C:2C51H         LINE#         97
  C:2C51H         LINE#         98
  -------         ENDPROC       MOD_LVDSTX_STATEHANDLER
  -------         PROC          MOD_LVDSTX_HANDLER
  C:345DH         LINE#         100
  C:345DH         LINE#         101
  C:345DH         LINE#         102
  C:3460H         LINE#         103
  -------         ENDPROC       MOD_LVDSTX_HANDLER
  -------         ENDMOD        MODLVDSTX

  -------         MODULE        MODMIPIRX
  C:0000H         SYMBOL        _ICE_DUMMY_
  D:0080H         PUBLIC        P0
  D:0090H         PUBLIC        P1
  C:3469H         PUBLIC        Mod_MipiRx_Handler
  D:00A0H         PUBLIC        P2
  C:3463H         PUBLIC        Mod_MipiRxDig_Set
  D:00B0H         PUBLIC        P3
  C:22ECH         PUBLIC        Mod_MipiRx_StateHandler
  D:00D8H         PUBLIC        PWMCON0
  D:00A8H         PUBLIC        IE
  D:00B8H         PUBLIC        IP
  D:0098H         PUBLIC        SCON
  D:0088H         PUBLIC        TCON
  C:3353H         PUBLIC        Mod_MipiRx_VidChk_Stable
  D:00F8H         PUBLIC        SCON_1
  C:32D0H         PUBLIC        Mod_MipiRx_Init
  D:00E8H         PUBLIC        ADCCON0
  D:00C0H         PUBLIC        I2CON
  D:00C8H         PUBLIC        T2CON
  D:00D0H         PUBLIC        PSW
  -------         PROC          MOD_MIPIRX_INIT
  C:32D0H         LINE#         13
  C:32D0H         LINE#         14
  C:32D0H         LINE#         15
  C:32DFH         LINE#         16
  -------         ENDPROC       MOD_MIPIRX_INIT
BL51 BANKED LINKER/LOCATER V6.22                                                      06/30/2023  14:32:06  PAGE 44


  -------         PROC          MOD_MIPIRXDIG_SET
  C:3463H         LINE#         19
  C:3463H         LINE#         20
  C:3463H         LINE#         21
  C:3466H         LINE#         22
  -------         ENDPROC       MOD_MIPIRXDIG_SET
  -------         PROC          MOD_MIPIRX_VIDCHK_STABLE
  C:3353H         LINE#         25
  C:3353H         LINE#         26
  C:3353H         LINE#         27
  C:335AH         LINE#         28
  C:3363H         LINE#         29
  C:3363H         LINE#         30
  C:3366H         LINE#         31
  C:3366H         LINE#         33
  C:3366H         LINE#         34
  C:3368H         LINE#         35
  C:3368H         LINE#         37
  -------         ENDPROC       MOD_MIPIRX_VIDCHK_STABLE
  -------         PROC          MOD_MIPIRX_STATEHANDLER
  C:22ECH         LINE#         64
  C:22ECH         LINE#         65
  C:22ECH         LINE#         66
  C:2304H         LINE#         67
  C:2304H         LINE#         68
  C:2304H         LINE#         69
  C:2307H         LINE#         70
  C:2307H         LINE#         71
  C:2309H         LINE#         73
  C:2309H         LINE#         74
  C:230CH         LINE#         75
  C:230FH         LINE#         76
  C:2314H         LINE#         77
  C:2319H         LINE#         78
  C:231EH         LINE#         79
  C:2321H         LINE#         80
  C:2321H         LINE#         81
  C:2323H         LINE#         83
  C:2323H         LINE#         84
  C:232BH         LINE#         85
  C:232BH         LINE#         86
  C:2338H         LINE#         87
  C:233EH         LINE#         88
  C:233EH         LINE#         89
  C:2340H         LINE#         90
  C:2342H         LINE#         92
  C:2342H         LINE#         93
  C:234DH         LINE#         94
  C:234FH         LINE#         95
  C:234FH         LINE#         96
  C:234FH         LINE#         97
  C:2351H         LINE#         99
  C:2351H         LINE#         100
  C:2354H         LINE#         101
  C:235AH         LINE#         102
  C:235AH         LINE#         103
  C:2365H         LINE#         104
BL51 BANKED LINKER/LOCATER V6.22                                                      06/30/2023  14:32:06  PAGE 45


  C:236AH         LINE#         105
  C:236FH         LINE#         106
  C:2371H         LINE#         107
  C:2373H         LINE#         109
  C:2373H         LINE#         110
  C:2375H         LINE#         111
  C:2375H         LINE#         112
  C:2377H         LINE#         114
  C:2377H         LINE#         115
  C:237DH         LINE#         116
  C:237DH         LINE#         117
  C:2388H         LINE#         118
  C:2397H         LINE#         119
  C:239CH         LINE#         120
  C:239CH         LINE#         121
  C:239CH         LINE#         123
  C:239CH         LINE#         124
  C:239CH         LINE#         125
  C:239CH         LINE#         126
  -------         ENDPROC       MOD_MIPIRX_STATEHANDLER
  -------         PROC          MOD_MIPIRX_HANDLER
  C:3469H         LINE#         130
  C:3469H         LINE#         131
  C:3469H         LINE#         133
  -------         ENDPROC       MOD_MIPIRX_HANDLER
  -------         ENDMOD        MODMIPIRX

  -------         MODULE        MODMIPITX
  C:0000H         SYMBOL        _ICE_DUMMY_
  D:0080H         PUBLIC        P0
  D:0090H         PUBLIC        P1
  D:00A0H         PUBLIC        P2
  D:00B0H         PUBLIC        P3
  D:00D8H         PUBLIC        PWMCON0
  D:00A8H         PUBLIC        IE
  D:00B8H         PUBLIC        IP
  D:0098H         PUBLIC        SCON
  D:0088H         PUBLIC        TCON
  D:00F8H         PUBLIC        SCON_1
  D:00E8H         PUBLIC        ADCCON0
  D:00C0H         PUBLIC        I2CON
  D:00C8H         PUBLIC        T2CON
  D:00D0H         PUBLIC        PSW
  -------         ENDMOD        MODMIPITX

  -------         MODULE        MODTTLRX
  C:0000H         SYMBOL        _ICE_DUMMY_
  D:0080H         PUBLIC        P0
  D:0090H         PUBLIC        P1
  D:00A0H         PUBLIC        P2
  D:00B0H         PUBLIC        P3
  D:00D8H         PUBLIC        PWMCON0
  D:00A8H         PUBLIC        IE
  D:00B8H         PUBLIC        IP
  D:0098H         PUBLIC        SCON
  D:0088H         PUBLIC        TCON
  D:00F8H         PUBLIC        SCON_1
BL51 BANKED LINKER/LOCATER V6.22                                                      06/30/2023  14:32:06  PAGE 46


  D:00E8H         PUBLIC        ADCCON0
  D:00C0H         PUBLIC        I2CON
  D:00C8H         PUBLIC        T2CON
  D:00D0H         PUBLIC        PSW
  -------         ENDMOD        MODTTLRX

  -------         MODULE        MODTTLTX
  C:0000H         SYMBOL        _ICE_DUMMY_
  D:0080H         PUBLIC        P0
  D:0090H         PUBLIC        P1
  D:00A0H         PUBLIC        P2
  D:00B0H         PUBLIC        P3
  D:00D8H         PUBLIC        PWMCON0
  D:00A8H         PUBLIC        IE
  D:00B8H         PUBLIC        IP
  D:0098H         PUBLIC        SCON
  D:0088H         PUBLIC        TCON
  D:00F8H         PUBLIC        SCON_1
  D:00E8H         PUBLIC        ADCCON0
  D:00C0H         PUBLIC        I2CON
  D:00C8H         PUBLIC        T2CON
  D:00D0H         PUBLIC        PSW
  -------         ENDMOD        MODTTLTX

  -------         MODULE        MODPATTERN
  C:0000H         SYMBOL        _ICE_DUMMY_
  D:0080H         PUBLIC        P0
  D:0090H         PUBLIC        P1
  D:00A0H         PUBLIC        P2
  D:00B0H         PUBLIC        P3
  D:00D8H         PUBLIC        PWMCON0
  D:00A8H         PUBLIC        IE
  D:00B8H         PUBLIC        IP
  D:0098H         PUBLIC        SCON
  D:0088H         PUBLIC        TCON
  D:00F8H         PUBLIC        SCON_1
  D:00E8H         PUBLIC        ADCCON0
  D:00C0H         PUBLIC        I2CON
  D:00C8H         PUBLIC        T2CON
  D:00D0H         PUBLIC        PSW
  -------         ENDMOD        MODPATTERN

  -------         MODULE        MODMIPIRPT
  C:0000H         SYMBOL        _ICE_DUMMY_
  D:0080H         PUBLIC        P0
  D:0090H         PUBLIC        P1
  D:00A0H         PUBLIC        P2
  D:00B0H         PUBLIC        P3
  D:00D8H         PUBLIC        PWMCON0
  D:00A8H         PUBLIC        IE
  D:00B8H         PUBLIC        IP
  D:0098H         PUBLIC        SCON
  D:0088H         PUBLIC        TCON
  D:00F8H         PUBLIC        SCON_1
  D:00E8H         PUBLIC        ADCCON0
  D:00C0H         PUBLIC        I2CON
  D:00C8H         PUBLIC        T2CON
BL51 BANKED LINKER/LOCATER V6.22                                                      06/30/2023  14:32:06  PAGE 47


  D:00D0H         PUBLIC        PSW
  -------         ENDMOD        MODMIPIRPT

  -------         MODULE        MODMIPILS
  C:0000H         SYMBOL        _ICE_DUMMY_
  D:0080H         PUBLIC        P0
  D:0090H         PUBLIC        P1
  D:00A0H         PUBLIC        P2
  D:00B0H         PUBLIC        P3
  D:00D8H         PUBLIC        PWMCON0
  D:00A8H         PUBLIC        IE
  D:00B8H         PUBLIC        IP
  D:0098H         PUBLIC        SCON
  D:0088H         PUBLIC        TCON
  D:00F8H         PUBLIC        SCON_1
  D:00E8H         PUBLIC        ADCCON0
  D:00C0H         PUBLIC        I2CON
  D:00C8H         PUBLIC        T2CON
  D:00D0H         PUBLIC        PSW
  -------         ENDMOD        MODMIPILS

  -------         MODULE        ?C?FPADD
  C:000AH         PUBLIC        ?C?FPADD
  C:0006H         PUBLIC        ?C?FPSUB
  -------         ENDMOD        ?C?FPADD

  -------         MODULE        ?C?FPDIV
  C:00FEH         PUBLIC        ?C?FPDIV
  -------         ENDMOD        ?C?FPDIV

  -------         MODULE        ?C?FPCMP
  C:019DH         PUBLIC        ?C?FPCMP
  C:019BH         PUBLIC        ?C?FPCMP3
  -------         ENDMOD        ?C?FPCMP

  -------         MODULE        ?C?FCAST
  C:021EH         PUBLIC        ?C?FCASTC
  C:0219H         PUBLIC        ?C?FCASTI
  C:0214H         PUBLIC        ?C?FCASTL
  -------         ENDMOD        ?C?FCAST

  -------         MODULE        ?C?CASTF
  C:0252H         PUBLIC        ?C?CASTF
  -------         ENDMOD        ?C?CASTF

  -------         MODULE        PRINTF
  X:00C0H         PUBLIC        ?_PRINTF?BYTE
  X:00C0H         PUBLIC        ?_SPRINTF?BYTE
  C:0A91H         PUBLIC        _PRINTF
  C:0A8BH         PUBLIC        _SPRINTF
  -------         ENDMOD        PRINTF

  -------         MODULE        VSPRINTF
  X:00B7H         PUBLIC        ?_VSPRINTF?BYTE
  C:2F4EH         PUBLIC        _VSPRINTF
  -------         ENDMOD        VSPRINTF

BL51 BANKED LINKER/LOCATER V6.22                                                      06/30/2023  14:32:06  PAGE 48


  -------         MODULE        ?C?FPROUND
  C:02D3H         PUBLIC        ?C?FPROUND
  -------         ENDMOD        ?C?FPROUND

  -------         MODULE        ?C?FPCONVERT
  C:0310H         PUBLIC        ?C?FPCONVERT
  -------         ENDMOD        ?C?FPCONVERT

  -------         MODULE        ?C?FPMUL
  C:0415H         PUBLIC        ?C?FPMUL
  -------         ENDMOD        ?C?FPMUL

  -------         MODULE        ?C?FTNPWR
  C:054BH         PUBLIC        ?C?FTNPWR
  -------         ENDMOD        ?C?FTNPWR

  -------         MODULE        ?C?COPY
  C:065BH         PUBLIC        ?C?COPY
  -------         ENDMOD        ?C?COPY

  -------         MODULE        ?C?CLDPTR
  C:0681H         PUBLIC        ?C?CLDPTR
  -------         ENDMOD        ?C?CLDPTR

  -------         MODULE        ?C?CLDOPTR
  C:069AH         PUBLIC        ?C?CLDOPTR
  -------         ENDMOD        ?C?CLDOPTR

  -------         MODULE        ?C?CSTPTR
  C:06C7H         PUBLIC        ?C?CSTPTR
  -------         ENDMOD        ?C?CSTPTR

  -------         MODULE        ?C?CSTOPTR
  C:06D9H         PUBLIC        ?C?CSTOPTR
  -------         ENDMOD        ?C?CSTOPTR

  -------         MODULE        ?C?UIDIV
  C:06FBH         PUBLIC        ?C?UIDIV
  -------         ENDMOD        ?C?UIDIV

  -------         MODULE        ?C?ISTPTR
  C:0750H         PUBLIC        ?C?ISTPTR
  -------         ENDMOD        ?C?ISTPTR

  -------         MODULE        ?C?ISTOPTR
  C:076FH         PUBLIC        ?C?ISTOPTR
  -------         ENDMOD        ?C?ISTOPTR

  -------         MODULE        ?C?LADD
  C:079CH         PUBLIC        ?C?LADD
  -------         ENDMOD        ?C?LADD

  -------         MODULE        ?C?LMUL
  C:07A9H         PUBLIC        ?C?LMUL
  -------         ENDMOD        ?C?LMUL

  -------         MODULE        ?C?ULDIV
BL51 BANKED LINKER/LOCATER V6.22                                                      06/30/2023  14:32:06  PAGE 49


  C:0834H         PUBLIC        ?C?ULDIV
  -------         ENDMOD        ?C?ULDIV

  -------         MODULE        ?C?LNEG
  C:08C6H         PUBLIC        ?C?LNEG
  -------         ENDMOD        ?C?LNEG

  -------         MODULE        ?C?ULCMP
  C:08D4H         PUBLIC        ?C?ULCMP
  -------         ENDMOD        ?C?ULCMP

  -------         MODULE        ?C?ULSHR
  C:08E5H         PUBLIC        ?C?ULSHR
  -------         ENDMOD        ?C?ULSHR

  -------         MODULE        ?C?LSHL
  C:08F8H         PUBLIC        ?C?LSHL
  -------         ENDMOD        ?C?LSHL

  -------         MODULE        ?C?LLDXDATA
  C:090BH         PUBLIC        ?C?LLDXDATA
  -------         ENDMOD        ?C?LLDXDATA

  -------         MODULE        ?C?LLDXDATA0
  C:0917H         PUBLIC        ?C?LLDXDATA0
  -------         ENDMOD        ?C?LLDXDATA0

  -------         MODULE        ?C?LSTXDATA
  C:0923H         PUBLIC        ?C?LSTXDATA
  -------         ENDMOD        ?C?LSTXDATA

  -------         MODULE        ?C?LSTKXDATA
  C:092FH         PUBLIC        ?C?LSTKXDATA
  -------         ENDMOD        ?C?LSTKXDATA

  -------         MODULE        ?C?OFFXADD
  C:0960H         PUBLIC        ?C?OFFXADD
  -------         ENDMOD        ?C?OFFXADD

  -------         MODULE        ?C?PLDXDATA
  C:096CH         PUBLIC        ?C?PLDXDATA
  -------         ENDMOD        ?C?PLDXDATA

  -------         MODULE        ?C?PLDIXDATA
  C:0975H         PUBLIC        ?C?PLDIXDATA
  -------         ENDMOD        ?C?PLDIXDATA

  -------         MODULE        ?C?PSTXDATA
  C:098CH         PUBLIC        ?C?PSTXDATA
  -------         ENDMOD        ?C?PSTXDATA

  -------         MODULE        ?C?PLDCODE
  C:0995H         PUBLIC        ?C?PLDCODE
  -------         ENDMOD        ?C?PLDCODE

  -------         MODULE        ?C?CCASE
  C:09A1H         PUBLIC        ?C?CCASE
BL51 BANKED LINKER/LOCATER V6.22                                                      06/30/2023  14:32:06  PAGE 50


  -------         ENDMOD        ?C?CCASE

  -------         MODULE        ?C?ICALL
  C:09C7H         PUBLIC        ?C?ICALL
  C:09CBH         PUBLIC        ?C?ICALL2
  -------         ENDMOD        ?C?ICALL

  -------         MODULE        ?C?LIMUL
  C:09CDH         PUBLIC        ?C?LIMUL
  -------         ENDMOD        ?C?LIMUL

  -------         MODULE        PUTCHAR
  C:320AH         PUBLIC        _PUTCHAR
  -------         ENDMOD        PUTCHAR

  -------         MODULE        ?C?MEMSET
  C:09FAH         PUBLIC        ?C?MEMSET
  -------         ENDMOD        ?C?MEMSET



FUNCTION REGISTER MASKS


FUNCTION . . . . . . . . . . . . REG MASK
-----------------------------------------

DRV_LVDSTXLANENUM_SET. . . . . . @0xf3ff
DRV_LVDSTXPHY_POWEROFF . . . . . @0xf3ff
DRV_LVDSTXPLL_REFPIXCLK_SET. . . @0xf3ff
DRV_LVDSTXPORT_COPY. . . . . . . @0x8000
DRV_LVDSTXPORT_SET . . . . . . . @0xf3ff
DRV_LVDSTXPORT_SWAP. . . . . . . @0x8000
DRV_MIPIRXCLK_SEL. . . . . . . . @0xf3ff
DRV_MIPIRX_LANESET . . . . . . . @0xf3ff
DRV_MIPIRX_VIDFMTUPDATE. . . . . @0xf3ff
DRV_MIPIRX_VIDTIMING_SET . . . . @0xf3ff
DRV_SYSTEM_GETPIXELENCODING. . . @0xa301
MOD_MIPIRX_INIT. . . . . . . . . @0xbfff
MOD_MIPIRX_VIDCHK_STABLE . . . . @0xf3ff
MOD_SYSTEMTX_POWERONINIT . . . . @0xbfff
_DRV_SYSTEMACTRX_SEL . . . . . . @0xf3ff
_DRV_SYSTEMTXSRAM_SEL. . . . . . @0xf3ff
_DRV_SYSTEM_VIDCHKCLK_SRCSEL . . @0xf3ff
_DRV_SYSTEM_VIDCHK_SRCSEL. . . . @0xf3ff
_HDMI_READI2C_BYTE . . . . . . . @0xf3ff
_HDMI_READI2C_BYTEN. . . . . . . @0xf3ef
_HDMI_WRITEI2C_BYTE. . . . . . . @0xf3ff
_HDMI_WRITEI2C_BYTEN . . . . . . @0xf3ef
_MOD_SYSTEMRX_NOTIFYREGISTER . . @0xe300
_MOD_SYSTEM_RXNOTIFYHANDLE . . . @0xf300
_OCM_PRINTLEVEL_SET. . . . . . . @0xa300

Program Size: data=15.2 xdata=355 code=13422
LINK/LOCATE RUN COMPLETE.  0 WARNING(S),  0 ERROR(S)
