BL51 BANKED LINKER/LOCATER V6.22                                                        06/15/2023  16:16:23  PAGE 1


BL51 BANKED LINKER/LOCATER V6.22, INVOKED BY:
C:\KEIL_V5\C51\C51\BIN\BL51.EXE ..\..\..\..\out\STARTUP.obj, ..\..\..\..\out\main.obj, ..\..\..\..\out\OcmDelay.obj, ..\
>> ..\..\..\out\OcmUart0.obj, ..\..\..\..\out\DrvCsc.obj, ..\..\..\..\out\DrvDcsCmd.obj, ..\..\..\..\out\DrvGpio.obj, ..
>> \..\..\..\out\DrvI2cMaster.obj, ..\..\..\..\out\DrvLvdsRx.obj, ..\..\..\..\out\DrvLvdsTx.obj, ..\..\..\..\out\DrvMipi
>> Rx.obj, ..\..\..\..\out\DrvMipiTx.obj, ..\..\..\..\out\DrvTtlRx.obj, ..\..\..\..\out\DrvTtlTx.obj, ..\..\..\..\out\Dr
>> vSystem.obj, ..\..\..\..\out\DrvMipiRpt.obj, ..\..\..\..\out\DrvMipiLs.obj, ..\..\..\..\out\ModSystem.obj, ..\..\..\.
>> .\out\ModLvdsRx.obj, ..\..\..\..\out\ModLvdsTx.obj, ..\..\..\..\out\ModMipiRx.obj, ..\..\..\..\out\ModMipiTx.obj, ..\
>> ..\..\..\out\ModTtlRx.obj, ..\..\..\..\out\ModTtlTx.obj, ..\..\..\..\out\ModPattern.obj, ..\..\..\..\out\ModMipiRpt.o
>> bj, ..\..\..\..\out\ModMipiLs.obj TO ..\..\..\..\out\LT9211C REGFILE (..\..\..\..\out\LT9211C.ORC) PRINT (.\Listings\
>> LT9211C.m51) RAMSIZE (256) DISABLEWARNING (16)


MEMORY MODEL: LARGE WITH FLOATING POINT ARITHMETIC


INPUT MODULES INCLUDED:
  ..\..\..\..\out\STARTUP.obj (?C_STARTUP)
  ..\..\..\..\out\main.obj (MAIN)
  ..\..\..\..\out\OcmDelay.obj (OCMDELAY)
  ..\..\..\..\out\OcmUart0.obj (OCMUART0)
  ..\..\..\..\out\DrvCsc.obj (DRVCSC)
  ..\..\..\..\out\DrvDcsCmd.obj (DRVDCSCMD)
  ..\..\..\..\out\DrvGpio.obj (DRVGPIO)
  ..\..\..\..\out\DrvI2cMaster.obj (DRVI2CMASTER)
  ..\..\..\..\out\DrvLvdsRx.obj (DRVLVDSRX)
  ..\..\..\..\out\DrvLvdsTx.obj (DRVLVDSTX)
  ..\..\..\..\out\DrvMipiRx.obj (DRVMIPIRX)
  ..\..\..\..\out\DrvMipiTx.obj (DRVMIPITX)
  ..\..\..\..\out\DrvTtlRx.obj (DRVTTLRX)
  ..\..\..\..\out\DrvTtlTx.obj (DRVTTLTX)
  ..\..\..\..\out\DrvSystem.obj (DRVSYSTEM)
  ..\..\..\..\out\DrvMipiRpt.obj (DRVMIPIRPT)
  ..\..\..\..\out\DrvMipiLs.obj (DRVMIPILS)
  ..\..\..\..\out\ModSystem.obj (MODSYSTEM)
  ..\..\..\..\out\ModLvdsRx.obj (MODLVDSRX)
  ..\..\..\..\out\ModLvdsTx.obj (MODLVDSTX)
  ..\..\..\..\out\ModMipiRx.obj (MODMIPIRX)
  ..\..\..\..\out\ModMipiTx.obj (MODMIPITX)
  ..\..\..\..\out\ModTtlRx.obj (MODTTLRX)
  ..\..\..\..\out\ModTtlTx.obj (MODTTLTX)
  ..\..\..\..\out\ModPattern.obj (MODPATTERN)
  ..\..\..\..\out\ModMipiRpt.obj (MODMIPIRPT)
  ..\..\..\..\out\ModMipiLs.obj (MODMIPILS)
  C:\KEIL_V5\C51\C51\LIB\C51FPL.LIB (?C?FPADD)
  C:\KEIL_V5\C51\C51\LIB\C51FPL.LIB (?C?FPDIV)
  C:\KEIL_V5\C51\C51\LIB\C51FPL.LIB (?C?FPCMP)
  C:\KEIL_V5\C51\C51\LIB\C51FPL.LIB (?C?FCAST)
  C:\KEIL_V5\C51\C51\LIB\C51FPL.LIB (?C?CASTF)
  C:\KEIL_V5\C51\C51\LIB\C51FPL.LIB (PRINTF)
  C:\KEIL_V5\C51\C51\LIB\C51FPL.LIB (VSPRINTF)
  C:\KEIL_V5\C51\C51\LIB\C51FPL.LIB (?C?FPGETOPN)
  C:\KEIL_V5\C51\C51\LIB\C51FPL.LIB (?C?FPROUND)
  C:\KEIL_V5\C51\C51\LIB\C51FPL.LIB (?C?FPCONVERT)
  C:\KEIL_V5\C51\C51\LIB\C51FPL.LIB (?C?FPMUL)
  C:\KEIL_V5\C51\C51\LIB\C51FPL.LIB (?C?FTNPWR)
  C:\KEIL_V5\C51\C51\LIB\C51L.LIB (?C_INIT)
  C:\KEIL_V5\C51\C51\LIB\C51L.LIB (?C?COPY)
  C:\KEIL_V5\C51\C51\LIB\C51L.LIB (?C?CLDPTR)
BL51 BANKED LINKER/LOCATER V6.22                                                      06/15/2023  16:16:23  PAGE 2


  C:\KEIL_V5\C51\C51\LIB\C51L.LIB (?C?CLDOPTR)
  C:\KEIL_V5\C51\C51\LIB\C51L.LIB (?C?CSTPTR)
  C:\KEIL_V5\C51\C51\LIB\C51L.LIB (?C?CSTOPTR)
  C:\KEIL_V5\C51\C51\LIB\C51L.LIB (?C?UIDIV)
  C:\KEIL_V5\C51\C51\LIB\C51L.LIB (?C?ISTPTR)
  C:\KEIL_V5\C51\C51\LIB\C51L.LIB (?C?ISTOPTR)
  C:\KEIL_V5\C51\C51\LIB\C51L.LIB (?C?LADD)
  C:\KEIL_V5\C51\C51\LIB\C51L.LIB (?C?LMUL)
  C:\KEIL_V5\C51\C51\LIB\C51L.LIB (?C?ULDIV)
  C:\KEIL_V5\C51\C51\LIB\C51L.LIB (?C?LNEG)
  C:\KEIL_V5\C51\C51\LIB\C51L.LIB (?C?ULCMP)
  C:\KEIL_V5\C51\C51\LIB\C51L.LIB (?C?ULSHR)
  C:\KEIL_V5\C51\C51\LIB\C51L.LIB (?C?LSHL)
  C:\KEIL_V5\C51\C51\LIB\C51L.LIB (?C?LLDXDATA)
  C:\KEIL_V5\C51\C51\LIB\C51L.LIB (?C?LLDXDATA0)
  C:\KEIL_V5\C51\C51\LIB\C51L.LIB (?C?LSTXDATA)
  C:\KEIL_V5\C51\C51\LIB\C51L.LIB (?C?LSTKXDATA)
  C:\KEIL_V5\C51\C51\LIB\C51L.LIB (?C?OFFXADD)
  C:\KEIL_V5\C51\C51\LIB\C51L.LIB (?C?PLDXDATA)
  C:\KEIL_V5\C51\C51\LIB\C51L.LIB (?C?PLDIXDATA)
  C:\KEIL_V5\C51\C51\LIB\C51L.LIB (?C?PSTXDATA)
  C:\KEIL_V5\C51\C51\LIB\C51L.LIB (?C?PLDCODE)
  C:\KEIL_V5\C51\C51\LIB\C51L.LIB (?C?CCASE)
  C:\KEIL_V5\C51\C51\LIB\C51L.LIB (?C?ICALL)
  C:\KEIL_V5\C51\C51\LIB\C51L.LIB (?C?LIMUL)
  C:\KEIL_V5\C51\C51\LIB\C51L.LIB (PUTCHAR)
  C:\KEIL_V5\C51\C51\LIB\C51L.LIB (?C?MEMSET)


LINK MAP OF MODULE:  ..\..\..\..\out\LT9211C (?C_STARTUP)


            TYPE    BASE      LENGTH    RELOCATION   SEGMENT NAME
            -----------------------------------------------------

            * * * * * * *   D A T A   M E M O R Y   * * * * * * *
            REG     0000H     0008H     ABSOLUTE     "REG BANK 0"
            DATA    0008H     0005H     UNIT         _DATA_GROUP_
                    000DH     0013H                  *** GAP ***
            BIT     0020H.0   0001H.1   UNIT         _BIT_GROUP_
            BIT     0021H.1   0000H.1   UNIT         ?BI?OCMUART0
                    0021H.2   0000H.6                *** GAP ***
            IDATA   0022H     0001H     UNIT         ?STACK

            * * * * * * *  X D A T A   M E M O R Y  * * * * * * *
            XDATA   0000H     00F0H     UNIT         _XDATA_GROUP_
            XDATA   00F0H     0040H     UNIT         ?XD?MODSYSTEM
            XDATA   0130H     001BH     UNIT         ?XD?DRVMIPIRX
            XDATA   014BH     0006H     UNIT         ?XD?DRV_LVDSTX_VIDTIMING_SET?DRVLVDSTX
            XDATA   0151H     0005H     UNIT         ?XD?_HDMI_READI2C_BYTEN?DRVI2CMASTER
            XDATA   0156H     0005H     UNIT         ?XD?_HDMI_WRITEI2C_BYTEN?DRVI2CMASTER
            XDATA   015BH     0004H     UNIT         ?XD?_OCM_TIMER0_DELAY100US?OCMDELAY
            XDATA   015FH     0002H     UNIT         ?XD?DRVI2CMASTER
            XDATA   0161H     0001H     UNIT         ?XD?OCMUART0
            XDATA   0162H     0001H     UNIT         ?XD?DRV_MIPIRX_VIDFMTUPDATE?DRVMIPIRX

            * * * * * * *   C O D E   M E M O R Y   * * * * * * *
BL51 BANKED LINKER/LOCATER V6.22                                                      06/15/2023  16:16:23  PAGE 3


            CODE    0000H     0003H     ABSOLUTE     
            CODE    0003H     0A23H     UNIT         ?C?LIB_CODE
            CODE    0A26H     0487H     UNIT         ?CO?DRVMIPIRX
            CODE    0EADH     0483H     UNIT         ?PR?PRINTF?PRINTF
            CODE    1330H     03E4H     UNIT         ?PR?DRV_LVDSTXPLL_CONFIG?DRVLVDSTX
            CODE    1714H     0230H     UNIT         ?PR?DRV_MIPIRX_VIDTIMING_SEL?DRVMIPIRX
            CODE    1944H     021DH     UNIT         ?PR?DRV_MIPIRX_PCRCALI?DRVMIPIRX
            CODE    1B61H     01D7H     UNIT         ?PR?DRV_MIPIRX_DESSCPLL_SET?DRVMIPIRX
            CODE    1D38H     0155H     UNIT         ?PR?DRV_MIPIRX_HACTGET?DRVMIPIRX
            CODE    1E8DH     0144H     UNIT         ?PR?_DRV_VIDCHKSINGLE_GET?DRVSYSTEM
            CODE    1FD1H     00FFH     UNIT         ?PR?_DRV_VIDCHKALL_GET?DRVSYSTEM
            CODE    20D0H     00D9H     UNIT         ?CO?DRVLVDSTX
            CODE    21A9H     00B8H     UNIT         ?PR?_DRV_SYSTEM_FMCLKGET?DRVSYSTEM
            CODE    2261H     00B6H     UNIT         ?PR?DRV_LVDSTX_VIDTIMING_SET?DRVLVDSTX
            CODE    2317H     00B5H     UNIT         ?CO?OCMUART0
            CODE    23CCH     00B1H     UNIT         ?PR?MOD_MIPIRX_STATEHANDLER?MODMIPIRX
            CODE    247DH     00ADH     UNIT         ?PR?DRV_MIPIRX_SOTGET?DRVMIPIRX
            CODE    252AH     00ACH     UNIT         ?PR?DRV_LVDSTXPHY_POWERON?DRVLVDSTX
            CODE    25D6H     00AAH     UNIT         ?PR?DRV_MIPIRX_PHYPOWERON?DRVMIPIRX
            CODE    2680H     00A6H     UNIT         ?PR?DRV_VIDCHK_FRMRT_GET?DRVSYSTEM
            CODE    2726H     00A5H     UNIT         ?PR?DRV_MIPIRX_VIDTIMING_SET?DRVMIPIRX
            CODE    27CBH     00A2H     UNIT         ?PR?_DRV_MIPIRX_VIDFMT_GET?DRVMIPIRX
            CODE    286DH     0091H     UNIT         ?PR?DRV_MIPIRX_VIDTIMING_GET?DRVMIPIRX
            CODE    28FEH     008DH     UNIT         ?PR?_LTLOG?OCMUART0
            CODE    298BH     008CH     UNIT         ?C_C51STARTUP
            CODE    2A17H     0084H     UNIT         ?PR?_I2C_READ_BYTE?DRVI2CMASTER
            CODE    2A9BH     0083H     UNIT         ?PR?DRV_LVDSTXPLL_CALI?DRVLVDSTX
            CODE    2B1EH     007BH     UNIT         ?PR?_DRV_SYSTEMACTRX_SEL?DRVSYSTEM
            CODE    2B99H     0070H     UNIT         ?PR?DRV_DESSCPLL_SDMCAL?DRVMIPIRX
            CODE    2C09H     0066H     UNIT         ?CO?MODSYSTEM
            CODE    2C6FH     0062H     UNIT         ?PR?DRV_LVDSTXLANENUM_SET?DRVLVDSTX
            CODE    2CD1H     0061H     UNIT         ?PR?MOD_LVDSTX_STATEHANDLER?MODLVDSTX
            CODE    2D32H     005FH     UNIT         ?PR?_I2C_WRITE_BYTE?DRVI2CMASTER
            CODE    2D91H     005DH     UNIT         ?PR?_DRV_SYSTEM_VIDCHK_SRCSEL?DRVSYSTEM
            CODE    2DEEH     0059H     UNIT         ?PR?DRV_LVDSTXVIDFMT_SET?DRVLVDSTX
            CODE    2E47H     0059H     UNIT         ?PR?_DRV_SYSTEM_VIDCHKCLK_SRCSEL?DRVSYSTEM
            CODE    2EA0H     0054H     UNIT         ?PR?DRV_MIPIRX_LANESET?DRVMIPIRX
            CODE    2EF4H     0053H     UNIT         ?PR?_MOD_SYSTEMRX_SETSTATE?MODSYSTEM
            CODE    2F47H     0051H     UNIT         ?PR?_I2C_SENDBYTE?DRVI2CMASTER
            CODE    2F98H     004BH     UNIT         ?PR?_OCM_TIMER0_DELAY100US?OCMDELAY
            CODE    2FE3H     004BH     UNIT         ?PR?_OCM_TIMER0_DELAY1MS?OCMDELAY
            CODE    302EH     004BH     UNIT         ?PR?DRV_MIPIRX_HSSETTLESET?DRVMIPIRX
            CODE    3079H     004AH     UNIT         ?PR?_VSPRINTF?VSPRINTF
            CODE    30C3H     0041H     UNIT         ?PR?MOD_CHIPID_READ?MODSYSTEM
            CODE    3104H     003EH     UNIT         ?CO?MODMIPIRX
            CODE    3142H     003DH     UNIT         ?PR?_DRV_SYSTEMTXSRAM_SEL?DRVSYSTEM
            CODE    317FH     003CH     UNIT         ?PR?MOD_SYSTEMRX_POWERONINIT?MODSYSTEM
            CODE    31BBH     0039H     UNIT         ?PR?_OCM_UART0_TIMER1INIT?OCMUART0
            CODE    31F4H     0036H     UNIT         ?PR?MAIN?MAIN
            CODE    322AH     0034H     UNIT         ?PR?RCVBYTE?DRVI2CMASTER
            CODE    325EH     0031H     UNIT         ?PR?DRV_MIPIRXCLK_SEL?DRVMIPIRX
            CODE    328FH     002BH     UNIT         ?PR?DRV_LVDSTXSW_RST?DRVLVDSTX
            CODE    32BAH     0029H     UNIT         ?PR?_HDMI_READI2C_BYTE?DRVI2CMASTER
            CODE    32E3H     0029H     UNIT         ?PR?DRV_MIPIRX_VIDFMTUPDATE?DRVMIPIRX
            CODE    330CH     0029H     UNIT         ?PR?MOD_SYSTEM_INIT?MODSYSTEM
            CODE    3335H     0027H     UNIT         ?PR?PUTCHAR?PUTCHAR
            CODE    335CH     0023H     UNIT         ?CO?MAIN
BL51 BANKED LINKER/LOCATER V6.22                                                      06/15/2023  16:16:23  PAGE 4


            CODE    337FH     0020H     UNIT         ?PR?DRV_MIPIRX_INPUTSEL?DRVMIPIRX
            CODE    339FH     0020H     UNIT         ?PR?_MOD_SYSTEMTX_SETSTATE?MODSYSTEM
            CODE    33BFH     001EH     UNIT         ?PR?_HDMI_WRITEI2C_BYTE?DRVI2CMASTER
            CODE    33DDH     001EH     UNIT         ?PR?_MOD_SYSTEM_RXNOTIFYHANDLE?MODSYSTEM
            CODE    33FBH     001EH     UNIT         ?PR?MOD_MIPIRX_INIT?MODMIPIRX
            CODE    3419H     001CH     UNIT         ?PR?_ACK_I2C?DRVI2CMASTER
            CODE    3435H     001AH     UNIT         ?PR?MOD_LT9211C_RESET?MODSYSTEM
            CODE    344FH     0016H     UNIT         ?PR?MOD_SYSTEMTX_POWERONINIT?MODSYSTEM
            CODE    3465H     0016H     UNIT         ?PR?MOD_MIPIRX_VIDCHK_STABLE?MODMIPIRX
            CODE    347BH     0015H     UNIT         ?PR?START_I2C?DRVI2CMASTER
            CODE    3490H     0015H     UNIT         ?PR?_HDMI_READI2C_BYTEN?DRVI2CMASTER
            CODE    34A5H     0015H     UNIT         ?PR?_HDMI_WRITEI2C_BYTEN?DRVI2CMASTER
            CODE    34BAH     0015H     UNIT         ?PR?DRV_LVDSTXPHY_POWEROFF?DRVLVDSTX
            CODE    34CFH     0015H     UNIT         ?PR?DRV_LVDSTXPORT_SET?DRVLVDSTX
            CODE    34E4H     0015H     UNIT         ?PR?MOD_LVDSTXDIG_SET?MODLVDSTX
            CODE    34F9H     0015H     UNIT         ?PR?MOD_LVDSTX_STATEJUDGE?MODLVDSTX
            CODE    350EH     0012H     UNIT         ?PR?_I2C_DELAY_US?DRVI2CMASTER
            CODE    3520H     000EH     UNIT         ?PR?DRV_LVDSTXPLL_REFPIXCLK_SET?DRVLVDSTX
            CODE    352EH     000DH     UNIT         ?C_INITSEG
            CODE    353BH     000CH     UNIT         ?PR?STOP_I2C?DRVI2CMASTER
            CODE    3547H     000BH     UNIT         ?PR?DRV_LVDSTXCSC_SET?DRVLVDSTX
            CODE    3552H     000BH     UNIT         ?PR?MOD_LVDSTXPLL_REFPIXCLK_GET?MODLVDSTX
            CODE    355DH     0006H     UNIT         ?PR?_OCM_PRINTLEVEL_SET?OCMUART0
            CODE    3563H     0006H     UNIT         ?PR?DRV_SYSTEM_GETPIXELENCODING?DRVSYSTEM
            CODE    3569H     0006H     UNIT         ?PR?_MOD_SYSTEMRX_NOTIFYREGISTER?MODSYSTEM
            CODE    356FH     0006H     UNIT         ?PR?MOD_LVDSTX_HANDLER?MODLVDSTX
            CODE    3575H     0006H     UNIT         ?PR?MOD_MIPIRXDIG_SET?MODMIPIRX
            CODE    357BH     0003H     UNIT         ?PR?MOD_MIPIRX_HANDLER?MODMIPIRX
            CODE    357EH     0001H     UNIT         ?PR?DRV_LVDSTXPORT_SWAP?DRVLVDSTX
            CODE    357FH     0001H     UNIT         ?PR?DRV_LVDSTXPORT_COPY?DRVLVDSTX



OVERLAY MAP OF MODULE:   ..\..\..\..\out\LT9211C (?C_STARTUP)


SEGMENT                                             BIT_GROUP          DATA_GROUP          XDATA_GROUP
  +--> CALLED SEGMENT                            START    LENGTH     START    LENGTH     START    LENGTH
--------------------------------------------------------------------------------------------------------
?C_C51STARTUP                                    -----    -----      -----    -----      -----    -----
  +--> ?PR?MAIN?MAIN
  +--> ?C_INITSEG

?PR?MAIN?MAIN                                    -----    -----      -----    -----      -----    -----
  +--> ?PR?MOD_SYSTEM_INIT?MODSYSTEM
  +--> ?PR?MOD_LT9211C_RESET?MODSYSTEM
  +--> ?CO?MAIN
  +--> ?PR?_LTLOG?OCMUART0
  +--> ?PR?MOD_CHIPID_READ?MODSYSTEM
  +--> ?PR?MOD_SYSTEMRX_POWERONINIT?MODSYSTEM
  +--> ?PR?MOD_SYSTEMTX_POWERONINIT?MODSYSTEM
  +--> ?PR?MOD_MIPIRX_HANDLER?MODMIPIRX
  +--> ?PR?MOD_LVDSTX_HANDLER?MODLVDSTX

?PR?MOD_SYSTEM_INIT?MODSYSTEM                    -----    -----      -----    -----      -----    -----
  +--> ?PR?_OCM_UART0_TIMER1INIT?OCMUART0

BL51 BANKED LINKER/LOCATER V6.22                                                      06/15/2023  16:16:23  PAGE 5


?PR?MOD_LT9211C_RESET?MODSYSTEM                  -----    -----      -----    -----      -----    -----
  +--> ?PR?_OCM_TIMER0_DELAY1MS?OCMDELAY

?PR?_OCM_TIMER0_DELAY1MS?OCMDELAY                -----    -----      -----    -----      000BH    0004H

?PR?_LTLOG?OCMUART0                              -----    -----      -----    -----      000BH    00AFH
  +--> ?CO?OCMUART0
  +--> ?PR?_VSPRINTF?VSPRINTF
  +--> ?PR?PRINTF?PRINTF

?PR?_VSPRINTF?VSPRINTF                           -----    -----      -----    -----      00BAH    0006H
  +--> ?PR?PRINTF?PRINTF

?PR?PRINTF?PRINTF                                0020H.0  0001H.1    0008H    0005H      00C0H    0030H
  +--> ?PR?PUTCHAR?PUTCHAR

?PR?MOD_CHIPID_READ?MODSYSTEM                    -----    -----      -----    -----      -----    -----
  +--> ?PR?_HDMI_WRITEI2C_BYTE?DRVI2CMASTER
  +--> ?PR?_HDMI_READI2C_BYTE?DRVI2CMASTER
  +--> ?CO?MODSYSTEM
  +--> ?PR?_LTLOG?OCMUART0

?PR?_HDMI_WRITEI2C_BYTE?DRVI2CMASTER             -----    -----      -----    -----      000BH    0001H
  +--> ?PR?_I2C_WRITE_BYTE?DRVI2CMASTER

?PR?_I2C_WRITE_BYTE?DRVI2CMASTER                 -----    -----      -----    -----      000CH    0007H
  +--> ?PR?START_I2C?DRVI2CMASTER
  +--> ?PR?_I2C_SENDBYTE?DRVI2CMASTER
  +--> ?PR?STOP_I2C?DRVI2CMASTER

?PR?START_I2C?DRVI2CMASTER                       -----    -----      -----    -----      -----    -----
  +--> ?PR?_I2C_DELAY_US?DRVI2CMASTER

?PR?_I2C_SENDBYTE?DRVI2CMASTER                   -----    -----      -----    -----      -----    -----
  +--> ?PR?_I2C_DELAY_US?DRVI2CMASTER

?PR?STOP_I2C?DRVI2CMASTER                        -----    -----      -----    -----      -----    -----
  +--> ?PR?_I2C_DELAY_US?DRVI2CMASTER

?PR?_HDMI_READI2C_BYTE?DRVI2CMASTER              -----    -----      -----    -----      000BH    0001H
  +--> ?PR?_I2C_READ_BYTE?DRVI2CMASTER

?PR?_I2C_READ_BYTE?DRVI2CMASTER                  -----    -----      -----    -----      000CH    0007H
  +--> ?PR?START_I2C?DRVI2CMASTER
  +--> ?PR?_I2C_SENDBYTE?DRVI2CMASTER
  +--> ?PR?STOP_I2C?DRVI2CMASTER
  +--> ?PR?RCVBYTE?DRVI2CMASTER
  +--> ?PR?_ACK_I2C?DRVI2CMASTER

?PR?RCVBYTE?DRVI2CMASTER                         -----    -----      -----    -----      -----    -----
  +--> ?PR?_I2C_DELAY_US?DRVI2CMASTER

?PR?_ACK_I2C?DRVI2CMASTER                        -----    -----      -----    -----      -----    -----
  +--> ?PR?_I2C_DELAY_US?DRVI2CMASTER

?PR?MOD_SYSTEMRX_POWERONINIT?MODSYSTEM           -----    -----      -----    -----      -----    -----
  +--> ?PR?_MOD_SYSTEM_RXNOTIFYHANDLE?MODSYSTEM
BL51 BANKED LINKER/LOCATER V6.22                                                      06/15/2023  16:16:23  PAGE 6


  +--> ?PR?_MOD_SYSTEMRX_NOTIFYREGISTER?MODS...

?PR?MOD_MIPIRX_HANDLER?MODMIPIRX                 -----    -----      -----    -----      -----    -----
  +--> ?PR?MOD_MIPIRX_STATEHANDLER?MODMIPIRX

?PR?MOD_MIPIRX_STATEHANDLER?MODMIPIRX            -----    -----      -----    -----      -----    -----
  +--> ?PR?MOD_MIPIRX_INIT?MODMIPIRX
  +--> ?PR?DRV_MIPIRX_PHYPOWERON?DRVMIPIRX
  +--> ?PR?DRV_MIPIRXCLK_SEL?DRVMIPIRX
  +--> ?PR?_DRV_SYSTEM_VIDCHKCLK_SRCSEL?DRVS...
  +--> ?PR?_DRV_SYSTEM_VIDCHK_SRCSEL?DRVSYSTEM
  +--> ?PR?_DRV_SYSTEMACTRX_SEL?DRVSYSTEM
  +--> ?PR?MOD_MIPIRXDIG_SET?MODMIPIRX
  +--> ?PR?DRV_MIPIRX_VIDTIMING_GET?DRVMIPIRX
  +--> ?PR?_DRV_MIPIRX_VIDFMT_GET?DRVMIPIRX
  +--> ?PR?DRV_MIPIRX_VIDTIMING_SEL?DRVMIPIRX
  +--> ?CO?MODMIPIRX
  +--> ?PR?_LTLOG?OCMUART0
  +--> ?PR?DRV_MIPIRX_DESSCPLL_SET?DRVMIPIRX
  +--> ?PR?DRV_MIPIRX_PCRCALI?DRVMIPIRX
  +--> ?PR?MOD_MIPIRX_VIDCHK_STABLE?MODMIPIRX
  +--> ?PR?_MOD_SYSTEMRX_SETSTATE?MODSYSTEM

?PR?DRV_MIPIRX_PHYPOWERON?DRVMIPIRX              -----    -----      -----    -----      -----    -----
  +--> ?PR?_HDMI_WRITEI2C_BYTE?DRVI2CMASTER
  +--> ?PR?_HDMI_READI2C_BYTE?DRVI2CMASTER
  +--> ?CO?DRVMIPIRX
  +--> ?PR?_LTLOG?OCMUART0

?PR?DRV_MIPIRXCLK_SEL?DRVMIPIRX                  -----    -----      -----    -----      -----    -----
  +--> ?PR?_HDMI_WRITEI2C_BYTE?DRVI2CMASTER

?PR?_DRV_SYSTEM_VIDCHKCLK_SRCSEL?DRVS...         -----    -----      -----    -----      0006H    0001H
  +--> ?PR?_HDMI_WRITEI2C_BYTE?DRVI2CMASTER
  +--> ?PR?_HDMI_READI2C_BYTE?DRVI2CMASTER

?PR?_DRV_SYSTEM_VIDCHK_SRCSEL?DRVSYSTEM          -----    -----      -----    -----      0006H    0001H
  +--> ?PR?_HDMI_WRITEI2C_BYTE?DRVI2CMASTER
  +--> ?PR?_HDMI_READI2C_BYTE?DRVI2CMASTER

?PR?_DRV_SYSTEMACTRX_SEL?DRVSYSTEM               -----    -----      -----    -----      0000H    0001H
  +--> ?PR?_HDMI_WRITEI2C_BYTE?DRVI2CMASTER
  +--> ?PR?_HDMI_READI2C_BYTE?DRVI2CMASTER

?PR?MOD_MIPIRXDIG_SET?MODMIPIRX                  -----    -----      -----    -----      -----    -----
  +--> ?PR?DRV_MIPIRX_INPUTSEL?DRVMIPIRX
  +--> ?PR?DRV_MIPIRX_LANESET?DRVMIPIRX

?PR?DRV_MIPIRX_INPUTSEL?DRVMIPIRX                -----    -----      -----    -----      -----    -----
  +--> ?PR?_HDMI_WRITEI2C_BYTE?DRVI2CMASTER
  +--> ?CO?DRVMIPIRX
  +--> ?PR?_LTLOG?OCMUART0

?PR?DRV_MIPIRX_LANESET?DRVMIPIRX                 -----    -----      -----    -----      -----    -----
  +--> ?PR?_HDMI_WRITEI2C_BYTE?DRVI2CMASTER

?PR?DRV_MIPIRX_VIDTIMING_GET?DRVMIPIRX           -----    -----      -----    -----      -----    -----
BL51 BANKED LINKER/LOCATER V6.22                                                      06/15/2023  16:16:23  PAGE 7


  +--> ?PR?DRV_MIPIRX_SOTGET?DRVMIPIRX
  +--> ?PR?DRV_MIPIRX_HSSETTLESET?DRVMIPIRX
  +--> ?PR?DRV_MIPIRX_HACTGET?DRVMIPIRX
  +--> ?CO?DRVMIPIRX
  +--> ?PR?_LTLOG?OCMUART0

?PR?DRV_MIPIRX_SOTGET?DRVMIPIRX                  -----    -----      -----    -----      -----    -----
  +--> ?PR?_HDMI_WRITEI2C_BYTE?DRVI2CMASTER
  +--> ?PR?_HDMI_READI2C_BYTE?DRVI2CMASTER
  +--> ?CO?DRVMIPIRX
  +--> ?PR?_LTLOG?OCMUART0

?PR?DRV_MIPIRX_HSSETTLESET?DRVMIPIRX             -----    -----      -----    -----      -----    -----
  +--> ?CO?DRVMIPIRX
  +--> ?PR?_LTLOG?OCMUART0
  +--> ?PR?_HDMI_WRITEI2C_BYTE?DRVI2CMASTER

?PR?DRV_MIPIRX_HACTGET?DRVMIPIRX                 -----    -----      -----    -----      -----    -----
  +--> ?PR?_HDMI_WRITEI2C_BYTE?DRVI2CMASTER
  +--> ?PR?_HDMI_READI2C_BYTE?DRVI2CMASTER

?PR?_DRV_MIPIRX_VIDFMT_GET?DRVMIPIRX             -----    -----      -----    -----      0000H    0002H
  +--> ?CO?DRVMIPIRX
  +--> ?PR?_LTLOG?OCMUART0

?PR?DRV_MIPIRX_VIDTIMING_SEL?DRVMIPIRX           -----    -----      -----    -----      0000H    0003H
  +--> ?CO?DRVMIPIRX
  +--> ?PR?DRV_VIDCHK_FRMRT_GET?DRVSYSTEM
  +--> ?PR?_LTLOG?OCMUART0
  +--> ?PR?DRV_MIPIRX_VIDTIMING_SET?DRVMIPIRX

?PR?DRV_VIDCHK_FRMRT_GET?DRVSYSTEM               -----    -----      -----    -----      0003H    0004H
  +--> ?PR?_HDMI_WRITEI2C_BYTE?DRVI2CMASTER
  +--> ?PR?_HDMI_READI2C_BYTE?DRVI2CMASTER

?PR?DRV_MIPIRX_VIDTIMING_SET?DRVMIPIRX           -----    -----      -----    -----      -----    -----
  +--> ?PR?_HDMI_WRITEI2C_BYTE?DRVI2CMASTER

?PR?DRV_MIPIRX_DESSCPLL_SET?DRVMIPIRX            -----    -----      -----    -----      0000H    0001H
  +--> ?PR?_HDMI_WRITEI2C_BYTE?DRVI2CMASTER
  +--> ?CO?DRVMIPIRX
  +--> ?PR?_LTLOG?OCMUART0
  +--> ?PR?DRV_DESSCPLL_SDMCAL?DRVMIPIRX
  +--> ?PR?_OCM_TIMER0_DELAY1MS?OCMDELAY

?PR?DRV_DESSCPLL_SDMCAL?DRVMIPIRX                -----    -----      -----    -----      -----    -----
  +--> ?PR?_HDMI_WRITEI2C_BYTE?DRVI2CMASTER
  +--> ?PR?_HDMI_READI2C_BYTE?DRVI2CMASTER

?PR?DRV_MIPIRX_PCRCALI?DRVMIPIRX                 -----    -----      -----    -----      0000H    0006H
  +--> ?PR?_HDMI_WRITEI2C_BYTE?DRVI2CMASTER
  +--> ?PR?_HDMI_READI2C_BYTE?DRVI2CMASTER
  +--> ?PR?_OCM_TIMER0_DELAY1MS?OCMDELAY
  +--> ?PR?_DRV_SYSTEM_FMCLKGET?DRVSYSTEM
  +--> ?CO?DRVMIPIRX
  +--> ?PR?_LTLOG?OCMUART0
  +--> ?PR?_DRV_SYSTEM_VIDCHKCLK_SRCSEL?DRVS...
BL51 BANKED LINKER/LOCATER V6.22                                                      06/15/2023  16:16:23  PAGE 8


  +--> ?PR?_DRV_SYSTEM_VIDCHK_SRCSEL?DRVSYSTEM

?PR?_DRV_SYSTEM_FMCLKGET?DRVSYSTEM               -----    -----      -----    -----      0006H    0005H
  +--> ?PR?_HDMI_WRITEI2C_BYTE?DRVI2CMASTER
  +--> ?PR?_OCM_TIMER0_DELAY1MS?OCMDELAY
  +--> ?PR?_HDMI_READI2C_BYTE?DRVI2CMASTER

?PR?MOD_MIPIRX_VIDCHK_STABLE?MODMIPIRX           -----    -----      -----    -----      -----    -----
  +--> ?PR?_HDMI_WRITEI2C_BYTE?DRVI2CMASTER
  +--> ?PR?_HDMI_READI2C_BYTE?DRVI2CMASTER

?PR?_MOD_SYSTEMRX_SETSTATE?MODSYSTEM             -----    -----      -----    -----      0000H    0001H
  +--> ?CO?MODSYSTEM
  +--> ?PR?_LTLOG?OCMUART0

?PR?MOD_LVDSTX_HANDLER?MODLVDSTX                 -----    -----      -----    -----      -----    -----
  +--> ?PR?MOD_LVDSTX_STATEJUDGE?MODLVDSTX
  +--> ?PR?MOD_LVDSTX_STATEHANDLER?MODLVDSTX

?PR?MOD_LVDSTX_STATEJUDGE?MODLVDSTX              -----    -----      -----    -----      -----    -----
  +--> ?PR?_MOD_SYSTEMTX_SETSTATE?MODSYSTEM

?PR?_MOD_SYSTEMTX_SETSTATE?MODSYSTEM             -----    -----      -----    -----      -----    -----
  +--> ?CO?MODSYSTEM
  +--> ?PR?_LTLOG?OCMUART0

?PR?MOD_LVDSTX_STATEHANDLER?MODLVDSTX            -----    -----      -----    -----      -----    -----
  +--> ?PR?DRV_LVDSTXPHY_POWEROFF?DRVLVDSTX
  +--> ?PR?_DRV_SYSTEMTXSRAM_SEL?DRVSYSTEM
  +--> ?PR?DRV_LVDSTXPHY_POWERON?DRVLVDSTX
  +--> ?PR?MOD_LVDSTXPLL_REFPIXCLK_GET?MODLV...
  +--> ?PR?DRV_LVDSTXPLL_REFPIXCLK_SET?DRVLV...
  +--> ?PR?DRV_LVDSTXPLL_CONFIG?DRVLVDSTX
  +--> ?PR?DRV_LVDSTXPLL_CALI?DRVLVDSTX
  +--> ?PR?_DRV_VIDCHKALL_GET?DRVSYSTEM
  +--> ?PR?MOD_LVDSTXDIG_SET?MODLVDSTX
  +--> ?PR?_MOD_SYSTEMTX_SETSTATE?MODSYSTEM

?PR?DRV_LVDSTXPHY_POWEROFF?DRVLVDSTX             -----    -----      -----    -----      -----    -----
  +--> ?PR?_HDMI_WRITEI2C_BYTE?DRVI2CMASTER

?PR?_DRV_SYSTEMTXSRAM_SEL?DRVSYSTEM              -----    -----      -----    -----      0000H    0001H
  +--> ?PR?_HDMI_WRITEI2C_BYTE?DRVI2CMASTER
  +--> ?PR?_HDMI_READI2C_BYTE?DRVI2CMASTER

?PR?DRV_LVDSTXPHY_POWERON?DRVLVDSTX              -----    -----      -----    -----      -----    -----
  +--> ?PR?_HDMI_WRITEI2C_BYTE?DRVI2CMASTER
  +--> ?CO?DRVLVDSTX
  +--> ?PR?_LTLOG?OCMUART0

?PR?MOD_LVDSTXPLL_REFPIXCLK_GET?MODLV...         -----    -----      -----    -----      -----    -----
  +--> ?PR?_DRV_SYSTEM_FMCLKGET?DRVSYSTEM

?PR?DRV_LVDSTXPLL_REFPIXCLK_SET?DRVLV...         -----    -----      -----    -----      -----    -----
  +--> ?PR?_HDMI_WRITEI2C_BYTE?DRVI2CMASTER

?PR?DRV_LVDSTXPLL_CONFIG?DRVLVDSTX               -----    -----      -----    -----      0000H    000BH
BL51 BANKED LINKER/LOCATER V6.22                                                      06/15/2023  16:16:23  PAGE 9


  +--> ?PR?_HDMI_WRITEI2C_BYTE?DRVI2CMASTER
  +--> ?PR?_HDMI_READI2C_BYTE?DRVI2CMASTER
  +--> ?CO?DRVLVDSTX
  +--> ?PR?_LTLOG?OCMUART0

?PR?DRV_LVDSTXPLL_CALI?DRVLVDSTX                 -----    -----      -----    -----      0000H    0002H
  +--> ?PR?_HDMI_WRITEI2C_BYTE?DRVI2CMASTER
  +--> ?PR?_OCM_TIMER0_DELAY1MS?OCMDELAY
  +--> ?PR?_HDMI_READI2C_BYTE?DRVI2CMASTER
  +--> ?CO?DRVLVDSTX
  +--> ?PR?_LTLOG?OCMUART0

?PR?_DRV_VIDCHKALL_GET?DRVSYSTEM                 -----    -----      -----    -----      0000H    0003H
  +--> ?PR?_DRV_VIDCHKSINGLE_GET?DRVSYSTEM
  +--> ?PR?DRV_VIDCHK_FRMRT_GET?DRVSYSTEM

?PR?_DRV_VIDCHKSINGLE_GET?DRVSYSTEM              -----    -----      -----    -----      0003H    0003H
  +--> ?PR?_HDMI_WRITEI2C_BYTE?DRVI2CMASTER
  +--> ?PR?_OCM_TIMER0_DELAY1MS?OCMDELAY
  +--> ?PR?_HDMI_READI2C_BYTE?DRVI2CMASTER

?PR?MOD_LVDSTXDIG_SET?MODLVDSTX                  -----    -----      -----    -----      -----    -----
  +--> ?PR?DRV_LVDSTXPORT_SET?DRVLVDSTX
  +--> ?PR?DRV_LVDSTXVIDFMT_SET?DRVLVDSTX
  +--> ?PR?DRV_LVDSTXLANENUM_SET?DRVLVDSTX
  +--> ?PR?DRV_LVDSTXPORT_SWAP?DRVLVDSTX
  +--> ?PR?DRV_LVDSTXPORT_COPY?DRVLVDSTX
  +--> ?PR?DRV_LVDSTXSW_RST?DRVLVDSTX
  +--> ?PR?DRV_LVDSTXCSC_SET?DRVLVDSTX

?PR?DRV_LVDSTXPORT_SET?DRVLVDSTX                 -----    -----      -----    -----      -----    -----
  +--> ?PR?_HDMI_WRITEI2C_BYTE?DRVI2CMASTER
  +--> ?PR?_HDMI_READI2C_BYTE?DRVI2CMASTER

?PR?DRV_LVDSTXVIDFMT_SET?DRVLVDSTX               -----    -----      -----    -----      -----    -----
  +--> ?PR?_HDMI_WRITEI2C_BYTE?DRVI2CMASTER
  +--> ?PR?_HDMI_READI2C_BYTE?DRVI2CMASTER
  +--> ?CO?DRVLVDSTX
  +--> ?PR?_LTLOG?OCMUART0

?PR?DRV_LVDSTXLANENUM_SET?DRVLVDSTX              -----    -----      -----    -----      -----    -----
  +--> ?PR?_HDMI_WRITEI2C_BYTE?DRVI2CMASTER

?PR?DRV_LVDSTXSW_RST?DRVLVDSTX                   -----    -----      -----    -----      -----    -----
  +--> ?PR?_HDMI_WRITEI2C_BYTE?DRVI2CMASTER
  +--> ?PR?_OCM_TIMER0_DELAY1MS?OCMDELAY
  +--> ?CO?DRVLVDSTX
  +--> ?PR?_LTLOG?OCMUART0

?PR?DRV_LVDSTXCSC_SET?DRVLVDSTX                  -----    -----      -----    -----      -----    -----
  +--> ?CO?DRVLVDSTX
  +--> ?PR?_LTLOG?OCMUART0



SYMBOL TABLE OF MODULE:  ..\..\..\..\out\LT9211C (?C_STARTUP)

BL51 BANKED LINKER/LOCATER V6.22                                                      06/15/2023  16:16:23  PAGE 10


  VALUE           TYPE          NAME
  ----------------------------------

  -------         MODULE        ?C_STARTUP
  C:298BH         SEGMENT       ?C_C51STARTUP
  I:0022H         SEGMENT       ?STACK
  C:0000H         PUBLIC        ?C_STARTUP
  D:00E0H         SYMBOL        ACC
  D:00F0H         SYMBOL        B
  D:0083H         SYMBOL        DPH
  D:0082H         SYMBOL        DPL
  N:0000H         SYMBOL        IBPSTACK
  N:0100H         SYMBOL        IBPSTACKTOP
  N:0080H         SYMBOL        IDATALEN
  C:298EH         SYMBOL        IDATALOOP
  N:0000H         SYMBOL        PBPSTACK
  N:0100H         SYMBOL        PBPSTACKTOP
  N:0000H         SYMBOL        PDATALEN
  N:0000H         SYMBOL        PDATASTART
  N:0000H         SYMBOL        PPAGE
  N:0000H         SYMBOL        PPAGEENABLE
  D:00A0H         SYMBOL        PPAGE_SFR
  D:0081H         SYMBOL        SP
  C:298BH         SYMBOL        STARTUP1
  N:0000H         SYMBOL        XBPSTACK
  N:0000H         SYMBOL        XBPSTACKTOP
  N:0000H         SYMBOL        XDATALEN
  N:0000H         SYMBOL        XDATASTART
  C:0000H         LINE#         126
  C:298BH         LINE#         133
  C:298DH         LINE#         134
  C:298EH         LINE#         135
  C:298FH         LINE#         136
  C:2991H         LINE#         185
  C:2994H         LINE#         196
  -------         ENDMOD        ?C_STARTUP

  -------         MODULE        MAIN
  C:0000H         SYMBOL        _ICE_DUMMY_
  D:0080H         PUBLIC        P0
  D:0090H         PUBLIC        P1
  D:00A0H         PUBLIC        P2
  D:00B0H         PUBLIC        P3
  D:00D8H         PUBLIC        PWMCON0
  D:00A8H         PUBLIC        IE
  D:00B8H         PUBLIC        IP
  C:31F4H         PUBLIC        main
  D:0098H         PUBLIC        SCON
  D:0088H         PUBLIC        TCON
  D:00F8H         PUBLIC        SCON_1
  D:00E8H         PUBLIC        ADCCON0
  D:00C0H         PUBLIC        I2CON
  D:00C8H         PUBLIC        T2CON
  D:00D0H         PUBLIC        PSW
  -------         PROC          MAIN
  C:31F4H         LINE#         12
  C:31F4H         LINE#         13
BL51 BANKED LINKER/LOCATER V6.22                                                      06/15/2023  16:16:23  PAGE 11


  C:31F4H         LINE#         14
  C:31F7H         LINE#         15
  C:31FAH         LINE#         16
  C:3219H         LINE#         17
  C:321CH         LINE#         19
  C:321FH         LINE#         20
  C:3222H         LINE#         23
  C:3222H         LINE#         24
  C:3222H         LINE#         47
  C:3225H         LINE#         48
  C:3228H         LINE#         70
  -------         ENDPROC       MAIN
  -------         ENDMOD        MAIN

  -------         MODULE        OCMDELAY
  C:0000H         SYMBOL        _ICE_DUMMY_
  D:0080H         PUBLIC        P0
  D:0090H         PUBLIC        P1
  D:00A0H         PUBLIC        P2
  D:00B0H         PUBLIC        P3
  C:2F98H         PUBLIC        _Ocm_Timer0_Delay100us
  D:00D8H         PUBLIC        PWMCON0
  D:00A8H         PUBLIC        IE
  D:00B8H         PUBLIC        IP
  C:2FE3H         PUBLIC        _Ocm_Timer0_Delay1ms
  D:0098H         PUBLIC        SCON
  D:0089H         PUBLIC        TMOD
  D:0088H         PUBLIC        TCON
  D:00F8H         PUBLIC        SCON_1
  B:0088H.5       PUBLIC        TF0
  D:008CH         PUBLIC        TH0
  D:008AH         PUBLIC        TL0
  B:0088H.4       PUBLIC        TR0
  D:00E8H         PUBLIC        ADCCON0
  D:00C0H         PUBLIC        I2CON
  D:00C8H         PUBLIC        T2CON
  D:008EH         PUBLIC        CKCON
  D:00D0H         PUBLIC        PSW
  -------         PROC          _OCM_TIMER0_DELAY100US
  X:015BH         SYMBOL        ulCnt
  C:2F98H         LINE#         17
  C:2F9EH         LINE#         18
  C:2F9EH         LINE#         19
  C:2FA1H         LINE#         20
  C:2FA4H         LINE#         21
  C:2FA6H         LINE#         22
  C:2FB7H         LINE#         23
  C:2FB7H         LINE#         24
  C:2FBAH         LINE#         25
  C:2FBDH         LINE#         26
  C:2FC0H         LINE#         27
  C:2FC2H         LINE#         28
  C:2FDEH         LINE#         29
  C:2FE0H         LINE#         30
  C:2FE2H         LINE#         31
  -------         ENDPROC       _OCM_TIMER0_DELAY100US
  -------         PROC          _OCM_TIMER0_DELAY1MS
BL51 BANKED LINKER/LOCATER V6.22                                                      06/15/2023  16:16:23  PAGE 12


  X:000BH         SYMBOL        ulCnt
  C:2FE3H         LINE#         33
  C:2FE9H         LINE#         34
  C:2FE9H         LINE#         35
  C:2FECH         LINE#         36
  C:2FEFH         LINE#         37
  C:2FF1H         LINE#         38
  C:3002H         LINE#         39
  C:3002H         LINE#         40
  C:3005H         LINE#         41
  C:3008H         LINE#         42
  C:300BH         LINE#         43
  C:300DH         LINE#         44
  C:3029H         LINE#         45
  C:302BH         LINE#         46
  C:302DH         LINE#         47
  -------         ENDPROC       _OCM_TIMER0_DELAY1MS
  -------         ENDMOD        OCMDELAY

  -------         MODULE        OCMUART0
  C:0000H         SYMBOL        _ICE_DUMMY_
  D:00B1H         PUBLIC        P0M1
  D:00B2H         PUBLIC        P0M2
  D:0080H         PUBLIC        P0
  D:0090H         PUBLIC        P1
  D:00A0H         PUBLIC        P2
  D:00B0H         PUBLIC        P3
  D:00D8H         PUBLIC        PWMCON0
  D:00A8H         PUBLIC        IE
  D:00B8H         PUBLIC        IP
  C:355DH         PUBLIC        _Ocm_PrintLevel_Set
  C:31BBH         PUBLIC        _Ocm_UART0_Timer1Init
  B:0098H.1       PUBLIC        TI
  D:0087H         PUBLIC        PCON
  B:0021H.1       PUBLIC        BIT_TMP
  D:0098H         PUBLIC        SCON
  D:0089H         PUBLIC        TMOD
  D:0088H         PUBLIC        TCON
  X:0161H         PUBLIC        g_ucLogLevel
  C:234CH         SYMBOL        _?ix1000
  C:28FEH         PUBLIC        _LTLog
  D:00F8H         PUBLIC        SCON_1
  C:233DH         PUBLIC        messageTypeStr
  D:008DH         PUBLIC        TH1
  B:0088H.6       PUBLIC        TR1
  D:00E8H         PUBLIC        ADCCON0
  D:00C0H         PUBLIC        I2CON
  D:00C8H         PUBLIC        T2CON
  D:00C4H         PUBLIC        T3CON
  D:008EH         PUBLIC        CKCON
  D:00D0H         PUBLIC        PSW
  -------         PROC          _OCM_UART0_TIMER1INIT
  D:0004H         SYMBOL        ulBaudrate
  C:31BBH         LINE#         32
  C:31BBH         LINE#         33
  C:31BBH         LINE#         34
  C:31C1H         LINE#         35
BL51 BANKED LINKER/LOCATER V6.22                                                      06/15/2023  16:16:23  PAGE 13


  C:31C7H         LINE#         37
  C:31CAH         LINE#         38
  C:31CDH         LINE#         40
  C:31D0H         LINE#         41
  C:31D3H         LINE#         42
  C:31D6H         LINE#         45
  C:31EFH         LINE#         50
  C:31F1H         LINE#         51
  C:31F3H         LINE#         52
  -------         ENDPROC       _OCM_UART0_TIMER1INIT
  -------         PROC          _OCM_PRINTLEVEL_SET
  D:0007H         SYMBOL        ucLvl
  C:355DH         LINE#         55
  C:355DH         LINE#         56
  C:355DH         LINE#         57
  C:3562H         LINE#         58
  -------         ENDPROC       _OCM_PRINTLEVEL_SET
  -------         PROC          _LTLOG
  X:000BH         SYMBOL        ucLvl
  X:000CH         SYMBOL        fmt
  -------         DO            
  X:000FH         SYMBOL        ellipsis_40
  X:0037H         SYMBOL        buf
  X:00B7H         SYMBOL        args
  -------         ENDDO         
  C:28FEH         LINE#         60
  C:2907H         LINE#         61
  C:2907H         LINE#         62
  C:291AH         LINE#         64
  C:2924H         LINE#         65
  C:2924H         LINE#         67
  C:2924H         LINE#         70
  C:292EH         LINE#         71
  C:292EH         LINE#         72
  C:293AH         LINE#         73
  C:295BH         LINE#         76
  C:298AH         LINE#         77
  C:298AH         LINE#         78
  -------         ENDPROC       _LTLOG
  -------         ENDMOD        OCMUART0

  -------         MODULE        DRVCSC
  C:0000H         SYMBOL        _ICE_DUMMY_
  D:0080H         PUBLIC        P0
  D:0090H         PUBLIC        P1
  D:00A0H         PUBLIC        P2
  D:00B0H         PUBLIC        P3
  D:00D8H         PUBLIC        PWMCON0
  D:00A8H         PUBLIC        IE
  D:00B8H         PUBLIC        IP
  D:0098H         PUBLIC        SCON
  D:0088H         PUBLIC        TCON
  D:00F8H         PUBLIC        SCON_1
  D:00E8H         PUBLIC        ADCCON0
  D:00C0H         PUBLIC        I2CON
  D:00C8H         PUBLIC        T2CON
  D:00D0H         PUBLIC        PSW
BL51 BANKED LINKER/LOCATER V6.22                                                      06/15/2023  16:16:23  PAGE 14


  -------         ENDMOD        DRVCSC

  -------         MODULE        DRVDCSCMD
  C:0000H         SYMBOL        _ICE_DUMMY_
  D:0080H         PUBLIC        P0
  D:0090H         PUBLIC        P1
  D:00A0H         PUBLIC        P2
  D:00B0H         PUBLIC        P3
  D:00D8H         PUBLIC        PWMCON0
  D:00A8H         PUBLIC        IE
  D:00B8H         PUBLIC        IP
  D:0098H         PUBLIC        SCON
  D:0088H         PUBLIC        TCON
  D:00F8H         PUBLIC        SCON_1
  D:00E8H         PUBLIC        ADCCON0
  D:00C0H         PUBLIC        I2CON
  D:00C8H         PUBLIC        T2CON
  D:00D0H         PUBLIC        PSW
  -------         ENDMOD        DRVDCSCMD

  -------         MODULE        DRVGPIO
  C:0000H         SYMBOL        _ICE_DUMMY_
  D:0080H         PUBLIC        P0
  D:0090H         PUBLIC        P1
  D:00A0H         PUBLIC        P2
  D:00B0H         PUBLIC        P3
  D:00D8H         PUBLIC        PWMCON0
  D:00A8H         PUBLIC        IE
  D:00B8H         PUBLIC        IP
  D:0098H         PUBLIC        SCON
  D:0088H         PUBLIC        TCON
  D:00F8H         PUBLIC        SCON_1
  D:00E8H         PUBLIC        ADCCON0
  D:00C0H         PUBLIC        I2CON
  D:00C8H         PUBLIC        T2CON
  D:00D0H         PUBLIC        PSW
  -------         ENDMOD        DRVGPIO

  -------         MODULE        DRVI2CMASTER
  C:0000H         SYMBOL        _ICE_DUMMY_
  D:0080H         PUBLIC        P0
  D:0090H         PUBLIC        P1
  D:00A0H         PUBLIC        P2
  D:00B0H         PUBLIC        P3
  C:3490H         PUBLIC        _HDMI_ReadI2C_ByteN
  D:00D8H         PUBLIC        PWMCON0
  D:00A8H         PUBLIC        IE
  C:2A17H         SYMBOL        _i2c_read_byte
  C:34A5H         PUBLIC        _HDMI_WriteI2C_ByteN
  D:00B8H         PUBLIC        IP
  C:2D32H         SYMBOL        _i2c_write_byte
  B:0090H.3       PUBLIC        P13
  D:0098H         PUBLIC        SCON
  B:0090H.4       PUBLIC        P14
  D:0088H         PUBLIC        TCON
  X:015FH         PUBLIC        ucI2cAddr
  C:32BAH         PUBLIC        _HDMI_ReadI2C_Byte
BL51 BANKED LINKER/LOCATER V6.22                                                      06/15/2023  16:16:23  PAGE 15


  C:2F47H         SYMBOL        _I2C_SendByte
  C:322AH         SYMBOL        RcvByte
  D:00F8H         PUBLIC        SCON_1
  C:33BFH         PUBLIC        _HDMI_WriteI2C_Byte
  C:3419H         SYMBOL        _Ack_I2c
  C:347BH         SYMBOL        Start_I2c
  C:3515H         SYMBOL        _I2C_Delay_us
  D:00E8H         PUBLIC        ADCCON0
  D:00C0H         PUBLIC        I2CON
  C:353BH         SYMBOL        Stop_I2c
  D:00C8H         PUBLIC        T2CON
  X:0160H         PUBLIC        ucAck
  D:00D0H         PUBLIC        PSW
  -------         PROC          L?0048
  -------         ENDPROC       L?0048
  -------         PROC          _I2C_DELAY_US
  D:0007H         SYMBOL        uscount
  -------         DO            
  D:0006H         SYMBOL        x
  -------         ENDDO         
  C:3515H         LINE#         22
  C:3515H         LINE#         23
  C:3515H         LINE#         25
  C:351CH         LINE#         26
  C:351CH         LINE#         28
  C:351FH         LINE#         29
  -------         ENDPROC       _I2C_DELAY_US
  -------         PROC          START_I2C
  C:347BH         LINE#         31
  C:347BH         LINE#         32
  C:347BH         LINE#         33
  C:347DH         LINE#         34
  C:347FH         LINE#         35
  C:347FH         LINE#         36
  C:3482H         LINE#         37
  C:3484H         LINE#         38
  C:3489H         LINE#         39
  C:348BH         LINE#         40
  -------         ENDPROC       START_I2C
  -------         PROC          STOP_I2C
  C:353BH         LINE#         43
  C:353BH         LINE#         44
  C:353BH         LINE#         45
  C:353DH         LINE#         46
  C:353FH         LINE#         47
  C:353FH         LINE#         48
  C:3542H         LINE#         49
  C:3544H         LINE#         50
  -------         ENDPROC       STOP_I2C
  -------         PROC          _I2C_SENDBYTE
  D:0005H         SYMBOL        c
  -------         DO            
  D:0004H         SYMBOL        bit_Cnt
  -------         ENDDO         
  C:2F47H         LINE#         53
  C:2F49H         LINE#         54
  C:2F49H         LINE#         57
BL51 BANKED LINKER/LOCATER V6.22                                                      06/15/2023  16:16:23  PAGE 16


  C:2F4BH         LINE#         58
  C:2F4BH         LINE#         59
  C:2F58H         LINE#         60
  C:2F58H         LINE#         61
  C:2F5AH         LINE#         62
  C:2F5CH         LINE#         64
  C:2F5CH         LINE#         65
  C:2F5EH         LINE#         66
  C:2F5EH         LINE#         67
  C:2F63H         LINE#         68
  C:2F65H         LINE#         69
  C:2F69H         LINE#         70
  C:2F6BH         LINE#         71
  C:2F70H         LINE#         73
  C:2F75H         LINE#         74
  C:2F77H         LINE#         75
  C:2F7CH         LINE#         76
  C:2F7EH         LINE#         77
  C:2F81H         LINE#         79
  C:2F84H         LINE#         80
  C:2F84H         LINE#         81
  C:2F89H         LINE#         82
  C:2F8BH         LINE#         84
  C:2F8BH         LINE#         85
  C:2F91H         LINE#         86
  C:2F91H         LINE#         87
  C:2F93H         LINE#         88
  -------         ENDPROC       _I2C_SENDBYTE
  -------         PROC          RCVBYTE
  -------         DO            
  D:0005H         SYMBOL        retc
  D:0004H         SYMBOL        bit_Cnt
  -------         ENDDO         
  C:322AH         LINE#         91
  C:322AH         LINE#         92
  C:322AH         LINE#         95
  C:322CH         LINE#         96
  C:322EH         LINE#         97
  C:322FH         LINE#         98
  C:322FH         LINE#         99
  C:3234H         LINE#         100
  C:3236H         LINE#         101
  C:323BH         LINE#         102
  C:323DH         LINE#         103
  C:3242H         LINE#         104
  C:3246H         LINE#         105
  C:3249H         LINE#         106
  C:3249H         LINE#         107
  C:324AH         LINE#         108
  C:324AH         LINE#         109
  C:324FH         LINE#         110
  C:3254H         LINE#         111
  C:3256H         LINE#         112
  C:325BH         LINE#         113
  C:325DH         LINE#         114
  -------         ENDPROC       RCVBYTE
  -------         PROC          _ACK_I2C
BL51 BANKED LINKER/LOCATER V6.22                                                      06/15/2023  16:16:23  PAGE 17


  D:0007H         SYMBOL        a
  C:3419H         LINE#         116
  C:3419H         LINE#         117
  C:3419H         LINE#         118
  C:341CH         LINE#         119
  C:341CH         LINE#         120
  C:341EH         LINE#         121
  C:3420H         LINE#         123
  C:3420H         LINE#         124
  C:3422H         LINE#         125
  C:3422H         LINE#         126
  C:3427H         LINE#         127
  C:3429H         LINE#         128
  C:342EH         LINE#         129
  C:3430H         LINE#         130
  -------         ENDPROC       _ACK_I2C
  -------         PROC          _I2C_WRITE_BYTE
  D:0004H         SYMBOL        sla
  X:000DH         SYMBOL        suba
  D:0001H         SYMBOL        s
  X:0011H         SYMBOL        no
  -------         DO            
  X:0012H         SYMBOL        i
  -------         ENDDO         
  C:2D32H         LINE#         133
  C:2D39H         LINE#         134
  C:2D39H         LINE#         136
  C:2D3CH         LINE#         137
  C:2D41H         LINE#         139
  C:2D47H         LINE#         140
  C:2D47H         LINE#         141
  C:2D47H         LINE#         142
  C:2D49H         LINE#         143
  C:2D49H         LINE#         144
  C:2D51H         LINE#         145
  C:2D57H         LINE#         146
  C:2D57H         LINE#         147
  C:2D57H         LINE#         148
  C:2D59H         LINE#         149
  C:2D59H         LINE#         151
  C:2D69H         LINE#         152
  C:2D69H         LINE#         153
  C:2D70H         LINE#         154
  C:2D76H         LINE#         155
  C:2D76H         LINE#         156
  C:2D79H         LINE#         157
  C:2D7CH         LINE#         158
  C:2D7CH         LINE#         159
  C:2D83H         LINE#         160
  C:2D8BH         LINE#         161
  C:2D8EH         LINE#         162
  C:2D90H         LINE#         163
  -------         ENDPROC       _I2C_WRITE_BYTE
  -------         PROC          _I2C_READ_BYTE
  X:000CH         SYMBOL        sla
  X:000DH         SYMBOL        suba
  D:0001H         SYMBOL        s
BL51 BANKED LINKER/LOCATER V6.22                                                      06/15/2023  16:16:23  PAGE 18


  X:0011H         SYMBOL        no
  -------         DO            
  X:0012H         SYMBOL        i
  -------         ENDDO         
  C:2A17H         LINE#         165
  C:2A1FH         LINE#         166
  C:2A1FH         LINE#         168
  C:2A22H         LINE#         169
  C:2A2AH         LINE#         170
  C:2A30H         LINE#         171
  C:2A30H         LINE#         172
  C:2A30H         LINE#         173
  C:2A30H         LINE#         174
  C:2A32H         LINE#         175
  C:2A32H         LINE#         176
  C:2A3AH         LINE#         177
  C:2A40H         LINE#         178
  C:2A40H         LINE#         179
  C:2A40H         LINE#         180
  C:2A40H         LINE#         181
  C:2A42H         LINE#         182
  C:2A42H         LINE#         183
  C:2A45H         LINE#         184
  C:2A4EH         LINE#         185
  C:2A54H         LINE#         186
  C:2A54H         LINE#         187
  C:2A57H         LINE#         188
  C:2A5BH         LINE#         189
  C:2A5DH         LINE#         190
  C:2A5DH         LINE#         191
  C:2A6EH         LINE#         192
  C:2A6EH         LINE#         193
  C:2A75H         LINE#         194
  C:2A7AH         LINE#         195
  C:2A81H         LINE#         196
  C:2A89H         LINE#         197
  C:2A90H         LINE#         198
  C:2A95H         LINE#         199
  C:2A98H         LINE#         200
  C:2A9AH         LINE#         201
  -------         ENDPROC       _I2C_READ_BYTE
  -------         PROC          _HDMI_READI2C_BYTE
  D:0006H         SYMBOL        RegAddr
  -------         DO            
  X:000BH         SYMBOL        p_data
  -------         ENDDO         
  C:32BAH         LINE#         203
  C:32BCH         LINE#         204
  C:32BCH         LINE#         205
  C:32C1H         LINE#         206
  C:32DAH         LINE#         207
  C:32DAH         LINE#         208
  C:32E0H         LINE#         209
  C:32E0H         LINE#         210
  C:32E2H         LINE#         211
  -------         ENDPROC       _HDMI_READI2C_BYTE
  -------         PROC          _HDMI_READI2C_BYTEN
BL51 BANKED LINKER/LOCATER V6.22                                                      06/15/2023  16:16:23  PAGE 19


  D:0006H         SYMBOL        RegAddr
  D:0001H         SYMBOL        p_data
  X:0155H         SYMBOL        N
  -------         DO            
  D:0007H         SYMBOL        flag
  -------         ENDDO         
  C:3490H         LINE#         213
  C:3492H         LINE#         214
  C:3492H         LINE#         216
  C:34A4H         LINE#         217
  C:34A4H         LINE#         218
  -------         ENDPROC       _HDMI_READI2C_BYTEN
  -------         PROC          _HDMI_WRITEI2C_BYTE
  D:0006H         SYMBOL        RegAddr
  X:000BH         SYMBOL        d
  -------         DO            
  D:0007H         SYMBOL        flag
  -------         ENDDO         
  C:33BFH         LINE#         220
  C:33C6H         LINE#         221
  C:33C6H         LINE#         223
  C:33DCH         LINE#         224
  C:33DCH         LINE#         225
  -------         ENDPROC       _HDMI_WRITEI2C_BYTE
  -------         PROC          _HDMI_WRITEI2C_BYTEN
  D:0006H         SYMBOL        RegAddr
  D:0001H         SYMBOL        d
  X:015AH         SYMBOL        N
  -------         DO            
  D:0007H         SYMBOL        flag
  -------         ENDDO         
  C:34A5H         LINE#         227
  C:34A7H         LINE#         228
  C:34A7H         LINE#         230
  C:34B9H         LINE#         231
  C:34B9H         LINE#         232
  -------         ENDPROC       _HDMI_WRITEI2C_BYTEN
  -------         ENDMOD        DRVI2CMASTER

  -------         MODULE        DRVLVDSRX
  C:0000H         SYMBOL        _ICE_DUMMY_
  D:0080H         PUBLIC        P0
  D:0090H         PUBLIC        P1
  D:00A0H         PUBLIC        P2
  D:00B0H         PUBLIC        P3
  D:00D8H         PUBLIC        PWMCON0
  D:00A8H         PUBLIC        IE
  D:00B8H         PUBLIC        IP
  D:0098H         PUBLIC        SCON
  D:0088H         PUBLIC        TCON
  D:00F8H         PUBLIC        SCON_1
  D:00E8H         PUBLIC        ADCCON0
  D:00C0H         PUBLIC        I2CON
  D:00C8H         PUBLIC        T2CON
  D:00D0H         PUBLIC        PSW
  -------         ENDMOD        DRVLVDSRX

BL51 BANKED LINKER/LOCATER V6.22                                                      06/15/2023  16:16:23  PAGE 20


  -------         MODULE        DRVLVDSTX
  C:0000H         SYMBOL        _ICE_DUMMY_
  D:0080H         PUBLIC        P0
  D:0090H         PUBLIC        P1
  D:00A0H         PUBLIC        P2
  D:00B0H         PUBLIC        P3
  D:00D8H         PUBLIC        PWMCON0
  D:00A8H         PUBLIC        IE
  D:00B8H         PUBLIC        IP
  C:357FH         PUBLIC        Drv_LvdsTxPort_Copy
  C:357EH         PUBLIC        Drv_LvdsTxPort_Swap
  C:3547H         PUBLIC        Drv_LvdsTxCsc_Set
  C:34CFH         PUBLIC        Drv_LvdsTxPort_Set
  D:0098H         PUBLIC        SCON
  D:0088H         PUBLIC        TCON
  C:2C6FH         PUBLIC        Drv_LvdsTxLaneNum_Set
  D:00F8H         PUBLIC        SCON_1
  C:2DEEH         PUBLIC        Drv_LvdsTxVidFmt_Set
  C:34BAH         PUBLIC        Drv_LVDSTxPhy_PowerOff
  D:00E8H         PUBLIC        ADCCON0
  C:1330H         PUBLIC        Drv_LvdsTxPll_Config
  D:00C0H         PUBLIC        I2CON
  C:328FH         PUBLIC        Drv_LvdsTxSw_Rst
  D:00C8H         PUBLIC        T2CON
  C:2261H         PUBLIC        Drv_LvdsTx_VidTiming_Set
  C:252AH         PUBLIC        Drv_LvdsTxPhy_Poweron
  D:00D0H         PUBLIC        PSW
  C:2A9BH         PUBLIC        Drv_LvdsTxPll_Cali
  C:3520H         PUBLIC        Drv_LvdsTxPll_RefPixClk_Set
  -------         PROC          DRV_LVDSTXSW_RST
  C:328FH         LINE#         13
  C:328FH         LINE#         14
  C:328FH         LINE#         15
  C:3296H         LINE#         16
  C:329DH         LINE#         17
  C:32A8H         LINE#         18
  C:32AFH         LINE#         19
  -------         ENDPROC       DRV_LVDSTXSW_RST
  -------         PROC          DRV_LVDSTXPHY_POWEROFF
  C:34BAH         LINE#         22
  C:34BAH         LINE#         23
  C:34BAH         LINE#         24
  C:34C1H         LINE#         25
  C:34C8H         LINE#         26
  -------         ENDPROC       DRV_LVDSTXPHY_POWEROFF
  -------         PROC          DRV_LVDSTXPHY_POWERON
  C:252AH         LINE#         29
  C:252AH         LINE#         30
  C:252AH         LINE#         46
  C:2531H         LINE#         47
  C:2538H         LINE#         48
  C:253FH         LINE#         49
  C:254AH         LINE#         52
  C:2551H         LINE#         53
  C:2558H         LINE#         54
  C:255FH         LINE#         55
  C:2566H         LINE#         56
BL51 BANKED LINKER/LOCATER V6.22                                                      06/15/2023  16:16:23  PAGE 21


  C:256DH         LINE#         58
  C:2574H         LINE#         59
  C:257BH         LINE#         60
  C:2582H         LINE#         61
  C:2589H         LINE#         62
  C:2590H         LINE#         63
  C:2597H         LINE#         64
  C:259EH         LINE#         65
  C:25A5H         LINE#         66
  C:25ACH         LINE#         67
  C:25B3H         LINE#         68
  C:25BAH         LINE#         69
  C:25C1H         LINE#         71
  C:25C8H         LINE#         72
  C:25CFH         LINE#         73
  -------         ENDPROC       DRV_LVDSTXPHY_POWERON
  -------         PROC          DRV_LVDSTXPLL_REFPIXCLK_SET
  C:3520H         LINE#         76
  C:3520H         LINE#         77
  C:3520H         LINE#         78
  C:3527H         LINE#         95
  -------         ENDPROC       DRV_LVDSTXPLL_REFPIXCLK_SET
  -------         PROC          DRV_LVDSTXPLL_CONFIG
  -------         DO            
  X:0000H         SYMBOL        ucPreDiv
  X:0001H         SYMBOL        ucSericlkDiv
  X:0002H         SYMBOL        ucDivSet
  X:0003H         SYMBOL        ucPixClkDiv
  X:0007H         SYMBOL        ulLvdsTXPhyClk
  -------         ENDDO         
  C:1330H         LINE#         99
  C:1330H         LINE#         100
  C:1330H         LINE#         101
  C:1335H         LINE#         102
  C:1337H         LINE#         103
  C:1339H         LINE#         104
  C:1341H         LINE#         105
  C:134BH         LINE#         109
  C:1369H         LINE#         110
  C:1370H         LINE#         111
  C:137EH         LINE#         129
  C:1385H         LINE#         130
  C:1398H         LINE#         131
  C:1398H         LINE#         132
  C:1398H         LINE#         133
  C:1398H         LINE#         134
  C:139AH         LINE#         135
  C:13C0H         LINE#         136
  C:13C0H         LINE#         137
  C:13C7H         LINE#         138
  C:13CDH         LINE#         139
  C:13D0H         LINE#         140
  C:13F7H         LINE#         141
  C:13F7H         LINE#         142
  C:13FEH         LINE#         143
  C:1404H         LINE#         144
  C:1407H         LINE#         145
BL51 BANKED LINKER/LOCATER V6.22                                                      06/15/2023  16:16:23  PAGE 22


  C:142FH         LINE#         146
  C:142FH         LINE#         147
  C:1436H         LINE#         148
  C:143CH         LINE#         149
  C:143EH         LINE#         150
  C:1466H         LINE#         151
  C:1466H         LINE#         152
  C:146DH         LINE#         153
  C:1473H         LINE#         155
  C:1475H         LINE#         156
  C:1489H         LINE#         157
  C:1489H         LINE#         158
  C:1490H         LINE#         159
  C:1496H         LINE#         161
  C:1496H         LINE#         164
  C:149DH         LINE#         165
  C:14B1H         LINE#         166
  C:14B1H         LINE#         167
  C:14B8H         LINE#         168
  C:14BEH         LINE#         169
  C:14C1H         LINE#         170
  C:14E9H         LINE#         171
  C:14E9H         LINE#         172
  C:14F0H         LINE#         173
  C:14F6H         LINE#         174
  C:14F8H         LINE#         175
  C:1520H         LINE#         176
  C:1520H         LINE#         177
  C:1527H         LINE#         178
  C:152DH         LINE#         179
  C:152FH         LINE#         180
  C:1557H         LINE#         181
  C:1557H         LINE#         182
  C:155EH         LINE#         183
  C:1564H         LINE#         184
  C:1566H         LINE#         186
  C:1566H         LINE#         187
  C:156DH         LINE#         188
  C:1573H         LINE#         189
  C:1573H         LINE#         192
  C:157AH         LINE#         193
  C:158EH         LINE#         194
  C:158EH         LINE#         195
  C:1595H         LINE#         196
  C:159FH         LINE#         197
  C:15A2H         LINE#         199
  C:15A2H         LINE#         200
  C:15EAH         LINE#         202
  C:15FEH         LINE#         203
  C:15FEH         LINE#         204
  C:1600H         LINE#         205
  C:1603H         LINE#         206
  C:162AH         LINE#         207
  C:162AH         LINE#         208
  C:162CH         LINE#         209
  C:162EH         LINE#         210
  C:1655H         LINE#         211
BL51 BANKED LINKER/LOCATER V6.22                                                      06/15/2023  16:16:23  PAGE 23


  C:1655H         LINE#         212
  C:1657H         LINE#         213
  C:1659H         LINE#         214
  C:1680H         LINE#         215
  C:1680H         LINE#         216
  C:1682H         LINE#         217
  C:1684H         LINE#         219
  C:1684H         LINE#         220
  C:168BH         LINE#         221
  C:168BH         LINE#         222
  C:168BH         LINE#         224
  C:16C8H         LINE#         226
  C:16CFH         LINE#         227
  C:16D9H         LINE#         228
  -------         ENDPROC       DRV_LVDSTXPLL_CONFIG
  -------         PROC          DRV_LVDSTXPLL_CALI
  -------         DO            
  X:0000H         SYMBOL        ucloopx
  X:0001H         SYMBOL        ucRtn
  -------         ENDDO         
  C:2A9BH         LINE#         283
  C:2A9BH         LINE#         284
  C:2A9BH         LINE#         286
  C:2AA0H         LINE#         288
  C:2AA7H         LINE#         289
  C:2AAEH         LINE#         290
  C:2AB9H         LINE#         291
  C:2AC0H         LINE#         294
  C:2AC0H         LINE#         295
  C:2AC7H         LINE#         296
  C:2ACEH         LINE#         297
  C:2AD5H         LINE#         298
  C:2AE0H         LINE#         300
  C:2AE6H         LINE#         301
  C:2AF5H         LINE#         303
  C:2AFEH         LINE#         304
  C:2AFEH         LINE#         305
  C:2B04H         LINE#         306
  C:2B0BH         LINE#         307
  C:2B0DH         LINE#         309
  C:2B0DH         LINE#         310
  C:2B18H         LINE#         311
  C:2B18H         LINE#         313
  C:2B1DH         LINE#         314
  -------         ENDPROC       DRV_LVDSTXPLL_CALI
  -------         PROC          DRV_LVDSTX_VIDTIMING_SET
  -------         DO            
  X:014BH         SYMBOL        vss
  X:014DH         SYMBOL        eav
  X:014FH         SYMBOL        sav
  -------         ENDDO         
  C:2261H         LINE#         316
  C:2261H         LINE#         317
  C:2261H         LINE#         319
  C:226CH         LINE#         320
  C:2273H         LINE#         322
  C:228DH         LINE#         323
BL51 BANKED LINKER/LOCATER V6.22                                                      06/15/2023  16:16:23  PAGE 24


  C:22B9H         LINE#         324
  C:22BFH         LINE#         327
  C:22C6H         LINE#         328
  C:22CDH         LINE#         329
  C:22D7H         LINE#         330
  C:22E2H         LINE#         331
  C:22EDH         LINE#         332
  C:22F7H         LINE#         333
  C:2302H         LINE#         334
  C:230CH         LINE#         335
  -------         ENDPROC       DRV_LVDSTX_VIDTIMING_SET
  -------         PROC          DRV_LVDSTXPORT_SET
  C:34CFH         LINE#         340
  C:34CFH         LINE#         341
  C:34CFH         LINE#         342
  C:34D6H         LINE#         347
  -------         ENDPROC       DRV_LVDSTXPORT_SET
  -------         PROC          DRV_LVDSTXVIDFMT_SET
  C:2DEEH         LINE#         351
  C:2DEEH         LINE#         352
  C:2DEEH         LINE#         353
  C:2DF5H         LINE#         355
  C:2E03H         LINE#         364
  C:2E11H         LINE#         365
  C:2E1CH         LINE#         369
  C:2E27H         LINE#         375
  C:2E32H         LINE#         376
  C:2E40H         LINE#         414
  -------         ENDPROC       DRV_LVDSTXVIDFMT_SET
  -------         PROC          DRV_LVDSTXLANENUM_SET
  C:2C6FH         LINE#         419
  C:2C6FH         LINE#         420
  C:2C6FH         LINE#         421
  C:2C76H         LINE#         422
  C:2C7DH         LINE#         423
  C:2C84H         LINE#         424
  C:2C8BH         LINE#         425
  C:2C92H         LINE#         426
  C:2C99H         LINE#         427
  C:2CA0H         LINE#         430
  C:2CA7H         LINE#         431
  C:2CAEH         LINE#         432
  C:2CB5H         LINE#         433
  C:2CBCH         LINE#         434
  C:2CC3H         LINE#         435
  C:2CCAH         LINE#         436
  -------         ENDPROC       DRV_LVDSTXLANENUM_SET
  -------         PROC          DRV_LVDSTXPORT_SWAP
  C:357EH         LINE#         458
  C:357EH         LINE#         459
  C:357EH         LINE#         478
  -------         ENDPROC       DRV_LVDSTXPORT_SWAP
  -------         PROC          DRV_LVDSTXPORT_COPY
  C:357FH         LINE#         480
  C:357FH         LINE#         481
  C:357FH         LINE#         502
  -------         ENDPROC       DRV_LVDSTXPORT_COPY
BL51 BANKED LINKER/LOCATER V6.22                                                      06/15/2023  16:16:23  PAGE 25


  -------         PROC          DRV_LVDSTXCSC_SET
  C:3547H         LINE#         504
  C:3547H         LINE#         505
  C:3547H         LINE#         507
  -------         ENDPROC       DRV_LVDSTXCSC_SET
  -------         ENDMOD        DRVLVDSTX

  -------         MODULE        DRVMIPIRX
  C:0000H         SYMBOL        _ICE_DUMMY_
  D:0080H         PUBLIC        P0
  C:32E3H         PUBLIC        Drv_MipiRx_VidFmtUpdate
  D:0090H         PUBLIC        P1
  D:00A0H         PUBLIC        P2
  D:00B0H         PUBLIC        P3
  C:337FH         PUBLIC        Drv_MipiRx_InputSel
  C:2B99H         PUBLIC        DRV_DesscPll_SdmCal
  D:00D8H         PUBLIC        PWMCON0
  C:325EH         PUBLIC        Drv_MipiRxClk_Sel
  D:00A8H         PUBLIC        IE
  D:00B8H         PUBLIC        IP
  C:27CBH         PUBLIC        _Drv_MipiRx_VidFmt_Get
  X:0130H         PUBLIC        g_stMipiRxVidTiming_Get
  C:247DH         PUBLIC        Drv_MipiRx_SotGet
  C:0E80H         PUBLIC        g_szStrRxFormat
  C:302EH         PUBLIC        Drv_MipiRx_HsSettleSet
  D:0098H         PUBLIC        SCON
  D:0088H         PUBLIC        TCON
  D:00F8H         PUBLIC        SCON_1
  C:25D6H         PUBLIC        Drv_MipiRx_PhyPowerOn
  D:00E8H         PUBLIC        ADCCON0
  C:0C9DH         PUBLIC        resolution
  D:00C0H         PUBLIC        I2CON
  X:0141H         PUBLIC        g_stPcrPara
  C:286DH         PUBLIC        Drv_MipiRx_VidTiming_Get
  C:1714H         PUBLIC        Drv_MipiRx_VidTiming_Sel
  D:00C8H         PUBLIC        T2CON
  C:2726H         PUBLIC        Drv_MipiRx_VidTiming_Set
  C:1944H         PUBLIC        Drv_MipiRx_PcrCali
  C:1D38H         PUBLIC        Drv_MipiRx_HactGet
  C:1B61H         PUBLIC        Drv_MipiRx_DesscPll_Set
  D:00D0H         PUBLIC        PSW
  C:2EA0H         PUBLIC        Drv_MipiRx_LaneSet
  -------         PROC          DRV_DESSCPLL_SDMCAL
  C:2B99H         LINE#         65
  C:2B99H         LINE#         66
  C:2B99H         LINE#         67
  C:2BA0H         LINE#         68
  C:2BA7H         LINE#         70
  C:2BB6H         LINE#         71
  C:2BC0H         LINE#         72
  C:2BCAH         LINE#         74
  C:2BDCH         LINE#         75
  C:2BEEH         LINE#         76
  C:2BFBH         LINE#         77
  -------         ENDPROC       DRV_DESSCPLL_SDMCAL
  -------         PROC          DRV_MIPIRX_DESSCPLL_SET
  -------         DO            
BL51 BANKED LINKER/LOCATER V6.22                                                      06/15/2023  16:16:23  PAGE 26


  X:0000H         SYMBOL        ucdesscpll_pixck_div
  -------         ENDDO         
  C:1B61H         LINE#         81
  C:1B61H         LINE#         82
  C:1B61H         LINE#         83
  C:1B66H         LINE#         85
  C:1B6DH         LINE#         86
  C:1B74H         LINE#         88
  C:1B7BH         LINE#         90
  C:1B92H         LINE#         91
  C:1BA6H         LINE#         92
  C:1BA6H         LINE#         93
  C:1BA6H         LINE#         94
  C:1BA6H         LINE#         95
  C:1BA8H         LINE#         96
  C:1BD0H         LINE#         97
  C:1BD0H         LINE#         98
  C:1BD7H         LINE#         99
  C:1BDDH         LINE#         100
  C:1BE0H         LINE#         101
  C:1C08H         LINE#         102
  C:1C08H         LINE#         103
  C:1C0FH         LINE#         104
  C:1C15H         LINE#         105
  C:1C18H         LINE#         106
  C:1C3FH         LINE#         107
  C:1C3FH         LINE#         108
  C:1C46H         LINE#         109
  C:1C4CH         LINE#         110
  C:1C4EH         LINE#         111
  C:1C74H         LINE#         112
  C:1C74H         LINE#         113
  C:1C7BH         LINE#         114
  C:1C81H         LINE#         115
  C:1C83H         LINE#         117
  C:1C83H         LINE#         118
  C:1C8AH         LINE#         119
  C:1C90H         LINE#         120
  C:1C97H         LINE#         121
  C:1C97H         LINE#         123
  C:1CB8H         LINE#         124
  C:1CD6H         LINE#         125
  C:1CECH         LINE#         127
  C:1CF8H         LINE#         128
  C:1D04H         LINE#         130
  C:1D15H         LINE#         132
  C:1D18H         LINE#         133
  C:1D1FH         LINE#         134
  C:1D26H         LINE#         135
  C:1D31H         LINE#         136
  -------         ENDPROC       DRV_MIPIRX_DESSCPLL_SET
  -------         PROC          DRV_MIPIRX_PCRCALI
  -------         DO            
  X:0000H         SYMBOL        ucRtn
  X:0001H         SYMBOL        ucPcr_Cal_Cnt
  X:0002H         SYMBOL        ulrdbyteclk
  -------         ENDDO         
BL51 BANKED LINKER/LOCATER V6.22                                                      06/15/2023  16:16:23  PAGE 27


  C:1944H         LINE#         139
  C:1944H         LINE#         140
  C:1944H         LINE#         141
  C:194AH         LINE#         143
  C:1954H         LINE#         146
  C:195BH         LINE#         148
  C:1969H         LINE#         149
  C:1970H         LINE#         150
  C:1977H         LINE#         151
  C:197EH         LINE#         152
  C:1985H         LINE#         153
  C:198CH         LINE#         154
  C:1993H         LINE#         155
  C:199AH         LINE#         157
  C:19A1H         LINE#         158
  C:19A8H         LINE#         159
  C:19AFH         LINE#         160
  C:19B6H         LINE#         162
  C:19BDH         LINE#         163
  C:19C4H         LINE#         164
  C:19CBH         LINE#         165
  C:19D2H         LINE#         166
  C:19D9H         LINE#         190
  C:19ECH         LINE#         191
  C:19ECH         LINE#         198
  C:19F3H         LINE#         199
  C:19FAH         LINE#         200
  C:19FCH         LINE#         202
  C:19FEH         LINE#         204
  C:19FEH         LINE#         205
  C:1A05H         LINE#         206
  C:1A0CH         LINE#         207
  C:1A13H         LINE#         208
  C:1A13H         LINE#         210
  C:1A1AH         LINE#         211
  C:1A21H         LINE#         212
  C:1A28H         LINE#         214
  C:1A2FH         LINE#         215
  C:1A36H         LINE#         216
  C:1A3DH         LINE#         217
  C:1A48H         LINE#         218
  C:1A4DH         LINE#         221
  C:1A58H         LINE#         222
  C:1A6EH         LINE#         223
  C:1A85H         LINE#         225
  C:1A8AH         LINE#         226
  C:1A8FH         LINE#         227
  C:1A96H         LINE#         229
  C:1AABH         LINE#         230
  C:1AC0H         LINE#         231
  C:1AD5H         LINE#         232
  C:1AEAH         LINE#         233
  C:1AFFH         LINE#         235
  C:1B0AH         LINE#         236
  C:1B10H         LINE#         237
  C:1B27H         LINE#         238
  C:1B3FH         LINE#         240
BL51 BANKED LINKER/LOCATER V6.22                                                      06/15/2023  16:16:23  PAGE 28


  C:1B4BH         LINE#         241
  C:1B4BH         LINE#         242
  C:1B56H         LINE#         243
  C:1B5BH         LINE#         244
  C:1B5BH         LINE#         246
  C:1B60H         LINE#         247
  -------         ENDPROC       DRV_MIPIRX_PCRCALI
  -------         PROC          DRV_MIPIRX_VIDFMTUPDATE
  -------         DO            
  X:0162H         SYMBOL        ucRxFmt
  -------         ENDDO         
  C:32E3H         LINE#         249
  C:32E3H         LINE#         250
  C:32E3H         LINE#         253
  C:32EBH         LINE#         254
  C:32F2H         LINE#         255
  C:32FFH         LINE#         257
  C:3306H         LINE#         258
  C:3306H         LINE#         259
  C:3309H         LINE#         260
  C:3309H         LINE#         262
  C:3309H         LINE#         263
  C:330BH         LINE#         264
  C:330BH         LINE#         265
  -------         ENDPROC       DRV_MIPIRX_VIDFMTUPDATE
  -------         PROC          DRV_MIPIRX_HSSETTLESET
  C:302EH         LINE#         268
  C:302EH         LINE#         269
  C:302EH         LINE#         270
  C:303DH         LINE#         271
  C:303DH         LINE#         272
  C:304FH         LINE#         273
  C:3056H         LINE#         274
  C:305DH         LINE#         275
  C:305FH         LINE#         277
  C:305FH         LINE#         278
  C:306AH         LINE#         279
  C:3071H         LINE#         280
  C:3078H         LINE#         281
  C:3078H         LINE#         282
  -------         ENDPROC       DRV_MIPIRX_HSSETTLESET
  -------         PROC          DRV_MIPIRX_SOTGET
  C:247DH         LINE#         284
  C:247DH         LINE#         285
  C:247DH         LINE#         286
  C:2484H         LINE#         287
  C:248EH         LINE#         288
  C:2498H         LINE#         289
  C:24A2H         LINE#         290
  C:24ACH         LINE#         291
  C:24B6H         LINE#         292
  C:24C0H         LINE#         293
  C:24CAH         LINE#         294
  C:24D4H         LINE#         296
  C:24FFH         LINE#         298
  -------         ENDPROC       DRV_MIPIRX_SOTGET
  -------         PROC          DRV_MIPIRX_HACTGET
BL51 BANKED LINKER/LOCATER V6.22                                                      06/15/2023  16:16:23  PAGE 29


  C:1D38H         LINE#         302
  C:1D38H         LINE#         303
  C:1D38H         LINE#         304
  C:1D3FH         LINE#         305
  C:1D62H         LINE#         306
  C:1D6EH         LINE#         307
  C:1D78H         LINE#         308
  C:1D9BH         LINE#         310
  C:1DD0H         LINE#         311
  C:1DD0H         LINE#         312
  C:1DD0H         LINE#         313
  C:1DD0H         LINE#         314
  C:1DE1H         LINE#         315
  C:1DE3H         LINE#         316
  C:1DE3H         LINE#         319
  C:1DE3H         LINE#         320
  C:1DE3H         LINE#         321
  C:1DE5H         LINE#         322
  C:1DE5H         LINE#         323
  C:1DF6H         LINE#         324
  C:1DF8H         LINE#         325
  C:1DF8H         LINE#         326
  C:1E09H         LINE#         327
  C:1E0BH         LINE#         328
  C:1E0BH         LINE#         329
  C:1E0BH         LINE#         330
  C:1E0BH         LINE#         331
  C:1E0DH         LINE#         332
  C:1E0DH         LINE#         333
  C:1E17H         LINE#         334
  C:1E19H         LINE#         335
  C:1E19H         LINE#         336
  C:1E19H         LINE#         337
  C:1E2CH         LINE#         338
  C:1E2EH         LINE#         339
  C:1E2EH         LINE#         340
  C:1E37H         LINE#         341
  C:1E39H         LINE#         342
  C:1E39H         LINE#         343
  C:1E56H         LINE#         344
  C:1E58H         LINE#         345
  C:1E58H         LINE#         346
  C:1E75H         LINE#         347
  C:1E77H         LINE#         348
  C:1E8CH         LINE#         350
  C:1E8CH         LINE#         351
  C:1E8CH         LINE#         353
  -------         ENDPROC       DRV_MIPIRX_HACTGET
  -------         PROC          DRV_MIPIRX_VIDTIMING_GET
  C:286DH         LINE#         355
  C:286DH         LINE#         356
  C:286DH         LINE#         357
  C:2870H         LINE#         358
  C:2873H         LINE#         359
  C:2876H         LINE#         360
  C:2893H         LINE#         361
  C:2893H         LINE#         362
BL51 BANKED LINKER/LOCATER V6.22                                                      06/15/2023  16:16:23  PAGE 30


  C:289EH         LINE#         363
  C:28A1H         LINE#         364
  C:28A1H         LINE#         366
  C:28A1H         LINE#         367
  C:28BBH         LINE#         368
  C:28D5H         LINE#         369
  C:28E8H         LINE#         370
  C:28FBH         LINE#         371
  C:28FDH         LINE#         372
  C:28FDH         LINE#         373
  -------         ENDPROC       DRV_MIPIRX_VIDTIMING_GET
  -------         PROC          DRV_MIPIRX_VIDTIMING_SEL
  -------         DO            
  X:0000H         SYMBOL        rtn
  X:0001H         SYMBOL        uci
  X:0002H         SYMBOL        ucResolutionnum
  -------         ENDDO         
  C:1714H         LINE#         375
  C:1714H         LINE#         376
  C:1714H         LINE#         377
  C:1719H         LINE#         379
  C:171DH         LINE#         381
  C:1720H         LINE#         383
  C:1736H         LINE#         384
  C:1736H         LINE#         385
  C:1779H         LINE#         387
  C:1779H         LINE#         388
  C:1781H         LINE#         389
  C:1790H         LINE#         390
  C:17C5H         LINE#         392
  C:17C5H         LINE#         393
  C:17E2H         LINE#         394
  C:17FAH         LINE#         395
  C:1816H         LINE#         396
  C:182EH         LINE#         397
  C:184AH         LINE#         399
  C:1863H         LINE#         400
  C:187FH         LINE#         401
  C:1897H         LINE#         402
  C:18AFH         LINE#         403
  C:18C7H         LINE#         404
  C:18F9H         LINE#         406
  C:18FCH         LINE#         407
  C:192DH         LINE#         408
  C:1933H         LINE#         409
  C:1935H         LINE#         410
  C:1935H         LINE#         411
  C:1935H         LINE#         412
  C:193EH         LINE#         413
  C:1943H         LINE#         415
  -------         ENDPROC       DRV_MIPIRX_VIDTIMING_SEL
  -------         PROC          DRV_MIPIRX_VIDTIMING_SET
  C:2726H         LINE#         417
  C:2726H         LINE#         418
  C:2726H         LINE#         419
  C:272DH         LINE#         420
  C:2737H         LINE#         421
BL51 BANKED LINKER/LOCATER V6.22                                                      06/15/2023  16:16:23  PAGE 31


  C:2742H         LINE#         422
  C:274CH         LINE#         423
  C:2757H         LINE#         424
  C:2762H         LINE#         425
  C:276CH         LINE#         426
  C:2777H         LINE#         428
  C:2781H         LINE#         429
  C:278CH         LINE#         430
  C:2796H         LINE#         431
  C:27A1H         LINE#         432
  C:27ABH         LINE#         433
  C:27B6H         LINE#         434
  C:27C0H         LINE#         435
  -------         ENDPROC       DRV_MIPIRX_VIDTIMING_SET
  -------         PROC          _DRV_MIPIRX_VIDFMT_GET
  X:0000H         SYMBOL        VidFmt
  -------         DO            
  X:0001H         SYMBOL        ucRxVidFmt
  -------         ENDDO         
  C:27CBH         LINE#         438
  C:27D0H         LINE#         439
  C:27D0H         LINE#         442
  C:2801H         LINE#         443
  C:2801H         LINE#         444
  C:2801H         LINE#         445
  C:2801H         LINE#         446
  C:2803H         LINE#         447
  C:2803H         LINE#         448
  C:2809H         LINE#         449
  C:280BH         LINE#         450
  C:280BH         LINE#         451
  C:2811H         LINE#         452
  C:2813H         LINE#         453
  C:2813H         LINE#         454
  C:2819H         LINE#         455
  C:281BH         LINE#         456
  C:281BH         LINE#         457
  C:2821H         LINE#         458
  C:2823H         LINE#         459
  C:2823H         LINE#         460
  C:2829H         LINE#         461
  C:282BH         LINE#         462
  C:282BH         LINE#         463
  C:282BH         LINE#         464
  C:282BH         LINE#         465
  C:2830H         LINE#         466
  C:2832H         LINE#         467
  C:2832H         LINE#         468
  C:2832H         LINE#         469
  C:2832H         LINE#         470
  C:2832H         LINE#         471
  C:2834H         LINE#         472
  C:2834H         LINE#         473
  C:2834H         LINE#         474
  C:2834H         LINE#         475
  C:2834H         LINE#         476
  C:2834H         LINE#         477
BL51 BANKED LINKER/LOCATER V6.22                                                      06/15/2023  16:16:23  PAGE 32


  C:2834H         LINE#         478
  C:2834H         LINE#         479
  C:283AH         LINE#         480
  C:283CH         LINE#         481
  C:283CH         LINE#         482
  C:2842H         LINE#         483
  C:2842H         LINE#         484
  C:2842H         LINE#         486
  C:2867H         LINE#         487
  C:286CH         LINE#         488
  -------         ENDPROC       _DRV_MIPIRX_VIDFMT_GET
  -------         PROC          DRV_MIPIRX_INPUTSEL
  C:337FH         LINE#         490
  C:337FH         LINE#         491
[...]


  C:356FH         PUBLIC        Mod_LvdsTx_Handler
  D:00A8H         PUBLIC        IE
  C:34E4H         PUBLIC        Mod_LvdsTxDig_Set
  C:2CD1H         PUBLIC        Mod_LvdsTx_StateHandler
  D:00B8H         PUBLIC        IP
  D:0098H         PUBLIC        SCON
  D:0088H         PUBLIC        TCON
  C:34F9H         PUBLIC        Mod_LvdsTx_StateJudge
  D:00F8H         PUBLIC        SCON_1
  D:00E8H         PUBLIC        ADCCON0
  D:00C0H         PUBLIC        I2CON
  C:3552H         PUBLIC        Mod_LvdsTxPll_RefPixClk_Get
  D:00C8H         PUBLIC        T2CON
  D:00D0H         PUBLIC        PSW
  -------         PROC          MOD_LVDSTXPLL_REFPIXCLK_GET
  C:3552H         LINE#         12
  C:3552H         LINE#         13
  C:3552H         LINE#         20
  -------         ENDPROC       MOD_LVDSTXPLL_REFPIXCLK_GET
  -------         PROC          MOD_LVDSTXDIG_SET
  C:34E4H         LINE#         28
  C:34E4H         LINE#         29
  C:34E4H         LINE#         30
  C:34E7H         LINE#         31
  C:34EAH         LINE#         32
  C:34EDH         LINE#         33
  C:34F0H         LINE#         34
  C:34F3H         LINE#         35
  C:34F6H         LINE#         36
  -------         ENDPROC       MOD_LVDSTXDIG_SET
  -------         PROC          MOD_LVDSTX_STATEJUDGE
  C:34F9H         LINE#         39
  C:34F9H         LINE#         40
  C:34F9H         LINE#         42
  C:3502H         LINE#         43
  C:3502H         LINE#         44
  C:3508H         LINE#         45
  C:3508H         LINE#         46
  C:350DH         LINE#         47
  C:350DH         LINE#         48
  C:350DH         LINE#         49
  -------         ENDPROC       MOD_LVDSTX_STATEJUDGE
  -------         PROC          MOD_LVDSTX_STATEHANDLER
  C:2CD1H         LINE#         51
  C:2CD1H         LINE#         52
  C:2CD1H         LINE#         53
  C:2CE3H         LINE#         54
  C:2CE3H         LINE#         55
  C:2CE3H         LINE#         56
  C:2CE5H         LINE#         57
  C:2CE7H         LINE#         59
  C:2CE7H         LINE#         60
  C:2CEEH         LINE#         61
  C:2CEEH         LINE#         62
  C:2CF1H         LINE#         63
  C:2CF6H         LINE#         64
  C:2CF6H         LINE#         66
BL51 BANKED LINKER/LOCATER V6.22                                                      06/15/2023  16:16:23  PAGE 43


  C:2CFEH         LINE#         67
  C:2CFEH         LINE#         68
  C:2D02H         LINE#         69
  C:2D05H         LINE#         70
  C:2D07H         LINE#         71
  C:2D07H         LINE#         72
  C:2D09H         LINE#         74
  C:2D09H         LINE#         75
  C:2D0CH         LINE#         76
  C:2D0FH         LINE#         77
  C:2D12H         LINE#         78
  C:2D18H         LINE#         79
  C:2D18H         LINE#         80
  C:2D1AH         LINE#         81
  C:2D1CH         LINE#         83
  C:2D1CH         LINE#         84
  C:2D1EH         LINE#         85
  C:2D1EH         LINE#         86
  C:2D20H         LINE#         88
  C:2D20H         LINE#         89
  C:2D29H         LINE#         90
  C:2D2CH         LINE#         91
  C:2D31H         LINE#         92
  C:2D31H         LINE#         94
  C:2D31H         LINE#         95
  C:2D31H         LINE#         97
  C:2D31H         LINE#         98
  -------         ENDPROC       MOD_LVDSTX_STATEHANDLER
  -------         PROC          MOD_LVDSTX_HANDLER
  C:356FH         LINE#         100
  C:356FH         LINE#         101
  C:356FH         LINE#         102
  C:3572H         LINE#         103
  -------         ENDPROC       MOD_LVDSTX_HANDLER
  -------         ENDMOD        MODLVDSTX

  -------         MODULE        MODMIPIRX
  C:0000H         SYMBOL        _ICE_DUMMY_
  D:0080H         PUBLIC        P0
  D:0090H         PUBLIC        P1
  C:357BH         PUBLIC        Mod_MipiRx_Handler
  D:00A0H         PUBLIC        P2
  C:3575H         PUBLIC        Mod_MipiRxDig_Set
  D:00B0H         PUBLIC        P3
  C:23CCH         PUBLIC        Mod_MipiRx_StateHandler
  D:00D8H         PUBLIC        PWMCON0
  D:00A8H         PUBLIC        IE
  D:00B8H         PUBLIC        IP
  D:0098H         PUBLIC        SCON
  D:0088H         PUBLIC        TCON
  C:3465H         PUBLIC        Mod_MipiRx_VidChk_Stable
  D:00F8H         PUBLIC        SCON_1
  C:33FBH         PUBLIC        Mod_MipiRx_Init
  D:00E8H         PUBLIC        ADCCON0
  D:00C0H         PUBLIC        I2CON
  D:00C8H         PUBLIC        T2CON
  D:00D0H         PUBLIC        PSW
BL51 BANKED LINKER/LOCATER V6.22                                                      06/15/2023  16:16:23  PAGE 44


  -------         PROC          MOD_MIPIRX_INIT
  C:33FBH         LINE#         13
  C:33FBH         LINE#         14
  C:33FBH         LINE#         15
  C:340AH         LINE#         16
  -------         ENDPROC       MOD_MIPIRX_INIT
  -------         PROC          MOD_MIPIRXDIG_SET
  C:3575H         LINE#         19
  C:3575H         LINE#         20
  C:3575H         LINE#         21
  C:3578H         LINE#         22
  -------         ENDPROC       MOD_MIPIRXDIG_SET
  -------         PROC          MOD_MIPIRX_VIDCHK_STABLE
  C:3465H         LINE#         25
  C:3465H         LINE#         26
  C:3465H         LINE#         27
  C:346CH         LINE#         28
  C:3475H         LINE#         29
  C:3475H         LINE#         30
  C:3478H         LINE#         31
  C:3478H         LINE#         33
  C:3478H         LINE#         34
  C:347AH         LINE#         35
  C:347AH         LINE#         37
  -------         ENDPROC       MOD_MIPIRX_VIDCHK_STABLE
  -------         PROC          MOD_MIPIRX_STATEHANDLER
  C:23CCH         LINE#         64
  C:23CCH         LINE#         65
  C:23CCH         LINE#         66
  C:23E4H         LINE#         67
  C:23E4H         LINE#         68
  C:23E4H         LINE#         69
  C:23E7H         LINE#         70
  C:23E7H         LINE#         71
  C:23E9H         LINE#         73
  C:23E9H         LINE#         74
  C:23ECH         LINE#         75
  C:23EFH         LINE#         76
  C:23F4H         LINE#         77
  C:23F9H         LINE#         78
  C:23FEH         LINE#         79
  C:2401H         LINE#         80
  C:2401H         LINE#         81
  C:2403H         LINE#         83
  C:2403H         LINE#         84
  C:240BH         LINE#         85
  C:240BH         LINE#         86
  C:2418H         LINE#         87
  C:241EH         LINE#         88
  C:241EH         LINE#         89
  C:2420H         LINE#         90
  C:2422H         LINE#         92
  C:2422H         LINE#         93
  C:242DH         LINE#         94
  C:242FH         LINE#         95
  C:242FH         LINE#         96
  C:242FH         LINE#         97
BL51 BANKED LINKER/LOCATER V6.22                                                      06/15/2023  16:16:23  PAGE 45


  C:2431H         LINE#         99
  C:2431H         LINE#         100
  C:2434H         LINE#         101
  C:243AH         LINE#         102
  C:243AH         LINE#         103
  C:2445H         LINE#         104
  C:244AH         LINE#         105
  C:244FH         LINE#         106
  C:2451H         LINE#         107
  C:2453H         LINE#         109
  C:2453H         LINE#         110
  C:2455H         LINE#         111
  C:2455H         LINE#         112
  C:2457H         LINE#         114
  C:2457H         LINE#         115
  C:245DH         LINE#         116
  C:245DH         LINE#         117
  C:2468H         LINE#         118
  C:2477H         LINE#         119
  C:247CH         LINE#         120
  C:247CH         LINE#         121
  C:247CH         LINE#         123
  C:247CH         LINE#         124
  C:247CH         LINE#         125
  C:247CH         LINE#         126
  -------         ENDPROC       MOD_MIPIRX_STATEHANDLER
  -------         PROC          MOD_MIPIRX_HANDLER
  C:357BH         LINE#         130
  C:357BH         LINE#         131
  C:357BH         LINE#         133
  -------         ENDPROC       MOD_MIPIRX_HANDLER
  -------         ENDMOD        MODMIPIRX

  -------         MODULE        MODMIPITX
  C:0000H         SYMBOL        _ICE_DUMMY_
  D:0080H         PUBLIC        P0
  D:0090H         PUBLIC        P1
  D:00A0H         PUBLIC        P2
  D:00B0H         PUBLIC        P3
  D:00D8H         PUBLIC        PWMCON0
  D:00A8H         PUBLIC        IE
  D:00B8H         PUBLIC        IP
  D:0098H         PUBLIC        SCON
  D:0088H         PUBLIC        TCON
  D:00F8H         PUBLIC        SCON_1
  D:00E8H         PUBLIC        ADCCON0
  D:00C0H         PUBLIC        I2CON
  D:00C8H         PUBLIC        T2CON
  D:00D0H         PUBLIC        PSW
  -------         ENDMOD        MODMIPITX

  -------         MODULE        MODTTLRX
  C:0000H         SYMBOL        _ICE_DUMMY_
  D:0080H         PUBLIC        P0
  D:0090H         PUBLIC        P1
  D:00A0H         PUBLIC        P2
  D:00B0H         PUBLIC        P3
BL51 BANKED LINKER/LOCATER V6.22                                                      06/15/2023  16:16:23  PAGE 46


  D:00D8H         PUBLIC        PWMCON0
  D:00A8H         PUBLIC        IE
  D:00B8H         PUBLIC        IP
  D:0098H         PUBLIC        SCON
  D:0088H         PUBLIC        TCON
  D:00F8H         PUBLIC        SCON_1
  D:00E8H         PUBLIC        ADCCON0
  D:00C0H         PUBLIC        I2CON
  D:00C8H         PUBLIC        T2CON
  D:00D0H         PUBLIC        PSW
  -------         ENDMOD        MODTTLRX

  -------         MODULE        MODTTLTX
  C:0000H         SYMBOL        _ICE_DUMMY_
  D:0080H         PUBLIC        P0
  D:0090H         PUBLIC        P1
  D:00A0H         PUBLIC        P2
  D:00B0H         PUBLIC        P3
  D:00D8H         PUBLIC        PWMCON0
  D:00A8H         PUBLIC        IE
  D:00B8H         PUBLIC        IP
  D:0098H         PUBLIC        SCON
  D:0088H         PUBLIC        TCON
  D:00F8H         PUBLIC        SCON_1
  D:00E8H         PUBLIC        ADCCON0
  D:00C0H         PUBLIC        I2CON
  D:00C8H         PUBLIC        T2CON
  D:00D0H         PUBLIC        PSW
  -------         ENDMOD        MODTTLTX

  -------         MODULE        MODPATTERN
  C:0000H         SYMBOL        _ICE_DUMMY_
  D:0080H         PUBLIC        P0
  D:0090H         PUBLIC        P1
  D:00A0H         PUBLIC        P2
  D:00B0H         PUBLIC        P3
  D:00D8H         PUBLIC        PWMCON0
  D:00A8H         PUBLIC        IE
  D:00B8H         PUBLIC        IP
  D:0098H         PUBLIC        SCON
  D:0088H         PUBLIC        TCON
  D:00F8H         PUBLIC        SCON_1
  D:00E8H         PUBLIC        ADCCON0
  D:00C0H         PUBLIC        I2CON
  D:00C8H         PUBLIC        T2CON
  D:00D0H         PUBLIC        PSW
  -------         ENDMOD        MODPATTERN

  -------         MODULE        MODMIPIRPT
  C:0000H         SYMBOL        _ICE_DUMMY_
  D:0080H         PUBLIC        P0
  D:0090H         PUBLIC        P1
  D:00A0H         PUBLIC        P2
  D:00B0H         PUBLIC        P3
  D:00D8H         PUBLIC        PWMCON0
  D:00A8H         PUBLIC        IE
  D:00B8H         PUBLIC        IP
BL51 BANKED LINKER/LOCATER V6.22                                                      06/15/2023  16:16:23  PAGE 47


  D:0098H         PUBLIC        SCON
  D:0088H         PUBLIC        TCON
  D:00F8H         PUBLIC        SCON_1
  D:00E8H         PUBLIC        ADCCON0
  D:00C0H         PUBLIC        I2CON
  D:00C8H         PUBLIC        T2CON
  D:00D0H         PUBLIC        PSW
  -------         ENDMOD        MODMIPIRPT

  -------         MODULE        MODMIPILS
  C:0000H         SYMBOL        _ICE_DUMMY_
  D:0080H         PUBLIC        P0
  D:0090H         PUBLIC        P1
  D:00A0H         PUBLIC        P2
  D:00B0H         PUBLIC        P3
  D:00D8H         PUBLIC        PWMCON0
  D:00A8H         PUBLIC        IE
  D:00B8H         PUBLIC        IP
  D:0098H         PUBLIC        SCON
  D:0088H         PUBLIC        TCON
  D:00F8H         PUBLIC        SCON_1
  D:00E8H         PUBLIC        ADCCON0
  D:00C0H         PUBLIC        I2CON
  D:00C8H         PUBLIC        T2CON
  D:00D0H         PUBLIC        PSW
  -------         ENDMOD        MODMIPILS

  -------         MODULE        ?C?FPADD
  C:000AH         PUBLIC        ?C?FPADD
  C:0006H         PUBLIC        ?C?FPSUB
  -------         ENDMOD        ?C?FPADD

  -------         MODULE        ?C?FPDIV
  C:00FEH         PUBLIC        ?C?FPDIV
  -------         ENDMOD        ?C?FPDIV

  -------         MODULE        ?C?FPCMP
  C:019DH         PUBLIC        ?C?FPCMP
  C:019BH         PUBLIC        ?C?FPCMP3
  -------         ENDMOD        ?C?FPCMP

  -------         MODULE        ?C?FCAST
  C:021EH         PUBLIC        ?C?FCASTC
  C:0219H         PUBLIC        ?C?FCASTI
  C:0214H         PUBLIC        ?C?FCASTL
  -------         ENDMOD        ?C?FCAST

  -------         MODULE        ?C?CASTF
  C:0252H         PUBLIC        ?C?CASTF
  -------         ENDMOD        ?C?CASTF

  -------         MODULE        PRINTF
  X:00C0H         PUBLIC        ?_PRINTF?BYTE
  X:00C0H         PUBLIC        ?_SPRINTF?BYTE
  C:0F18H         PUBLIC        _PRINTF
  C:0F12H         PUBLIC        _SPRINTF
  -------         ENDMOD        PRINTF
BL51 BANKED LINKER/LOCATER V6.22                                                      06/15/2023  16:16:23  PAGE 48



  -------         MODULE        VSPRINTF
  X:00B7H         PUBLIC        ?_VSPRINTF?BYTE
  C:3079H         PUBLIC        _VSPRINTF
  -------         ENDMOD        VSPRINTF

  -------         MODULE        ?C?FPROUND
  C:02D3H         PUBLIC        ?C?FPROUND
  -------         ENDMOD        ?C?FPROUND

  -------         MODULE        ?C?FPCONVERT
  C:0310H         PUBLIC        ?C?FPCONVERT
  -------         ENDMOD        ?C?FPCONVERT

  -------         MODULE        ?C?FPMUL
  C:0415H         PUBLIC        ?C?FPMUL
  -------         ENDMOD        ?C?FPMUL

  -------         MODULE        ?C?FTNPWR
  C:054BH         PUBLIC        ?C?FTNPWR
  -------         ENDMOD        ?C?FTNPWR

  -------         MODULE        ?C?COPY
  C:065BH         PUBLIC        ?C?COPY
  -------         ENDMOD        ?C?COPY

  -------         MODULE        ?C?CLDPTR
  C:0681H         PUBLIC        ?C?CLDPTR
  -------         ENDMOD        ?C?CLDPTR

  -------         MODULE        ?C?CLDOPTR
  C:069AH         PUBLIC        ?C?CLDOPTR
  -------         ENDMOD        ?C?CLDOPTR

  -------         MODULE        ?C?CSTPTR
  C:06C7H         PUBLIC        ?C?CSTPTR
  -------         ENDMOD        ?C?CSTPTR

  -------         MODULE        ?C?CSTOPTR
  C:06D9H         PUBLIC        ?C?CSTOPTR
  -------         ENDMOD        ?C?CSTOPTR

  -------         MODULE        ?C?UIDIV
  C:06FBH         PUBLIC        ?C?UIDIV
  -------         ENDMOD        ?C?UIDIV

  -------         MODULE        ?C?ISTPTR
  C:0750H         PUBLIC        ?C?ISTPTR
  -------         ENDMOD        ?C?ISTPTR

  -------         MODULE        ?C?ISTOPTR
  C:076FH         PUBLIC        ?C?ISTOPTR
  -------         ENDMOD        ?C?ISTOPTR

  -------         MODULE        ?C?LADD
  C:079CH         PUBLIC        ?C?LADD
  -------         ENDMOD        ?C?LADD
BL51 BANKED LINKER/LOCATER V6.22                                                      06/15/2023  16:16:23  PAGE 49



  -------         MODULE        ?C?LMUL
  C:07A9H         PUBLIC        ?C?LMUL
  -------         ENDMOD        ?C?LMUL

  -------         MODULE        ?C?ULDIV
  C:0834H         PUBLIC        ?C?ULDIV
  -------         ENDMOD        ?C?ULDIV

  -------         MODULE        ?C?LNEG
  C:08C6H         PUBLIC        ?C?LNEG
  -------         ENDMOD        ?C?LNEG

  -------         MODULE        ?C?ULCMP
  C:08D4H         PUBLIC        ?C?ULCMP
  -------         ENDMOD        ?C?ULCMP

  -------         MODULE        ?C?ULSHR
  C:08E5H         PUBLIC        ?C?ULSHR
  -------         ENDMOD        ?C?ULSHR

  -------         MODULE        ?C?LSHL
  C:08F8H         PUBLIC        ?C?LSHL
  -------         ENDMOD        ?C?LSHL

  -------         MODULE        ?C?LLDXDATA
  C:090BH         PUBLIC        ?C?LLDXDATA
  -------         ENDMOD        ?C?LLDXDATA

  -------         MODULE        ?C?LLDXDATA0
  C:0917H         PUBLIC        ?C?LLDXDATA0
  -------         ENDMOD        ?C?LLDXDATA0

  -------         MODULE        ?C?LSTXDATA
  C:0923H         PUBLIC        ?C?LSTXDATA
  -------         ENDMOD        ?C?LSTXDATA

  -------         MODULE        ?C?LSTKXDATA
  C:092FH         PUBLIC        ?C?LSTKXDATA
  -------         ENDMOD        ?C?LSTKXDATA

  -------         MODULE        ?C?OFFXADD
  C:0960H         PUBLIC        ?C?OFFXADD
  -------         ENDMOD        ?C?OFFXADD

  -------         MODULE        ?C?PLDXDATA
  C:096CH         PUBLIC        ?C?PLDXDATA
  -------         ENDMOD        ?C?PLDXDATA

  -------         MODULE        ?C?PLDIXDATA
  C:0975H         PUBLIC        ?C?PLDIXDATA
  -------         ENDMOD        ?C?PLDIXDATA

  -------         MODULE        ?C?PSTXDATA
  C:098CH         PUBLIC        ?C?PSTXDATA
  -------         ENDMOD        ?C?PSTXDATA

BL51 BANKED LINKER/LOCATER V6.22                                                      06/15/2023  16:16:23  PAGE 50


  -------         MODULE        ?C?PLDCODE
  C:0995H         PUBLIC        ?C?PLDCODE
  -------         ENDMOD        ?C?PLDCODE

  -------         MODULE        ?C?CCASE
  C:09A1H         PUBLIC        ?C?CCASE
  -------         ENDMOD        ?C?CCASE

  -------         MODULE        ?C?ICALL
  C:09C7H         PUBLIC        ?C?ICALL
  C:09CBH         PUBLIC        ?C?ICALL2
  -------         ENDMOD        ?C?ICALL

  -------         MODULE        ?C?LIMUL
  C:09CDH         PUBLIC        ?C?LIMUL
  -------         ENDMOD        ?C?LIMUL

  -------         MODULE        PUTCHAR
  C:3335H         PUBLIC        _PUTCHAR
  -------         ENDMOD        PUTCHAR

  -------         MODULE        ?C?MEMSET
  C:09FAH         PUBLIC        ?C?MEMSET
  -------         ENDMOD        ?C?MEMSET



FUNCTION REGISTER MASKS


FUNCTION . . . . . . . . . . . . REG MASK
-----------------------------------------

DRV_LVDSTXLANENUM_SET. . . . . . @0xf3ff
DRV_LVDSTXPHY_POWEROFF . . . . . @0xf3ff
DRV_LVDSTXPLL_REFPIXCLK_SET. . . @0xf3ff
DRV_LVDSTXPORT_COPY. . . . . . . @0x8000
DRV_LVDSTXPORT_SET . . . . . . . @0xf3ff
DRV_LVDSTXPORT_SWAP. . . . . . . @0x8000
DRV_MIPIRXCLK_SEL. . . . . . . . @0xf3ff
DRV_MIPIRX_LANESET . . . . . . . @0xf3ff
DRV_MIPIRX_VIDFMTUPDATE. . . . . @0xf3ff
DRV_MIPIRX_VIDTIMING_SET . . . . @0xf3ff
DRV_SYSTEM_GETPIXELENCODING. . . @0xa301
MOD_MIPIRX_INIT. . . . . . . . . @0xbfff
MOD_MIPIRX_VIDCHK_STABLE . . . . @0xf3ff
MOD_SYSTEMTX_POWERONINIT . . . . @0xbfff
_DRV_SYSTEMACTRX_SEL . . . . . . @0xf3ff
_DRV_SYSTEMTXSRAM_SEL. . . . . . @0xf3ff
_DRV_SYSTEM_VIDCHKCLK_SRCSEL . . @0xf3ff
_DRV_SYSTEM_VIDCHK_SRCSEL. . . . @0xf3ff
_HDMI_READI2C_BYTE . . . . . . . @0xf3ff
_HDMI_READI2C_BYTEN. . . . . . . @0xf3ef
_HDMI_WRITEI2C_BYTE. . . . . . . @0xf3ff
_HDMI_WRITEI2C_BYTEN . . . . . . @0xf3ef
_MOD_SYSTEMRX_NOTIFYREGISTER . . @0xe300
_MOD_SYSTEM_RXNOTIFYHANDLE . . . @0xf300
BL51 BANKED LINKER/LOCATER V6.22                                                      06/15/2023  16:16:23  PAGE 51


_OCM_PRINTLEVEL_SET. . . . . . . @0xa300

Program Size: data=15.2 xdata=355 code=13696
LINK/LOCATE RUN COMPLETE.  0 WARNING(S),  0 ERROR(S)
