C51 COMPILER V9.53.0.0   MAIN                                                              06/30/2023 14:32:01 PAGE 1   


C51 COMPILER V9.53.0.0, COMPILATION OF MODULE MAIN
OBJECT MODULE PLACED IN ..\..\..\..\..\out\main.obj
COMPILER INVOKED BY: C:\Keil_v5\c51\C51\BIN\C51.EXE ..\User\App\main.c LARGE OPTIMIZE(8,SIZE) OPTIMIZE(8,SIZE) REGFILE(.
                    -.\..\..\..\..\out\LT9211C_MIPI DSI to LVDS test.ORC) BROWSE INCDIR(..\User\Driver;..\User\App;..\User\Ocm;..\User\Module
                    -) DEBUG OBJECTEXTEND PRINT(.\Listings\main.lst) OBJECT(..\..\..\..\..\out\main.obj)

line level    source

   1          /******************************************************************************
   2            * @project: LT9211C
   3            * @file: main.c
   4            * @author: sxue
   5            * @company: LONTIUM COPYRIGHT and CONFIDENTIAL
   6            * @date: 2023.01.29
   7          /******************************************************************************/
   8          
   9          #include "include.h"
  10          
  11          
  12          void main(void)
  13          {
  14   1          Mod_System_Init();
  15   1          Mod_LT9211C_Reset();
  16   1          LTLog(LOG_INFO, "LT9211C %s %s",__DATE__,__TIME__);
  17   1          Mod_ChipID_Read();
  18   1          #if (LT9211C_MODE_SEL != PATTERN_OUT)
  19   1          Mod_SystemRx_PowerOnInit();
  20   1          Mod_SystemTx_PowerOnInit();
  21   1          #endif
  22   1      
  23   1          while(1)
  24   1          {
  25   2              #if (LT9211C_MODE_SEL == PATTERN_OUT)
                      Mod_ChipTx_PtnOut();
                      #endif
  28   2              #if (LT9211C_MODE_SEL == MIPI_REPEATER)
                      Mod_MipiRpt_Handler();
                      #endif
  31   2              #if (LT9211C_MODE_SEL == MIPI_LEVEL_SHIFT)
                      Mod_MipiLs_Handler();
                      #endif
  34   2              #if (LT9211C_MODE_SEL == LVDS_IN_LVDS_OUT)
                      Mod_LvdsRx_Handler();
                      Mod_LvdsTx_Handler();
                      #endif
  38   2              #if (LT9211C_MODE_SEL == LVDS_IN_MIPI_OUT)
                      Mod_LvdsRx_Handler();
                      Mod_MipiTx_Handler();
                      #endif
  42   2              #if (LT9211C_MODE_SEL == LVDS_IN_TTL_OUT)
                      Mod_LvdsRx_Handler();
                      Mod_TtlTx_Handler();
                      #endif
  46   2              #if (LT9211C_MODE_SEL == MIPI_IN_LVDS_OUT)
  47   2              Mod_MipiRx_Handler();
  48   2              Mod_LvdsTx_Handler();
  49   2              #endif
  50   2              #if (LT9211C_MODE_SEL == MIPI_IN_MIPI_OUT)
                      Mod_MipiRx_Handler();
                      Mod_MipiTx_Handler();
                      #endif
C51 COMPILER V9.53.0.0   MAIN                                                              06/30/2023 14:32:01 PAGE 2   

  54   2              #if (LT9211C_MODE_SEL == MIPI_IN_TTL_OUT)
                      Mod_MipiRx_Handler();
                      Mod_TtlTx_Handler();
                      #endif
  58   2              #if (LT9211C_MODE_SEL == TTL_IN_LVDS_OUT)
                      Mod_TtlRx_Handler();
                      Mod_LvdsTx_Handler();
                      #endif
  62   2              #if (LT9211C_MODE_SEL == TTL_IN_MIPI_OUT)
                      Mod_TtlRx_Handler();
                      Mod_MipiTx_Handler();
                      #endif
  66   2              #if (LT9211C_MODE_SEL == TTL_IN_TTL_OUT)
                      Mod_TtlRx_Handler();
                      Mod_TtlTx_Handler();
                      #endif
  70   2          }
  71   1      }


MODULE INFORMATION:   STATIC OVERLAYABLE
   CODE SIZE        =     54    ----
   CONSTANT SIZE    =     35    ----
   XDATA SIZE       =   ----    ----
   PDATA SIZE       =   ----    ----
   DATA SIZE        =   ----    ----
   IDATA SIZE       =   ----    ----
   BIT SIZE         =   ----    ----
END OF MODULE INFORMATION.


C51 COMPILATION COMPLETE.  0 WARNING(S),  0 ERROR(S)
