BL51 BANKED LINKER/LOCATER V6.22                                                        07/22/2021  11:21:36  PAGE 1


BL51 BANKED LINKER/LOCATER V6.22, INVOKED BY:
C:\KEIL_V5\C51\C51\BIN\BL51.EXE .\Objects\uart0.obj, .\Objects\main.obj, .\Objects\i2c.obj, .\Objects\lt9611.obj, .\Obje
>> cts\STARTUP.obj, .\Objects\Delay.obj TO .\Objects\LT9611_PORTB PRINT (.\Listings\LT9611_PORTB.m51) RAMSIZE (256) DISA
>> BLEWARNING (16)


MEMORY MODEL: LARGE


INPUT MODULES INCLUDED:
  .\Objects\uart0.obj (UART0)
  .\Objects\main.obj (MAIN)
  .\Objects\i2c.obj (I2C)
  .\Objects\lt9611.obj (LT9611)
  .\Objects\STARTUP.obj (?C_STARTUP)
  .\Objects\Delay.obj (DELAY)
  C:\KEIL_V5\C51\C51\LIB\C51L.LIB (?C_INIT)
  C:\KEIL_V5\C51\C51\LIB\C51L.LIB (?C?CLDPTR)
  C:\KEIL_V5\C51\C51\LIB\C51L.LIB (?C?CLDOPTR)
  C:\KEIL_V5\C51\C51\LIB\C51L.LIB (?C?CILDOPTR)
  C:\KEIL_V5\C51\C51\LIB\C51L.LIB (?C?CSTPTR)
  C:\KEIL_V5\C51\C51\LIB\C51L.LIB (?C?CSTOPTR)
  C:\KEIL_V5\C51\C51\LIB\C51L.LIB (?C?UIDIV)
  C:\KEIL_V5\C51\C51\LIB\C51L.LIB (?C?ILDPTR)
  C:\KEIL_V5\C51\C51\LIB\C51L.LIB (?C?ILDOPTR)
  C:\KEIL_V5\C51\C51\LIB\C51L.LIB (?C?ISTOPTR)
  C:\KEIL_V5\C51\C51\LIB\C51L.LIB (?C?LMUL)
  C:\KEIL_V5\C51\C51\LIB\C51L.LIB (?C?ULDIV)
  C:\KEIL_V5\C51\C51\LIB\C51L.LIB (?C?ULCMP)
  C:\KEIL_V5\C51\C51\LIB\C51L.LIB (?C?LLDOPTR)
  C:\KEIL_V5\C51\C51\LIB\C51L.LIB (?C?LSTXDATA)
  C:\KEIL_V5\C51\C51\LIB\C51L.LIB (?C?LSTKXDATA)
  C:\KEIL_V5\C51\C51\LIB\C51L.LIB (PRINTF)
  C:\KEIL_V5\C51\C51\LIB\C51L.LIB (?C?MEMSET)
  C:\KEIL_V5\C51\C51\LIB\C51L.LIB (?C?LLDIDATA)
  C:\KEIL_V5\C51\C51\LIB\C51L.LIB (?C?LLDXDATA)
  C:\KEIL_V5\C51\C51\LIB\C51L.LIB (?C?LLDPDATA)
  C:\KEIL_V5\C51\C51\LIB\C51L.LIB (?C?LLDCODE)
  C:\KEIL_V5\C51\C51\LIB\C51L.LIB (?C?PLDIXDATA)
  C:\KEIL_V5\C51\C51\LIB\C51L.LIB (?C?PSTXDATA)
  C:\KEIL_V5\C51\C51\LIB\C51L.LIB (?C?CCASE)
  C:\KEIL_V5\C51\C51\LIB\C51L.LIB (PUTCHAR)


LINK MAP OF MODULE:  .\Objects\LT9611_PORTB (UART0)


            TYPE    BASE      LENGTH    RELOCATION   SEGMENT NAME
            -----------------------------------------------------

            * * * * * * *   D A T A   M E M O R Y   * * * * * * *
            REG     0000H     0008H     ABSOLUTE     "REG BANK 0"
            DATA    0008H     0005H     UNIT         _DATA_GROUP_
                    000DH     0013H                  *** GAP ***
            BIT     0020H.0   0001H.1   UNIT         _BIT_GROUP_
            BIT     0021H.1   0000H.1   UNIT         ?BI?DELAY
                    0021H.2   0000H.6                *** GAP ***
            IDATA   0022H     0001H     UNIT         ?STACK
BL51 BANKED LINKER/LOCATER V6.22                                                      07/22/2021  11:21:36  PAGE 2



            * * * * * * *  X D A T A   M E M O R Y  * * * * * * *
            XDATA   0000H     0161H     UNIT         ?XD?LT9611
            XDATA   0161H     0047H     UNIT         _XDATA_GROUP_
            XDATA   01A8H     0005H     UNIT         ?XD?_HDMI_READI2C_BYTEN?I2C
            XDATA   01ADH     0005H     UNIT         ?XD?_HDMI_WRITEI2C_BYTEN?I2C
            XDATA   01B2H     0004H     UNIT         ?XD?_LT9611_PATTERN_GCM?LT9611
            XDATA   01B6H     0004H     UNIT         ?XD?_LT9611_PATTERN_PIXEL_CLK?LT9611
            XDATA   01BAH     0004H     UNIT         ?XD?_TIMER0_DELAY100US?DELAY
            XDATA   01BEH     0004H     UNIT         ?XD?_TIMER1_DELAY10MS?DELAY
            XDATA   01C2H     0004H     UNIT         ?XD?_TIMER2_DELAY500US?DELAY
            XDATA   01C6H     0004H     UNIT         ?XD?_TIMER3_DELAY100MS?DELAY
            XDATA   01CAH     0004H     UNIT         ?XD?_TIMER3_DELAY10US?DELAY
            XDATA   01CEH     0003H     UNIT         ?XD?_LT9611_CEC_DEVICE_POLLING?LT9611
            XDATA   01D1H     0002H     UNIT         ?XD?I2C
            XDATA   01D3H     0001H     UNIT         ?XD?MAIN

            * * * * * * *   C O D E   M E M O R Y   * * * * * * *
            CODE    0000H     0003H     ABSOLUTE     
            CODE    0003H     0037H     UNIT         ?PR?_LT9611_HDMI_CEC_ON?LT9611
                    003AH     0001H                  *** GAP ***
            CODE    003BH     0003H     ABSOLUTE     
            CODE    003EH     0F4EH     UNIT         ?CO?LT9611
            CODE    0F8CH     0597H     UNIT         ?PR?LT9611_VIDEO_CHECK?LT9611
            CODE    1523H     03D3H     UNIT         ?C?LIB_CODE
            CODE    18F6H     0365H     UNIT         ?PR?PRINTF?PRINTF
            CODE    1C5BH     02C0H     UNIT         ?PR?_LT9611_CEC_MSG_RX_PARSE?LT9611
            CODE    1F1BH     02BAH     UNIT         ?PR?_LT9611_PLL?LT9611
            CODE    21D5H     023AH     UNIT         ?PR?_LT9611_PARSE_PHYSICAL_ADDRESS?LT9611
            CODE    240FH     01E0H     UNIT         ?PR?LT9611_READ_EDID?LT9611
            CODE    25EFH     01D9H     UNIT         ?PR?_LT9611_HDMI_TX_DIGITAL?LT9611
            CODE    27C8H     01BEH     UNIT         ?PR?_LT9611_PATTERN_GCM?LT9611
            CODE    2986H     01AAH     UNIT         ?PR?_LT9611_MIPI_VIDEO_TIMING?LT9611
            CODE    2B30H     01A8H     UNIT         ?PR?LT9611_FREQUENCY_METER_BYTE_CLK?LT9611
            CODE    2CD8H     0195H     UNIT         ?PR?_LT9611_CEC_MSG_TX_HANDLE?LT9611
            CODE    2E6DH     0126H     UNIT         ?PR?_LT9611_MIPI_PCR?LT9611
            CODE    2F93H     0110H     UNIT         ?PR?_LT9611_ENABLE_INTERRUPTS?LT9611
            CODE    30A3H     0107H     UNIT         ?PR?LT9611_DPHY_DEBUG?LT9611
            CODE    31AAH     00F9H     UNIT         ?PR?_LT9611_CEC_MSG_SET_LOGICAL_ADDRESS?LT9611
            CODE    32A3H     00BCH     UNIT         ?PR?_LT9611_PATTERN_PIXEL_CLK?LT9611
            CODE    335FH     00BAH     UNIT         ?PR?LT9611_MIPI_INPUT_DIGTAL?LT9611
            CODE    3419H     00A0H     UNIT         ?PR?LT9611_HDP_INTERRUPT_HANDLE?LT9611
            CODE    34B9H     0097H     UNIT         ?PR?_DO_CHECKSUM?LT9611
            CODE    3550H     0092H     UNIT         ?PR?LT9611_INIT?LT9611
            CODE    35E2H     008DH     UNIT         ?PR?_LT9611_HDMI_CEC_WRITE?LT9611
            CODE    366FH     008CH     UNIT         ?C_C51STARTUP
            CODE    36FBH     0087H     UNIT         ?PR?LT9611_HDMI_TX_PHY?LT9611
            CODE    3782H     0084H     UNIT         ?PR?_I2C_READ_BYTE?I2C
            CODE    3806H     0083H     UNIT         ?PR?LT9611_PCR_MK_PRINT?LT9611
            CODE    3889H     007CH     UNIT         ?PR?_LT9611_HDMI_CEC_READ?LT9611
            CODE    3905H     007AH     UNIT         ?PR?LT9611_HDMI_OUT_ENABLE?LT9611
            CODE    397FH     0079H     UNIT         ?PR?_LT9611_CEC_MSG_INTERRUPT_HANDLE?LT9611
            CODE    39F8H     0075H     UNIT         ?PR?LT9611_AUDIO_INIT?LT9611
            CODE    3A6DH     0069H     UNIT         ?PR?LT9611_LOAD_HDCP_KEY?LT9611
            CODE    3AD6H     0065H     UNIT         ?PR?_LT9611_LOWPOWER_MODE?LT9611
            CODE    3B3BH     0065H     UNIT         ?PR?LT9611_VID_CHG_INTERRUPT_HANDLE?LT9611
            CODE    3BA0H     0063H     UNIT         ?PR?_LT9611_CEC_DEVICE_POLLING?LT9611
BL51 BANKED LINKER/LOCATER V6.22                                                      07/22/2021  11:21:36  PAGE 3


            CODE    3C03H     0062H     UNIT         ?PR?LT9611_SYSTEM_INIT?LT9611
            CODE    3C65H     005FH     UNIT         ?PR?_I2C_WRITE_BYTE?I2C
            CODE    3CC4H     005CH     UNIT         ?PR?_TIMER2_DELAY500US?DELAY
            CODE    3D20H     005BH     UNIT         ?PR?LT9611_MIPI_INPUT_ANALOG?LT9611
            CODE    3D7BH     005BH     UNIT         ?PR?_TIMER3_DELAY100MS?DELAY
            CODE    3DD6H     005BH     UNIT         ?PR?_TIMER3_DELAY10US?DELAY
            CODE    3E31H     0059H     UNIT         ?PR?_TIMER0_DELAY100US?DELAY
            CODE    3E8AH     0059H     UNIT         ?PR?_TIMER0_DELAY1MS?DELAY
            CODE    3EE3H     0059H     UNIT         ?PR?_TIMER1_DELAY10MS?DELAY
            CODE    3F3CH     0055H     UNIT         ?C_INITSEG
            CODE    3F91H     0052H     UNIT         ?PR?_LT9611_CEC_REPORT_PHYSICAL_ADDRESS?LT9611
            CODE    3FE3H     0052H     UNIT         ?PR?LT9611_HTOTAL_SYSCLK?LT9611
            CODE    4035H     0051H     UNIT         ?PR?_I2C_SENDBYTE?I2C
            CODE    4086H     0050H     UNIT         ?PR?LT9611_CHIP_ID?LT9611
            CODE    40D6H     004EH     UNIT         ?PR?_DELAY_1MS?LT9611
            CODE    4124H     004DH     UNIT         ?PR?MCU_SYSTEMINIT?MAIN
            CODE    4171H     004BH     UNIT         ?CO?MAIN
            CODE    41BCH     004BH     UNIT         ?PR?LT9611_IRQ_TASK?LT9611
            CODE    4207H     0049H     UNIT         ?PR?_LT9611_CEC_FRAME_RETRANSMISSION?LT9611
            CODE    4250H     0045H     UNIT         ?PR?_LT9611_CEC_MSG_INIT?LT9611
            CODE    4295H     003DH     UNIT         ?PR?LT9611_PATTERN?LT9611
            CODE    42D2H     003AH     UNIT         ?PR?LT9611_HDCP_ENABLE?LT9611
            CODE    430CH     0039H     UNIT         ?PR?_INITIALUART0_TIMER1?UART0
            CODE    4345H     0034H     UNIT         ?PR?RCVBYTE?I2C
            CODE    4379H     0031H     UNIT         ?PR?_LT9611_CEC_MENU_ACTIVATE?LT9611
            CODE    43AAH     0030H     UNIT         ?PR?_LT9611_CEC_FEATURE_ABORT?LT9611
            CODE    43DAH     0029H     UNIT         ?PR?_HDMI_READI2C_BYTE?I2C
            CODE    4403H     0027H     UNIT         ?PR?PUTCHAR?PUTCHAR
            CODE    442AH     0024H     UNIT         ?PR?INTBINTERRUPTFUN?LT9611
            CODE    444EH     0023H     UNIT         ?PR?LT9611_RST_PD_INIT?LT9611
            CODE    4471H     0023H     UNIT         ?PR?LT9611_HDCP_INIT?LT9611
            CODE    4494H     0021H     UNIT         ?PR?LT9611_HDMI_OUT_DISABLE?LT9611
            CODE    44B5H     001FH     UNIT         ?PR?LT9611_CSC?LT9611
            CODE    44D4H     001EH     UNIT         ?PR?_HDMI_WRITEI2C_BYTE?I2C
            CODE    44F2H     001DH     UNIT         ?PR?_LT9611_CEC_LA_ALLOCATION?LT9611
            CODE    450FH     001CH     UNIT         ?PR?_ACK_I2C?I2C
            CODE    452BH     001CH     UNIT         ?PR?LT9611_IRQ_INIT?LT9611
            CODE    4547H     001AH     UNIT         ?PR?LT9611_RESET?MAIN
            CODE    4561H     001AH     UNIT         ?PR?LT9611_CEC_MSG_WRITE_DEMO?LT9611
            CODE    457BH     001AH     UNIT         ?PR?LT9611_BROAD_CAST_DEMO?LT9611
            CODE    4595H     0019H     UNIT         ?PR?_LT9611_GLOBE_INTERRUPTS?LT9611
            CODE    45AEH     0017H     UNIT         ?PR?LT9611_HDCP_DISABLE?LT9611
            CODE    45C5H     0016H     UNIT         ?PR?LT9611_GET_HPD_STATUS?LT9611
            CODE    45DBH     0015H     UNIT         ?PR?START_I2C?I2C
            CODE    45F0H     0015H     UNIT         ?PR?_HDMI_READI2C_BYTEN?I2C
            CODE    4605H     0015H     UNIT         ?PR?_HDMI_WRITEI2C_BYTEN?I2C
            CODE    461AH     0015H     UNIT         ?PR?LT9611_CEC_LOGICAL_RESET?LT9611
            CODE    462FH     0015H     UNIT         ?PR?LT9611_PATTERN_EN?LT9611
            CODE    4644H     0014H     UNIT         ?PR?MAIN?MAIN
            CODE    4658H     0012H     UNIT         ?PR?_I2C_DELAY_US?I2C
            CODE    466AH     000CH     UNIT         ?PR?STOP_I2C?I2C
            CODE    4676H     0008H     UNIT         ?PR?_SEND_DATA_TO_UART0?UART0
            CODE    467EH     0003H     UNIT         ?PR?_PRINTCH?UART0



OVERLAY MAP OF MODULE:   .\Objects\LT9611_PORTB (UART0)
BL51 BANKED LINKER/LOCATER V6.22                                                      07/22/2021  11:21:36  PAGE 4




SEGMENT                                             BIT_GROUP          DATA_GROUP          XDATA_GROUP
  +--> CALLED SEGMENT                            START    LENGTH     START    LENGTH     START    LENGTH
--------------------------------------------------------------------------------------------------------
?C_C51STARTUP                                    -----    -----      -----    -----      -----    -----
  +--> ?PR?MAIN?MAIN
  +--> ?C_INITSEG

?PR?MAIN?MAIN                                    -----    -----      -----    -----      -----    -----
  +--> ?PR?MCU_SYSTEMINIT?MAIN
  +--> ?CO?MAIN
  +--> ?PR?PRINTF?PRINTF
  +--> ?PR?LT9611_RESET?MAIN
  +--> ?PR?LT9611_INIT?LT9611

?PR?MCU_SYSTEMINIT?MAIN                          -----    -----      -----    -----      -----    -----
  +--> ?PR?_INITIALUART0_TIMER1?UART0

?PR?PRINTF?PRINTF                                0020H.0  0001H.1    0008H    0005H      0180H    0028H
  +--> ?PR?PUTCHAR?PUTCHAR

?PR?LT9611_RESET?MAIN                            -----    -----      -----    -----      -----    -----
  +--> ?PR?_TIMER0_DELAY1MS?DELAY

?PR?_TIMER0_DELAY1MS?DELAY                       -----    -----      -----    -----      0179H    0004H

?PR?LT9611_INIT?LT9611                           -----    -----      -----    -----      0161H    0004H
  +--> ?PR?LT9611_CHIP_ID?LT9611
  +--> ?PR?LT9611_SYSTEM_INIT?LT9611
  +--> ?PR?LT9611_MIPI_INPUT_ANALOG?LT9611
  +--> ?PR?LT9611_MIPI_INPUT_DIGTAL?LT9611
  +--> ?PR?_TIMER0_DELAY1MS?DELAY
  +--> ?PR?LT9611_VIDEO_CHECK?LT9611
  +--> ?PR?_LT9611_PLL?LT9611
  +--> ?PR?_LT9611_MIPI_PCR?LT9611
  +--> ?PR?LT9611_AUDIO_INIT?LT9611
  +--> ?PR?LT9611_CSC?LT9611
  +--> ?PR?LT9611_HDCP_INIT?LT9611
  +--> ?PR?LT9611_LOAD_HDCP_KEY?LT9611
  +--> ?PR?_LT9611_HDMI_TX_DIGITAL?LT9611
  +--> ?PR?LT9611_HDMI_TX_PHY?LT9611
  +--> ?PR?LT9611_IRQ_INIT?LT9611
  +--> ?PR?_LT9611_HDMI_CEC_ON?LT9611
  +--> ?PR?_LT9611_CEC_MSG_INIT?LT9611
  +--> ?PR?_LT9611_ENABLE_INTERRUPTS?LT9611
  +--> ?PR?LT9611_FREQUENCY_METER_BYTE_CLK?L...
  +--> ?PR?LT9611_DPHY_DEBUG?LT9611
  +--> ?PR?LT9611_HTOTAL_SYSCLK?LT9611
  +--> ?PR?LT9611_PCR_MK_PRINT?LT9611
  +--> ?CO?LT9611
  +--> ?PR?PRINTF?PRINTF
  +--> ?PR?LT9611_HDP_INTERRUPT_HANDLE?LT9611
  +--> ?PR?LT9611_IRQ_TASK?LT9611

?PR?LT9611_CHIP_ID?LT9611                        -----    -----      -----    -----      -----    -----
  +--> ?PR?_HDMI_WRITEI2C_BYTE?I2C
BL51 BANKED LINKER/LOCATER V6.22                                                      07/22/2021  11:21:36  PAGE 5


  +--> ?PR?_HDMI_READI2C_BYTE?I2C
  +--> ?CO?LT9611
  +--> ?PR?PRINTF?PRINTF

?PR?_HDMI_WRITEI2C_BYTE?I2C                      -----    -----      -----    -----      0179H    0001H
  +--> ?PR?_I2C_WRITE_BYTE?I2C

?PR?_I2C_WRITE_BYTE?I2C                          -----    -----      -----    -----      017AH    0007H
  +--> ?PR?START_I2C?I2C
  +--> ?PR?_I2C_SENDBYTE?I2C
  +--> ?PR?STOP_I2C?I2C

?PR?START_I2C?I2C                                -----    -----      -----    -----      -----    -----
  +--> ?PR?_I2C_DELAY_US?I2C

?PR?_I2C_SENDBYTE?I2C                            -----    -----      -----    -----      -----    -----
  +--> ?PR?_I2C_DELAY_US?I2C

?PR?STOP_I2C?I2C                                 -----    -----      -----    -----      -----    -----
  +--> ?PR?_I2C_DELAY_US?I2C

?PR?_HDMI_READI2C_BYTE?I2C                       -----    -----      -----    -----      0179H    0001H
  +--> ?PR?_I2C_READ_BYTE?I2C

?PR?_I2C_READ_BYTE?I2C                           -----    -----      -----    -----      017AH    0007H
  +--> ?PR?START_I2C?I2C
  +--> ?PR?_I2C_SENDBYTE?I2C
  +--> ?PR?STOP_I2C?I2C
  +--> ?PR?RCVBYTE?I2C
  +--> ?PR?_ACK_I2C?I2C

?PR?RCVBYTE?I2C                                  -----    -----      -----    -----      -----    -----
  +--> ?PR?_I2C_DELAY_US?I2C

?PR?_ACK_I2C?I2C                                 -----    -----      -----    -----      -----    -----
  +--> ?PR?_I2C_DELAY_US?I2C

?PR?LT9611_SYSTEM_INIT?LT9611                    -----    -----      -----    -----      -----    -----
  +--> ?PR?_HDMI_WRITEI2C_BYTE?I2C

?PR?LT9611_MIPI_INPUT_ANALOG?LT9611              -----    -----      -----    -----      -----    -----
  +--> ?PR?_HDMI_WRITEI2C_BYTE?I2C

?PR?LT9611_MIPI_INPUT_DIGTAL?LT9611              -----    -----      -----    -----      0165H    0001H
  +--> ?CO?LT9611
  +--> ?PR?PRINTF?PRINTF
  +--> ?PR?_HDMI_WRITEI2C_BYTE?I2C

?PR?LT9611_VIDEO_CHECK?LT9611                    -----    -----      -----    -----      0168H    000DH
  +--> ?PR?_HDMI_WRITEI2C_BYTE?I2C
  +--> ?PR?_HDMI_READI2C_BYTE?I2C
  +--> ?CO?LT9611
  +--> ?PR?PRINTF?PRINTF

?PR?_LT9611_PLL?LT9611                           -----    -----      -----    -----      0168H    0008H
  +--> ?CO?LT9611
  +--> ?PR?PRINTF?PRINTF
BL51 BANKED LINKER/LOCATER V6.22                                                      07/22/2021  11:21:36  PAGE 6


  +--> ?PR?_HDMI_WRITEI2C_BYTE?I2C
  +--> ?PR?_HDMI_READI2C_BYTE?I2C

?PR?_LT9611_MIPI_PCR?LT9611                      -----    -----      -----    -----      0168H    0003H
  +--> ?PR?_HDMI_WRITEI2C_BYTE?I2C
  +--> ?PR?_LT9611_MIPI_VIDEO_TIMING?LT9611

?PR?_LT9611_MIPI_VIDEO_TIMING?LT9611             -----    -----      -----    -----      016BH    0003H
  +--> ?PR?_HDMI_WRITEI2C_BYTE?I2C

?PR?LT9611_AUDIO_INIT?LT9611                     -----    -----      -----    -----      -----    -----
  +--> ?CO?LT9611
  +--> ?PR?PRINTF?PRINTF
  +--> ?PR?_HDMI_WRITEI2C_BYTE?I2C

?PR?LT9611_CSC?LT9611                            -----    -----      -----    -----      -----    -----
  +--> ?PR?_HDMI_WRITEI2C_BYTE?I2C
  +--> ?CO?LT9611
  +--> ?PR?PRINTF?PRINTF

?PR?LT9611_HDCP_INIT?LT9611                      -----    -----      -----    -----      -----    -----
  +--> ?PR?_HDMI_WRITEI2C_BYTE?I2C

?PR?LT9611_LOAD_HDCP_KEY?LT9611                  -----    -----      -----    -----      -----    -----
  +--> ?PR?_HDMI_WRITEI2C_BYTE?I2C
  +--> ?PR?_TIMER0_DELAY1MS?DELAY
  +--> ?PR?_HDMI_READI2C_BYTE?I2C
  +--> ?CO?LT9611
  +--> ?PR?PRINTF?PRINTF

?PR?_LT9611_HDMI_TX_DIGITAL?LT9611               -----    -----      -----    -----      0168H    0006H
  +--> ?CO?LT9611
  +--> ?PR?PRINTF?PRINTF
  +--> ?PR?_HDMI_WRITEI2C_BYTE?I2C

?PR?LT9611_HDMI_TX_PHY?LT9611                    -----    -----      -----    -----      -----    -----
  +--> ?PR?_HDMI_WRITEI2C_BYTE?I2C
  +--> ?CO?LT9611
  +--> ?PR?PRINTF?PRINTF

?PR?LT9611_IRQ_INIT?LT9611                       -----    -----      -----    -----      -----    -----
  +--> ?PR?_HDMI_WRITEI2C_BYTE?I2C

?PR?_LT9611_HDMI_CEC_ON?LT9611                   -----    -----      -----    -----      -----    -----
  +--> ?PR?_HDMI_WRITEI2C_BYTE?I2C

?PR?_LT9611_CEC_MSG_INIT?LT9611                  -----    -----      -----    -----      0168H    0003H
  +--> ?PR?_LT9611_HDMI_CEC_ON?LT9611
  +--> ?PR?_LT9611_CEC_MSG_SET_LOGICAL_ADDRE...

?PR?_LT9611_CEC_MSG_SET_LOGICAL_ADDRE...         -----    -----      -----    -----      0171H    0001H
  +--> ?CO?LT9611
  +--> ?PR?PRINTF?PRINTF
  +--> ?PR?_HDMI_WRITEI2C_BYTE?I2C

?PR?_LT9611_ENABLE_INTERRUPTS?LT9611             -----    -----      -----    -----      0168H    0002H
  +--> ?PR?_HDMI_WRITEI2C_BYTE?I2C
BL51 BANKED LINKER/LOCATER V6.22                                                      07/22/2021  11:21:36  PAGE 7


  +--> ?CO?LT9611
  +--> ?PR?PRINTF?PRINTF

?PR?LT9611_FREQUENCY_METER_BYTE_CLK?L...         -----    -----      -----    -----      0165H    0005H
  +--> ?CO?LT9611
  +--> ?PR?PRINTF?PRINTF
  +--> ?PR?_HDMI_WRITEI2C_BYTE?I2C
  +--> ?PR?_TIMER0_DELAY1MS?DELAY
  +--> ?PR?_HDMI_READI2C_BYTE?I2C

?PR?LT9611_DPHY_DEBUG?LT9611                     -----    -----      -----    -----      0165H    0001H
  +--> ?PR?_HDMI_WRITEI2C_BYTE?I2C
  +--> ?PR?_HDMI_READI2C_BYTE?I2C
  +--> ?CO?LT9611
  +--> ?PR?PRINTF?PRINTF

?PR?LT9611_HTOTAL_SYSCLK?LT9611                  -----    -----      -----    -----      0165H    0003H
  +--> ?PR?_HDMI_WRITEI2C_BYTE?I2C
  +--> ?PR?_HDMI_READI2C_BYTE?I2C
  +--> ?CO?LT9611
  +--> ?PR?PRINTF?PRINTF

?PR?LT9611_PCR_MK_PRINT?LT9611                   -----    -----      -----    -----      0165H    0001H
  +--> ?PR?_HDMI_WRITEI2C_BYTE?I2C
  +--> ?PR?_HDMI_READI2C_BYTE?I2C
  +--> ?CO?LT9611
  +--> ?PR?PRINTF?PRINTF
  +--> ?PR?_TIMER0_DELAY1MS?DELAY

?PR?LT9611_HDP_INTERRUPT_HANDLE?LT9611           -----    -----      -----    -----      -----    -----
  +--> ?PR?LT9611_GET_HPD_STATUS?LT9611
  +--> ?PR?_HDMI_WRITEI2C_BYTE?I2C
  +--> ?CO?LT9611
  +--> ?PR?PRINTF?PRINTF
  +--> ?PR?_LT9611_LOWPOWER_MODE?LT9611
  +--> ?PR?_LT9611_ENABLE_INTERRUPTS?LT9611
  +--> ?PR?_TIMER0_DELAY1MS?DELAY
  +--> ?PR?LT9611_READ_EDID?LT9611
  +--> ?PR?_LT9611_PARSE_PHYSICAL_ADDRESS?LT...
  +--> ?PR?_LT9611_CEC_LA_ALLOCATION?LT9611
  +--> ?PR?LT9611_VIDEO_CHECK?LT9611
  +--> ?PR?_LT9611_PLL?LT9611
  +--> ?PR?_LT9611_MIPI_PCR?LT9611
  +--> ?PR?_LT9611_HDMI_TX_DIGITAL?LT9611
  +--> ?PR?LT9611_HDMI_OUT_ENABLE?LT9611
  +--> ?PR?LT9611_HDMI_OUT_DISABLE?LT9611
  +--> ?PR?_LT9611_CEC_MSG_INIT?LT9611

?PR?LT9611_GET_HPD_STATUS?LT9611                 -----    -----      -----    -----      -----    -----
  +--> ?PR?_HDMI_WRITEI2C_BYTE?I2C
  +--> ?PR?_HDMI_READI2C_BYTE?I2C

?PR?_LT9611_LOWPOWER_MODE?LT9611                 -----    -----      -----    -----      -----    -----
  +--> ?PR?_HDMI_WRITEI2C_BYTE?I2C
  +--> ?CO?LT9611
  +--> ?PR?PRINTF?PRINTF

BL51 BANKED LINKER/LOCATER V6.22                                                      07/22/2021  11:21:36  PAGE 8


?PR?LT9611_READ_EDID?LT9611                      -----    -----      -----    -----      0168H    0004H
  +--> ?PR?_HDMI_WRITEI2C_BYTE?I2C
  +--> ?PR?_TIMER0_DELAY1MS?DELAY
  +--> ?PR?_HDMI_READI2C_BYTE?I2C
  +--> ?CO?LT9611
  +--> ?PR?PRINTF?PRINTF

?PR?_LT9611_PARSE_PHYSICAL_ADDRESS?LT...         -----    -----      -----    -----      0168H    0012H
  +--> ?PR?_DO_CHECKSUM?LT9611
  +--> ?CO?LT9611
  +--> ?PR?PRINTF?PRINTF

?PR?_DO_CHECKSUM?LT9611                          -----    -----      -----    -----      017AH    0006H
  +--> ?CO?LT9611
  +--> ?PR?PRINTF?PRINTF

?PR?_LT9611_CEC_LA_ALLOCATION?LT9611             -----    -----      -----    -----      -----    -----
  +--> ?PR?_LT9611_HDMI_CEC_WRITE?LT9611

?PR?_LT9611_HDMI_CEC_WRITE?LT9611                -----    -----      -----    -----      0174H    0005H
  +--> ?PR?_HDMI_WRITEI2C_BYTE?I2C
  +--> ?PR?_TIMER0_DELAY1MS?DELAY

?PR?LT9611_HDMI_OUT_ENABLE?LT9611                -----    -----      -----    -----      -----    -----
  +--> ?PR?_HDMI_WRITEI2C_BYTE?I2C
  +--> ?PR?LT9611_HDCP_ENABLE?LT9611
  +--> ?PR?LT9611_HDCP_DISABLE?LT9611
  +--> ?CO?LT9611
  +--> ?PR?PRINTF?PRINTF

?PR?LT9611_HDCP_ENABLE?LT9611                    -----    -----      -----    -----      -----    -----
  +--> ?PR?_HDMI_WRITEI2C_BYTE?I2C
  +--> ?CO?LT9611
  +--> ?PR?PRINTF?PRINTF

?PR?LT9611_HDCP_DISABLE?LT9611                   -----    -----      -----    -----      -----    -----
  +--> ?PR?_HDMI_WRITEI2C_BYTE?I2C
  +--> ?CO?LT9611
  +--> ?PR?PRINTF?PRINTF

?PR?LT9611_HDMI_OUT_DISABLE?LT9611               -----    -----      -----    -----      -----    -----
  +--> ?PR?_HDMI_WRITEI2C_BYTE?I2C
  +--> ?CO?LT9611
  +--> ?PR?PRINTF?PRINTF
  +--> ?PR?LT9611_HDCP_DISABLE?LT9611

?PR?LT9611_IRQ_TASK?LT9611                       -----    -----      -----    -----      0165H    0003H
  +--> ?PR?_HDMI_WRITEI2C_BYTE?I2C
  +--> ?PR?_HDMI_READI2C_BYTE?I2C
  +--> ?PR?_LT9611_CEC_MSG_INTERRUPT_HANDLE?...
  +--> ?PR?LT9611_HDP_INTERRUPT_HANDLE?LT9611
  +--> ?PR?LT9611_VID_CHG_INTERRUPT_HANDLE?L...

?PR?_LT9611_CEC_MSG_INTERRUPT_HANDLE?...         -----    -----      -----    -----      0168H    0003H
  +--> ?PR?_HDMI_WRITEI2C_BYTE?I2C
  +--> ?PR?_HDMI_READI2C_BYTE?I2C
  +--> ?CO?LT9611
BL51 BANKED LINKER/LOCATER V6.22                                                      07/22/2021  11:21:36  PAGE 9


  +--> ?PR?PRINTF?PRINTF
  +--> ?PR?_LT9611_CEC_MSG_TX_HANDLE?LT9611
  +--> ?PR?_LT9611_CEC_MSG_RX_PARSE?LT9611

?PR?_LT9611_CEC_MSG_TX_HANDLE?LT9611             -----    -----      -----    -----      016BH    0006H
  +--> ?CO?LT9611
  +--> ?PR?PRINTF?PRINTF
  +--> ?PR?LT9611_CEC_LOGICAL_RESET?LT9611
  +--> ?PR?_LT9611_CEC_MSG_SET_LOGICAL_ADDRE...
  +--> ?PR?_LT9611_CEC_REPORT_PHYSICAL_ADDRE...
  +--> ?PR?_LT9611_CEC_LA_ALLOCATION?LT9611
  +--> ?PR?_LT9611_CEC_FRAME_RETRANSMISSION?...

?PR?LT9611_CEC_LOGICAL_RESET?LT9611              -----    -----      -----    -----      -----    -----
  +--> ?PR?_HDMI_WRITEI2C_BYTE?I2C

?PR?_LT9611_CEC_REPORT_PHYSICAL_ADDRE...         -----    -----      -----    -----      -----    -----
  +--> ?PR?_LT9611_HDMI_CEC_WRITE?LT9611

?PR?_LT9611_CEC_FRAME_RETRANSMISSION?...         -----    -----      -----    -----      0171H    0003H
  +--> ?PR?_HDMI_WRITEI2C_BYTE?I2C

?PR?_LT9611_CEC_MSG_RX_PARSE?LT9611              -----    -----      -----    -----      016BH    0009H
  +--> ?CO?LT9611
  +--> ?PR?_LT9611_HDMI_CEC_READ?LT9611
  +--> ?PR?PRINTF?PRINTF
  +--> ?PR?_LT9611_CEC_FEATURE_ABORT?LT9611
  +--> ?PR?_LT9611_CEC_REPORT_PHYSICAL_ADDRE...
  +--> ?PR?_TIMER0_DELAY1MS?DELAY
  +--> ?PR?_LT9611_CEC_MENU_ACTIVATE?LT9611

?PR?_LT9611_HDMI_CEC_READ?LT9611                 -----    -----      -----    -----      0174H    0005H
  +--> ?PR?_HDMI_WRITEI2C_BYTE?I2C
  +--> ?PR?_HDMI_READI2C_BYTE?I2C

?PR?_LT9611_CEC_FEATURE_ABORT?LT9611             -----    -----      -----    -----      -----    -----
  +--> ?PR?_LT9611_HDMI_CEC_WRITE?LT9611

?PR?_LT9611_CEC_MENU_ACTIVATE?LT9611             -----    -----      -----    -----      -----    -----
  +--> ?PR?_LT9611_HDMI_CEC_WRITE?LT9611

?PR?LT9611_VID_CHG_INTERRUPT_HANDLE?L...         -----    -----      -----    -----      -----    -----
  +--> ?CO?LT9611
  +--> ?PR?PRINTF?PRINTF
  +--> ?PR?_HDMI_WRITEI2C_BYTE?I2C
  +--> ?PR?LT9611_VIDEO_CHECK?LT9611
  +--> ?PR?_TIMER0_DELAY1MS?DELAY
  +--> ?PR?_LT9611_PLL?LT9611
  +--> ?PR?_LT9611_MIPI_PCR?LT9611
  +--> ?PR?_LT9611_HDMI_TX_DIGITAL?LT9611
  +--> ?PR?LT9611_HDMI_OUT_ENABLE?LT9611
  +--> ?PR?LT9611_HDMI_OUT_DISABLE?LT9611



SYMBOL TABLE OF MODULE:  .\Objects\LT9611_PORTB (UART0)

BL51 BANKED LINKER/LOCATER V6.22                                                      07/22/2021  11:21:36  PAGE 10


  VALUE           TYPE          NAME
  ----------------------------------

  -------         MODULE        UART0
  C:0000H         SYMBOL        _ICE_DUMMY_
  D:00B1H         PUBLIC        P0M1
  D:00B2H         PUBLIC        P0M2
  D:0080H         PUBLIC        P0
  D:0090H         PUBLIC        P1
  D:00A0H         PUBLIC        P2
  D:00B0H         PUBLIC        P3
  D:00D8H         PUBLIC        PWMCON0
  D:00A8H         PUBLIC        IE
  D:00B8H         PUBLIC        IP
  B:0098H.1       PUBLIC        TI
  D:0099H         PUBLIC        SBUF
  D:0087H         PUBLIC        PCON
  D:0098H         PUBLIC        SCON
  D:0089H         PUBLIC        TMOD
  D:0088H         PUBLIC        TCON
  D:00F8H         PUBLIC        SCON_1
  D:008DH         PUBLIC        TH1
  C:430CH         PUBLIC        _InitialUART0_Timer1
  B:0088H.6       PUBLIC        TR1
  D:00E8H         PUBLIC        ADCCON0
  C:4676H         PUBLIC        _Send_Data_To_UART0
  D:00C0H         PUBLIC        I2CON
  D:00C8H         PUBLIC        T2CON
  D:00C4H         PUBLIC        T3CON
  D:008EH         PUBLIC        CKCON
  D:00D0H         PUBLIC        PSW
  C:467EH         PUBLIC        _printch
  -------         PROC          _INITIALUART0_TIMER1
  D:0004H         SYMBOL        u32Baudrate
  C:430CH         LINE#         8
  C:430CH         LINE#         9
  C:430CH         LINE#         10
  C:4312H         LINE#         11
  C:4318H         LINE#         13
  C:431BH         LINE#         14
  C:431EH         LINE#         16
  C:4321H         LINE#         17
  C:4324H         LINE#         18
  C:4327H         LINE#         21
  C:4340H         LINE#         26
  C:4342H         LINE#         27
  C:4344H         LINE#         28
  -------         ENDPROC       _INITIALUART0_TIMER1
  -------         PROC          _SEND_DATA_TO_UART0
  D:0007H         SYMBOL        c
  C:4676H         LINE#         64
  C:4676H         LINE#         65
  C:4676H         LINE#         66
  C:4678H         LINE#         67
  C:467AH         LINE#         68
  C:467DH         LINE#         69
  -------         ENDPROC       _SEND_DATA_TO_UART0
BL51 BANKED LINKER/LOCATER V6.22                                                      07/22/2021  11:21:36  PAGE 11


  -------         PROC          _PRINTCH
  D:0007H         SYMBOL        ch
  C:467EH         LINE#         144
  C:467EH         LINE#         145
  C:467EH         LINE#         146
  -------         ENDPROC       _PRINTCH
  -------         ENDMOD        UART0

  -------         MODULE        MAIN
  C:0000H         SYMBOL        _ICE_DUMMY_
  D:00B1H         PUBLIC        P0M1
  D:00B3H         PUBLIC        P1M1
  D:00B2H         PUBLIC        P0M2
  D:0080H         PUBLIC        P0
  D:00B4H         PUBLIC        P1M2
  D:0090H         PUBLIC        P1
  D:00ACH         PUBLIC        P3M1
  D:00A0H         PUBLIC        P2
  D:00B0H         PUBLIC        P3
  D:00ADH         PUBLIC        P3M2
  B:00A8H.7       PUBLIC        EA
  D:00D8H         PUBLIC        PWMCON0
  D:00A8H         PUBLIC        IE
  D:00B8H         PUBLIC        IP
  C:4644H         PUBLIC        main
  B:00B0H.0       PUBLIC        P30
  D:0098H         PUBLIC        SCON
  D:0088H         PUBLIC        TCON
  D:00F8H         PUBLIC        SCON_1
  D:009BH         PUBLIC        EIE
  C:4547H         PUBLIC        LT9611_Reset
  D:00E8H         PUBLIC        ADCCON0
  D:00C0H         PUBLIC        I2CON
  X:01D3H         PUBLIC        irq_task_flag
  C:4124H         PUBLIC        MCU_SystemInit
  D:00C8H         PUBLIC        T2CON
  D:00E9H         PUBLIC        PICON
  D:00D0H         PUBLIC        PSW
  D:00EAH         PUBLIC        PINEN
  D:00EBH         PUBLIC        PIPEN
  -------         PROC          MCU_SYSTEMINIT
  C:4124H         LINE#         9
  C:4124H         LINE#         10
  C:4124H         LINE#         11
  C:412AH         LINE#         12
  C:4130H         LINE#         13
  C:4136H         LINE#         14
  C:413CH         LINE#         15
  C:4142H         LINE#         17
  C:4148H         LINE#         18
  C:414EH         LINE#         19
  C:4154H         LINE#         22
  C:415FH         LINE#         24
  C:4162H         LINE#         25
  C:416BH         LINE#         26
  C:416EH         LINE#         31
  C:4170H         LINE#         32
BL51 BANKED LINKER/LOCATER V6.22                                                      07/22/2021  11:21:36  PAGE 12


  -------         ENDPROC       MCU_SYSTEMINIT
  -------         PROC          LT9611_RESET
  C:4547H         LINE#         35
  C:4547H         LINE#         36
  C:4547H         LINE#         37
  C:4549H         LINE#         38
  C:4554H         LINE#         39
  C:4556H         LINE#         40
  -------         ENDPROC       LT9611_RESET
  -------         PROC          MAIN
  C:4644H         LINE#         44
  C:4644H         LINE#         45
  C:4644H         LINE#         46
  C:4647H         LINE#         48
  C:4650H         LINE#         49
  C:4653H         LINE#         54
  C:4656H         LINE#         57
  -------         ENDPROC       MAIN
  -------         ENDMOD        MAIN

  -------         MODULE        I2C
  C:0000H         SYMBOL        _ICE_DUMMY_
  D:0080H         PUBLIC        P0
  D:0090H         PUBLIC        P1
  D:00A0H         PUBLIC        P2
  D:00B0H         PUBLIC        P3
  C:45F0H         PUBLIC        _HDMI_ReadI2C_ByteN
  D:00D8H         PUBLIC        PWMCON0
  D:00A8H         PUBLIC        IE
  C:3782H         SYMBOL        _i2c_read_byte
  C:4605H         PUBLIC        _HDMI_WriteI2C_ByteN
  X:01D1H         PUBLIC        I2CADR
  D:00B8H         PUBLIC        IP
  C:3C65H         SYMBOL        _i2c_write_byte
  X:01D2H         PUBLIC        ack
  B:0090H.3       PUBLIC        P13
  D:0098H         PUBLIC        SCON
  B:0090H.4       PUBLIC        P14
  D:0088H         PUBLIC        TCON
  C:43DAH         PUBLIC        _HDMI_ReadI2C_Byte
  C:4035H         SYMBOL        _I2C_SendByte
  C:4345H         SYMBOL        RcvByte
  D:00F8H         PUBLIC        SCON_1
  C:44D4H         PUBLIC        _HDMI_WriteI2C_Byte
  C:450FH         SYMBOL        _Ack_I2c
  C:45DBH         SYMBOL        Start_I2c
  C:465FH         SYMBOL        _I2C_Delay_us
  D:00E8H         PUBLIC        ADCCON0
  D:00C0H         PUBLIC        I2CON
  C:466AH         SYMBOL        Stop_I2c
  D:00C8H         PUBLIC        T2CON
  D:00D0H         PUBLIC        PSW
  -------         PROC          L?0048
  -------         ENDPROC       L?0048
  -------         PROC          _I2C_DELAY_US
  D:0007H         SYMBOL        uscount
  -------         DO            
BL51 BANKED LINKER/LOCATER V6.22                                                      07/22/2021  11:21:36  PAGE 13


  D:0006H         SYMBOL        x
  -------         ENDDO         
  C:465FH         LINE#         21
  C:465FH         LINE#         22
  C:465FH         LINE#         24
  C:4666H         LINE#         25
  C:4666H         LINE#         27
  C:4669H         LINE#         28
  -------         ENDPROC       _I2C_DELAY_US
  -------         PROC          START_I2C
  C:45DBH         LINE#         30
  C:45DBH         LINE#         31
  C:45DBH         LINE#         32
  C:45DDH         LINE#         33
  C:45DFH         LINE#         34
  C:45DFH         LINE#         35
  C:45E2H         LINE#         36
  C:45E4H         LINE#         37
  C:45E9H         LINE#         38
  C:45EBH         LINE#         39
  -------         ENDPROC       START_I2C
  -------         PROC          STOP_I2C
  C:466AH         LINE#         42
  C:466AH         LINE#         43
  C:466AH         LINE#         44
  C:466CH         LINE#         45
  C:466EH         LINE#         46
  C:466EH         LINE#         47
  C:4671H         LINE#         48
  C:4673H         LINE#         49
  -------         ENDPROC       STOP_I2C
  -------         PROC          _I2C_SENDBYTE
  D:0005H         SYMBOL        c
  -------         DO            
  D:0004H         SYMBOL        bit_Cnt
  -------         ENDDO         
  C:4035H         LINE#         53
  C:4037H         LINE#         54
  C:4037H         LINE#         57
  C:4039H         LINE#         58
  C:4039H         LINE#         59
  C:4046H         LINE#         60
  C:4046H         LINE#         61
  C:4048H         LINE#         62
  C:404AH         LINE#         64
  C:404AH         LINE#         65
  C:404CH         LINE#         66
  C:404CH         LINE#         67
  C:4051H         LINE#         68
  C:4053H         LINE#         69
  C:4057H         LINE#         70
  C:4059H         LINE#         71
  C:405EH         LINE#         73
  C:4063H         LINE#         74
  C:4065H         LINE#         75
  C:406AH         LINE#         76
  C:406CH         LINE#         77
BL51 BANKED LINKER/LOCATER V6.22                                                      07/22/2021  11:21:36  PAGE 14


  C:406FH         LINE#         79
  C:4072H         LINE#         80
  C:4072H         LINE#         81
  C:4077H         LINE#         82
  C:4079H         LINE#         84
  C:4079H         LINE#         85
  C:407FH         LINE#         86
  C:407FH         LINE#         87
  C:4081H         LINE#         88
  -------         ENDPROC       _I2C_SENDBYTE
  -------         PROC          RCVBYTE
  -------         DO            
  D:0005H         SYMBOL        retc
  D:0004H         SYMBOL        bit_Cnt
  -------         ENDDO         
  C:4345H         LINE#         91
  C:4345H         LINE#         92
  C:4345H         LINE#         96
  C:4347H         LINE#         97
  C:4349H         LINE#         98
  C:434AH         LINE#         99
  C:434AH         LINE#         100
  C:434FH         LINE#         101
  C:4351H         LINE#         102
  C:4356H         LINE#         103
  C:4358H         LINE#         104
  C:435DH         LINE#         105
  C:4361H         LINE#         106
  C:4364H         LINE#         107
  C:4364H         LINE#         108
  C:4365H         LINE#         109
  C:4365H         LINE#         110
  C:436AH         LINE#         111
  C:436FH         LINE#         112
  C:4371H         LINE#         113
  C:4376H         LINE#         114
  C:4378H         LINE#         115
  -------         ENDPROC       RCVBYTE
  -------         PROC          _ACK_I2C
  D:0007H         SYMBOL        a
  C:450FH         LINE#         117
  C:450FH         LINE#         118
  C:450FH         LINE#         119
  C:4512H         LINE#         120
  C:4512H         LINE#         121
  C:4514H         LINE#         122
  C:4516H         LINE#         124
  C:4516H         LINE#         125
  C:4518H         LINE#         126
  C:4518H         LINE#         128
  C:451DH         LINE#         129
  C:451FH         LINE#         130
  C:4524H         LINE#         131
  C:4526H         LINE#         132
  -------         ENDPROC       _ACK_I2C
  -------         PROC          _I2C_WRITE_BYTE
  D:0004H         SYMBOL        sla
BL51 BANKED LINKER/LOCATER V6.22                                                      07/22/2021  11:21:36  PAGE 15


  X:017BH         SYMBOL        suba
  D:0001H         SYMBOL        s
  X:017FH         SYMBOL        no
  -------         DO            
  X:0180H         SYMBOL        i
  -------         ENDDO         
  C:3C65H         LINE#         135
  C:3C6CH         LINE#         136
  C:3C6CH         LINE#         139
  C:3C6FH         LINE#         141
  C:3C74H         LINE#         143
  C:3C7AH         LINE#         144
  C:3C7AH         LINE#         145
  C:3C7AH         LINE#         146
  C:3C7CH         LINE#         147
  C:3C7CH         LINE#         148
  C:3C84H         LINE#         149
  C:3C8AH         LINE#         150
  C:3C8AH         LINE#         151
  C:3C8AH         LINE#         152
  C:3C8CH         LINE#         153
  C:3C8CH         LINE#         155
  C:3C9CH         LINE#         156
  C:3C9CH         LINE#         157
  C:3CA3H         LINE#         158
  C:3CA9H         LINE#         159
  C:3CA9H         LINE#         160
  C:3CACH         LINE#         161
  C:3CAFH         LINE#         162
  C:3CAFH         LINE#         163
  C:3CB6H         LINE#         164
  C:3CBEH         LINE#         165
  C:3CC1H         LINE#         166
  C:3CC3H         LINE#         167
  -------         ENDPROC       _I2C_WRITE_BYTE
  -------         PROC          _I2C_READ_BYTE
  X:017AH         SYMBOL        sla
  X:017BH         SYMBOL        suba
  D:0001H         SYMBOL        s
  X:017FH         SYMBOL        no
  -------         DO            
  X:0180H         SYMBOL        i
  -------         ENDDO         
  C:3782H         LINE#         169
  C:378AH         LINE#         170
  C:378AH         LINE#         172
  C:378DH         LINE#         173
  C:3795H         LINE#         174
  C:379BH         LINE#         175
  C:379BH         LINE#         176
  C:379BH         LINE#         177
  C:379BH         LINE#         178
  C:379DH         LINE#         179
  C:379DH         LINE#         180
  C:37A5H         LINE#         181
  C:37ABH         LINE#         182
  C:37ABH         LINE#         183
BL51 BANKED LINKER/LOCATER V6.22                                                      07/22/2021  11:21:36  PAGE 16


  C:37ABH         LINE#         184
  C:37ABH         LINE#         185
  C:37ADH         LINE#         186
  C:37ADH         LINE#         187
  C:37B0H         LINE#         188
  C:37B9H         LINE#         189
  C:37BFH         LINE#         190
  C:37BFH         LINE#         191
  C:37C2H         LINE#         192
  C:37C6H         LINE#         193
  C:37C8H         LINE#         194
  C:37C8H         LINE#         195
  C:37D9H         LINE#         196
  C:37D9H         LINE#         197
  C:37E0H         LINE#         198
  C:37E5H         LINE#         199
  C:37ECH         LINE#         200
  C:37F4H         LINE#         201
  C:37FBH         LINE#         202
  C:3800H         LINE#         203
  C:3803H         LINE#         204
  C:3805H         LINE#         205
  -------         ENDPROC       _I2C_READ_BYTE
  -------         PROC          _HDMI_READI2C_BYTE
  D:0006H         SYMBOL        RegAddr
  -------         DO            
  X:0179H         SYMBOL        p_data
  -------         ENDDO         
  C:43DAH         LINE#         207
  C:43DCH         LINE#         208
  C:43DCH         LINE#         209
  C:43E1H         LINE#         211
  C:43FAH         LINE#         212
  C:43FAH         LINE#         213
  C:4400H         LINE#         214
  C:4400H         LINE#         215
  C:4402H         LINE#         216
  -------         ENDPROC       _HDMI_READI2C_BYTE
  -------         PROC          _HDMI_READI2C_BYTEN
  D:0006H         SYMBOL        RegAddr
  D:0001H         SYMBOL        p_data
  X:01ACH         SYMBOL        N
  -------         DO            
  D:0007H         SYMBOL        flag
  -------         ENDDO         
  C:45F0H         LINE#         218
  C:45F2H         LINE#         219
  C:45F2H         LINE#         222
  C:4604H         LINE#         224
  C:4604H         LINE#         225
  -------         ENDPROC       _HDMI_READI2C_BYTEN
  -------         PROC          _HDMI_WRITEI2C_BYTE
  D:0006H         SYMBOL        RegAddr
  X:0179H         SYMBOL        d
  -------         DO            
  D:0007H         SYMBOL        flag
  -------         ENDDO         
BL51 BANKED LINKER/LOCATER V6.22                                                      07/22/2021  11:21:36  PAGE 17


  C:44D4H         LINE#         227
  C:44DBH         LINE#         228
  C:44DBH         LINE#         231
  C:44F1H         LINE#         234
  C:44F1H         LINE#         235
  -------         ENDPROC       _HDMI_WRITEI2C_BYTE
  -------         PROC          _HDMI_WRITEI2C_BYTEN
  D:0006H         SYMBOL        RegAddr
  D:0001H         SYMBOL        d
  X:01B1H         SYMBOL        N
  -------         DO            
  D:0007H         SYMBOL        flag
  -------         ENDDO         
  C:4605H         LINE#         237
  C:4607H         LINE#         238
  C:4607H         LINE#         241
  C:4619H         LINE#         243
  C:4619H         LINE#         244
  -------         ENDPROC       _HDMI_WRITEI2C_BYTEN
  -------         ENDMOD        I2C

  -------         MODULE        LT9611
  C:0000H         SYMBOL        _ICE_DUMMY_
  D:0080H         PUBLIC        P0
  C:4256H         PUBLIC        _lt9611_cec_msg_init
  C:4561H         PUBLIC        lt9611_cec_msg_write_demo
  D:0090H         PUBLIC        P1
  D:00A0H         PUBLIC        P2
  D:00B0H         PUBLIC        P3
  C:40D6H         PUBLIC        _delay_1ms
  D:00D8H         PUBLIC        PWMCON0
  C:2CD8H         PUBLIC        _lt9611_cec_msg_tx_handle
  C:461AH         PUBLIC        lt9611_cec_logical_reset
  X:0005H         PUBLIC        Tx_HPD
  C:462FH         PUBLIC        LT9611_pattern_en
  C:2E78H         PUBLIC        _LT9611_MIPI_Pcr
  C:34B9H         SYMBOL        _do_checksum
  C:45AEH         PUBLIC        LT9611_HDCP_Disable
  C:43AAH         PUBLIC        _lt9611_cec_feature_abort
  D:00A8H         PUBLIC        IE
  C:442AH         PUBLIC        IntbInterruptFun
  C:0F8CH         PUBLIC        LT9611_Video_Check
  X:0006H         PUBLIC        Sink_EDID
  C:0F52H         PUBLIC        video_1200x1920_60Hz
  C:4379H         PUBLIC        _lt9611_cec_menu_activate
  C:0EA4H         PUBLIC        video_1920x1080_30Hz
  X:0106H         PUBLIC        pcr_m
  C:0E87H         PUBLIC        video_1920x1080_50Hz
  C:3419H         PUBLIC        LT9611_HDP_Interrupt_Handle
  C:0EFBH         PUBLIC        video_3840x2160_30Hz
  C:0EDEH         PUBLIC        video_1920x1080_24Hz
  C:0E6AH         PUBLIC        video_1920x1080_60Hz
  C:0EC1H         PUBLIC        video_1920x1080_25Hz
  C:36FBH         PUBLIC        LT9611_HDMI_TX_Phy
  C:0F35H         PUBLIC        video_3840x2160_24Hz
  C:0F18H         PUBLIC        video_3840x2160_25Hz
  D:00B8H         PUBLIC        IP
BL51 BANKED LINKER/LOCATER V6.22                                                      07/22/2021  11:21:36  PAGE 18


  X:0107H         PUBLIC        video
  C:45C5H         PUBLIC        LT9611_Get_HPD_Status
  C:4207H         PUBLIC        _lt9611_cec_frame_retransmission
  C:42D2H         PUBLIC        LT9611_HDCP_Enable
  C:3AD6H         PUBLIC        _LT9611_LowPower_mode
  C:3FE3H         PUBLIC        LT9611_Htotal_Sysclk
  C:0003H         PUBLIC        _LT9611_HDMI_CEC_ON
  C:3A6DH         PUBLIC        LT9611_load_hdcp_key
  C:31AAH         PUBLIC        _lt9611_cec_msg_set_logical_address
  C:25FAH         PUBLIC        _LT9611_HDMI_TX_Digital
  C:4494H         PUBLIC        LT9611_HDMI_Out_Disable
  C:2986H         PUBLIC        _LT9611_MIPI_Video_Timing
  C:44B5H         PUBLIC        LT9611_CSC
  C:3D20H         PUBLIC        LT9611_MIPI_Input_Analog
  C:335FH         PUBLIC        LT9611_MIPI_Input_Digtal
  X:010AH         PUBLIC        PCR_Format
  X:010BH         PUBLIC        lt9611
  C:1C5BH         PUBLIC        _lt9611_cec_msg_rx_parse
  C:0DD9H         PUBLIC        video_720x480_60Hz
  D:0098H         PUBLIC        SCON
  C:457BH         PUBLIC        lt9611_broad_cast_demo
  C:0DBCH         PUBLIC        video_640x480_60Hz
  D:0088H         PUBLIC        TCON
  C:41BCH         PUBLIC        LT9611_IRQ_Task
  C:452BH         PUBLIC        LT9611_IRQ_Init
  C:444EH         PUBLIC        LT9611_RST_PD_Init
  C:0DF6H         PUBLIC        video_720x576_50Hz
  C:3905H         PUBLIC        LT9611_HDMI_Out_Enable
  C:1F26H         PUBLIC        _LT9611_PLL
  B:0088H.1       PUBLIC        IE0
  C:39F8H         PUBLIC        LT9611_Audio_Init
  C:21D5H         PUBLIC        _lt9611_parse_physical_address
  C:3889H         PUBLIC        _lt9611_hdmi_cec_read
  D:00F8H         PUBLIC        SCON_1
  C:2F93H         PUBLIC        _LT9611_Enable_Interrupts
  C:4086H         PUBLIC        LT9611_Chip_ID
  C:240FH         PUBLIC        LT9611_Read_EDID
  C:397FH         PUBLIC        _lt9611_cec_msg_Interrupt_Handle
  C:3B3BH         PUBLIC        LT9611_Vid_Chg_Interrupt_Handle
  C:3F9CH         PUBLIC        _lt9611_cec_report_physical_address
  C:3C03H         PUBLIC        LT9611_System_Init
  X:0114H         PUBLIC        flag_cec_data_received
  D:009BH         PUBLIC        EIE
  C:35E2H         PUBLIC        _lt9611_hdmi_cec_write
  C:30A3H         PUBLIC        LT9611_Dphy_debug
  C:4295H         PUBLIC        LT9611_pattern
  X:0115H         SYMBOL        CEC_RxData_Buff
  D:00E8H         PUBLIC        ADCCON0
  X:0125H         SYMBOL        CEC_TxData_Buff
  D:00C0H         PUBLIC        I2CON
  C:2B30H         PUBLIC        LT9611_Frequency_Meter_Byte_Clk
  D:00ECH         PUBLIC        PIF
  C:0E4DH         PUBLIC        video_1280x720_30Hz
  C:0E30H         PUBLIC        video_1280x720_50Hz
  C:3806H         PUBLIC        LT9611_Pcr_MK_Print
  C:0E13H         PUBLIC        video_1280x720_60Hz
  C:0F6FH         PUBLIC        video_1920x720_60Hz
BL51 BANKED LINKER/LOCATER V6.22                                                      07/22/2021  11:21:36  PAGE 19


  C:4595H         PUBLIC        _LT9611_Globe_Interrupts
  D:00C8H         PUBLIC        T2CON
  X:0137H         PUBLIC        lt9611_cec_msg
  C:3550H         PUBLIC        LT9611_Init
  C:4471H         PUBLIC        LT9611_HDCP_Init
  C:27C8H         PUBLIC        _LT9611_pattern_gcm
  C:3BA0H         PUBLIC        _lt9611_cec_device_polling
  C:32A3H         PUBLIC        _LT9611_pattern_pixel_clk
  D:00D0H         PUBLIC        PSW
  C:44F2H         PUBLIC        _lt9611_cec_la_allocation
  -------         PROC          _DELAY_1MS
  D:0007H         SYMBOL        cnt
  -------         DO            
  X:0000H         SYMBOL        i
  X:0002H         SYMBOL        j
  -------         ENDDO         
  C:40D6H         LINE#         127
  C:40D6H         LINE#         128
  C:40D6H         LINE#         131
  C:40E4H         LINE#         132
  C:40F3H         LINE#         133
  C:40F3H         LINE#         134
  C:40F7H         LINE#         135
  C:4105H         LINE#         137
  C:4105H         LINE#         138
  C:4113H         LINE#         139
  C:4113H         LINE#         140
  C:411AH         LINE#         141
  C:411EH         LINE#         142
  C:4121H         LINE#         143
  C:4121H         LINE#         145
  C:4121H         LINE#         146
  C:4123H         LINE#         147
  C:4123H         LINE#         148
  -------         ENDPROC       _DELAY_1MS
  -------         PROC          LT9611_CHIP_ID
  C:4086H         LINE#         150
  C:4086H         LINE#         151
  C:4086H         LINE#         152
  C:408DH         LINE#         153
  C:4094H         LINE#         154
  C:40C1H         LINE#         156
  C:40C8H         LINE#         157
  C:40CFH         LINE#         158
  -------         ENDPROC       LT9611_CHIP_ID
  -------         PROC          LT9611_RST_PD_INIT
  C:444EH         LINE#         161
  C:444EH         LINE#         162
  C:444EH         LINE#         164
  C:4455H         LINE#         165
  C:445CH         LINE#         166
  C:4463H         LINE#         167
  C:446AH         LINE#         168
  -------         ENDPROC       LT9611_RST_PD_INIT
  -------         PROC          _LT9611_LOWPOWER_MODE
  D:0007H         SYMBOL        on
  C:3AD6H         LINE#         171
BL51 BANKED LINKER/LOCATER V6.22                                                      07/22/2021  11:21:36  PAGE 20


  C:3AD6H         LINE#         172
  C:3AD6H         LINE#         175
  C:3ADDH         LINE#         176
  C:3ADDH         LINE#         177
  C:3AE0H         LINE#         178
  C:3AE7H         LINE#         179
  C:3AEEH         LINE#         180
  C:3AF5H         LINE#         182
  C:3AFCH         LINE#         183
  C:3B03H         LINE#         184
  C:3B09H         LINE#         185
  C:3B0BH         LINE#         187
  C:3B0BH         LINE#         188
  C:3B0EH         LINE#         189
  C:3B15H         LINE#         190
  C:3B1CH         LINE#         191
  C:3B23H         LINE#         193
  C:3B2AH         LINE#         194
  C:3B31H         LINE#         195
  C:3B3AH         LINE#         196
  C:3B3AH         LINE#         197
  -------         ENDPROC       _LT9611_LOWPOWER_MODE
  -------         PROC          LT9611_SYSTEM_INIT
  C:3C03H         LINE#         199
  C:3C03H         LINE#         200
  C:3C03H         LINE#         201
  C:3C0AH         LINE#         202
  C:3C11H         LINE#         204
  C:3C18H         LINE#         205
  C:3C1FH         LINE#         206
  C:3C26H         LINE#         207
  C:3C2DH         LINE#         208
  C:3C34H         LINE#         211
  C:3C3BH         LINE#         212
  C:3C42H         LINE#         213
  C:3C49H         LINE#         214
  C:3C50H         LINE#         215
  C:3C57H         LINE#         216
  C:3C5EH         LINE#         217
  -------         ENDPROC       LT9611_SYSTEM_INIT
  -------         PROC          LT9611_MIPI_INPUT_ANALOG
  C:3D20H         LINE#         220
  C:3D20H         LINE#         221
  C:3D20H         LINE#         223
  C:3D27H         LINE#         225
  C:3D2EH         LINE#         226
  C:3D35H         LINE#         227
  C:3D3CH         LINE#         228
  C:3D43H         LINE#         229
  C:3D4AH         LINE#         231
  C:3D51H         LINE#         232
  C:3D58H         LINE#         233
  C:3D5FH         LINE#         234
  C:3D66H         LINE#         235
  C:3D6DH         LINE#         237
  C:3D74H         LINE#         238
  -------         ENDPROC       LT9611_MIPI_INPUT_ANALOG
BL51 BANKED LINKER/LOCATER V6.22                                                      07/22/2021  11:21:36  PAGE 21


  -------         PROC          LT9611_MIPI_INPUT_DIGTAL
  -------         DO            
  X:0165H         SYMBOL        lanes
  -------         ENDDO         
  C:335FH         LINE#         241
  C:335FH         LINE#         242
  C:335FH         LINE#         244
  C:3367H         LINE#         246
  C:3374H         LINE#         248
  C:337BH         LINE#         249
  C:3382H         LINE#         250
  C:3389H         LINE#         252
  C:3390H         LINE#         253
  C:339AH         LINE#         254
  C:33A1H         LINE#         255
  C:33A8H         LINE#         256
  C:33AFH         LINE#         258
  C:33B6H         LINE#         259
  C:33B6H         LINE#         260
  C:33BDH         LINE#         261
  C:33C3H         LINE#         262
  C:33C5H         LINE#         264
  C:33C5H         LINE#         265
  C:33CCH         LINE#         266
  C:33D5H         LINE#         267
  C:33D5H         LINE#         270
  C:33DDH         LINE#         271
  C:33DDH         LINE#         272
  C:33E6H         LINE#         273
  C:33EDH         LINE#         274
  C:33F4H         LINE#         275
  C:33FBH         LINE#         277
  C:3401H         LINE#         278
  C:3401H         LINE#         279
  C:3408H         LINE#         280
  C:340FH         LINE#         281
  C:340FH         LINE#         282
  C:340FH         LINE#         284
  C:3418H         LINE#         286
  -------         ENDPROC       LT9611_MIPI_INPUT_DIGTAL
  -------         PROC          LT9611_VIDEO_CHECK
  -------         DO            
  X:0168H         SYMBOL        mipi_video_format
  X:0169H         SYMBOL        h_act
  X:016BH         SYMBOL        h_act_a
  X:016DH         SYMBOL        h_act_b
  X:016FH         SYMBOL        v_act
  X:0171H         SYMBOL        v_tal
  X:0173H         SYMBOL        h_total_sysclk
  -------         ENDDO         
  C:0F8CH         LINE#         288
  C:0F8CH         LINE#         289
  C:0F8CH         LINE#         291
  C:0F91H         LINE#         295
  C:0F98H         LINE#         296
  C:0FA5H         LINE#         297
  C:0FBFH         LINE#         298
BL51 BANKED LINKER/LOCATER V6.22                                                      07/22/2021  11:21:36  PAGE 22


  C:0FC8H         LINE#         299
  C:0FD1H         LINE#         300
  C:0FE9H         LINE#         302
  C:0FF6H         LINE#         303
  C:1010H         LINE#         304
  C:101DH         LINE#         305
  C:1037H         LINE#         307
  C:103EH         LINE#         308
  C:104BH         LINE#         309
  C:1065H         LINE#         311
  C:1072H         LINE#         312
  C:108CH         LINE#         315
  C:1093H         LINE#         316
  C:1093H         LINE#         317
  C:109CH         LINE#         318
  C:10A7H         LINE#         319
  C:10B0H         LINE#         320
  C:10B2H         LINE#         321
  C:10B8H         LINE#         322
  C:10B8H         LINE#         323
  C:10C1H         LINE#         324
  C:10D8H         LINE#         325
  C:10EDH         LINE#         326
  C:10EDH         LINE#         328
  C:10F7H         LINE#         330
  C:113CH         LINE#         331
  C:114DH         LINE#         333
  C:1154H         LINE#         334
  C:116CH         LINE#         336
  C:117BH         LINE#         339
  C:1184H         LINE#         343
  C:11B0H         LINE#         344
  C:11B0H         LINE#         345
  C:11B9H         LINE#         346
  C:11BFH         LINE#         347
  C:11CDH         LINE#         348
  C:11D0H         LINE#         349
  C:11FCH         LINE#         350
  C:11FCH         LINE#         351
  C:1205H         LINE#         352
  C:120BH         LINE#         353
  C:1219H         LINE#         354
  C:121CH         LINE#         356
  C:1248H         LINE#         357
  C:1248H         LINE#         358
  C:1251H         LINE#         359
  C:1257H         LINE#         360
  C:1265H         LINE#         361
  C:1268H         LINE#         363
  C:1299H         LINE#         364
  C:1299H         LINE#         365
  C:12A8H         LINE#         366
  C:12A8H         LINE#         367
  C:12B1H         LINE#         368
  C:12B7H         LINE#         369
  C:12C5H         LINE#         370
  C:12C8H         LINE#         371
BL51 BANKED LINKER/LOCATER V6.22                                                      07/22/2021  11:21:36  PAGE 23


  C:12D7H         LINE#         372
  C:12D7H         LINE#         373
  C:12E0H         LINE#         374
  C:12E6H         LINE#         375
  C:12F4H         LINE#         376
  C:12F7H         LINE#         377
  C:1309H         LINE#         378
  C:1309H         LINE#         379
  C:1312H         LINE#         380
  C:1318H         LINE#         381
  C:1326H         LINE#         382
  C:1326H         LINE#         383
  C:1329H         LINE#         385
  C:135AH         LINE#         386
  C:135AH         LINE#         387
  C:1369H         LINE#         388
  C:1369H         LINE#         389
  C:1372H         LINE#         390
  C:1378H         LINE#         391
  C:1386H         LINE#         392
  C:1389H         LINE#         394
  C:1398H         LINE#         395
  C:1398H         LINE#         396
  C:13A1H         LINE#         397
  C:13A7H         LINE#         398
  C:13B5H         LINE#         399
  C:13B8H         LINE#         401
  C:13C7H         LINE#         402
  C:13C7H         LINE#         403
  C:13D0H         LINE#         404
  C:13D6H         LINE#         405
  C:13E4H         LINE#         406
  C:13E7H         LINE#         408
  C:13F6H         LINE#         409
  C:13F6H         LINE#         410
  C:13FFH         LINE#         411
  C:1405H         LINE#         412
  C:1413H         LINE#         413
  C:1416H         LINE#         415
  C:1428H         LINE#         416
  C:1428H         LINE#         417
  C:1431H         LINE#         418
  C:1437H         LINE#         419
  C:1445H         LINE#         420
  C:1445H         LINE#         421
  C:1448H         LINE#         422
  C:1479H         LINE#         423
  C:1479H         LINE#         424
  C:1488H         LINE#         425
  C:1488H         LINE#         426
  C:1491H         LINE#         427
  C:1497H         LINE#         428
  C:14A5H         LINE#         429
  C:14A7H         LINE#         430
  C:14B6H         LINE#         431
  C:14B6H         LINE#         432
  C:14BFH         LINE#         433
BL51 BANKED LINKER/LOCATER V6.22                                                      07/22/2021  11:21:36  PAGE 24


  C:14C5H         LINE#         434
  C:14D3H         LINE#         435
  C:14D5H         LINE#         436
  C:14E4H         LINE#         437
  C:14E4H         LINE#         438
  C:14EDH         LINE#         439
  C:14F3H         LINE#         440
  C:1501H         LINE#         441
  C:1501H         LINE#         442
  C:1503H         LINE#         643
  C:1503H         LINE#         644
  C:1508H         LINE#         645
  C:1511H         LINE#         646
  C:1511H         LINE#         647
  C:151AH         LINE#         648
  -------         ENDPROC       LT9611_VIDEO_CHECK
  -------         PROC          _LT9611_MIPI_VIDEO_TIMING
  X:016BH         SYMBOL        video_format
  C:2986H         LINE#         654
  C:2991H         LINE#         655
  C:2991H         LINE#         656
  C:2998H         LINE#         657
  C:29B1H         LINE#         658
  C:29C8H         LINE#         659
  C:29E1H         LINE#         660
  C:29F8H         LINE#         661
  C:2A11H         LINE#         662
  C:2A28H         LINE#         663
  C:2A41H         LINE#         664
  C:2A58H         LINE#         665
  C:2A6FH         LINE#         666
  C:2A86H         LINE#         667
  C:2A9DH         LINE#         668
  C:2AC3H         LINE#         669
  C:2AD7H         LINE#         670
  C:2B0AH         LINE#         671
  -------         ENDPROC       _LT9611_MIPI_VIDEO_TIMING
  C:2E6DH         SYMBOL        L?0393
  -------         PROC          L?0392
  -------         ENDPROC       L?0392
  C:2E6DH         SYMBOL        L?0393
  -------         PROC          _LT9611_MIPI_PCR
  D:0001H         SYMBOL        video_format
  -------         DO            
  X:0168H         SYMBOL        POL
  X:0169H         SYMBOL        hact
  -------         ENDDO         
  C:2E78H         LINE#         674
  C:2E78H         LINE#         675
  C:2E78H         LINE#         678
  C:2E88H         LINE#         679
  C:2E9CH         LINE#         680
  C:2E9EH         LINE#         681
  C:2EA1H         LINE#         683
  C:2EA8H         LINE#         685
  C:2EB0H         LINE#         686
  C:2EB0H         LINE#         687
BL51 BANKED LINKER/LOCATER V6.22                                                      07/22/2021  11:21:36  PAGE 25


  C:2EC6H         LINE#         688
  C:2ED2H         LINE#         690
  C:2EEDH         LINE#         692
  C:2EF7H         LINE#         693
  C:2F02H         LINE#         695
  C:2F0CH         LINE#         696
  C:2F12H         LINE#         697
  C:2F14H         LINE#         700
  C:2F14H         LINE#         701
  C:2F1BH         LINE#         702
  C:2F22H         LINE#         704
  C:2F29H         LINE#         705
  C:2F30H         LINE#         706
  C:2F30H         LINE#         709
  C:2F37H         LINE#         712
  C:2F3EH         LINE#         713
  C:2F45H         LINE#         715
  C:2F4CH         LINE#         718
  C:2F53H         LINE#         719
  C:2F5FH         LINE#         754
  C:2F6DH         LINE#         756
  C:2F74H         LINE#         757
  C:2F7EH         LINE#         759
  C:2F85H         LINE#         760
  C:2F8CH         LINE#         761
  -------         ENDPROC       _LT9611_MIPI_PCR
  C:1F1BH         SYMBOL        L?0389
  -------         PROC          L?0388
  -------         ENDPROC       L?0388
  C:1F1BH         SYMBOL        L?0389
  -------         PROC          _LT9611_PLL
  D:0001H         SYMBOL        video_format
  -------         DO            
  X:0168H         SYMBOL        pclk
  D:0007H         SYMBOL        pll_lock_flag
  X:016CH         SYMBOL        cal_done_flag
  X:016DH         SYMBOL        band_out
  X:016EH         SYMBOL        hdmi_post_div
  X:016FH         SYMBOL        i
  -------         ENDDO         
  C:1F26H         LINE#         764
  C:1F26H         LINE#         765
  C:1F26H         LINE#         770
  C:1F32H         LINE#         771
  C:1F4FH         LINE#         773
  C:1F56H         LINE#         774
  C:1F5DH         LINE#         775
  C:1F64H         LINE#         776
  C:1F6BH         LINE#         777
  C:1F72H         LINE#         778
  C:1F79H         LINE#         781
  C:1F80H         LINE#         783
  C:1F87H         LINE#         784
  C:1F8EH         LINE#         786
  C:1F95H         LINE#         788
  C:1FB1H         LINE#         789
  C:1FB1H         LINE#         790
BL51 BANKED LINKER/LOCATER V6.22                                                      07/22/2021  11:21:36  PAGE 26


  C:1FB8H         LINE#         791
  C:1FBEH         LINE#         792
  C:1FC0H         LINE#         793
  C:1FDCH         LINE#         794
  C:1FDCH         LINE#         795
  C:1FE3H         LINE#         796
  C:1FE9H         LINE#         797
  C:1FEBH         LINE#         799
  C:1FEBH         LINE#         800
  C:1FF2H         LINE#         801
  C:1FF8H         LINE#         802
  C:1FF8H         LINE#         804
  C:2032H         LINE#         805
  C:2035H         LINE#         806
  C:204BH         LINE#         808
  C:2052H         LINE#         809
  C:2059H         LINE#         810
  C:2060H         LINE#         811
  C:206CH         LINE#         813
  C:2089H         LINE#         814
  C:2090H         LINE#         815
  C:20AEH         LINE#         816
  C:20C1H         LINE#         817
  C:20DFH         LINE#         818
  C:20F3H         LINE#         820
  C:20FAH         LINE#         821
  C:2101H         LINE#         823
  C:2108H         LINE#         824
  C:210FH         LINE#         825
  C:2116H         LINE#         826
  C:211DH         LINE#         827
  C:2124H         LINE#         828
  C:212BH         LINE#         829
  C:2132H         LINE#         832
  C:2137H         LINE#         833
  C:2137H         LINE#         834
  C:213EH         LINE#         835
  C:2145H         LINE#         836
  C:214CH         LINE#         837
  C:2153H         LINE#         838
  C:215DH         LINE#         839
  C:2167H         LINE#         840
  C:216CH         LINE#         842
  C:217DH         LINE#         843
  C:217DH         LINE#         844
  C:218BH         LINE#         845
  C:218BH         LINE#         846
  C:218BH         LINE#         848
  C:218BH         LINE#         849
  C:2192H         LINE#         850
  C:2199H         LINE#         851
  C:21A0H         LINE#         852
  C:21A7H         LINE#         853
  C:21AEH         LINE#         854
  C:21B5H         LINE#         855
  C:21BCH         LINE#         856
  C:21C5H         LINE#         857
BL51 BANKED LINKER/LOCATER V6.22                                                      07/22/2021  11:21:36  PAGE 27


  C:21C5H         LINE#         858
  C:21D4H         LINE#         859
  -------         ENDPROC       _LT9611_PLL
  -------         PROC          LT9611_HDMI_TX_PHY
  C:36FBH         LINE#         861
  C:36FBH         LINE#         862
  C:36FBH         LINE#         863
  C:3702H         LINE#         864
  C:3709H         LINE#         865
  C:370FH         LINE#         866
  C:370FH         LINE#         867
  C:3716H         LINE#         868
  C:371CH         LINE#         869
  C:371EH         LINE#         871
  C:371EH         LINE#         872
  C:3725H         LINE#         873
  C:372EH         LINE#         874
  C:372EH         LINE#         875
  C:3735H         LINE#         876
  C:373CH         LINE#         877
  C:3743H         LINE#         878
  C:374AH         LINE#         879
  C:3751H         LINE#         880
  C:3758H         LINE#         881
  C:375FH         LINE#         882
  C:3766H         LINE#         883
  C:376DH         LINE#         884
  C:3774H         LINE#         885
  C:377BH         LINE#         886
  -------         ENDPROC       LT9611_HDMI_TX_PHY
  -------         PROC          LT9611_HDCP_INIT
  C:4471H         LINE#         911
  C:4471H         LINE#         912
  C:4471H         LINE#         913
  C:4478H         LINE#         914
  C:447FH         LINE#         915
  C:4486H         LINE#         917
  C:448DH         LINE#         919
  -------         ENDPROC       LT9611_HDCP_INIT
  -------         PROC          LT9611_LOAD_HDCP_KEY
  C:3A6DH         LINE#         923
  C:3A6DH         LINE#         924
  C:3A6DH         LINE#         925
  C:3A74H         LINE#         926
  C:3A7BH         LINE#         928
  C:3A82H         LINE#         930
  C:3A89H         LINE#         931
  C:3A90H         LINE#         932
  C:3A97H         LINE#         933
  C:3A9EH         LINE#         935
  C:3AA5H         LINE#         936
  C:3AB0H         LINE#         941
  C:3ABBH         LINE#         942
  C:3ABBH         LINE#         943
  C:3ABFH         LINE#         944
  C:3AC1H         LINE#         947
  C:3AC1H         LINE#         948
BL51 BANKED LINKER/LOCATER V6.22                                                      07/22/2021  11:21:36  PAGE 28


  C:3AC8H         LINE#         949
  C:3AC8H         LINE#         951
  C:3ACFH         LINE#         952
  -------         ENDPROC       LT9611_LOAD_HDCP_KEY
  -------         PROC          LT9611_HDCP_ENABLE
  C:42D2H         LINE#         955
  C:42D2H         LINE#         956
  C:42D2H         LINE#         957
  C:42D9H         LINE#         958
  C:42E0H         LINE#         959
  C:42E7H         LINE#         960
  C:42EEH         LINE#         961
  C:42F5H         LINE#         962
  C:42FCH         LINE#         963
  C:4303H         LINE#         964
  -------         ENDPROC       LT9611_HDCP_ENABLE
  -------         PROC          LT9611_HDCP_DISABLE
  C:45AEH         LINE#         967
  C:45AEH         LINE#         968
  C:45AEH         LINE#         969
  C:45B5H         LINE#         970
  C:45BCH         LINE#         971
  -------         ENDPROC       LT9611_HDCP_DISABLE
  -------         PROC          LT9611_HDMI_OUT_ENABLE
  C:3905H         LINE#         974
  C:3905H         LINE#         975
  C:3905H         LINE#         976
  C:390CH         LINE#         977
  C:3913H         LINE#         979
  C:391AH         LINE#         980
  C:3921H         LINE#         981
  C:3928H         LINE#         983
  C:392FH         LINE#         984
  C:3936H         LINE#         985
  C:393DH         LINE#         986
  C:3944H         LINE#         987
  C:394BH         LINE#         989
  C:3952H         LINE#         990
  C:3959H         LINE#         992
  C:3960H         LINE#         993
  C:3967H         LINE#         995
  C:396EH         LINE#         996
  C:396EH         LINE#         997
  C:3971H         LINE#         998
  C:3973H         LINE#         1000
  C:3973H         LINE#         1001
  C:3976H         LINE#         1002
  C:3976H         LINE#         1004
  -------         ENDPROC       LT9611_HDMI_OUT_ENABLE
  -------         PROC          LT9611_HDMI_OUT_DISABLE
  C:4494H         LINE#         1007
  C:4494H         LINE#         1008
  C:4494H         LINE#         1009
  C:449BH         LINE#         1010
  C:44A2H         LINE#         1011
  C:44A9H         LINE#         1012
  C:44B2H         LINE#         1013
BL51 BANKED LINKER/LOCATER V6.22                                                      07/22/2021  11:21:36  PAGE 29


  -------         ENDPROC       LT9611_HDMI_OUT_DISABLE
  C:25EFH         SYMBOL        L?0391
  -------         PROC          L?0390
  -------         ENDPROC       L?0390
  C:25EFH         SYMBOL        L?0391
  -------         PROC          _LT9611_HDMI_TX_DIGITAL
  D:0001H         SYMBOL        video_format
  -------         DO            
  X:0168H         SYMBOL        VIC
  X:0169H         SYMBOL        AR
  X:016AH         SYMBOL        pb0
  X:016BH         SYMBOL        pb2
  X:016CH         SYMBOL        pb4
  X:016DH         SYMBOL        infoFrame_en
  -------         ENDDO         
  C:25FAH         LINE#         1016
  C:25FAH         LINE#         1017
  C:25FAH         LINE#         1019
  C:2604H         LINE#         1020
  C:260EH         LINE#         1024
  C:2614H         LINE#         1026
  C:2621H         LINE#         1028
  C:262EH         LINE#         1030
  C:2636H         LINE#         1031
  C:2636H         LINE#         1032
  C:263BH         LINE#         1033
  C:263DH         LINE#         1035
  C:263DH         LINE#         1036
  C:2642H         LINE#         1037
  C:2642H         LINE#         1039
  C:268DH         LINE#         1041
  C:2694H         LINE#         1043
  C:269BH         LINE#         1044
  C:269BH         LINE#         1045
  C:26A2H         LINE#         1046
  C:26A8H         LINE#         1047
  C:26AAH         LINE#         1048
  C:26B0H         LINE#         1049
  C:26B0H         LINE#         1050
  C:26B7H         LINE#         1051
  C:26C0H         LINE#         1052
  C:26C0H         LINE#         1054
  C:26C6H         LINE#         1055
  C:26C6H         LINE#         1056
  C:26CDH         LINE#         1057
  C:26CDH         LINE#         1059
  C:26D4H         LINE#         1060
  C:26D4H         LINE#         1061
  C:26DBH         LINE#         1062
  C:26DBH         LINE#         1065
  C:26E2H         LINE#         1066
  C:26ECH         LINE#         1068
  C:26F6H         LINE#         1069
  C:2700H         LINE#         1070
  C:2707H         LINE#         1071
  C:270EH         LINE#         1072
  C:2715H         LINE#         1076
BL51 BANKED LINKER/LOCATER V6.22                                                      07/22/2021  11:21:36  PAGE 30


  C:2721H         LINE#         1077
  C:2721H         LINE#         1078
  C:2724H         LINE#         1079
  C:2730H         LINE#         1081
  C:2737H         LINE#         1082
  C:273EH         LINE#         1083
  C:2745H         LINE#         1084
  C:274CH         LINE#         1085
  C:2753H         LINE#         1086
  C:275AH         LINE#         1087
  C:2761H         LINE#         1088
  C:2768H         LINE#         1089
  C:276CH         LINE#         1090
  C:276EH         LINE#         1092
  C:276EH         LINE#         1093
  C:2771H         LINE#         1094
  C:277BH         LINE#         1095
  C:277BH         LINE#         1097
  C:2781H         LINE#         1098
  C:2781H         LINE#         1099
  C:2788H         LINE#         1100
  C:278FH         LINE#         1101
  C:2796H         LINE#         1102
  C:279DH         LINE#         1104
  C:27A4H         LINE#         1105
  C:27ABH         LINE#         1106
  C:27B2H         LINE#         1107
  C:27B9H         LINE#         1108
  C:27C0H         LINE#         1109
  C:27C7H         LINE#         1110
  C:27C7H         LINE#         1111
  -------         ENDPROC       _LT9611_HDMI_TX_DIGITAL
  -------         PROC          LT9611_CSC
  C:44B5H         LINE#         1113
  C:44B5H         LINE#         1114
  C:44B5H         LINE#         1115
  C:44BCH         LINE#         1116
  C:44BCH         LINE#         1117
  C:44C3H         LINE#         1118
  C:44CAH         LINE#         1119
  C:44D3H         LINE#         1120
  C:44D3H         LINE#         1121
  -------         ENDPROC       LT9611_CSC
  -------         PROC          LT9611_AUDIO_INIT
  C:39F8H         LINE#         1124
  C:39F8H         LINE#         1125
  C:39F8H         LINE#         1127
  C:39FEH         LINE#         1128
  C:39FEH         LINE#         1129
  C:3A07H         LINE#         1131
  C:3A0EH         LINE#         1132
  C:3A15H         LINE#         1133
  C:3A1CH         LINE#         1136
  C:3A23H         LINE#         1137
  C:3A2AH         LINE#         1139
  C:3A31H         LINE#         1140
  C:3A38H         LINE#         1141
BL51 BANKED LINKER/LOCATER V6.22                                                      07/22/2021  11:21:36  PAGE 31


  C:3A3FH         LINE#         1161
  C:3A3FH         LINE#         1163
  C:3A47H         LINE#         1164
  C:3A47H         LINE#         1165
  C:3A50H         LINE#         1167
  C:3A57H         LINE#         1168
  C:3A5EH         LINE#         1169
  C:3A65H         LINE#         1171
  C:3A6CH         LINE#         1172
  C:3A6CH         LINE#         1174
  -------         ENDPROC       LT9611_AUDIO_INIT
  -------         PROC          LT9611_READ_EDID
  -------         DO            
  X:0168H         SYMBOL        i
  X:0169H         SYMBOL        j
  X:016AH         SYMBOL        edid_data
  X:016BH         SYMBOL        extended_flag
  C:25E1H         SYMBOL        end
  -------         ENDDO         
  C:240FH         LINE#         1177
  C:240FH         LINE#         1178
  C:240FH         LINE#         1182
  C:2414H         LINE#         1184
  C:2421H         LINE#         1186
  C:2428H         LINE#         1188
  C:242FH         LINE#         1189
  C:2436H         LINE#         1190
  C:243DH         LINE#         1191
  C:2444H         LINE#         1192
  C:244BH         LINE#         1194
  C:245DH         LINE#         1195
  C:245DH         LINE#         1196
  C:2468H         LINE#         1197
  C:246FH         LINE#         1198
  C:2476H         LINE#         1199
  C:247DH         LINE#         1200
  C:2488H         LINE#         1201
  C:2494H         LINE#         1202
  C:2494H         LINE#         1203
  C:249EH         LINE#         1204
  C:249EH         LINE#         1205
  C:249EH         LINE#         1206
  C:24A1H         LINE#         1207
  C:24A1H         LINE#         1209
  C:24A1H         LINE#         1210
  C:24AAH         LINE#         1211
  C:24AFH         LINE#         1212
  C:24AFH         LINE#         1213
  C:24B9H         LINE#         1214
  C:24DDH         LINE#         1215
  C:24E5H         LINE#         1216
  C:24E5H         LINE#         1217
  C:24EDH         LINE#         1218
  C:24EDH         LINE#         1219
  C:24FEH         LINE#         1220
  C:250AH         LINE#         1221
  C:2511H         LINE#         1222
BL51 BANKED LINKER/LOCATER V6.22                                                      07/22/2021  11:21:36  PAGE 32


  C:2511H         LINE#         1223
  C:251AH         LINE#         1224
  C:251AH         LINE#         1225
  C:251DH         LINE#         1226
  C:251DH         LINE#         1234
  C:251DH         LINE#         1235
  C:2526H         LINE#         1237
  C:2532H         LINE#         1238
  C:2532H         LINE#         1239
  C:2532H         LINE#         1240
  C:2532H         LINE#         1242
  C:2544H         LINE#         1243
  C:2544H         LINE#         1244
  C:254FH         LINE#         1245
  C:2556H         LINE#         1246
  C:255DH         LINE#         1247
  C:2564H         LINE#         1248
  C:256FH         LINE#         1249
  C:2578H         LINE#         1250
  C:2578H         LINE#         1251
  C:2582H         LINE#         1252
  C:2582H         LINE#         1253
  C:2588H         LINE#         1254
  C:258AH         LINE#         1255
  C:258AH         LINE#         1257
  C:258AH         LINE#         1258
  C:2593H         LINE#         1259
  C:2598H         LINE#         1260
  C:2598H         LINE#         1261
  C:25A2H         LINE#         1263
  C:25AFH         LINE#         1264
  C:25BBH         LINE#         1265
  C:25C2H         LINE#         1266
  C:25C2H         LINE#         1267
  C:25CBH         LINE#         1268
  C:25CBH         LINE#         1269
  C:25CDH         LINE#         1270
  C:25CDH         LINE#         1275
  C:25CDH         LINE#         1276
  C:25D6H         LINE#         1277
  C:25D8H         LINE#         1278
  C:25D8H         LINE#         1279
  C:25E1H         LINE#         1280
  C:25E1H         LINE#         1281
[...]
  C:3B3BH         LINE#         2187
  C:3B3BH         LINE#         2189
  C:3B44H         LINE#         2191
  C:3B4BH         LINE#         2192
  C:3B52H         LINE#         2193
  C:3B59H         LINE#         2195
  C:3B60H         LINE#         2196
  C:3B67H         LINE#         2199
BL51 BANKED LINKER/LOCATER V6.22                                                      07/22/2021  11:21:36  PAGE 46


  C:3B6AH         LINE#         2201
  C:3B70H         LINE#         2202
  C:3B70H         LINE#         2203
  C:3B77H         LINE#         2204
  C:3B7EH         LINE#         2205
  C:3B89H         LINE#         2206
  C:3B90H         LINE#         2208
  C:3B93H         LINE#         2209
  C:3B96H         LINE#         2210
  C:3B99H         LINE#         2211
  C:3B9CH         LINE#         2212
  C:3B9CH         LINE#         2214
  C:3B9CH         LINE#         2216
  C:3B9FH         LINE#         2217
  C:3B9FH         LINE#         2218
  -------         ENDPROC       LT9611_VID_CHG_INTERRUPT_HANDLE
  -------         PROC          _LT9611_CEC_MSG_INTERRUPT_HANDLE
  X:0168H         SYMBOL        cec_msg
  -------         DO            
  D:0007H         SYMBOL        cec_status
  -------         ENDDO         
  C:397FH         LINE#         2221
  C:398AH         LINE#         2222
  C:398AH         LINE#         2225
  C:3991H         LINE#         2226
  C:3996H         LINE#         2228
  C:39A5H         LINE#         2229
  C:39B2H         LINE#         2231
  C:39B9H         LINE#         2232
  C:39C0H         LINE#         2233
  C:39C7H         LINE#         2235
  C:39CEH         LINE#         2236
  C:39D5H         LINE#         2237
  C:39DCH         LINE#         2239
  C:39EAH         LINE#         2240
  -------         ENDPROC       _LT9611_CEC_MSG_INTERRUPT_HANDLE
  -------         PROC          _LT9611_PATTERN_GCM
  X:01B2H         SYMBOL        video_format
  -------         DO            
  X:01B5H         SYMBOL        POL
  -------         ENDDO         
  C:27C8H         LINE#         2250
  C:27D3H         LINE#         2251
  C:27D3H         LINE#         2253
  C:27F7H         LINE#         2254
  C:27F9H         LINE#         2255
  C:27FCH         LINE#         2257
  C:2803H         LINE#         2258
  C:2827H         LINE#         2259
  C:284DH         LINE#         2260
  C:2873H         LINE#         2261
  C:288CH         LINE#         2262
  C:28A3H         LINE#         2263
  C:28BCH         LINE#         2264
  C:28D3H         LINE#         2265
  C:28ECH         LINE#         2266
  C:2903H         LINE#         2267
BL51 BANKED LINKER/LOCATER V6.22                                                      07/22/2021  11:21:36  PAGE 47


  C:291CH         LINE#         2268
  C:2933H         LINE#         2269
  C:294CH         LINE#         2270
  C:2963H         LINE#         2271
  C:297AH         LINE#         2273
  -------         ENDPROC       _LT9611_PATTERN_GCM
  -------         PROC          _LT9611_PATTERN_PIXEL_CLK
  D:0001H         SYMBOL        video_format
  -------         DO            
  X:01B6H         SYMBOL        pclk
  -------         ENDDO         
  C:32A3H         LINE#         2276
  C:32A3H         LINE#         2277
  C:32A3H         LINE#         2279
  C:32AFH         LINE#         2280
  C:32CCH         LINE#         2283
  C:32D3H         LINE#         2284
  C:32DAH         LINE#         2286
  C:32F6H         LINE#         2287
  C:32F6H         LINE#         2288
  C:32FDH         LINE#         2289
  C:3304H         LINE#         2290
  C:3304H         LINE#         2291
  C:3320H         LINE#         2292
  C:3320H         LINE#         2293
  C:3327H         LINE#         2294
  C:3327H         LINE#         2295
  C:3343H         LINE#         2296
  C:3343H         LINE#         2297
  C:334AH         LINE#         2298
  C:334AH         LINE#         2299
  C:3351H         LINE#         2300
  C:3358H         LINE#         2301
  -------         ENDPROC       _LT9611_PATTERN_PIXEL_CLK
  -------         PROC          LT9611_PATTERN_EN
  C:462FH         LINE#         2304
  C:462FH         LINE#         2305
  C:462FH         LINE#         2306
  C:4636H         LINE#         2307
  C:463DH         LINE#         2308
  -------         ENDPROC       LT9611_PATTERN_EN
  -------         PROC          LT9611_PATTERN
  C:4295H         LINE#         2311
  C:4295H         LINE#         2312
  C:4295H         LINE#         2317
  C:42A3H         LINE#         2327
  C:42A6H         LINE#         2328
  C:42A9H         LINE#         2329
  C:42ACH         LINE#         2330
  C:42AFH         LINE#         2331
  C:42BDH         LINE#         2333
  C:42C0H         LINE#         2334
  C:42C3H         LINE#         2351
  C:42C6H         LINE#         2352
  C:42C9H         LINE#         2353
  C:42CCH         LINE#         2354
  C:42CFH         LINE#         2355
BL51 BANKED LINKER/LOCATER V6.22                                                      07/22/2021  11:21:36  PAGE 48


  -------         ENDPROC       LT9611_PATTERN
  -------         PROC          LT9611_INIT
  -------         DO            
  X:0161H         SYMBOL        cnt
  -------         ENDDO         
  C:3550H         LINE#         2371
  C:3550H         LINE#         2372
  C:3550H         LINE#         2373
  C:355AH         LINE#         2375
  C:355DH         LINE#         2376
  C:3560H         LINE#         2379
  C:3563H         LINE#         2380
  C:3566H         LINE#         2382
  C:3571H         LINE#         2383
  C:3574H         LINE#         2385
  C:3577H         LINE#         2386
  C:357AH         LINE#         2387
  C:357DH         LINE#         2388
  C:3580H         LINE#         2390
  C:3583H         LINE#         2391
  C:3586H         LINE#         2393
  C:3589H         LINE#         2394
  C:358CH         LINE#         2396
  C:358FH         LINE#         2399
  C:3594H         LINE#         2401
  C:3597H         LINE#         2404
  C:359EH         LINE#         2405
  C:35A5H         LINE#         2406
  C:35ACH         LINE#         2408
  C:35AFH         LINE#         2409
  C:35B2H         LINE#         2410
  C:35B5H         LINE#         2411
  C:35B8H         LINE#         2413
  C:35C1H         LINE#         2414
  C:35CCH         LINE#         2415
  C:35CFH         LINE#         2418
  C:35CFH         LINE#         2419
  C:35CFH         LINE#         2420
  C:35D5H         LINE#         2421
  C:35D5H         LINE#         2423
  C:35D8H         LINE#         2424
  C:35DDH         LINE#         2425
  C:35E0H         LINE#         2426
  C:35E0H         LINE#         2428
  -------         ENDPROC       LT9611_INIT
  -------         PROC          INTBINTERRUPTFUN
  C:442AH         LINE#         2432
  C:4432H         LINE#         2434
  C:4437H         LINE#         2435
  C:4437H         LINE#         2436
  C:443AH         LINE#         2437
  C:443CH         LINE#         2438
  C:443CH         LINE#         2439
  C:4442H         LINE#         2440
  C:4445H         LINE#         2441
  -------         ENDPROC       INTBINTERRUPTFUN
  -------         PROC          LT9611_IRQ_TASK
BL51 BANKED LINKER/LOCATER V6.22                                                      07/22/2021  11:21:36  PAGE 49


  -------         DO            
  X:0165H         SYMBOL        irq_flag3
  X:0166H         SYMBOL        irq_flag0
  X:0167H         SYMBOL        irq_flag1
  -------         ENDDO         
  C:41BCH         LINE#         2444
  C:41BCH         LINE#         2445
  C:41BCH         LINE#         2452
  C:41C3H         LINE#         2454
  C:41CDH         LINE#         2455
  C:41D7H         LINE#         2456
  C:41E1H         LINE#         2458
  C:41E8H         LINE#         2459
  C:41E8H         LINE#         2460
  C:41F1H         LINE#         2461
  C:41F1H         LINE#         2463
  C:41F9H         LINE#         2464
  C:41F9H         LINE#         2465
  C:41FCH         LINE#         2466
  C:41FCH         LINE#         2468
  C:4203H         LINE#         2469
  C:4203H         LINE#         2470
  C:4206H         LINE#         2471
  C:4206H         LINE#         2472
  -------         ENDPROC       LT9611_IRQ_TASK
  -------         ENDMOD        LT9611

  -------         MODULE        ?C_STARTUP
  C:366FH         SEGMENT       ?C_C51STARTUP
  I:0022H         SEGMENT       ?STACK
  C:0000H         PUBLIC        ?C_STARTUP
  D:00E0H         SYMBOL        ACC
  D:00F0H         SYMBOL        B
  D:0083H         SYMBOL        DPH
  D:0082H         SYMBOL        DPL
  N:0000H         SYMBOL        IBPSTACK
  N:0100H         SYMBOL        IBPSTACKTOP
  N:0080H         SYMBOL        IDATALEN
  C:3672H         SYMBOL        IDATALOOP
  N:0000H         SYMBOL        PBPSTACK
  N:0100H         SYMBOL        PBPSTACKTOP
  N:0000H         SYMBOL        PDATALEN
  N:0000H         SYMBOL        PDATASTART
  N:0000H         SYMBOL        PPAGE
  N:0000H         SYMBOL        PPAGEENABLE
  D:00A0H         SYMBOL        PPAGE_SFR
  D:0081H         SYMBOL        SP
  C:366FH         SYMBOL        STARTUP1
  N:0000H         SYMBOL        XBPSTACK
  N:0000H         SYMBOL        XBPSTACKTOP
  N:0000H         SYMBOL        XDATALEN
  N:0000H         SYMBOL        XDATASTART
  C:0000H         LINE#         126
  C:366FH         LINE#         133
  C:3671H         LINE#         134
  C:3672H         LINE#         135
  C:3673H         LINE#         136
BL51 BANKED LINKER/LOCATER V6.22                                                      07/22/2021  11:21:36  PAGE 50


  C:3675H         LINE#         185
  C:3678H         LINE#         196
  -------         ENDMOD        ?C_STARTUP

  -------         MODULE        DELAY
  C:0000H         SYMBOL        _ICE_DUMMY_
  D:0080H         PUBLIC        P0
  D:0090H         PUBLIC        P1
  D:00A0H         PUBLIC        P2
  C:3E31H         PUBLIC        _Timer0_Delay100us
  D:00B0H         PUBLIC        P3
  D:00D8H         PUBLIC        PWMCON0
  C:3CC4H         PUBLIC        _Timer2_Delay500us
  D:00A8H         PUBLIC        IE
  D:00B8H         PUBLIC        IP
  C:3E8AH         PUBLIC        _Timer0_Delay1ms
  B:0021H.1       PUBLIC        BIT_TMP
  D:0098H         PUBLIC        SCON
  D:0089H         PUBLIC        TMOD
  D:0088H         PUBLIC        TCON
  D:00F8H         PUBLIC        SCON_1
  B:0088H.5       PUBLIC        TF0
  C:3EE3H         PUBLIC        _Timer1_Delay10ms
  B:0088H.7       PUBLIC        TF1
  B:00C8H.7       PUBLIC        TF2
  D:008CH         PUBLIC        TH0
  D:00C6H         PUBLIC        RH3
  D:008DH         PUBLIC        TH1
  D:00CDH         PUBLIC        TH2
  D:008AH         PUBLIC        TL0
  D:00C5H         PUBLIC        RL3
  D:008BH         PUBLIC        TL1
  D:00CCH         PUBLIC        TL2
  C:3DD6H         PUBLIC        _Timer3_Delay10us
  B:0088H.4       PUBLIC        TR0
  B:0088H.6       PUBLIC        TR1
  B:00C8H.2       PUBLIC        TR2
  D:00E8H         PUBLIC        ADCCON0
  D:00C0H         PUBLIC        I2CON
  D:00C9H         PUBLIC        T2MOD
  D:00C8H         PUBLIC        T2CON
  D:00C4H         PUBLIC        T3CON
  D:008EH         PUBLIC        CKCON
  D:00D0H         PUBLIC        PSW
  C:3D7BH         PUBLIC        _Timer3_Delay100ms
  -------         PROC          _TIMER0_DELAY100US
  X:01BAH         SYMBOL        u32CNT
  C:3E31H         LINE#         22
  C:3E37H         LINE#         23
  C:3E37H         LINE#         24
  C:3E3AH         LINE#         25
  C:3E3DH         LINE#         26
  C:3E3FH         LINE#         27
  C:3E58H         LINE#         28
  C:3E58H         LINE#         29
  C:3E5BH         LINE#         30
  C:3E5EH         LINE#         31
BL51 BANKED LINKER/LOCATER V6.22                                                      07/22/2021  11:21:36  PAGE 51


  C:3E61H         LINE#         32
  C:3E63H         LINE#         33
  C:3E85H         LINE#         34
  C:3E87H         LINE#         35
  C:3E89H         LINE#         36
  -------         ENDPROC       _TIMER0_DELAY100US
  -------         PROC          _TIMER0_DELAY1MS
  X:0179H         SYMBOL        u32CNT
  C:3E8AH         LINE#         38
  C:3E90H         LINE#         39
  C:3E90H         LINE#         40
  C:3E93H         LINE#         41
  C:3E96H         LINE#         42
  C:3E98H         LINE#         43
  C:3EB1H         LINE#         44
  C:3EB1H         LINE#         45
  C:3EB4H         LINE#         46
  C:3EB7H         LINE#         47
  C:3EBAH         LINE#         48
  C:3EBCH         LINE#         49
  C:3EDEH         LINE#         50
  C:3EE0H         LINE#         51
  C:3EE2H         LINE#         52
  -------         ENDPROC       _TIMER0_DELAY1MS
  -------         PROC          _TIMER1_DELAY10MS
  X:01BEH         SYMBOL        u32CNT
  C:3EE3H         LINE#         55
  C:3EE9H         LINE#         56
  C:3EE9H         LINE#         57
  C:3EECH         LINE#         58
  C:3EEFH         LINE#         59
  C:3EF1H         LINE#         60
  C:3F0AH         LINE#         61
  C:3F0AH         LINE#         62
  C:3F0DH         LINE#         63
  C:3F10H         LINE#         64
  C:3F13H         LINE#         65
  C:3F15H         LINE#         66
  C:3F37H         LINE#         67
  C:3F39H         LINE#         68
  C:3F3BH         LINE#         69
  -------         ENDPROC       _TIMER1_DELAY10MS
  -------         PROC          _TIMER2_DELAY500US
  X:01C2H         SYMBOL        u32CNT
  C:3CC4H         LINE#         71
  C:3CCAH         LINE#         72
  C:3CCAH         LINE#         73
  C:3CCDH         LINE#         74
  C:3CD0H         LINE#         75
  C:3CD3H         LINE#         76
  C:3CD5H         LINE#         77
  C:3CEEH         LINE#         78
  C:3CEEH         LINE#         79
  C:3CF1H         LINE#         80
  C:3CF4H         LINE#         81
  C:3CF7H         LINE#         82
  C:3CF9H         LINE#         83
BL51 BANKED LINKER/LOCATER V6.22                                                      07/22/2021  11:21:36  PAGE 52


  C:3D1BH         LINE#         84
  C:3D1DH         LINE#         85
  C:3D1FH         LINE#         86
  -------         ENDPROC       _TIMER2_DELAY500US
  -------         PROC          _TIMER3_DELAY100MS
  X:01C6H         SYMBOL        u32CNT
  C:3D7BH         LINE#         88
  C:3D81H         LINE#         89
  C:3D81H         LINE#         90
  C:3D84H         LINE#         91
  C:3D87H         LINE#         92
  C:3DA0H         LINE#         93
  C:3DA0H         LINE#         94
  C:3DA3H         LINE#         95
  C:3DA6H         LINE#         96
  C:3DABH         LINE#         97
  C:3DAEH         LINE#         98
  C:3DD0H         LINE#         99
  C:3DD2H         LINE#         100
  C:3DD5H         LINE#         101
  -------         ENDPROC       _TIMER3_DELAY100MS
  -------         PROC          _TIMER3_DELAY10US
  X:01CAH         SYMBOL        u32CNT
  C:3DD6H         LINE#         104
  C:3DDCH         LINE#         105
  C:3DDCH         LINE#         106
  C:3DDFH         LINE#         107
  C:3DE2H         LINE#         108
  C:3DFBH         LINE#         109
  C:3DFBH         LINE#         110
  C:3DFEH         LINE#         111
  C:3E01H         LINE#         112
  C:3E06H         LINE#         113
  C:3E09H         LINE#         114
  C:3E2BH         LINE#         115
  C:3E2DH         LINE#         116
  C:3E30H         LINE#         117
  -------         ENDPROC       _TIMER3_DELAY10US
  -------         ENDMOD        DELAY

  -------         MODULE        ?C?CLDPTR
  C:1523H         PUBLIC        ?C?CLDPTR
  -------         ENDMOD        ?C?CLDPTR

  -------         MODULE        ?C?CLDOPTR
  C:153CH         PUBLIC        ?C?CLDOPTR
  -------         ENDMOD        ?C?CLDOPTR

  -------         MODULE        ?C?CILDOPTR
  C:1569H         PUBLIC        ?C?CILDOPTR
  -------         ENDMOD        ?C?CILDOPTR

  -------         MODULE        ?C?CSTPTR
  C:159CH         PUBLIC        ?C?CSTPTR
  -------         ENDMOD        ?C?CSTPTR

  -------         MODULE        ?C?CSTOPTR
BL51 BANKED LINKER/LOCATER V6.22                                                      07/22/2021  11:21:36  PAGE 53


  C:15AEH         PUBLIC        ?C?CSTOPTR
  -------         ENDMOD        ?C?CSTOPTR

  -------         MODULE        ?C?UIDIV
  C:15D0H         PUBLIC        ?C?UIDIV
  -------         ENDMOD        ?C?UIDIV

  -------         MODULE        ?C?ILDPTR
  C:1625H         PUBLIC        ?C?ILDPTR
  -------         ENDMOD        ?C?ILDPTR

  -------         MODULE        ?C?ILDOPTR
  C:1650H         PUBLIC        ?C?ILDOPTR
  -------         ENDMOD        ?C?ILDOPTR

  -------         MODULE        ?C?ISTOPTR
  C:1688H         PUBLIC        ?C?ISTOPTR
  -------         ENDMOD        ?C?ISTOPTR

  -------         MODULE        ?C?LMUL
  C:16B5H         PUBLIC        ?C?LMUL
  -------         ENDMOD        ?C?LMUL

  -------         MODULE        ?C?ULDIV
  C:1740H         PUBLIC        ?C?ULDIV
  -------         ENDMOD        ?C?ULDIV

  -------         MODULE        ?C?ULCMP
  C:17D2H         PUBLIC        ?C?ULCMP
  -------         ENDMOD        ?C?ULCMP

  -------         MODULE        ?C?LLDOPTR
  C:17E3H         PUBLIC        ?C?LLDOPTR
  -------         ENDMOD        ?C?LLDOPTR

  -------         MODULE        ?C?LSTXDATA
  C:1813H         PUBLIC        ?C?LSTXDATA
  -------         ENDMOD        ?C?LSTXDATA

  -------         MODULE        ?C?LSTKXDATA
  C:181FH         PUBLIC        ?C?LSTKXDATA
  -------         ENDMOD        ?C?LSTKXDATA

  -------         MODULE        PRINTF
  X:0180H         PUBLIC        ?_PRINTF517?BYTE
  X:0180H         PUBLIC        ?_PRINTF?BYTE
  X:0180H         PUBLIC        ?_SPRINTF517?BYTE
  X:0180H         PUBLIC        ?_SPRINTF?BYTE
  C:1961H         PUBLIC        _PRINTF
  C:1961H         PUBLIC        _PRINTF517
  C:195BH         PUBLIC        _SPRINTF
  C:195BH         PUBLIC        _SPRINTF517
  -------         ENDMOD        PRINTF

  -------         MODULE        ?C?MEMSET
  C:1850H         PUBLIC        ?C?MEMSET
  -------         ENDMOD        ?C?MEMSET
BL51 BANKED LINKER/LOCATER V6.22                                                      07/22/2021  11:21:36  PAGE 54



  -------         MODULE        ?C?LLDIDATA
  C:187CH         PUBLIC        ?C?LLDIDATA
  -------         ENDMOD        ?C?LLDIDATA

  -------         MODULE        ?C?LLDXDATA
  C:1888H         PUBLIC        ?C?LLDXDATA
  -------         ENDMOD        ?C?LLDXDATA

  -------         MODULE        ?C?LLDPDATA
  C:1894H         PUBLIC        ?C?LLDPDATA
  -------         ENDMOD        ?C?LLDPDATA

  -------         MODULE        ?C?LLDCODE
  C:18A0H         PUBLIC        ?C?LLDCODE
  -------         ENDMOD        ?C?LLDCODE

  -------         MODULE        ?C?PLDIXDATA
  C:18B0H         PUBLIC        ?C?PLDIXDATA
  -------         ENDMOD        ?C?PLDIXDATA

  -------         MODULE        ?C?PSTXDATA
  C:18C7H         PUBLIC        ?C?PSTXDATA
  -------         ENDMOD        ?C?PSTXDATA

  -------         MODULE        ?C?CCASE
  C:18D0H         PUBLIC        ?C?CCASE
  -------         ENDMOD        ?C?CCASE

  -------         MODULE        PUTCHAR
  C:4403H         PUBLIC        _PUTCHAR
  -------         ENDMOD        PUTCHAR

Program Size: data=15.2 xdata=468 code=18048
LINK/LOCATE RUN COMPLETE.  0 WARNING(S),  0 ERROR(S)
