BL51 BANKED LINKER/LOCATER V6.22                                                        11/02/2022  09:02:33  PAGE 1


BL51 BANKED LINKER/LOCATER V6.22, INVOKED BY:
C:\KEIL_V5\C51\C51\BIN\BL51.EXE .\Objects\uart0.obj, .\Objects\main.obj, .\Objects\i2c.obj, .\Objects\lt9611.obj, .\Obje
>> cts\STARTUP.obj, .\Objects\Delay.obj TO .\Objects\LT9611_YUV422_CSI_22101701 PRINT (.\Listings\LT9611_YUV422_CSI_2210
>> 1701.m51) RAMSIZE (256) DISABLEWARNING (16)


MEMORY MODEL: LARGE


INPUT MODULES INCLUDED:
  .\Objects\uart0.obj (UART0)
  .\Objects\main.obj (MAIN)
  .\Objects\i2c.obj (I2C)
  .\Objects\lt9611.obj (LT9611)
  .\Objects\STARTUP.obj (?C_STARTUP)
  .\Objects\Delay.obj (DELAY)
  C:\KEIL_V5\C51\C51\LIB\C51L.LIB (?C_INIT)
  C:\KEIL_V5\C51\C51\LIB\C51L.LIB (?C?CLDPTR)
  C:\KEIL_V5\C51\C51\LIB\C51L.LIB (?C?CLDOPTR)
  C:\KEIL_V5\C51\C51\LIB\C51L.LIB (?C?CILDOPTR)
  C:\KEIL_V5\C51\C51\LIB\C51L.LIB (?C?CSTPTR)
  C:\KEIL_V5\C51\C51\LIB\C51L.LIB (?C?CSTOPTR)
  C:\KEIL_V5\C51\C51\LIB\C51L.LIB (?C?UIDIV)
  C:\KEIL_V5\C51\C51\LIB\C51L.LIB (?C?ILDPTR)
  C:\KEIL_V5\C51\C51\LIB\C51L.LIB (?C?ILDOPTR)
  C:\KEIL_V5\C51\C51\LIB\C51L.LIB (?C?ISTOPTR)
  C:\KEIL_V5\C51\C51\LIB\C51L.LIB (?C?LMUL)
  C:\KEIL_V5\C51\C51\LIB\C51L.LIB (?C?ULDIV)
  C:\KEIL_V5\C51\C51\LIB\C51L.LIB (?C?ULCMP)
  C:\KEIL_V5\C51\C51\LIB\C51L.LIB (?C?LLDOPTR)
  C:\KEIL_V5\C51\C51\LIB\C51L.LIB (?C?LSTXDATA)
  C:\KEIL_V5\C51\C51\LIB\C51L.LIB (?C?LSTKXDATA)
  C:\KEIL_V5\C51\C51\LIB\C51L.LIB (PRINTF)
  C:\KEIL_V5\C51\C51\LIB\C51L.LIB (?C?LLDIDATA)
  C:\KEIL_V5\C51\C51\LIB\C51L.LIB (?C?LLDXDATA)
  C:\KEIL_V5\C51\C51\LIB\C51L.LIB (?C?LLDPDATA)
  C:\KEIL_V5\C51\C51\LIB\C51L.LIB (?C?LLDCODE)
  C:\KEIL_V5\C51\C51\LIB\C51L.LIB (?C?PLDIXDATA)
  C:\KEIL_V5\C51\C51\LIB\C51L.LIB (?C?PSTXDATA)
  C:\KEIL_V5\C51\C51\LIB\C51L.LIB (?C?CCASE)
  C:\KEIL_V5\C51\C51\LIB\C51L.LIB (PUTCHAR)


LINK MAP OF MODULE:  .\Objects\LT9611_YUV422_CSI_22101701 (UART0)


            TYPE    BASE      LENGTH    RELOCATION   SEGMENT NAME
            -----------------------------------------------------

            * * * * * * *   D A T A   M E M O R Y   * * * * * * *
            REG     0000H     0008H     ABSOLUTE     "REG BANK 0"
            DATA    0008H     0005H     UNIT         _DATA_GROUP_
                    000DH     0013H                  *** GAP ***
            BIT     0020H.0   0001H.1   UNIT         _BIT_GROUP_
            BIT     0021H.1   0000H.1   UNIT         ?BI?DELAY
                    0021H.2   0000H.6                *** GAP ***
            IDATA   0022H     0001H     UNIT         ?STACK

BL51 BANKED LINKER/LOCATER V6.22                                                      11/02/2022  09:02:33  PAGE 2


            * * * * * * *  X D A T A   M E M O R Y  * * * * * * *
            XDATA   0000H     0161H     UNIT         ?XD?LT9611
            XDATA   0161H     003CH     UNIT         _XDATA_GROUP_
            XDATA   019DH     0012H     UNIT         ?XD?_LT9611_PARSE_PHYSICAL_ADDRESS?LT9611
            XDATA   01AFH     0006H     UNIT         ?XD?_DO_CHECKSUM?LT9611
            XDATA   01B5H     0005H     UNIT         ?XD?_HDMI_READI2C_BYTEN?I2C
            XDATA   01BAH     0005H     UNIT         ?XD?_HDMI_WRITEI2C_BYTEN?I2C
            XDATA   01BFH     0004H     UNIT         ?XD?_LT9611_PATTERN_GCM?LT9611
            XDATA   01C3H     0004H     UNIT         ?XD?_LT9611_PATTERN_PIXEL_CLK?LT9611
            XDATA   01C7H     0004H     UNIT         ?XD?_TIMER0_DELAY100US?DELAY
            XDATA   01CBH     0004H     UNIT         ?XD?_TIMER1_DELAY10MS?DELAY
            XDATA   01CFH     0004H     UNIT         ?XD?_TIMER2_DELAY500US?DELAY
            XDATA   01D3H     0004H     UNIT         ?XD?_TIMER3_DELAY100MS?DELAY
            XDATA   01D7H     0004H     UNIT         ?XD?_TIMER3_DELAY10US?DELAY
            XDATA   01DBH     0003H     UNIT         ?XD?_LT9611_CEC_DEVICE_POLLING?LT9611
            XDATA   01DEH     0002H     UNIT         ?XD?I2C
            XDATA   01E0H     0001H     UNIT         ?XD?MAIN

            * * * * * * *   C O D E   M E M O R Y   * * * * * * *
            CODE    0000H     0003H     ABSOLUTE     
            CODE    0003H     0037H     UNIT         ?PR?_LT9611_HDMI_CEC_ON?LT9611
            CODE    003AH     0001H     UNIT         ?PR?LT9611_READ_EDID?LT9611
            CODE    003BH     0003H     ABSOLUTE     
            CODE    003EH     0FF4H     UNIT         ?CO?LT9611
            CODE    1032H     068DH     UNIT         ?PR?LT9611_VIDEO_CHECK?LT9611
            CODE    16BFH     03A7H     UNIT         ?C?LIB_CODE
            CODE    1A66H     0365H     UNIT         ?PR?PRINTF?PRINTF
            CODE    1DCBH     02DBH     UNIT         ?PR?_LT9611_PLL?LT9611
            CODE    20A6H     02C0H     UNIT         ?PR?_LT9611_CEC_MSG_RX_PARSE?LT9611
            CODE    2366H     023AH     UNIT         ?PR?_LT9611_PARSE_PHYSICAL_ADDRESS?LT9611
            CODE    25A0H     01BEH     UNIT         ?PR?_LT9611_PATTERN_GCM?LT9611
            CODE    275EH     01AAH     UNIT         ?PR?_LT9611_MIPI_VIDEO_TIMING?LT9611
            CODE    2908H     0197H     UNIT         ?PR?LT9611_FREQUENCY_METER_BYTE_CLK?LT9611
            CODE    2A9FH     0195H     UNIT         ?PR?_LT9611_CEC_MSG_TX_HANDLE?LT9611
            CODE    2C34H     018DH     UNIT         ?PR?_LT9611_HDMI_TX_DIGITAL?LT9611
            CODE    2DC1H     0131H     UNIT         ?PR?_LT9611_MIPI_PCR?LT9611
            CODE    2EF2H     0110H     UNIT         ?PR?_LT9611_ENABLE_INTERRUPTS?LT9611
            CODE    3002H     0107H     UNIT         ?PR?LT9611_DPHY_DEBUG?LT9611
            CODE    3109H     00F9H     UNIT         ?PR?_LT9611_CEC_MSG_SET_LOGICAL_ADDRESS?LT9611
            CODE    3202H     00D1H     UNIT         ?PR?LT9611_MIPI_INPUT_DIGTAL?LT9611
            CODE    32D3H     00BCH     UNIT         ?PR?_LT9611_PATTERN_PIXEL_CLK?LT9611
            CODE    338FH     00AAH     UNIT         ?PR?LT9611_INIT?LT9611
            CODE    3439H     0097H     UNIT         ?PR?_DO_CHECKSUM?LT9611
            CODE    34D0H     008DH     UNIT         ?PR?_LT9611_HDMI_CEC_WRITE?LT9611
            CODE    355DH     008CH     UNIT         ?C_C51STARTUP
            CODE    35E9H     0087H     UNIT         ?PR?LT9611_HDMI_TX_PHY?LT9611
            CODE    3670H     0084H     UNIT         ?PR?_I2C_READ_BYTE?I2C
            CODE    36F4H     0084H     UNIT         ?PR?LT9611_HDP_INTERRUPT_HANDLE?LT9611
            CODE    3778H     0083H     UNIT         ?PR?LT9611_PCR_MK_PRINT?LT9611
            CODE    37FBH     007CH     UNIT         ?PR?LT9611_AUDIO_INIT?LT9611
            CODE    3877H     007CH     UNIT         ?PR?_LT9611_HDMI_CEC_READ?LT9611
            CODE    38F3H     007AH     UNIT         ?PR?LT9611_LOAD_HDCP_KEY?LT9611
            CODE    396DH     0079H     UNIT         ?PR?_LT9611_CEC_MSG_INTERRUPT_HANDLE?LT9611
            CODE    39E6H     0075H     UNIT         ?PR?LT9611_HDMI_OUT_ENABLE?LT9611
            CODE    3A5BH     0065H     UNIT         ?PR?_LT9611_LOWPOWER_MODE?LT9611
            CODE    3AC0H     0065H     UNIT         ?PR?LT9611_VID_CHG_INTERRUPT_HANDLE?LT9611
            CODE    3B25H     0063H     UNIT         ?PR?_LT9611_CEC_DEVICE_POLLING?LT9611
BL51 BANKED LINKER/LOCATER V6.22                                                      11/02/2022  09:02:33  PAGE 3


            CODE    3B88H     005FH     UNIT         ?PR?_I2C_WRITE_BYTE?I2C
            CODE    3BE7H     005CH     UNIT         ?PR?_TIMER2_DELAY500US?DELAY
            CODE    3C43H     005BH     UNIT         ?PR?LT9611_SYSTEM_INIT?LT9611
            CODE    3C9EH     005BH     UNIT         ?PR?LT9611_MIPI_INPUT_ANALOG?LT9611
            CODE    3CF9H     005BH     UNIT         ?PR?_TIMER3_DELAY100MS?DELAY
            CODE    3D54H     005BH     UNIT         ?PR?_TIMER3_DELAY10US?DELAY
            CODE    3DAFH     0059H     UNIT         ?PR?_TIMER0_DELAY100US?DELAY
            CODE    3E08H     0059H     UNIT         ?PR?_TIMER0_DELAY1MS?DELAY
            CODE    3E61H     0059H     UNIT         ?PR?_TIMER1_DELAY10MS?DELAY
            CODE    3EBAH     0055H     UNIT         ?C_INITSEG
            CODE    3F0FH     0052H     UNIT         ?PR?_LT9611_CEC_REPORT_PHYSICAL_ADDRESS?LT9611
            CODE    3F61H     0052H     UNIT         ?PR?LT9611_HTOTAL_SYSCLK?LT9611
            CODE    3FB3H     0051H     UNIT         ?PR?_I2C_SENDBYTE?I2C
            CODE    4004H     004EH     UNIT         ?PR?_DELAY_1MS?LT9611
            CODE    4052H     004DH     UNIT         ?PR?MCU_SYSTEMINIT?MAIN
            CODE    409FH     004BH     UNIT         ?CO?MAIN
            CODE    40EAH     004BH     UNIT         ?PR?LT9611_IRQ_TASK?LT9611
            CODE    4135H     0049H     UNIT         ?PR?_LT9611_CEC_FRAME_RETRANSMISSION?LT9611
            CODE    417EH     0043H     UNIT         ?PR?LT9611_CHIP_ID?LT9611
            CODE    41C1H     003FH     UNIT         ?PR?_LT9611_CEC_MSG_INIT?LT9611
            CODE    4200H     003AH     UNIT         ?PR?LT9611_HDCP_ENABLE?LT9611
            CODE    423AH     0039H     UNIT         ?PR?_INITIALUART0_TIMER1?UART0
            CODE    4273H     0034H     UNIT         ?PR?RCVBYTE?I2C
            CODE    42A7H     0034H     UNIT         ?PR?LT9611_PATTERN?LT9611
            CODE    42DBH     0031H     UNIT         ?PR?_LT9611_CEC_MENU_ACTIVATE?LT9611
            CODE    430CH     0030H     UNIT         ?PR?_LT9611_CEC_FEATURE_ABORT?LT9611
            CODE    433CH     002DH     UNIT         ?PR?LT9611_GET_HPD_STATUS?LT9611
            CODE    4369H     0029H     UNIT         ?PR?_HDMI_READI2C_BYTE?I2C
            CODE    4392H     0029H     UNIT         ?PR?LT9611_HDMI_OUT_DISABLE?LT9611
            CODE    43BBH     0027H     UNIT         ?PR?PUTCHAR?PUTCHAR
            CODE    43E2H     0024H     UNIT         ?PR?INTBINTERRUPTFUN?LT9611
            CODE    4406H     0023H     UNIT         ?PR?LT9611_RST_PD_INIT?LT9611
            CODE    4429H     0023H     UNIT         ?PR?LT9611_HDCP_INIT?LT9611
            CODE    444CH     001FH     UNIT         ?PR?LT9611_CSC?LT9611
            CODE    446BH     001EH     UNIT         ?PR?_HDMI_WRITEI2C_BYTE?I2C
            CODE    4489H     001DH     UNIT         ?PR?_LT9611_CEC_LA_ALLOCATION?LT9611
            CODE    44A6H     001CH     UNIT         ?PR?_ACK_I2C?I2C
            CODE    44C2H     001CH     UNIT         ?PR?LT9611_IRQ_INIT?LT9611
            CODE    44DEH     001AH     UNIT         ?PR?LT9611_RESET?MAIN
            CODE    44F8H     001AH     UNIT         ?PR?LT9611_CEC_MSG_WRITE_DEMO?LT9611
            CODE    4512H     001AH     UNIT         ?PR?LT9611_BROAD_CAST_DEMO?LT9611
            CODE    452CH     0019H     UNIT         ?PR?_LT9611_GLOBE_INTERRUPTS?LT9611
            CODE    4545H     0017H     UNIT         ?PR?LT9611_HDCP_DISABLE?LT9611
            CODE    455CH     0015H     UNIT         ?PR?START_I2C?I2C
            CODE    4571H     0015H     UNIT         ?PR?_HDMI_READI2C_BYTEN?I2C
            CODE    4586H     0015H     UNIT         ?PR?_HDMI_WRITEI2C_BYTEN?I2C
            CODE    459BH     0015H     UNIT         ?PR?LT9611_CEC_LOGICAL_RESET?LT9611
            CODE    45B0H     0015H     UNIT         ?PR?LT9611_PATTERN_EN?LT9611
            CODE    45C5H     0014H     UNIT         ?PR?MAIN?MAIN
            CODE    45D9H     0012H     UNIT         ?PR?_I2C_DELAY_US?I2C
            CODE    45EBH     000CH     UNIT         ?PR?STOP_I2C?I2C
            CODE    45F7H     0008H     UNIT         ?PR?_SEND_DATA_TO_UART0?UART0
            CODE    45FFH     0003H     UNIT         ?PR?_PRINTCH?UART0



OVERLAY MAP OF MODULE:   .\Objects\LT9611_YUV422_CSI_22101701 (UART0)
BL51 BANKED LINKER/LOCATER V6.22                                                      11/02/2022  09:02:33  PAGE 4




SEGMENT                                             BIT_GROUP          DATA_GROUP          XDATA_GROUP
  +--> CALLED SEGMENT                            START    LENGTH     START    LENGTH     START    LENGTH
--------------------------------------------------------------------------------------------------------
?C_C51STARTUP                                    -----    -----      -----    -----      -----    -----
  +--> ?PR?MAIN?MAIN
  +--> ?C_INITSEG

?PR?MAIN?MAIN                                    -----    -----      -----    -----      -----    -----
  +--> ?PR?MCU_SYSTEMINIT?MAIN
  +--> ?CO?MAIN
  +--> ?PR?PRINTF?PRINTF
  +--> ?PR?LT9611_RESET?MAIN
  +--> ?PR?LT9611_INIT?LT9611

?PR?MCU_SYSTEMINIT?MAIN                          -----    -----      -----    -----      -----    -----
  +--> ?PR?_INITIALUART0_TIMER1?UART0

?PR?PRINTF?PRINTF                                0020H.0  0001H.1    0008H    0005H      0175H    0028H
  +--> ?PR?PUTCHAR?PUTCHAR

?PR?LT9611_RESET?MAIN                            -----    -----      -----    -----      -----    -----
  +--> ?PR?_TIMER0_DELAY1MS?DELAY

?PR?_TIMER0_DELAY1MS?DELAY                       -----    -----      -----    -----      0179H    0004H

?PR?LT9611_INIT?LT9611                           -----    -----      -----    -----      0161H    0004H
  +--> ?PR?LT9611_CHIP_ID?LT9611
  +--> ?PR?LT9611_SYSTEM_INIT?LT9611
  +--> ?PR?LT9611_MIPI_INPUT_ANALOG?LT9611
  +--> ?PR?LT9611_MIPI_INPUT_DIGTAL?LT9611
  +--> ?PR?LT9611_AUDIO_INIT?LT9611
  +--> ?PR?LT9611_CSC?LT9611
  +--> ?PR?LT9611_HDCP_INIT?LT9611
  +--> ?PR?LT9611_LOAD_HDCP_KEY?LT9611
  +--> ?PR?LT9611_HDMI_TX_PHY?LT9611
  +--> ?PR?LT9611_IRQ_INIT?LT9611
  +--> ?PR?_LT9611_HDMI_CEC_ON?LT9611
  +--> ?PR?_LT9611_CEC_MSG_INIT?LT9611
  +--> ?PR?_LT9611_ENABLE_INTERRUPTS?LT9611
  +--> ?PR?LT9611_FREQUENCY_METER_BYTE_CLK?L...
  +--> ?PR?LT9611_DPHY_DEBUG?LT9611
  +--> ?PR?LT9611_HTOTAL_SYSCLK?LT9611
  +--> ?PR?_TIMER0_DELAY1MS?DELAY
  +--> ?PR?LT9611_HDP_INTERRUPT_HANDLE?LT9611
  +--> ?CO?LT9611
  +--> ?PR?PRINTF?PRINTF
  +--> ?PR?LT9611_IRQ_TASK?LT9611
  +--> ?PR?LT9611_GET_HPD_STATUS?LT9611
  +--> ?PR?_HDMI_WRITEI2C_BYTE?I2C
  +--> ?PR?_HDMI_READI2C_BYTE?I2C
  +--> ?PR?LT9611_HDCP_DISABLE?LT9611
  +--> ?PR?LT9611_HDCP_ENABLE?LT9611

?PR?LT9611_CHIP_ID?LT9611                        -----    -----      -----    -----      -----    -----
  +--> ?PR?_HDMI_WRITEI2C_BYTE?I2C
BL51 BANKED LINKER/LOCATER V6.22                                                      11/02/2022  09:02:33  PAGE 5


  +--> ?PR?_HDMI_READI2C_BYTE?I2C
  +--> ?CO?LT9611
  +--> ?PR?PRINTF?PRINTF

?PR?_HDMI_WRITEI2C_BYTE?I2C                      -----    -----      -----    -----      0179H    0001H
  +--> ?PR?_I2C_WRITE_BYTE?I2C

?PR?_I2C_WRITE_BYTE?I2C                          -----    -----      -----    -----      017AH    0007H
  +--> ?PR?START_I2C?I2C
  +--> ?PR?_I2C_SENDBYTE?I2C
  +--> ?PR?STOP_I2C?I2C

?PR?START_I2C?I2C                                -----    -----      -----    -----      -----    -----
  +--> ?PR?_I2C_DELAY_US?I2C

?PR?_I2C_SENDBYTE?I2C                            -----    -----      -----    -----      -----    -----
  +--> ?PR?_I2C_DELAY_US?I2C

?PR?STOP_I2C?I2C                                 -----    -----      -----    -----      -----    -----
  +--> ?PR?_I2C_DELAY_US?I2C

?PR?_HDMI_READI2C_BYTE?I2C                       -----    -----      -----    -----      0179H    0001H
  +--> ?PR?_I2C_READ_BYTE?I2C

?PR?_I2C_READ_BYTE?I2C                           -----    -----      -----    -----      017AH    0007H
  +--> ?PR?START_I2C?I2C
  +--> ?PR?_I2C_SENDBYTE?I2C
  +--> ?PR?STOP_I2C?I2C
  +--> ?PR?RCVBYTE?I2C
  +--> ?PR?_ACK_I2C?I2C

?PR?RCVBYTE?I2C                                  -----    -----      -----    -----      -----    -----
  +--> ?PR?_I2C_DELAY_US?I2C

?PR?_ACK_I2C?I2C                                 -----    -----      -----    -----      -----    -----
  +--> ?PR?_I2C_DELAY_US?I2C

?PR?LT9611_SYSTEM_INIT?LT9611                    -----    -----      -----    -----      -----    -----
  +--> ?PR?_HDMI_WRITEI2C_BYTE?I2C

?PR?LT9611_MIPI_INPUT_ANALOG?LT9611              -----    -----      -----    -----      -----    -----
  +--> ?PR?_HDMI_WRITEI2C_BYTE?I2C

?PR?LT9611_MIPI_INPUT_DIGTAL?LT9611              -----    -----      -----    -----      0165H    0001H
  +--> ?CO?LT9611
  +--> ?PR?PRINTF?PRINTF
  +--> ?PR?_HDMI_WRITEI2C_BYTE?I2C

?PR?LT9611_AUDIO_INIT?LT9611                     -----    -----      -----    -----      -----    -----
  +--> ?CO?LT9611
  +--> ?PR?PRINTF?PRINTF
  +--> ?PR?_HDMI_WRITEI2C_BYTE?I2C

?PR?LT9611_CSC?LT9611                            -----    -----      -----    -----      -----    -----
  +--> ?PR?_HDMI_WRITEI2C_BYTE?I2C
  +--> ?CO?LT9611
  +--> ?PR?PRINTF?PRINTF
BL51 BANKED LINKER/LOCATER V6.22                                                      11/02/2022  09:02:33  PAGE 6



?PR?LT9611_HDCP_INIT?LT9611                      -----    -----      -----    -----      -----    -----
  +--> ?PR?_HDMI_WRITEI2C_BYTE?I2C

?PR?LT9611_LOAD_HDCP_KEY?LT9611                  -----    -----      -----    -----      -----    -----
  +--> ?PR?_HDMI_WRITEI2C_BYTE?I2C
  +--> ?PR?_TIMER0_DELAY1MS?DELAY
  +--> ?PR?_HDMI_READI2C_BYTE?I2C
  +--> ?CO?LT9611
  +--> ?PR?PRINTF?PRINTF

?PR?LT9611_HDMI_TX_PHY?LT9611                    -----    -----      -----    -----      -----    -----
  +--> ?PR?_HDMI_WRITEI2C_BYTE?I2C
  +--> ?CO?LT9611
  +--> ?PR?PRINTF?PRINTF

?PR?LT9611_IRQ_INIT?LT9611                       -----    -----      -----    -----      -----    -----
  +--> ?PR?_HDMI_WRITEI2C_BYTE?I2C

?PR?_LT9611_HDMI_CEC_ON?LT9611                   -----    -----      -----    -----      -----    -----
  +--> ?PR?_HDMI_WRITEI2C_BYTE?I2C

?PR?_LT9611_CEC_MSG_INIT?LT9611                  -----    -----      -----    -----      0165H    0003H
  +--> ?PR?_LT9611_HDMI_CEC_ON?LT9611
  +--> ?PR?_LT9611_CEC_MSG_SET_LOGICAL_ADDRE...

?PR?_LT9611_CEC_MSG_SET_LOGICAL_ADDRE...         -----    -----      -----    -----      0171H    0001H
  +--> ?CO?LT9611
  +--> ?PR?PRINTF?PRINTF
  +--> ?PR?_HDMI_WRITEI2C_BYTE?I2C

?PR?_LT9611_ENABLE_INTERRUPTS?LT9611             -----    -----      -----    -----      0168H    0002H
  +--> ?PR?_HDMI_WRITEI2C_BYTE?I2C
  +--> ?CO?LT9611
  +--> ?PR?PRINTF?PRINTF

?PR?LT9611_FREQUENCY_METER_BYTE_CLK?L...         -----    -----      -----    -----      0165H    0005H
  +--> ?PR?_HDMI_WRITEI2C_BYTE?I2C
  +--> ?PR?_TIMER0_DELAY1MS?DELAY
  +--> ?PR?_HDMI_READI2C_BYTE?I2C
  +--> ?CO?LT9611
  +--> ?PR?PRINTF?PRINTF

?PR?LT9611_DPHY_DEBUG?LT9611                     -----    -----      -----    -----      0165H    0001H
  +--> ?PR?_HDMI_WRITEI2C_BYTE?I2C
  +--> ?PR?_HDMI_READI2C_BYTE?I2C
  +--> ?CO?LT9611
  +--> ?PR?PRINTF?PRINTF

?PR?LT9611_HTOTAL_SYSCLK?LT9611                  -----    -----      -----    -----      0165H    0003H
  +--> ?PR?_HDMI_WRITEI2C_BYTE?I2C
  +--> ?PR?_HDMI_READI2C_BYTE?I2C
  +--> ?CO?LT9611
  +--> ?PR?PRINTF?PRINTF

?PR?LT9611_HDP_INTERRUPT_HANDLE?LT9611           -----    -----      -----    -----      -----    -----
  +--> ?PR?_HDMI_WRITEI2C_BYTE?I2C
BL51 BANKED LINKER/LOCATER V6.22                                                      11/02/2022  09:02:33  PAGE 7


  +--> ?CO?LT9611
  +--> ?PR?PRINTF?PRINTF
  +--> ?PR?LT9611_HDMI_OUT_DISABLE?LT9611
  +--> ?PR?LT9611_GET_HPD_STATUS?LT9611
  +--> ?PR?_LT9611_LOWPOWER_MODE?LT9611
  +--> ?PR?_LT9611_ENABLE_INTERRUPTS?LT9611
  +--> ?PR?_TIMER0_DELAY1MS?DELAY
  +--> ?PR?LT9611_READ_EDID?LT9611
  +--> ?PR?LT9611_VIDEO_CHECK?LT9611
  +--> ?PR?_LT9611_PLL?LT9611
  +--> ?PR?_LT9611_MIPI_PCR?LT9611
  +--> ?PR?_LT9611_HDMI_TX_DIGITAL?LT9611
  +--> ?PR?LT9611_PCR_MK_PRINT?LT9611
  +--> ?PR?LT9611_HDMI_OUT_ENABLE?LT9611

?PR?LT9611_HDMI_OUT_DISABLE?LT9611               -----    -----      -----    -----      -----    -----
  +--> ?PR?_HDMI_WRITEI2C_BYTE?I2C
  +--> ?CO?LT9611
  +--> ?PR?PRINTF?PRINTF
  +--> ?PR?LT9611_HDCP_DISABLE?LT9611

?PR?LT9611_HDCP_DISABLE?LT9611                   -----    -----      -----    -----      -----    -----
  +--> ?PR?_HDMI_WRITEI2C_BYTE?I2C
  +--> ?CO?LT9611
  +--> ?PR?PRINTF?PRINTF

?PR?LT9611_GET_HPD_STATUS?LT9611                 -----    -----      -----    -----      -----    -----
  +--> ?PR?_HDMI_WRITEI2C_BYTE?I2C
  +--> ?PR?_HDMI_READI2C_BYTE?I2C
  +--> ?PR?_TIMER0_DELAY1MS?DELAY

?PR?_LT9611_LOWPOWER_MODE?LT9611                 -----    -----      -----    -----      -----    -----
  +--> ?PR?_HDMI_WRITEI2C_BYTE?I2C
  +--> ?CO?LT9611
  +--> ?PR?PRINTF?PRINTF

?PR?LT9611_VIDEO_CHECK?LT9611                    -----    -----      -----    -----      0168H    000DH
  +--> ?PR?_HDMI_WRITEI2C_BYTE?I2C
  +--> ?PR?_HDMI_READI2C_BYTE?I2C
  +--> ?CO?LT9611
  +--> ?PR?PRINTF?PRINTF

?PR?_LT9611_PLL?LT9611                           -----    -----      -----    -----      0168H    0008H
  +--> ?CO?LT9611
  +--> ?PR?PRINTF?PRINTF
  +--> ?PR?_HDMI_WRITEI2C_BYTE?I2C
  +--> ?PR?_HDMI_READI2C_BYTE?I2C
  +--> ?PR?_TIMER0_DELAY1MS?DELAY

?PR?_LT9611_MIPI_PCR?LT9611                      -----    -----      -----    -----      0168H    0003H
  +--> ?PR?_HDMI_WRITEI2C_BYTE?I2C
  +--> ?PR?_LT9611_MIPI_VIDEO_TIMING?LT9611
  +--> ?PR?_TIMER0_DELAY1MS?DELAY

?PR?_LT9611_MIPI_VIDEO_TIMING?LT9611             -----    -----      -----    -----      016BH    0003H
  +--> ?PR?_HDMI_WRITEI2C_BYTE?I2C

BL51 BANKED LINKER/LOCATER V6.22                                                      11/02/2022  09:02:33  PAGE 8


?PR?_LT9611_HDMI_TX_DIGITAL?LT9611               -----    -----      -----    -----      0168H    0006H
  +--> ?CO?LT9611
  +--> ?PR?PRINTF?PRINTF
  +--> ?PR?_HDMI_WRITEI2C_BYTE?I2C

?PR?LT9611_PCR_MK_PRINT?LT9611                   -----    -----      -----    -----      0168H    0001H
  +--> ?PR?_HDMI_WRITEI2C_BYTE?I2C
  +--> ?PR?_HDMI_READI2C_BYTE?I2C
  +--> ?CO?LT9611
  +--> ?PR?PRINTF?PRINTF
  +--> ?PR?_TIMER0_DELAY1MS?DELAY

?PR?LT9611_HDMI_OUT_ENABLE?LT9611                -----    -----      -----    -----      -----    -----
  +--> ?PR?_HDMI_WRITEI2C_BYTE?I2C
  +--> ?PR?LT9611_HDCP_ENABLE?LT9611
  +--> ?CO?LT9611
  +--> ?PR?PRINTF?PRINTF

?PR?LT9611_HDCP_ENABLE?LT9611                    -----    -----      -----    -----      -----    -----
  +--> ?PR?_HDMI_WRITEI2C_BYTE?I2C
  +--> ?CO?LT9611
  +--> ?PR?PRINTF?PRINTF

?PR?LT9611_IRQ_TASK?LT9611                       -----    -----      -----    -----      0165H    0003H
  +--> ?PR?_HDMI_WRITEI2C_BYTE?I2C
  +--> ?PR?_HDMI_READI2C_BYTE?I2C
  +--> ?PR?_LT9611_CEC_MSG_INTERRUPT_HANDLE?...
  +--> ?PR?LT9611_HDP_INTERRUPT_HANDLE?LT9611
  +--> ?PR?LT9611_VID_CHG_INTERRUPT_HANDLE?L...

?PR?_LT9611_CEC_MSG_INTERRUPT_HANDLE?...         -----    -----      -----    -----      0168H    0003H
  +--> ?PR?_HDMI_WRITEI2C_BYTE?I2C
  +--> ?PR?_HDMI_READI2C_BYTE?I2C
  +--> ?CO?LT9611
  +--> ?PR?PRINTF?PRINTF
  +--> ?PR?_LT9611_CEC_MSG_TX_HANDLE?LT9611
  +--> ?PR?_LT9611_CEC_MSG_RX_PARSE?LT9611

?PR?_LT9611_CEC_MSG_TX_HANDLE?LT9611             -----    -----      -----    -----      016BH    0006H
  +--> ?CO?LT9611
  +--> ?PR?PRINTF?PRINTF
  +--> ?PR?LT9611_CEC_LOGICAL_RESET?LT9611
  +--> ?PR?_LT9611_CEC_MSG_SET_LOGICAL_ADDRE...
  +--> ?PR?_LT9611_CEC_REPORT_PHYSICAL_ADDRE...
  +--> ?PR?_LT9611_CEC_LA_ALLOCATION?LT9611
  +--> ?PR?_LT9611_CEC_FRAME_RETRANSMISSION?...

?PR?LT9611_CEC_LOGICAL_RESET?LT9611              -----    -----      -----    -----      -----    -----
  +--> ?PR?_HDMI_WRITEI2C_BYTE?I2C

?PR?_LT9611_CEC_REPORT_PHYSICAL_ADDRE...         -----    -----      -----    -----      -----    -----
  +--> ?PR?_LT9611_HDMI_CEC_WRITE?LT9611

?PR?_LT9611_HDMI_CEC_WRITE?LT9611                -----    -----      -----    -----      0174H    0005H
  +--> ?PR?_HDMI_WRITEI2C_BYTE?I2C
  +--> ?PR?_TIMER0_DELAY1MS?DELAY

BL51 BANKED LINKER/LOCATER V6.22                                                      11/02/2022  09:02:33  PAGE 9


?PR?_LT9611_CEC_LA_ALLOCATION?LT9611             -----    -----      -----    -----      -----    -----
  +--> ?PR?_LT9611_HDMI_CEC_WRITE?LT9611

?PR?_LT9611_CEC_FRAME_RETRANSMISSION?...         -----    -----      -----    -----      0171H    0003H
  +--> ?PR?_HDMI_WRITEI2C_BYTE?I2C

?PR?_LT9611_CEC_MSG_RX_PARSE?LT9611              -----    -----      -----    -----      016BH    0009H
  +--> ?CO?LT9611
  +--> ?PR?_LT9611_HDMI_CEC_READ?LT9611
  +--> ?PR?PRINTF?PRINTF
  +--> ?PR?_LT9611_CEC_FEATURE_ABORT?LT9611
  +--> ?PR?_LT9611_CEC_REPORT_PHYSICAL_ADDRE...
  +--> ?PR?_TIMER0_DELAY1MS?DELAY
  +--> ?PR?_LT9611_CEC_MENU_ACTIVATE?LT9611

?PR?_LT9611_HDMI_CEC_READ?LT9611                 -----    -----      -----    -----      0174H    0005H
  +--> ?PR?_HDMI_WRITEI2C_BYTE?I2C
  +--> ?PR?_HDMI_READI2C_BYTE?I2C

?PR?_LT9611_CEC_FEATURE_ABORT?LT9611             -----    -----      -----    -----      -----    -----
  +--> ?PR?_LT9611_HDMI_CEC_WRITE?LT9611

?PR?_LT9611_CEC_MENU_ACTIVATE?LT9611             -----    -----      -----    -----      -----    -----
  +--> ?PR?_LT9611_HDMI_CEC_WRITE?LT9611

?PR?LT9611_VID_CHG_INTERRUPT_HANDLE?L...         -----    -----      -----    -----      -----    -----
  +--> ?CO?LT9611
  +--> ?PR?PRINTF?PRINTF
  +--> ?PR?_HDMI_WRITEI2C_BYTE?I2C
  +--> ?PR?LT9611_VIDEO_CHECK?LT9611
  +--> ?PR?_TIMER0_DELAY1MS?DELAY
  +--> ?PR?_LT9611_PLL?LT9611
  +--> ?PR?_LT9611_MIPI_PCR?LT9611
  +--> ?PR?_LT9611_HDMI_TX_DIGITAL?LT9611
  +--> ?PR?LT9611_HDMI_OUT_ENABLE?LT9611
  +--> ?PR?LT9611_HDMI_OUT_DISABLE?LT9611



SYMBOL TABLE OF MODULE:  .\Objects\LT9611_YUV422_CSI_22101701 (UART0)

  VALUE           TYPE          NAME
  ----------------------------------

  -------         MODULE        UART0
  C:0000H         SYMBOL        _ICE_DUMMY_
  D:00B1H         PUBLIC        P0M1
  D:00B2H         PUBLIC        P0M2
  D:0080H         PUBLIC        P0
  D:0090H         PUBLIC        P1
  D:00A0H         PUBLIC        P2
  D:00B0H         PUBLIC        P3
  D:00D8H         PUBLIC        PWMCON0
  D:00A8H         PUBLIC        IE
  D:00B8H         PUBLIC        IP
  B:0098H.1       PUBLIC        TI
  D:0099H         PUBLIC        SBUF
BL51 BANKED LINKER/LOCATER V6.22                                                      11/02/2022  09:02:33  PAGE 10


  D:0087H         PUBLIC        PCON
  D:0098H         PUBLIC        SCON
  D:0089H         PUBLIC        TMOD
  D:0088H         PUBLIC        TCON
  D:00F8H         PUBLIC        SCON_1
  D:008DH         PUBLIC        TH1
  C:423AH         PUBLIC        _InitialUART0_Timer1
  B:0088H.6       PUBLIC        TR1
  D:00E8H         PUBLIC        ADCCON0
  C:45F7H         PUBLIC        _Send_Data_To_UART0
  D:00C0H         PUBLIC        I2CON
  D:00C8H         PUBLIC        T2CON
  D:00C4H         PUBLIC        T3CON
  D:008EH         PUBLIC        CKCON
  D:00D0H         PUBLIC        PSW
  C:45FFH         PUBLIC        _printch
  -------         PROC          _INITIALUART0_TIMER1
  D:0004H         SYMBOL        u32Baudrate
  C:423AH         LINE#         8
  C:423AH         LINE#         9
  C:423AH         LINE#         10
  C:4240H         LINE#         11
  C:4246H         LINE#         13
  C:4249H         LINE#         14
  C:424CH         LINE#         16
  C:424FH         LINE#         17
  C:4252H         LINE#         18
  C:4255H         LINE#         21
  C:426EH         LINE#         26
  C:4270H         LINE#         27
  C:4272H         LINE#         28
  -------         ENDPROC       _INITIALUART0_TIMER1
  -------         PROC          _SEND_DATA_TO_UART0
  D:0007H         SYMBOL        c
  C:45F7H         LINE#         64
  C:45F7H         LINE#         65
  C:45F7H         LINE#         66
  C:45F9H         LINE#         67
  C:45FBH         LINE#         68
  C:45FEH         LINE#         69
  -------         ENDPROC       _SEND_DATA_TO_UART0
  -------         PROC          _PRINTCH
  D:0007H         SYMBOL        ch
  C:45FFH         LINE#         144
  C:45FFH         LINE#         145
  C:45FFH         LINE#         146
  -------         ENDPROC       _PRINTCH
  -------         ENDMOD        UART0

  -------         MODULE        MAIN
  C:0000H         SYMBOL        _ICE_DUMMY_
  D:00B1H         PUBLIC        P0M1
  D:00B3H         PUBLIC        P1M1
  D:00B2H         PUBLIC        P0M2
  D:0080H         PUBLIC        P0
  D:00B4H         PUBLIC        P1M2
  D:0090H         PUBLIC        P1
BL51 BANKED LINKER/LOCATER V6.22                                                      11/02/2022  09:02:33  PAGE 11


  D:00ACH         PUBLIC        P3M1
  D:00A0H         PUBLIC        P2
  D:00B0H         PUBLIC        P3
  D:00ADH         PUBLIC        P3M2
  B:00A8H.7       PUBLIC        EA
  D:00D8H         PUBLIC        PWMCON0
  D:00A8H         PUBLIC        IE
  D:00B8H         PUBLIC        IP
  C:45C5H         PUBLIC        main
  B:00B0H.0       PUBLIC        P30
  D:0098H         PUBLIC        SCON
  D:0088H         PUBLIC        TCON
  D:00F8H         PUBLIC        SCON_1
  D:009BH         PUBLIC        EIE
  C:44DEH         PUBLIC        LT9611_Reset
  D:00E8H         PUBLIC        ADCCON0
  D:00C0H         PUBLIC        I2CON
  X:01E0H         PUBLIC        irq_task_flag
  C:4052H         PUBLIC        MCU_SystemInit
  D:00C8H         PUBLIC        T2CON
  D:00E9H         PUBLIC        PICON
  D:00D0H         PUBLIC        PSW
  D:00EAH         PUBLIC        PINEN
  D:00EBH         PUBLIC        PIPEN
  -------         PROC          MCU_SYSTEMINIT
  C:4052H         LINE#         6
  C:4052H         LINE#         7
  C:4052H         LINE#         8
  C:4058H         LINE#         9
  C:405EH         LINE#         10
  C:4064H         LINE#         11
  C:406AH         LINE#         12
  C:4070H         LINE#         14
  C:4076H         LINE#         15
  C:407CH         LINE#         16
  C:4082H         LINE#         19
  C:408DH         LINE#         21
  C:4090H         LINE#         22
  C:4099H         LINE#         23
  C:409CH         LINE#         28
  C:409EH         LINE#         29
  -------         ENDPROC       MCU_SYSTEMINIT
  -------         PROC          LT9611_RESET
  C:44DEH         LINE#         31
  C:44DEH         LINE#         32
  C:44DEH         LINE#         33
  C:44E0H         LINE#         34
  C:44EBH         LINE#         35
  C:44EDH         LINE#         36
  -------         ENDPROC       LT9611_RESET
  -------         PROC          MAIN
  C:45C5H         LINE#         39
  C:45C5H         LINE#         40
  C:45C5H         LINE#         41
  C:45C8H         LINE#         43
  C:45D1H         LINE#         44
  C:45D4H         LINE#         49
BL51 BANKED LINKER/LOCATER V6.22                                                      11/02/2022  09:02:33  PAGE 12


  C:45D7H         LINE#         52
  -------         ENDPROC       MAIN
  -------         ENDMOD        MAIN

  -------         MODULE        I2C
  C:0000H         SYMBOL        _ICE_DUMMY_
  D:0080H         PUBLIC        P0
  D:0090H         PUBLIC        P1
  D:00A0H         PUBLIC        P2
  D:00B0H         PUBLIC        P3
  C:4571H         PUBLIC        _HDMI_ReadI2C_ByteN
  D:00D8H         PUBLIC        PWMCON0
  D:00A8H         PUBLIC        IE
  C:3670H         SYMBOL        _i2c_read_byte
  C:4586H         PUBLIC        _HDMI_WriteI2C_ByteN
  X:01DEH         PUBLIC        I2CADR
  D:00B8H         PUBLIC        IP
  C:3B88H         SYMBOL        _i2c_write_byte
  X:01DFH         PUBLIC        ack
  B:0090H.3       PUBLIC        P13
  D:0098H         PUBLIC        SCON
  B:0090H.4       PUBLIC        P14
  D:0088H         PUBLIC        TCON
  C:4369H         PUBLIC        _HDMI_ReadI2C_Byte
  C:3FB3H         SYMBOL        _I2C_SendByte
  C:4273H         SYMBOL        RcvByte
  D:00F8H         PUBLIC        SCON_1
  C:446BH         PUBLIC        _HDMI_WriteI2C_Byte
  C:44A6H         SYMBOL        _Ack_I2c
  C:455CH         SYMBOL        Start_I2c
  C:45E0H         SYMBOL        _I2C_Delay_us
  D:00E8H         PUBLIC        ADCCON0
  D:00C0H         PUBLIC        I2CON
  C:45EBH         SYMBOL        Stop_I2c
  D:00C8H         PUBLIC        T2CON
  D:00D0H         PUBLIC        PSW
  -------         PROC          L?0048
  -------         ENDPROC       L?0048
  -------         PROC          _I2C_DELAY_US
  D:0007H         SYMBOL        uscount
  -------         DO            
  D:0006H         SYMBOL        x
  -------         ENDDO         
  C:45E0H         LINE#         21
  C:45E0H         LINE#         22
  C:45E0H         LINE#         24
  C:45E7H         LINE#         25
  C:45E7H         LINE#         27
  C:45EAH         LINE#         28
  -------         ENDPROC       _I2C_DELAY_US
  -------         PROC          START_I2C
  C:455CH         LINE#         30
  C:455CH         LINE#         31
  C:455CH         LINE#         32
  C:455EH         LINE#         33
  C:4560H         LINE#         34
  C:4560H         LINE#         35
BL51 BANKED LINKER/LOCATER V6.22                                                      11/02/2022  09:02:33  PAGE 13


  C:4563H         LINE#         36
  C:4565H         LINE#         37
  C:456AH         LINE#         38
  C:456CH         LINE#         39
  -------         ENDPROC       START_I2C
  -------         PROC          STOP_I2C
  C:45EBH         LINE#         42
  C:45EBH         LINE#         43
  C:45EBH         LINE#         44
  C:45EDH         LINE#         45
  C:45EFH         LINE#         46
  C:45EFH         LINE#         47
  C:45F2H         LINE#         48
  C:45F4H         LINE#         49
  -------         ENDPROC       STOP_I2C
  -------         PROC          _I2C_SENDBYTE
  D:0005H         SYMBOL        c
  -------         DO            
  D:0004H         SYMBOL        bit_Cnt
  -------         ENDDO         
  C:3FB3H         LINE#         53
  C:3FB5H         LINE#         54
  C:3FB5H         LINE#         57
  C:3FB7H         LINE#         58
  C:3FB7H         LINE#         59
  C:3FC4H         LINE#         60
  C:3FC4H         LINE#         61
  C:3FC6H         LINE#         62
  C:3FC8H         LINE#         64
  C:3FC8H         LINE#         65
  C:3FCAH         LINE#         66
  C:3FCAH         LINE#         67
  C:3FCFH         LINE#         68
  C:3FD1H         LINE#         69
  C:3FD5H         LINE#         70
  C:3FD7H         LINE#         71
  C:3FDCH         LINE#         73
  C:3FE1H         LINE#         74
  C:3FE3H         LINE#         75
  C:3FE8H         LINE#         76
  C:3FEAH         LINE#         77
  C:3FEDH         LINE#         79
  C:3FF0H         LINE#         80
  C:3FF0H         LINE#         81
  C:3FF5H         LINE#         82
  C:3FF7H         LINE#         84
  C:3FF7H         LINE#         85
  C:3FFDH         LINE#         86
  C:3FFDH         LINE#         87
  C:3FFFH         LINE#         88
  -------         ENDPROC       _I2C_SENDBYTE
  -------         PROC          RCVBYTE
  -------         DO            
  D:0005H         SYMBOL        retc
  D:0004H         SYMBOL        bit_Cnt
  -------         ENDDO         
  C:4273H         LINE#         91
BL51 BANKED LINKER/LOCATER V6.22                                                      11/02/2022  09:02:33  PAGE 14


  C:4273H         LINE#         92
  C:4273H         LINE#         96
  C:4275H         LINE#         97
  C:4277H         LINE#         98
  C:4278H         LINE#         99
  C:4278H         LINE#         100
  C:427DH         LINE#         101
  C:427FH         LINE#         102
  C:4284H         LINE#         103
  C:4286H         LINE#         104
  C:428BH         LINE#         105
  C:428FH         LINE#         106
  C:4292H         LINE#         107
  C:4292H         LINE#         108
  C:4293H         LINE#         109
  C:4293H         LINE#         110
  C:4298H         LINE#         111
  C:429DH         LINE#         112
  C:429FH         LINE#         113
  C:42A4H         LINE#         114
  C:42A6H         LINE#         115
  -------         ENDPROC       RCVBYTE
  -------         PROC          _ACK_I2C
  D:0007H         SYMBOL        a
  C:44A6H         LINE#         117
  C:44A6H         LINE#         118
  C:44A6H         LINE#         119
  C:44A9H         LINE#         120
  C:44A9H         LINE#         121
  C:44ABH         LINE#         122
  C:44ADH         LINE#         124
  C:44ADH         LINE#         125
  C:44AFH         LINE#         126
  C:44AFH         LINE#         128
  C:44B4H         LINE#         129
  C:44B6H         LINE#         130
  C:44BBH         LINE#         131
  C:44BDH         LINE#         132
  -------         ENDPROC       _ACK_I2C
  -------         PROC          _I2C_WRITE_BYTE
  D:0004H         SYMBOL        sla
  X:017BH         SYMBOL        suba
  D:0001H         SYMBOL        s
  X:017FH         SYMBOL        no
  -------         DO            
  X:0180H         SYMBOL        i
  -------         ENDDO         
  C:3B88H         LINE#         135
  C:3B8FH         LINE#         136
  C:3B8FH         LINE#         139
  C:3B92H         LINE#         141
  C:3B97H         LINE#         143
  C:3B9DH         LINE#         144
  C:3B9DH         LINE#         145
  C:3B9DH         LINE#         146
  C:3B9FH         LINE#         147
  C:3B9FH         LINE#         148
BL51 BANKED LINKER/LOCATER V6.22                                                      11/02/2022  09:02:33  PAGE 15


  C:3BA7H         LINE#         149
  C:3BADH         LINE#         150
  C:3BADH         LINE#         151
  C:3BADH         LINE#         152
  C:3BAFH         LINE#         153
  C:3BAFH         LINE#         155
  C:3BBFH         LINE#         156
  C:3BBFH         LINE#         157
  C:3BC6H         LINE#         158
  C:3BCCH         LINE#         159
  C:3BCCH         LINE#         160
  C:3BCFH         LINE#         161
  C:3BD2H         LINE#         162
  C:3BD2H         LINE#         163
  C:3BD9H         LINE#         164
  C:3BE1H         LINE#         165
  C:3BE4H         LINE#         166
  C:3BE6H         LINE#         167
  -------         ENDPROC       _I2C_WRITE_BYTE
  -------         PROC          _I2C_READ_BYTE
  X:017AH         SYMBOL        sla
  X:017BH         SYMBOL        suba
  D:0001H         SYMBOL        s
  X:017FH         SYMBOL        no
  -------         DO            
  X:0180H         SYMBOL        i
  -------         ENDDO         
  C:3670H         LINE#         169
  C:3678H         LINE#         170
  C:3678H         LINE#         172
  C:367BH         LINE#         173
  C:3683H         LINE#         174
  C:3689H         LINE#         175
  C:3689H         LINE#         176
  C:3689H         LINE#         177
  C:3689H         LINE#         178
  C:368BH         LINE#         179
  C:368BH         LINE#         180
  C:3693H         LINE#         181
  C:3699H         LINE#         182
  C:3699H         LINE#         183
  C:3699H         LINE#         184
  C:3699H         LINE#         185
  C:369BH         LINE#         186
  C:369BH         LINE#         187
  C:369EH         LINE#         188
  C:36A7H         LINE#         189
  C:36ADH         LINE#         190
  C:36ADH         LINE#         191
  C:36B0H         LINE#         192
  C:36B4H         LINE#         193
  C:36B6H         LINE#         194
  C:36B6H         LINE#         195
  C:36C7H         LINE#         196
  C:36C7H         LINE#         197
  C:36CEH         LINE#         198
  C:36D3H         LINE#         199
BL51 BANKED LINKER/LOCATER V6.22                                                      11/02/2022  09:02:33  PAGE 16


  C:36DAH         LINE#         200
  C:36E2H         LINE#         201
  C:36E9H         LINE#         202
  C:36EEH         LINE#         203
  C:36F1H         LINE#         204
  C:36F3H         LINE#         205
  -------         ENDPROC       _I2C_READ_BYTE
  -------         PROC          _HDMI_READI2C_BYTE
  D:0006H         SYMBOL        RegAddr
  -------         DO            
  X:0179H         SYMBOL        p_data
  -------         ENDDO         
  C:4369H         LINE#         207
  C:436BH         LINE#         208
  C:436BH         LINE#         209
  C:4370H         LINE#         211
  C:4389H         LINE#         212
  C:4389H         LINE#         213
  C:438FH         LINE#         214
  C:438FH         LINE#         215
  C:4391H         LINE#         216
  -------         ENDPROC       _HDMI_READI2C_BYTE
  -------         PROC          _HDMI_READI2C_BYTEN
  D:0006H         SYMBOL        RegAddr
  D:0001H         SYMBOL        p_data
  X:01B9H         SYMBOL        N
  -------         DO            
  D:0007H         SYMBOL        flag
  -------         ENDDO         
  C:4571H         LINE#         218
  C:4573H         LINE#         219
  C:4573H         LINE#         222
  C:4585H         LINE#         224
  C:4585H         LINE#         225
  -------         ENDPROC       _HDMI_READI2C_BYTEN
  -------         PROC          _HDMI_WRITEI2C_BYTE
  D:0006H         SYMBOL        RegAddr
  X:0179H         SYMBOL        d
  -------         DO            
  D:0007H         SYMBOL        flag
  -------         ENDDO         
  C:446BH         LINE#         227
  C:4472H         LINE#         228
  C:4472H         LINE#         231
  C:4488H         LINE#         234
  C:4488H         LINE#         235
  -------         ENDPROC       _HDMI_WRITEI2C_BYTE
  -------         PROC          _HDMI_WRITEI2C_BYTEN
  D:0006H         SYMBOL        RegAddr
  D:0001H         SYMBOL        d
  X:01BEH         SYMBOL        N
  -------         DO            
  D:0007H         SYMBOL        flag
  -------         ENDDO         
  C:4586H         LINE#         237
  C:4588H         LINE#         238
  C:4588H         LINE#         241
BL51 BANKED LINKER/LOCATER V6.22                                                      11/02/2022  09:02:33  PAGE 17


  C:459AH         LINE#         243
  C:459AH         LINE#         244
  -------         ENDPROC       _HDMI_WRITEI2C_BYTEN
  -------         ENDMOD        I2C

  -------         MODULE        LT9611
  C:0000H         SYMBOL        _ICE_DUMMY_
  D:0080H         PUBLIC        P0
  C:41C1H         PUBLIC        _lt9611_cec_msg_init
  C:44F8H         PUBLIC        lt9611_cec_msg_write_demo
  D:0090H         PUBLIC        P1
  D:00A0H         PUBLIC        P2
  D:00B0H         PUBLIC        P3
  C:4004H         PUBLIC        _delay_1ms
  D:00D8H         PUBLIC        PWMCON0
  C:2A9FH         PUBLIC        _lt9611_cec_msg_tx_handle
  C:459BH         PUBLIC        lt9611_cec_logical_reset
  X:0005H         PUBLIC        Tx_HPD
  C:45B0H         PUBLIC        LT9611_pattern_en
  C:2DCCH         PUBLIC        _LT9611_MIPI_Pcr
  C:0FDBH         PUBLIC        video_1400x1050_60Hz
  C:3439H         SYMBOL        _do_checksum
  C:4545H         PUBLIC        LT9611_HDCP_Disable
  C:430CH         PUBLIC        _lt9611_cec_feature_abort
  D:00A8H         PUBLIC        IE
  C:43E2H         PUBLIC        IntbInterruptFun
  C:1032H         PUBLIC        LT9611_Video_Check
  X:0006H         PUBLIC        Sink_EDID
  C:0FF8H         PUBLIC        video_1200x1920_60Hz
  C:42DBH         PUBLIC        _lt9611_cec_menu_activate
  C:0EF3H         PUBLIC        video_1920x1080_30Hz
  X:0106H         PUBLIC        pcr_m
  C:0ED6H         PUBLIC        video_1920x1080_50Hz
  C:36F4H         PUBLIC        LT9611_HDP_Interrupt_Handle
  C:0F4AH         PUBLIC        video_3840x2160_30Hz
  C:0F2DH         PUBLIC        video_1920x1080_24Hz
  C:0EB9H         PUBLIC        video_1920x1080_60Hz
  C:0F10H         PUBLIC        video_1920x1080_25Hz
  C:35E9H         PUBLIC        LT9611_HDMI_TX_Phy
  C:0FA1H         PUBLIC        video_1440x2560_70Hz
  C:0F84H         PUBLIC        video_3840x2160_24Hz
  C:0F67H         PUBLIC        video_3840x2160_25Hz
  D:00B8H         PUBLIC        IP
  X:0107H         PUBLIC        video
  C:433CH         PUBLIC        LT9611_Get_HPD_Status
  C:4135H         PUBLIC        _lt9611_cec_frame_retransmission
  C:4200H         PUBLIC        LT9611_HDCP_Enable
  C:3A5BH         PUBLIC        _LT9611_LowPower_mode
  C:3F61H         PUBLIC        LT9611_Htotal_Sysclk
  C:0003H         PUBLIC        _LT9611_HDMI_CEC_ON
  C:38F3H         PUBLIC        LT9611_load_hdcp_key
  C:3109H         PUBLIC        _lt9611_cec_msg_set_logical_address
  C:2C3FH         PUBLIC        _LT9611_HDMI_TX_Digital
  C:4392H         PUBLIC        LT9611_HDMI_Out_Disable
  C:275EH         PUBLIC        _LT9611_MIPI_Video_Timing
  C:444CH         PUBLIC        LT9611_CSC
  C:3C9EH         PUBLIC        LT9611_MIPI_Input_Analog
BL51 BANKED LINKER/LOCATER V6.22                                                      11/02/2022  09:02:33  PAGE 18


  C:3202H         PUBLIC        LT9611_MIPI_Input_Digtal
  X:010AH         PUBLIC        PCR_Format
  X:010BH         PUBLIC        lt9611
  C:20A6H         PUBLIC        _lt9611_cec_msg_rx_parse
  C:0E28H         PUBLIC        video_720x480_60Hz
  D:0098H         PUBLIC        SCON
  C:4512H         PUBLIC        lt9611_broad_cast_demo
  C:0E0BH         PUBLIC        video_640x480_60Hz
  D:0088H         PUBLIC        TCON
  C:40EAH         PUBLIC        LT9611_IRQ_Task
  C:44C2H         PUBLIC        LT9611_IRQ_Init
  C:4406H         PUBLIC        LT9611_RST_PD_Init
  C:0E45H         PUBLIC        video_720x576_50Hz
  C:39E6H         PUBLIC        LT9611_HDMI_Out_Enable
  C:1DD6H         PUBLIC        _LT9611_PLL
  B:0088H.1       PUBLIC        IE0
  C:37FBH         PUBLIC        LT9611_Audio_Init
  C:2366H         PUBLIC        _lt9611_parse_physical_address
  C:3877H         PUBLIC        _lt9611_hdmi_cec_read
  D:00F8H         PUBLIC        SCON_1
  C:2EF2H         PUBLIC        _LT9611_Enable_Interrupts
  C:417EH         PUBLIC        LT9611_Chip_ID
  C:003AH         PUBLIC        LT9611_Read_EDID
  C:396DH         PUBLIC        _lt9611_cec_msg_Interrupt_Handle
  C:3AC0H         PUBLIC        LT9611_Vid_Chg_Interrupt_Handle
  C:3F1AH         PUBLIC        _lt9611_cec_report_physical_address
  C:3C43H         PUBLIC        LT9611_System_Init
  X:0114H         PUBLIC        flag_cec_data_received
  D:009BH         PUBLIC        EIE
  C:34D0H         PUBLIC        _lt9611_hdmi_cec_write
  C:3002H         PUBLIC        LT9611_Dphy_debug
  C:42A7H         PUBLIC        LT9611_pattern
  X:0115H         SYMBOL        CEC_RxData_Buff
  D:00E8H         PUBLIC        ADCCON0
  X:0125H         SYMBOL        CEC_TxData_Buff
  D:00C0H         PUBLIC        I2CON
  C:2908H         PUBLIC        LT9611_Frequency_Meter_Byte_Clk
  D:00ECH         PUBLIC        PIF
  C:0E9CH         PUBLIC        video_1280x720_30Hz
  C:0E7FH         PUBLIC        video_1280x720_50Hz
  C:3778H         PUBLIC        LT9611_Pcr_MK_Print
  C:0E62H         PUBLIC        video_1280x720_60Hz
  C:1015H         PUBLIC        video_1920x720_60Hz
  C:452CH         PUBLIC        _LT9611_Globe_Interrupts
  D:00C8H         PUBLIC        T2CON
  X:0137H         PUBLIC        lt9611_cec_msg
  C:338FH         PUBLIC        LT9611_Init
  C:4429H         PUBLIC        LT9611_HDCP_Init
  C:25A0H         PUBLIC        _LT9611_pattern_gcm
  C:3B25H         PUBLIC        _lt9611_cec_device_polling
  C:0FBEH         PUBLIC        video_1366x768_60Hz
  C:32D3H         PUBLIC        _LT9611_pattern_pixel_clk
  D:00D0H         PUBLIC        PSW
  C:4489H         PUBLIC        _lt9611_cec_la_allocation
  -------         PROC          _DELAY_1MS
  D:0007H         SYMBOL        cnt
  -------         DO            
BL51 BANKED LINKER/LOCATER V6.22                                                      11/02/2022  09:02:33  PAGE 19


  X:0000H         SYMBOL        i
  X:0002H         SYMBOL        j
  -------         ENDDO         
  C:4004H         LINE#         126
  C:4004H         LINE#         127
  C:4004H         LINE#         130
  C:4012H         LINE#         131
  C:4021H         LINE#         132
  C:4021H         LINE#         133
  C:4025H         LINE#         134
  C:4033H         LINE#         136
  C:4033H         LINE#         137
  C:4041H         LINE#         138
  C:4041H         LINE#         139
  C:4048H         LINE#         140
  C:404CH         LINE#         141
  C:404FH         LINE#         142
  C:404FH         LINE#         144
  C:404FH         LINE#         145
  C:4051H         LINE#         146
  C:4051H         LINE#         147
  -------         ENDPROC       _DELAY_1MS
  -------         PROC          LT9611_CHIP_ID
  C:417EH         LINE#         149
  C:417EH         LINE#         150
  C:417EH         LINE#         151
  C:4185H         LINE#         152
  C:418CH         LINE#         153
  C:41ACH         LINE#         156
  C:41B3H         LINE#         157
  C:41BAH         LINE#         158
  -------         ENDPROC       LT9611_CHIP_ID
  -------         PROC          LT9611_RST_PD_INIT
  C:4406H         LINE#         161
  C:4406H         LINE#         162
  C:4406H         LINE#         164
  C:440DH         LINE#         165
  C:4414H         LINE#         166
  C:441BH         LINE#         167
  C:4422H         LINE#         168
  -------         ENDPROC       LT9611_RST_PD_INIT
  -------         PROC          _LT9611_LOWPOWER_MODE
  D:0007H         SYMBOL        on
  C:3A5BH         LINE#         171
  C:3A5BH         LINE#         172
  C:3A5BH         LINE#         175
  C:3A62H         LINE#         176
  C:3A62H         LINE#         177
  C:3A65H         LINE#         178
  C:3A6CH         LINE#         179
  C:3A73H         LINE#         180
  C:3A7AH         LINE#         182
  C:3A81H         LINE#         183
  C:3A88H         LINE#         184
  C:3A8EH         LINE#         185
  C:3A90H         LINE#         187
  C:3A90H         LINE#         188
BL51 BANKED LINKER/LOCATER V6.22                                                      11/02/2022  09:02:33  PAGE 20


  C:3A93H         LINE#         189
  C:3A9AH         LINE#         190
  C:3AA1H         LINE#         191
  C:3AA8H         LINE#         193
  C:3AAFH         LINE#         194
  C:3AB6H         LINE#         195
  C:3ABFH         LINE#         196
  C:3ABFH         LINE#         197
  -------         ENDPROC       _LT9611_LOWPOWER_MODE
  -------         PROC          LT9611_SYSTEM_INIT
  C:3C43H         LINE#         199
  C:3C43H         LINE#         200
  C:3C43H         LINE#         201
  C:3C4AH         LINE#         203
  C:3C51H         LINE#         205
  C:3C58H         LINE#         206
  C:3C5FH         LINE#         207
  C:3C66H         LINE#         208
  C:3C6DH         LINE#         211
  C:3C74H         LINE#         212
  C:3C7BH         LINE#         213
  C:3C82H         LINE#         214
  C:3C89H         LINE#         215
  C:3C90H         LINE#         216
  C:3C97H         LINE#         217
  -------         ENDPROC       LT9611_SYSTEM_INIT
  -------         PROC          LT9611_MIPI_INPUT_ANALOG
  C:3C9EH         LINE#         220
  C:3C9EH         LINE#         221
  C:3C9EH         LINE#         223
  C:3CA5H         LINE#         225
  C:3CACH         LINE#         226
  C:3CB3H         LINE#         227
  C:3CBAH         LINE#         228
  C:3CC1H         LINE#         229
  C:3CC8H         LINE#         231
  C:3CCFH         LINE#         232
  C:3CD6H         LINE#         233
  C:3CDDH         LINE#         234
  C:3CE4H         LINE#         235
  C:3CEBH         LINE#         237
  C:3CF2H         LINE#         238
  -------         ENDPROC       LT9611_MIPI_INPUT_ANALOG
  -------         PROC          LT9611_MIPI_INPUT_DIGTAL
  -------         DO            
  X:0165H         SYMBOL        lanes
  -------         ENDDO         
  C:3202H         LINE#         241
  C:3202H         LINE#         242
  C:3202H         LINE#         244
  C:320AH         LINE#         246
  C:3217H         LINE#         251
  C:321EH         LINE#         252
  C:3225H         LINE#         253
  C:322CH         LINE#         254
  C:3233H         LINE#         255
  C:323CH         LINE#         265
BL51 BANKED LINKER/LOCATER V6.22                                                      11/02/2022  09:02:33  PAGE 21


  C:3243H         LINE#         266
  C:324AH         LINE#         269
  C:3251H         LINE#         270
  C:325BH         LINE#         272
  C:3262H         LINE#         273
  C:3269H         LINE#         275
  C:3270H         LINE#         276
  C:3270H         LINE#         277
  C:3277H         LINE#         278
  C:327DH         LINE#         279
  C:327FH         LINE#         281
  C:327FH         LINE#         282
  C:3286H         LINE#         283
  C:328FH         LINE#         284
  C:328FH         LINE#         287
  C:3297H         LINE#         288
  C:3297H         LINE#         289
  C:32A0H         LINE#         290
  C:32A7H         LINE#         291
  C:32AEH         LINE#         292
  C:32B5H         LINE#         294
  C:32BBH         LINE#         295
  C:32BBH         LINE#         296
  C:32C2H         LINE#         297
  C:32C9H         LINE#         298
  C:32C9H         LINE#         299
  C:32C9H         LINE#         301
  C:32D2H         LINE#         303
  -------         ENDPROC       LT9611_MIPI_INPUT_DIGTAL
  -------         PROC          LT9611_VIDEO_CHECK
  -------         DO            
  X:0168H         SYMBOL        mipi_video_format
  X:0169H         SYMBOL        h_act
  X:016BH         SYMBOL        h_act_a
  X:016DH         SYMBOL        h_act_b
  X:016FH         SYMBOL        v_act
  X:0171H         SYMBOL        v_tal
  X:0173H         SYMBOL        h_total_sysclk
  -------         ENDDO         
  C:1032H         LINE#         305
  C:1032H         LINE#         306
  C:1032H         LINE#         308
  C:1037H         LINE#         312
  C:103EH         LINE#         313
  C:104BH         LINE#         314
  C:1065H         LINE#         315
  C:106EH         LINE#         316
  C:1077H         LINE#         317
  C:108FH         LINE#         319
  C:109CH         LINE#         320
  C:10B6H         LINE#         321
  C:10C3H         LINE#         322
  C:10DDH         LINE#         324
  C:10E4H         LINE#         325
  C:10F1H         LINE#         326
  C:110BH         LINE#         328
  C:1118H         LINE#         329
BL51 BANKED LINKER/LOCATER V6.22                                                      11/02/2022  09:02:33  PAGE 22


  C:1132H         LINE#         332
  C:1139H         LINE#         333
  C:1139H         LINE#         334
  C:1142H         LINE#         335
  C:114DH         LINE#         336
  C:1156H         LINE#         337
  C:1158H         LINE#         338
  C:115EH         LINE#         339
  C:115EH         LINE#         340
  C:1167H         LINE#         341
  C:117EH         LINE#         342
  C:1193H         LINE#         343
  C:1193H         LINE#         345
  C:119DH         LINE#         347
  C:11E2H         LINE#         348
  C:11F3H         LINE#         350
  C:11FAH         LINE#         351
  C:1212H         LINE#         353
  C:1221H         LINE#         356
  C:122AH         LINE#         360
  C:1256H         LINE#         361
  C:1256H         LINE#         362
  C:125FH         LINE#         363
  C:1265H         LINE#         364
  C:1273H         LINE#         365
  C:1276H         LINE#         366
  C:12A2H         LINE#         367
  C:12A2H         LINE#         368
  C:12ABH         LINE#         369
  C:12B1H         LINE#         370
  C:12BFH         LINE#         371
  C:12C2H         LINE#         373
  C:12EEH         LINE#         374
  C:12EEH         LINE#         375
  C:12F7H         LINE#         376
  C:12FDH         LINE#         377
  C:130BH         LINE#         378
  C:130EH         LINE#         380
  C:133FH         LINE#         381
  C:133FH         LINE#         382
  C:134EH         LINE#         383
  C:134EH         LINE#         384
  C:1357H         LINE#         385
  C:135DH         LINE#         386
  C:136BH         LINE#         387
  C:136EH         LINE#         388
  C:137DH         LINE#         389
  C:137DH         LINE#         390
  C:1386H         LINE#         391
  C:138CH         LINE#         392
  C:139AH         LINE#         393
  C:139DH         LINE#         394
  C:13AFH         LINE#         395
  C:13AFH         LINE#         396
  C:13B8H         LINE#         397
  C:13BEH         LINE#         398
  C:13CCH         LINE#         399
BL51 BANKED LINKER/LOCATER V6.22                                                      11/02/2022  09:02:33  PAGE 23


  C:13CCH         LINE#         400
  C:13CFH         LINE#         402
  C:1400H         LINE#         403
  C:1400H         LINE#         404
  C:140FH         LINE#         405
  C:140FH         LINE#         406
  C:1418H         LINE#         407
  C:141EH         LINE#         408
  C:142CH         LINE#         409
  C:142FH         LINE#         411
  C:143EH         LINE#         412
  C:143EH         LINE#         413
  C:1447H         LINE#         414
  C:144DH         LINE#         415
  C:145BH         LINE#         416
  C:145EH         LINE#         418
  C:146DH         LINE#         419
  C:146DH         LINE#         420
  C:1476H         LINE#         421
  C:147CH         LINE#         422
  C:148AH         LINE#         423
  C:148DH         LINE#         425
  C:149CH         LINE#         426
  C:149CH         LINE#         427
  C:14A5H         LINE#         428
  C:14ABH         LINE#         429
  C:14B9H         LINE#         430
  C:14BCH         LINE#         432
  C:14CEH         LINE#         433
  C:14CEH         LINE#         434
  C:14D7H         LINE#         435
  C:14DDH         LINE#         436
  C:14EBH         LINE#         437
  C:14EBH         LINE#         438
  C:14EEH         LINE#         440
  C:151FH         LINE#         441
  C:151FH         LINE#         442
  C:1526H         LINE#         443
  C:152DH         LINE#         444
  C:153CH         LINE#         445
  C:153CH         LINE#         446
  C:1545H         LINE#         447
  C:154BH         LINE#         448
  C:1559H         LINE#         449
  C:155CH         LINE#         450
  C:156BH         LINE#         451
  C:156BH         LINE#         452
  C:1574H         LINE#         453
  C:157AH         LINE#         454
  C:1588H         LINE#         455
  C:158BH         LINE#         456
  C:159DH         LINE#         457
  C:159DH         LINE#         458
  C:15A6H         LINE#         459
  C:15ACH         LINE#         460
  C:15BAH         LINE#         461
  C:15BAH         LINE#         462
BL51 BANKED LINKER/LOCATER V6.22                                                      11/02/2022  09:02:33  PAGE 24


  C:15BDH         LINE#         466
  C:15E9H         LINE#         467
  C:15E9H         LINE#         468
  C:15F2H         LINE#         469
  C:15F8H         LINE#         470
  C:1606H         LINE#         471
  C:1609H         LINE#         472
  C:1635H         LINE#         473
  C:1635H         LINE#         474
  C:163EH         LINE#         475
  C:1644H         LINE#         476
  C:1652H         LINE#         477
  C:1654H         LINE#         478
  C:1680H         LINE#         479
  C:1680H         LINE#         480
  C:1689H         LINE#         481
  C:168FH         LINE#         482
  C:169DH         LINE#         483
  C:169FH         LINE#         650
  C:169FH         LINE#         651
  C:16A4H         LINE#         652
  C:16ADH         LINE#         653
  C:16ADH         LINE#         654
  C:16B6H         LINE#         655
  -------         ENDPROC       LT9611_VIDEO_CHECK
  -------         PROC          _LT9611_MIPI_VIDEO_TIMING
  X:016BH         SYMBOL        video_format
  C:275EH         LINE#         661
  C:2769H         LINE#         662
  C:2769H         LINE#         663
  C:2770H         LINE#         664
  C:2789H         LINE#         665
  C:27A0H         LINE#         666
  C:27B9H         LINE#         667
  C:27D0H         LINE#         668
  C:27E9H         LINE#         669
  C:2800H         LINE#         670
  C:2819H         LINE#         671
  C:2830H         LINE#         672
  C:2847H         LINE#         673
  C:285EH         LINE#         674
  C:2875H         LINE#         675
  C:289BH         LINE#         676
  C:28AFH         LINE#         677
  C:28E2H         LINE#         678
  -------         ENDPROC       _LT9611_MIPI_VIDEO_TIMING
  -------         PROC          L?0380
  -------         ENDPROC       L?0380
  -------         PROC          _LT9611_MIPI_PCR
  D:0001H         SYMBOL        video_format
  -------         DO            
  X:0168H         SYMBOL        POL
  X:0169H         SYMBOL        hact
  -------         ENDDO         
  C:2DCCH         LINE#         681
  C:2DCCH         LINE#         682
  C:2DCCH         LINE#         685
BL51 BANKED LINKER/LOCATER V6.22                                                      11/02/2022  09:02:33  PAGE 25


  C:2DDCH         LINE#         686
  C:2DF0H         LINE#         687
  C:2DF2H         LINE#         688
  C:2DF5H         LINE#         690
  C:2DFCH         LINE#         692
  C:2E04H         LINE#         693
  C:2E04H         LINE#         694
  C:2E1AH         LINE#         695
  C:2E26H         LINE#         697
  C:2E41H         LINE#         699
  C:2E4BH         LINE#         700
  C:2E56H         LINE#         702
  C:2E60H         LINE#         703
  C:2E66H         LINE#         704
  C:2E68H         LINE#         707
  C:2E68H         LINE#         708
  C:2E6FH         LINE#         709
  C:2E76H         LINE#         711
  C:2E7DH         LINE#         712
  C:2E84H         LINE#         713
  C:2E84H         LINE#         716
  C:2E8BH         LINE#         719
  C:2E92H         LINE#         720
  C:2E99H         LINE#         722
  C:2EA0H         LINE#         725
  C:2EA7H         LINE#         726
  C:2EB3H         LINE#         761
  C:2EC1H         LINE#         763
  C:2EC8H         LINE#         764
  C:2ED2H         LINE#         766
  C:2ED9H         LINE#         767
  C:2EE0H         LINE#         768
  C:2EEBH         LINE#         769
  -------         ENDPROC       _LT9611_MIPI_PCR
  C:1DCBH         SYMBOL        L?0375
  -------         PROC          L?0374
  -------         ENDPROC       L?0374
  C:1DCBH         SYMBOL        L?0375
  -------         PROC          _LT9611_PLL
  D:0001H         SYMBOL        video_format
  -------         DO            
  X:0168H         SYMBOL        pclk
  D:0007H         SYMBOL        pll_lock_flag
  X:016CH         SYMBOL        cal_done_flag
  X:016DH         SYMBOL        band_out
  X:016EH         SYMBOL        hdmi_post_div
  X:016FH         SYMBOL        i
  -------         ENDDO         
  C:1DD6H         LINE#         772
  C:1DD6H         LINE#         773
  C:1DD6H         LINE#         778
  C:1DE2H         LINE#         779
  C:1DFFH         LINE#         781
  C:1E06H         LINE#         782
  C:1E0DH         LINE#         783
  C:1E14H         LINE#         784
  C:1E1BH         LINE#         785
BL51 BANKED LINKER/LOCATER V6.22                                                      11/02/2022  09:02:33  PAGE 26


  C:1E22H         LINE#         786
  C:1E29H         LINE#         789
  C:1E30H         LINE#         791
  C:1E37H         LINE#         792
  C:1E3EH         LINE#         793
  C:1E45H         LINE#         795
  C:1E61H         LINE#         796
  C:1E61H         LINE#         797
  C:1E68H         LINE#         798
  C:1E6EH         LINE#         799
  C:1E70H         LINE#         800
  C:1E8CH         LINE#         801
  C:1E8CH         LINE#         802
  C:1E93H         LINE#         803
  C:1E99H         LINE#         804
  C:1E9BH         LINE#         806
  C:1E9BH         LINE#         807
  C:1EA2H         LINE#         808
  C:1EA8H         LINE#         809
  C:1EA8H         LINE#         811
  C:1EE2H         LINE#         812
  C:1EE5H         LINE#         813
  C:1EFBH         LINE#         815
  C:1F02H         LINE#         816
  C:1F09H         LINE#         817
  C:1F10H         LINE#         818
  C:1F1CH         LINE#         820
  C:1F39H         LINE#         821
  C:1F40H         LINE#         822
  C:1F5EH         LINE#         823
  C:1F71H         LINE#         824
  C:1F8FH         LINE#         825
  C:1FA3H         LINE#         827
  C:1FAAH         LINE#         828
  C:1FB1H         LINE#         830
  C:1FB8H         LINE#         831
  C:1FBFH         LINE#         832
  C:1FC6H         LINE#         833
  C:1FCDH         LINE#         834
  C:1FD4H         LINE#         835
  C:1FDBH         LINE#         836
  C:1FE2H         LINE#         839
  C:1FE7H         LINE#         840
  C:1FE7H         LINE#         841
  C:1FEEH         LINE#         842
  C:1FF5H         LINE#         843
  C:1FFCH         LINE#         844
  C:2003H         LINE#         845
  C:200DH         LINE#         846
  C:2017H         LINE#         847
  C:201CH         LINE#         849
  C:202DH         LINE#         850
  C:202DH         LINE#         851
  C:203BH         LINE#         852
  C:203BH         LINE#         853
  C:203BH         LINE#         855
  C:203BH         LINE#         856
BL51 BANKED LINKER/LOCATER V6.22                                                      11/02/2022  09:02:33  PAGE 27


  C:2042H         LINE#         857
  C:2049H         LINE#         858
  C:2054H         LINE#         859
  C:205BH         LINE#         861
  C:2062H         LINE#         862
  C:2069H         LINE#         863
  C:2074H         LINE#         864
  C:207BH         LINE#         865
  C:2082H         LINE#         866
  C:208BH         LINE#         867
  C:2096H         LINE#         868
  C:2096H         LINE#         869
  C:20A5H         LINE#         870
  -------         ENDPROC       _LT9611_PLL
  -------         PROC          LT9611_HDMI_TX_PHY
  C:35E9H         LINE#         872
  C:35E9H         LINE#         873
  C:35E9H         LINE#         874
  C:35F0H         LINE#         875
  C:35F7H         LINE#         876
  C:35FDH         LINE#         877
  C:35FDH         LINE#         878
  C:3604H         LINE#         879
  C:360AH         LINE#         880
  C:360CH         LINE#         882
  C:360CH         LINE#         883
  C:3613H         LINE#         884
  C:361CH         LINE#         885
  C:361CH         LINE#         886
  C:3623H         LINE#         887
  C:362AH         LINE#         888
  C:3631H         LINE#         889
  C:3638H         LINE#         890
  C:363FH         LINE#         891
  C:3646H         LINE#         892
  C:364DH         LINE#         893
  C:3654H         LINE#         894
  C:365BH         LINE#         895
  C:3662H         LINE#         896
  C:3669H         LINE#         897
  -------         ENDPROC       LT9611_HDMI_TX_PHY
  -------         PROC          LT9611_HDCP_INIT
  C:4429H         LINE#         934
  C:4429H         LINE#         935
  C:4429H         LINE#         936
  C:4430H         LINE#         937
  C:4437H         LINE#         938
  C:443EH         LINE#         940
  C:4445H         LINE#         942
  -------         ENDPROC       LT9611_HDCP_INIT
  -------         PROC          LT9611_LOAD_HDCP_KEY
  C:38F3H         LINE#         978
  C:38F3H         LINE#         979
  C:38F3H         LINE#         981
  C:38FAH         LINE#         982
  C:3901H         LINE#         984
  C:3908H         LINE#         985
BL51 BANKED LINKER/LOCATER V6.22                                                      11/02/2022  09:02:33  PAGE 28


  C:390FH         LINE#         986
  C:3916H         LINE#         987
  C:391DH         LINE#         988
  C:3924H         LINE#         989
  C:392BH         LINE#         991
  C:3932H         LINE#         992
  C:3939H         LINE#         993
  C:3944H         LINE#         996
  C:3952H         LINE#         997
  C:3952H         LINE#         998
  C:3956H         LINE#         999
  C:3958H         LINE#         1001
  C:3958H         LINE#         1002
  C:395FH         LINE#         1003
  C:395FH         LINE#         1005
  C:3966H         LINE#         1006
  -------         ENDPROC       LT9611_LOAD_HDCP_KEY
  -------         PROC          LT9611_HDCP_ENABLE
  C:4200H         LINE#         1009
  C:4200H         LINE#         1010
  C:4200H         LINE#         1011
  C:4207H         LINE#         1012
  C:420EH         LINE#         1013
  C:4215H         LINE#         1014
  C:421CH         LINE#         1015
  C:4223H         LINE#         1016
  C:422AH         LINE#         1017
  C:4231H         LINE#         1018
  -------         ENDPROC       LT9611_HDCP_ENABLE
  -------         PROC          LT9611_HDCP_DISABLE
  C:4545H         LINE#         1021
  C:4545H         LINE#         1022
  C:4545H         LINE#         1023
  C:454CH         LINE#         1024
  C:4553H         LINE#         1025
  -------         ENDPROC       LT9611_HDCP_DISABLE
  -------         PROC          LT9611_HDMI_OUT_ENABLE
  C:39E6H         LINE#         1028
  C:39E6H         LINE#         1029
  C:39E6H         LINE#         1030
  C:39EDH         LINE#         1031
  C:39F4H         LINE#         1033
  C:39FBH         LINE#         1034
  C:3A02H         LINE#         1035
  C:3A09H         LINE#         1037
  C:3A10H         LINE#         1038
  C:3A17H         LINE#         1039
  C:3A1EH         LINE#         1040
  C:3A25H         LINE#         1041
  C:3A2CH         LINE#         1043
  C:3A33H         LINE#         1044
  C:3A3AH         LINE#         1046
  C:3A41H         LINE#         1047
  C:3A48H         LINE#         1049
  C:3A4FH         LINE#         1050
  C:3A4FH         LINE#         1051
  C:3A52H         LINE#         1052
BL51 BANKED LINKER/LOCATER V6.22                                                      11/02/2022  09:02:33  PAGE 29


  C:3A52H         LINE#         1058
  -------         ENDPROC       LT9611_HDMI_OUT_ENABLE
  -------         PROC          LT9611_HDMI_OUT_DISABLE
  C:4392H         LINE#         1061
  C:4392H         LINE#         1062
  C:4392H         LINE#         1063
  C:4399H         LINE#         1064
  C:43A0H         LINE#         1065
  C:43A7H         LINE#         1066
  C:43B0H         LINE#         1067
  C:43B7H         LINE#         1068
  C:43B7H         LINE#         1069
  C:43BAH         LINE#         1070
  C:43BAH         LINE#         1071
  -------         ENDPROC       LT9611_HDMI_OUT_DISABLE
  C:2C34H         SYMBOL        L?0377
  -------         PROC          L?0376
  -------         ENDPROC       L?0376
  C:2C34H         SYMBOL        L?0377
  -------         PROC          _LT9611_HDMI_TX_DIGITAL
  D:0001H         SYMBOL        video_format
  -------         DO            
  X:0168H         SYMBOL        VIC
  X:0169H         SYMBOL        AR
  X:016AH         SYMBOL        pb0
  X:016BH         SYMBOL        pb2
  X:016CH         SYMBOL        pb4
  X:016DH         SYMBOL        infoFrame_en
  -------         ENDDO         
  C:2C3FH         LINE#         1073
  C:2C3FH         LINE#         1074
  C:2C3FH         LINE#         1076
  C:2C49H         LINE#         1077
  C:2C53H         LINE#         1082
  C:2C59H         LINE#         1084
  C:2C66H         LINE#         1086
  C:2C73H         LINE#         1088
  C:2C7BH         LINE#         1089
  C:2C7BH         LINE#         1090
  C:2C80H         LINE#         1091
  C:2C82H         LINE#         1093
  C:2C82H         LINE#         1094
  C:2C87H         LINE#         1095
  C:2C87H         LINE#         1097
  C:2CD2H         LINE#         1099
  C:2CD9H         LINE#         1101
  C:2CE0H         LINE#         1102
  C:2CE0H         LINE#         1103
  C:2CE7H         LINE#         1104
  C:2CEDH         LINE#         1105
  C:2CEFH         LINE#         1106
  C:2CF5H         LINE#         1107
  C:2CF5H         LINE#         1108
  C:2CFCH         LINE#         1109
  C:2D05H         LINE#         1110
  C:2D05H         LINE#         1112
  C:2D0BH         LINE#         1113
BL51 BANKED LINKER/LOCATER V6.22                                                      11/02/2022  09:02:33  PAGE 30


  C:2D0BH         LINE#         1114
  C:2D12H         LINE#         1115
  C:2D12H         LINE#         1117
  C:2D19H         LINE#         1118
  C:2D19H         LINE#         1119
  C:2D20H         LINE#         1120
  C:2D20H         LINE#         1123
  C:2D27H         LINE#         1124
  C:2D31H         LINE#         1126
  C:2D3BH         LINE#         1127
  C:2D45H         LINE#         1128
  C:2D4CH         LINE#         1129
  C:2D53H         LINE#         1130
  C:2D5AH         LINE#         1134
  C:2D66H         LINE#         1135
  C:2D66H         LINE#         1136
  C:2D69H         LINE#         1137
  C:2D75H         LINE#         1139
  C:2D7CH         LINE#         1140
  C:2D83H         LINE#         1141
  C:2D8AH         LINE#         1142
  C:2D91H         LINE#         1143
  C:2D98H         LINE#         1144
  C:2D9FH         LINE#         1145
  C:2DA6H         LINE#         1146
  C:2DADH         LINE#         1147
  C:2DB1H         LINE#         1148
  C:2DB3H         LINE#         1150
  C:2DB3H         LINE#         1151
  C:2DB6H         LINE#         1152
  C:2DC0H         LINE#         1153
  C:2DC0H         LINE#         1171
  -------         ENDPROC       _LT9611_HDMI_TX_DIGITAL
  -------         PROC          LT9611_CSC
  C:444CH         LINE#         1173
  C:444CH         LINE#         1174
  C:444CH         LINE#         1175
  C:4453H         LINE#         1176
  C:4453H         LINE#         1177
  C:445AH         LINE#         1178
  C:4461H         LINE#         1180
  C:446AH         LINE#         1181
  C:446AH         LINE#         1182
  -------         ENDPROC       LT9611_CSC
  -------         PROC          LT9611_AUDIO_INIT
  C:37FBH         LINE#         1185
  C:37FBH         LINE#         1186
  C:37FBH         LINE#         1187
  C:3801H         LINE#         1188
  C:3801H         LINE#         1189
  C:380AH         LINE#         1191
  C:3811H         LINE#         1192
  C:3818H         LINE#         1193
  C:381FH         LINE#         1196
  C:3826H         LINE#         1197
  C:382DH         LINE#         1199
  C:3834H         LINE#         1200
BL51 BANKED LINKER/LOCATER V6.22                                                      11/02/2022  09:02:33  PAGE 31


  C:383BH         LINE#         1201
  C:3842H         LINE#         1219
  C:3842H         LINE#         1220
  C:384AH         LINE#         1221
  C:384AH         LINE#         1222
  C:3853H         LINE#         1224
  C:385AH         LINE#         1225
  C:3861H         LINE#         1226
  C:3868H         LINE#         1228
  C:386FH         LINE#         1229
  C:3876H         LINE#         1230
  C:3876H         LINE#         1231
  -------         ENDPROC       LT9611_AUDIO_INIT
  -------         PROC          LT9611_READ_EDID
  C:003AH         LINE#         1234
  C:003AH         LINE#         1235
  C:003AH         LINE#         1341
  -------         ENDPROC       LT9611_READ_EDID
  -------         PROC          LT9611_GET_HPD_STATUS
  C:433CH         LINE#         1344
  C:433CH         LINE#         1345
  C:433CH         LINE#         1346
  C:4343H         LINE#         1348
  C:434CH         LINE#         1349
  C:434CH         LINE#         1350
  C:4357H         LINE#         1351
  C:4360H         LINE#         1352
  C:4360H         LINE#         1353
  C:4363H         LINE#         1354
  C:4363H         LINE#         1356
  C:4363H         LINE#         1357
  C:4366H         LINE#         1358
  C:4366H         LINE#         1359
  C:4366H         LINE#         1361
  C:4366H         LINE#         1362
  C:4368H         LINE#         1363
  C:4368H         LINE#         1364
  -------         ENDPROC       LT9611_GET_HPD_STATUS
  -------         PROC          _LT9611_HDMI_CEC_ON
  D:0007H         SYMBOL        enable
  C:0003H         LINE#         1368
  C:0003H         LINE#         1369
  C:0003H         LINE#         1370
  C:000AH         LINE#         1372
  C:000DH         LINE#         1373
  C:0014H         LINE#         1374
  C:001BH         LINE#         1375
  C:0022H         LINE#         1376
  C:0029H         LINE#         1377
  C:002DH         LINE#         1378
  C:002FH         LINE#         1379
  C:002FH         LINE#         1380
  C:0032H         LINE#         1381
  C:0039H         LINE#         1382
  C:0039H         LINE#         1383
  -------         ENDPROC       _LT9611_HDMI_CEC_ON
  -------         PROC          LT9611_CEC_LOGICAL_RESET
BL51 BANKED LINKER/LOCATER V6.22                                                      11/02/2022  09:02:33  PAGE 32


  C:459BH         LINE#         1385
  C:459BH         LINE#         1386
  C:459BH         LINE#         1387
  C:45A2H         LINE#         1388
  C:45A9H         LINE#         1389
  -------         ENDPROC       LT9611_CEC_LOGICAL_RESET
  -------         PROC          _LT9611_CEC_MSG_SET_LOGICAL_ADDRESS
  D:0001H         SYMBOL        cec_msg
  -------         DO            
  X:0171H         SYMBOL        logical_address
  -------         ENDDO         
  C:3109H         LINE#         1393
  C:3109H         LINE#         1394
  C:3109H         LINE#         1416
  C:3111H         LINE#         1417
  C:3119H         LINE#         1419
  C:3123H         LINE#         1421
  C:312CH         LINE#         1422
  C:312CH         LINE#         1423
  C:3135H         LINE#         1425
  C:3135H         LINE#         1427
  C:313CH         LINE#         1429
  C:317FH         LINE#         1430
  C:317FH         LINE#         1431
  C:317FH         LINE#         1432
  C:3181H         LINE#         1433
  C:3181H         LINE#         1434
  C:3183H         LINE#         1436
  C:3183H         LINE#         1437
  C:3185H         LINE#         1438
  C:3185H         LINE#         1439
  C:3187H         LINE#         1441
  C:3187H         LINE#         1442
  C:3189H         LINE#         1443
  C:3189H         LINE#         1444
  C:318BH         LINE#         1446
[...]
  C:3AC0H         LINE#         2252
  C:3AC0H         LINE#         2253
  C:3AC9H         LINE#         2255
  C:3AD0H         LINE#         2256
  C:3AD7H         LINE#         2257
  C:3ADEH         LINE#         2259
  C:3AE5H         LINE#         2260
  C:3AECH         LINE#         2263
  C:3AEFH         LINE#         2265
  C:3AF5H         LINE#         2266
  C:3AF5H         LINE#         2267
  C:3AFCH         LINE#         2268
  C:3B03H         LINE#         2269
  C:3B0EH         LINE#         2270
  C:3B15H         LINE#         2272
  C:3B18H         LINE#         2273
  C:3B1BH         LINE#         2274
  C:3B1EH         LINE#         2275
  C:3B21H         LINE#         2276
  C:3B21H         LINE#         2278
  C:3B21H         LINE#         2280
  C:3B24H         LINE#         2281
  C:3B24H         LINE#         2282
  -------         ENDPROC       LT9611_VID_CHG_INTERRUPT_HANDLE
  -------         PROC          _LT9611_CEC_MSG_INTERRUPT_HANDLE
  X:0168H         SYMBOL        cec_msg
  -------         DO            
  D:0007H         SYMBOL        cec_status
  -------         ENDDO         
  C:396DH         LINE#         2285
  C:3978H         LINE#         2286
  C:3978H         LINE#         2289
  C:397FH         LINE#         2290
  C:3984H         LINE#         2292
  C:3993H         LINE#         2293
  C:39A0H         LINE#         2295
  C:39A7H         LINE#         2296
BL51 BANKED LINKER/LOCATER V6.22                                                      11/02/2022  09:02:33  PAGE 45


  C:39AEH         LINE#         2297
  C:39B5H         LINE#         2299
  C:39BCH         LINE#         2300
  C:39C3H         LINE#         2301
  C:39CAH         LINE#         2303
  C:39D8H         LINE#         2304
  -------         ENDPROC       _LT9611_CEC_MSG_INTERRUPT_HANDLE
  -------         PROC          _LT9611_PATTERN_GCM
  X:01BFH         SYMBOL        video_format
  -------         DO            
  X:01C2H         SYMBOL        POL
  -------         ENDDO         
  C:25A0H         LINE#         2314
  C:25ABH         LINE#         2315
  C:25ABH         LINE#         2317
  C:25CFH         LINE#         2318
  C:25D1H         LINE#         2319
  C:25D4H         LINE#         2321
  C:25DBH         LINE#         2322
  C:25FFH         LINE#         2323
  C:2625H         LINE#         2324
  C:264BH         LINE#         2325
  C:2664H         LINE#         2326
  C:267BH         LINE#         2327
  C:2694H         LINE#         2328
  C:26ABH         LINE#         2329
  C:26C4H         LINE#         2330
  C:26DBH         LINE#         2331
  C:26F4H         LINE#         2332
  C:270BH         LINE#         2333
  C:2724H         LINE#         2334
  C:273BH         LINE#         2335
  C:2752H         LINE#         2337
  -------         ENDPROC       _LT9611_PATTERN_GCM
  -------         PROC          _LT9611_PATTERN_PIXEL_CLK
  D:0001H         SYMBOL        video_format
  -------         DO            
  X:01C3H         SYMBOL        pclk
  -------         ENDDO         
  C:32D3H         LINE#         2340
  C:32D3H         LINE#         2341
  C:32D3H         LINE#         2343
  C:32DFH         LINE#         2344
  C:32FCH         LINE#         2347
  C:3303H         LINE#         2348
  C:330AH         LINE#         2350
  C:3326H         LINE#         2351
  C:3326H         LINE#         2352
  C:332DH         LINE#         2353
  C:3334H         LINE#         2354
  C:3334H         LINE#         2355
  C:3350H         LINE#         2356
  C:3350H         LINE#         2357
  C:3357H         LINE#         2358
  C:3357H         LINE#         2359
  C:3373H         LINE#         2360
  C:3373H         LINE#         2361
BL51 BANKED LINKER/LOCATER V6.22                                                      11/02/2022  09:02:33  PAGE 46


  C:337AH         LINE#         2362
  C:337AH         LINE#         2363
  C:3381H         LINE#         2364
  C:3388H         LINE#         2365
  -------         ENDPROC       _LT9611_PATTERN_PIXEL_CLK
  -------         PROC          LT9611_PATTERN_EN
  C:45B0H         LINE#         2368
  C:45B0H         LINE#         2369
  C:45B0H         LINE#         2370
  C:45B7H         LINE#         2371
  C:45BEH         LINE#         2372
  -------         ENDPROC       LT9611_PATTERN_EN
  -------         PROC          LT9611_PATTERN
  C:42A7H         LINE#         2375
  C:42A7H         LINE#         2376
  C:42A7H         LINE#         2381
  C:42B5H         LINE#         2390
  C:42B8H         LINE#         2391
  C:42BBH         LINE#         2392
  C:42BEH         LINE#         2394
  C:42C1H         LINE#         2395
  C:42CFH         LINE#         2396
  C:42D2H         LINE#         2398
  C:42D5H         LINE#         2414
  C:42D8H         LINE#         2418
  -------         ENDPROC       LT9611_PATTERN
  -------         PROC          LT9611_INIT
  -------         DO            
  X:0161H         SYMBOL        cnt
  -------         ENDDO         
  C:338FH         LINE#         2433
  C:338FH         LINE#         2434
  C:338FH         LINE#         2435
  C:3399H         LINE#         2437
  C:339CH         LINE#         2438
  C:339FH         LINE#         2441
  C:33A2H         LINE#         2442
  C:33A5H         LINE#         2449
  C:33A8H         LINE#         2450
  C:33ABH         LINE#         2452
  C:33AEH         LINE#         2453
  C:33B1H         LINE#         2456
  C:33B4H         LINE#         2458
  C:33B7H         LINE#         2461
  C:33BCH         LINE#         2463
  C:33C5H         LINE#         2466
  C:33CCH         LINE#         2467
  C:33D3H         LINE#         2468
  C:33DAH         LINE#         2470
  C:33DDH         LINE#         2471
  C:33E0H         LINE#         2472
  C:33E3H         LINE#         2475
  C:33EEH         LINE#         2476
  C:33F1H         LINE#         2478
  C:33FAH         LINE#         2480
  C:33FAH         LINE#         2481
  C:33FAH         LINE#         2482
BL51 BANKED LINKER/LOCATER V6.22                                                      11/02/2022  09:02:33  PAGE 47


  C:3400H         LINE#         2483
  C:3400H         LINE#         2485
  C:3403H         LINE#         2486
  C:3408H         LINE#         2487
  C:340BH         LINE#         2488
  C:340BH         LINE#         2489
  C:3412H         LINE#         2490
  C:3412H         LINE#         2491
  C:3418H         LINE#         2492
  C:3418H         LINE#         2493
  C:341FH         LINE#         2494
  C:3431H         LINE#         2495
  C:3431H         LINE#         2496
  C:3434H         LINE#         2497
  C:3437H         LINE#         2498
  C:3437H         LINE#         2499
  C:3437H         LINE#         2500
  C:3437H         LINE#         2501
  -------         ENDPROC       LT9611_INIT
  -------         PROC          INTBINTERRUPTFUN
  C:43E2H         LINE#         2505
  C:43EAH         LINE#         2507
  C:43EFH         LINE#         2508
  C:43EFH         LINE#         2509
  C:43F2H         LINE#         2510
  C:43F4H         LINE#         2511
  C:43F4H         LINE#         2512
  C:43FAH         LINE#         2513
  C:43FDH         LINE#         2514
  -------         ENDPROC       INTBINTERRUPTFUN
  -------         PROC          LT9611_IRQ_TASK
  -------         DO            
  X:0165H         SYMBOL        irq_flag3
  X:0166H         SYMBOL        irq_flag0
  X:0167H         SYMBOL        irq_flag1
  -------         ENDDO         
  C:40EAH         LINE#         2517
  C:40EAH         LINE#         2518
  C:40EAH         LINE#         2525
  C:40F1H         LINE#         2527
  C:40FBH         LINE#         2528
  C:4105H         LINE#         2529
  C:410FH         LINE#         2531
  C:4116H         LINE#         2532
  C:4116H         LINE#         2533
  C:411FH         LINE#         2534
  C:411FH         LINE#         2536
  C:4127H         LINE#         2537
  C:4127H         LINE#         2538
  C:412AH         LINE#         2539
  C:412AH         LINE#         2541
  C:4131H         LINE#         2542
  C:4131H         LINE#         2543
  C:4134H         LINE#         2544
  C:4134H         LINE#         2545
  -------         ENDPROC       LT9611_IRQ_TASK
  -------         ENDMOD        LT9611
BL51 BANKED LINKER/LOCATER V6.22                                                      11/02/2022  09:02:33  PAGE 48



  -------         MODULE        ?C_STARTUP
  C:355DH         SEGMENT       ?C_C51STARTUP
  I:0022H         SEGMENT       ?STACK
  C:0000H         PUBLIC        ?C_STARTUP
  D:00E0H         SYMBOL        ACC
  D:00F0H         SYMBOL        B
  D:0083H         SYMBOL        DPH
  D:0082H         SYMBOL        DPL
  N:0000H         SYMBOL        IBPSTACK
  N:0100H         SYMBOL        IBPSTACKTOP
  N:0080H         SYMBOL        IDATALEN
  C:3560H         SYMBOL        IDATALOOP
  N:0000H         SYMBOL        PBPSTACK
  N:0100H         SYMBOL        PBPSTACKTOP
  N:0000H         SYMBOL        PDATALEN
  N:0000H         SYMBOL        PDATASTART
  N:0000H         SYMBOL        PPAGE
  N:0000H         SYMBOL        PPAGEENABLE
  D:00A0H         SYMBOL        PPAGE_SFR
  D:0081H         SYMBOL        SP
  C:355DH         SYMBOL        STARTUP1
  N:0000H         SYMBOL        XBPSTACK
  N:0000H         SYMBOL        XBPSTACKTOP
  N:0000H         SYMBOL        XDATALEN
  N:0000H         SYMBOL        XDATASTART
  C:0000H         LINE#         126
  C:355DH         LINE#         133
  C:355FH         LINE#         134
  C:3560H         LINE#         135
  C:3561H         LINE#         136
  C:3563H         LINE#         185
  C:3566H         LINE#         196
  -------         ENDMOD        ?C_STARTUP

  -------         MODULE        DELAY
  C:0000H         SYMBOL        _ICE_DUMMY_
  D:0080H         PUBLIC        P0
  D:0090H         PUBLIC        P1
  D:00A0H         PUBLIC        P2
  C:3DAFH         PUBLIC        _Timer0_Delay100us
  D:00B0H         PUBLIC        P3
  D:00D8H         PUBLIC        PWMCON0
  C:3BE7H         PUBLIC        _Timer2_Delay500us
  D:00A8H         PUBLIC        IE
  D:00B8H         PUBLIC        IP
  C:3E08H         PUBLIC        _Timer0_Delay1ms
  B:0021H.1       PUBLIC        BIT_TMP
  D:0098H         PUBLIC        SCON
  D:0089H         PUBLIC        TMOD
  D:0088H         PUBLIC        TCON
  D:00F8H         PUBLIC        SCON_1
  B:0088H.5       PUBLIC        TF0
  C:3E61H         PUBLIC        _Timer1_Delay10ms
  B:0088H.7       PUBLIC        TF1
  B:00C8H.7       PUBLIC        TF2
  D:008CH         PUBLIC        TH0
BL51 BANKED LINKER/LOCATER V6.22                                                      11/02/2022  09:02:33  PAGE 49


  D:00C6H         PUBLIC        RH3
  D:008DH         PUBLIC        TH1
  D:00CDH         PUBLIC        TH2
  D:008AH         PUBLIC        TL0
  D:00C5H         PUBLIC        RL3
  D:008BH         PUBLIC        TL1
  D:00CCH         PUBLIC        TL2
  C:3D54H         PUBLIC        _Timer3_Delay10us
  B:0088H.4       PUBLIC        TR0
  B:0088H.6       PUBLIC        TR1
  B:00C8H.2       PUBLIC        TR2
  D:00E8H         PUBLIC        ADCCON0
  D:00C0H         PUBLIC        I2CON
  D:00C9H         PUBLIC        T2MOD
  D:00C8H         PUBLIC        T2CON
  D:00C4H         PUBLIC        T3CON
  D:008EH         PUBLIC        CKCON
  D:00D0H         PUBLIC        PSW
  C:3CF9H         PUBLIC        _Timer3_Delay100ms
  -------         PROC          _TIMER0_DELAY100US
  X:01C7H         SYMBOL        u32CNT
  C:3DAFH         LINE#         22
  C:3DB5H         LINE#         23
  C:3DB5H         LINE#         24
  C:3DB8H         LINE#         25
  C:3DBBH         LINE#         26
  C:3DBDH         LINE#         27
  C:3DD6H         LINE#         28
  C:3DD6H         LINE#         29
  C:3DD9H         LINE#         30
  C:3DDCH         LINE#         31
  C:3DDFH         LINE#         32
  C:3DE1H         LINE#         33
  C:3E03H         LINE#         34
  C:3E05H         LINE#         35
  C:3E07H         LINE#         36
  -------         ENDPROC       _TIMER0_DELAY100US
  -------         PROC          _TIMER0_DELAY1MS
  X:0179H         SYMBOL        u32CNT
  C:3E08H         LINE#         38
  C:3E0EH         LINE#         39
  C:3E0EH         LINE#         40
  C:3E11H         LINE#         41
  C:3E14H         LINE#         42
  C:3E16H         LINE#         43
  C:3E2FH         LINE#         44
  C:3E2FH         LINE#         45
  C:3E32H         LINE#         46
  C:3E35H         LINE#         47
  C:3E38H         LINE#         48
  C:3E3AH         LINE#         49
  C:3E5CH         LINE#         50
  C:3E5EH         LINE#         51
  C:3E60H         LINE#         52
  -------         ENDPROC       _TIMER0_DELAY1MS
  -------         PROC          _TIMER1_DELAY10MS
  X:01CBH         SYMBOL        u32CNT
BL51 BANKED LINKER/LOCATER V6.22                                                      11/02/2022  09:02:33  PAGE 50


  C:3E61H         LINE#         55
  C:3E67H         LINE#         56
  C:3E67H         LINE#         57
  C:3E6AH         LINE#         58
  C:3E6DH         LINE#         59
  C:3E6FH         LINE#         60
  C:3E88H         LINE#         61
  C:3E88H         LINE#         62
  C:3E8BH         LINE#         63
  C:3E8EH         LINE#         64
  C:3E91H         LINE#         65
  C:3E93H         LINE#         66
  C:3EB5H         LINE#         67
  C:3EB7H         LINE#         68
  C:3EB9H         LINE#         69
  -------         ENDPROC       _TIMER1_DELAY10MS
  -------         PROC          _TIMER2_DELAY500US
  X:01CFH         SYMBOL        u32CNT
  C:3BE7H         LINE#         71
  C:3BEDH         LINE#         72
  C:3BEDH         LINE#         73
  C:3BF0H         LINE#         74
  C:3BF3H         LINE#         75
  C:3BF6H         LINE#         76
  C:3BF8H         LINE#         77
  C:3C11H         LINE#         78
  C:3C11H         LINE#         79
  C:3C14H         LINE#         80
  C:3C17H         LINE#         81
  C:3C1AH         LINE#         82
  C:3C1CH         LINE#         83
  C:3C3EH         LINE#         84
  C:3C40H         LINE#         85
  C:3C42H         LINE#         86
  -------         ENDPROC       _TIMER2_DELAY500US
  -------         PROC          _TIMER3_DELAY100MS
  X:01D3H         SYMBOL        u32CNT
  C:3CF9H         LINE#         88
  C:3CFFH         LINE#         89
  C:3CFFH         LINE#         90
  C:3D02H         LINE#         91
  C:3D05H         LINE#         92
  C:3D1EH         LINE#         93
  C:3D1EH         LINE#         94
  C:3D21H         LINE#         95
  C:3D24H         LINE#         96
  C:3D29H         LINE#         97
  C:3D2CH         LINE#         98
  C:3D4EH         LINE#         99
  C:3D50H         LINE#         100
  C:3D53H         LINE#         101
  -------         ENDPROC       _TIMER3_DELAY100MS
  -------         PROC          _TIMER3_DELAY10US
  X:01D7H         SYMBOL        u32CNT
  C:3D54H         LINE#         104
  C:3D5AH         LINE#         105
  C:3D5AH         LINE#         106
BL51 BANKED LINKER/LOCATER V6.22                                                      11/02/2022  09:02:33  PAGE 51


  C:3D5DH         LINE#         107
  C:3D60H         LINE#         108
  C:3D79H         LINE#         109
  C:3D79H         LINE#         110
  C:3D7CH         LINE#         111
  C:3D7FH         LINE#         112
  C:3D84H         LINE#         113
  C:3D87H         LINE#         114
  C:3DA9H         LINE#         115
  C:3DABH         LINE#         116
  C:3DAEH         LINE#         117
  -------         ENDPROC       _TIMER3_DELAY10US
  -------         ENDMOD        DELAY

  -------         MODULE        ?C?CLDPTR
  C:16BFH         PUBLIC        ?C?CLDPTR
  -------         ENDMOD        ?C?CLDPTR

  -------         MODULE        ?C?CLDOPTR
  C:16D8H         PUBLIC        ?C?CLDOPTR
  -------         ENDMOD        ?C?CLDOPTR

  -------         MODULE        ?C?CILDOPTR
  C:1705H         PUBLIC        ?C?CILDOPTR
  -------         ENDMOD        ?C?CILDOPTR

  -------         MODULE        ?C?CSTPTR
  C:1738H         PUBLIC        ?C?CSTPTR
  -------         ENDMOD        ?C?CSTPTR

  -------         MODULE        ?C?CSTOPTR
  C:174AH         PUBLIC        ?C?CSTOPTR
  -------         ENDMOD        ?C?CSTOPTR

  -------         MODULE        ?C?UIDIV
  C:176CH         PUBLIC        ?C?UIDIV
  -------         ENDMOD        ?C?UIDIV

  -------         MODULE        ?C?ILDPTR
  C:17C1H         PUBLIC        ?C?ILDPTR
  -------         ENDMOD        ?C?ILDPTR

  -------         MODULE        ?C?ILDOPTR
  C:17ECH         PUBLIC        ?C?ILDOPTR
  -------         ENDMOD        ?C?ILDOPTR

  -------         MODULE        ?C?ISTOPTR
  C:1824H         PUBLIC        ?C?ISTOPTR
  -------         ENDMOD        ?C?ISTOPTR

  -------         MODULE        ?C?LMUL
  C:1851H         PUBLIC        ?C?LMUL
  -------         ENDMOD        ?C?LMUL

  -------         MODULE        ?C?ULDIV
  C:18DCH         PUBLIC        ?C?ULDIV
  -------         ENDMOD        ?C?ULDIV
BL51 BANKED LINKER/LOCATER V6.22                                                      11/02/2022  09:02:33  PAGE 52



  -------         MODULE        ?C?ULCMP
  C:196EH         PUBLIC        ?C?ULCMP
  -------         ENDMOD        ?C?ULCMP

  -------         MODULE        ?C?LLDOPTR
  C:197FH         PUBLIC        ?C?LLDOPTR
  -------         ENDMOD        ?C?LLDOPTR

  -------         MODULE        ?C?LSTXDATA
  C:19AFH         PUBLIC        ?C?LSTXDATA
  -------         ENDMOD        ?C?LSTXDATA

  -------         MODULE        ?C?LSTKXDATA
  C:19BBH         PUBLIC        ?C?LSTKXDATA
  -------         ENDMOD        ?C?LSTKXDATA

  -------         MODULE        PRINTF
  X:0175H         PUBLIC        ?_PRINTF517?BYTE
  X:0175H         PUBLIC        ?_PRINTF?BYTE
  X:0175H         PUBLIC        ?_SPRINTF517?BYTE
  X:0175H         PUBLIC        ?_SPRINTF?BYTE
  C:1AD1H         PUBLIC        _PRINTF
  C:1AD1H         PUBLIC        _PRINTF517
  C:1ACBH         PUBLIC        _SPRINTF
  C:1ACBH         PUBLIC        _SPRINTF517
  -------         ENDMOD        PRINTF

  -------         MODULE        ?C?LLDIDATA
  C:19ECH         PUBLIC        ?C?LLDIDATA
  -------         ENDMOD        ?C?LLDIDATA

  -------         MODULE        ?C?LLDXDATA
  C:19F8H         PUBLIC        ?C?LLDXDATA
  -------         ENDMOD        ?C?LLDXDATA

  -------         MODULE        ?C?LLDPDATA
  C:1A04H         PUBLIC        ?C?LLDPDATA
  -------         ENDMOD        ?C?LLDPDATA

  -------         MODULE        ?C?LLDCODE
  C:1A10H         PUBLIC        ?C?LLDCODE
  -------         ENDMOD        ?C?LLDCODE

  -------         MODULE        ?C?PLDIXDATA
  C:1A20H         PUBLIC        ?C?PLDIXDATA
  -------         ENDMOD        ?C?PLDIXDATA

  -------         MODULE        ?C?PSTXDATA
  C:1A37H         PUBLIC        ?C?PSTXDATA
  -------         ENDMOD        ?C?PSTXDATA

  -------         MODULE        ?C?CCASE
  C:1A40H         PUBLIC        ?C?CCASE
  -------         ENDMOD        ?C?CCASE

  -------         MODULE        PUTCHAR
BL51 BANKED LINKER/LOCATER V6.22                                                      11/02/2022  09:02:33  PAGE 53


  C:43BBH         PUBLIC        _PUTCHAR
  -------         ENDMOD        PUTCHAR

Program Size: data=15.2 xdata=481 code=17922
LINK/LOCATE RUN COMPLETE.  0 WARNING(S),  0 ERROR(S)
