BL51 BANKED LINKER/LOCATER V6.22                                                        07/13/2022  16:04:00  PAGE 1


BL51 BANKED LINKER/LOCATER V6.22, INVOKED BY:
C:\KEIL_V5\C51\C51\BIN\BL51.EXE .\Objects\uart0.obj, .\Objects\main.obj, .\Objects\i2c.obj, .\Objects\lt9611.obj, .\Obje
>> cts\STARTUP.obj, .\Objects\Delay.obj TO .\Objects\LT9611_PORT_SWITCH PRINT (.\Listings\LT9611_PORT_SWITCH.m51) RAMSIZ
>> E (256) DISABLEWARNING (16)


MEMORY MODEL: LARGE


INPUT MODULES INCLUDED:
  .\Objects\uart0.obj (UART0)
  .\Objects\main.obj (MAIN)
  .\Objects\i2c.obj (I2C)
  .\Objects\lt9611.obj (LT9611)
  .\Objects\STARTUP.obj (?C_STARTUP)
  .\Objects\Delay.obj (DELAY)
  C:\KEIL_V5\C51\C51\LIB\C51L.LIB (?C_INIT)
  C:\KEIL_V5\C51\C51\LIB\C51L.LIB (?C?CLDPTR)
  C:\KEIL_V5\C51\C51\LIB\C51L.LIB (?C?CLDOPTR)
  C:\KEIL_V5\C51\C51\LIB\C51L.LIB (?C?CILDOPTR)
  C:\KEIL_V5\C51\C51\LIB\C51L.LIB (?C?CSTPTR)
  C:\KEIL_V5\C51\C51\LIB\C51L.LIB (?C?CSTOPTR)
  C:\KEIL_V5\C51\C51\LIB\C51L.LIB (?C?UIDIV)
  C:\KEIL_V5\C51\C51\LIB\C51L.LIB (?C?ILDPTR)
  C:\KEIL_V5\C51\C51\LIB\C51L.LIB (?C?ILDOPTR)
  C:\KEIL_V5\C51\C51\LIB\C51L.LIB (?C?ISTOPTR)
  C:\KEIL_V5\C51\C51\LIB\C51L.LIB (?C?LMUL)
  C:\KEIL_V5\C51\C51\LIB\C51L.LIB (?C?ULDIV)
  C:\KEIL_V5\C51\C51\LIB\C51L.LIB (?C?ULCMP)
  C:\KEIL_V5\C51\C51\LIB\C51L.LIB (?C?LLDOPTR)
  C:\KEIL_V5\C51\C51\LIB\C51L.LIB (?C?LSTXDATA)
  C:\KEIL_V5\C51\C51\LIB\C51L.LIB (?C?LSTKXDATA)
  C:\KEIL_V5\C51\C51\LIB\C51L.LIB (PRINTF)
  C:\KEIL_V5\C51\C51\LIB\C51L.LIB (?C?LLDIDATA)
  C:\KEIL_V5\C51\C51\LIB\C51L.LIB (?C?LLDXDATA)
  C:\KEIL_V5\C51\C51\LIB\C51L.LIB (?C?LLDPDATA)
  C:\KEIL_V5\C51\C51\LIB\C51L.LIB (?C?LLDCODE)
  C:\KEIL_V5\C51\C51\LIB\C51L.LIB (?C?PLDIXDATA)
  C:\KEIL_V5\C51\C51\LIB\C51L.LIB (?C?PSTXDATA)
  C:\KEIL_V5\C51\C51\LIB\C51L.LIB (?C?CCASE)
  C:\KEIL_V5\C51\C51\LIB\C51L.LIB (PUTCHAR)


LINK MAP OF MODULE:  .\Objects\LT9611_PORT_SWITCH (UART0)


            TYPE    BASE      LENGTH    RELOCATION   SEGMENT NAME
            -----------------------------------------------------

            * * * * * * *   D A T A   M E M O R Y   * * * * * * *
            REG     0000H     0008H     ABSOLUTE     "REG BANK 0"
            DATA    0008H     0005H     UNIT         _DATA_GROUP_
                    000DH     0013H                  *** GAP ***
            BIT     0020H.0   0001H.1   UNIT         _BIT_GROUP_
            BIT     0021H.1   0000H.1   UNIT         ?BI?DELAY
                    0021H.2   0000H.6                *** GAP ***
            IDATA   0022H     0001H     UNIT         ?STACK

BL51 BANKED LINKER/LOCATER V6.22                                                      07/13/2022  16:04:00  PAGE 2


            * * * * * * *  X D A T A   M E M O R Y  * * * * * * *
            XDATA   0000H     0161H     UNIT         ?XD?LT9611
            XDATA   0161H     003CH     UNIT         _XDATA_GROUP_
            XDATA   019DH     0012H     UNIT         ?XD?_LT9611_PARSE_PHYSICAL_ADDRESS?LT9611
            XDATA   01AFH     0006H     UNIT         ?XD?_DO_CHECKSUM?LT9611
            XDATA   01B5H     0005H     UNIT         ?XD?_HDMI_READI2C_BYTEN?I2C
            XDATA   01BAH     0005H     UNIT         ?XD?_HDMI_WRITEI2C_BYTEN?I2C
            XDATA   01BFH     0004H     UNIT         ?XD?_LT9611_PATTERN_GCM?LT9611
            XDATA   01C3H     0004H     UNIT         ?XD?_LT9611_PATTERN_PIXEL_CLK?LT9611
            XDATA   01C7H     0004H     UNIT         ?XD?_TIMER0_DELAY100US?DELAY
            XDATA   01CBH     0004H     UNIT         ?XD?_TIMER1_DELAY10MS?DELAY
            XDATA   01CFH     0004H     UNIT         ?XD?_TIMER2_DELAY500US?DELAY
            XDATA   01D3H     0004H     UNIT         ?XD?_TIMER3_DELAY100MS?DELAY
            XDATA   01D7H     0004H     UNIT         ?XD?_TIMER3_DELAY10US?DELAY
            XDATA   01DBH     0003H     UNIT         ?XD?_LT9611_CEC_DEVICE_POLLING?LT9611
            XDATA   01DEH     0002H     UNIT         ?XD?I2C
            XDATA   01E0H     0001H     UNIT         ?XD?MAIN

            * * * * * * *   C O D E   M E M O R Y   * * * * * * *
            CODE    0000H     0003H     ABSOLUTE     
            CODE    0003H     0037H     UNIT         ?PR?_LT9611_HDMI_CEC_ON?LT9611
            CODE    003AH     0001H     UNIT         ?PR?LT9611_READ_EDID?LT9611
            CODE    003BH     0003H     ABSOLUTE     
            CODE    003EH     1008H     UNIT         ?CO?LT9611
            CODE    1046H     068DH     UNIT         ?PR?LT9611_VIDEO_CHECK?LT9611
            CODE    16D3H     03A7H     UNIT         ?C?LIB_CODE
            CODE    1A7AH     0365H     UNIT         ?PR?PRINTF?PRINTF
            CODE    1DDFH     02DBH     UNIT         ?PR?_LT9611_PLL?LT9611
            CODE    20BAH     02C0H     UNIT         ?PR?_LT9611_CEC_MSG_RX_PARSE?LT9611
            CODE    237AH     023AH     UNIT         ?PR?_LT9611_PARSE_PHYSICAL_ADDRESS?LT9611
            CODE    25B4H     01BEH     UNIT         ?PR?_LT9611_PATTERN_GCM?LT9611
            CODE    2772H     01AAH     UNIT         ?PR?_LT9611_MIPI_VIDEO_TIMING?LT9611
            CODE    291CH     0197H     UNIT         ?PR?LT9611_FREQUENCY_METER_BYTE_CLK?LT9611
            CODE    2AB3H     0195H     UNIT         ?PR?_LT9611_CEC_MSG_TX_HANDLE?LT9611
            CODE    2C48H     018DH     UNIT         ?PR?_LT9611_HDMI_TX_DIGITAL?LT9611
            CODE    2DD5H     0131H     UNIT         ?PR?_LT9611_MIPI_PCR?LT9611
            CODE    2F06H     0110H     UNIT         ?PR?_LT9611_ENABLE_INTERRUPTS?LT9611
            CODE    3016H     0107H     UNIT         ?PR?LT9611_DPHY_DEBUG?LT9611
            CODE    311DH     00F9H     UNIT         ?PR?_LT9611_CEC_MSG_SET_LOGICAL_ADDRESS?LT9611
            CODE    3216H     00F4H     UNIT         ?PR?LT9611_MIPI_INPUT_DIGTAL?LT9611
            CODE    330AH     00BCH     UNIT         ?PR?_LT9611_PATTERN_PIXEL_CLK?LT9611
            CODE    33C6H     00ADH     UNIT         ?PR?LT9611_INIT?LT9611
            CODE    3473H     0097H     UNIT         ?PR?_DO_CHECKSUM?LT9611
            CODE    350AH     008DH     UNIT         ?PR?_LT9611_HDMI_CEC_WRITE?LT9611
            CODE    3597H     008CH     UNIT         ?C_C51STARTUP
            CODE    3623H     0087H     UNIT         ?PR?LT9611_HDMI_TX_PHY?LT9611
            CODE    36AAH     0084H     UNIT         ?PR?_I2C_READ_BYTE?I2C
            CODE    372EH     0084H     UNIT         ?PR?LT9611_HDP_INTERRUPT_HANDLE?LT9611
            CODE    37B2H     007CH     UNIT         ?PR?LT9611_AUDIO_INIT?LT9611
            CODE    382EH     007CH     UNIT         ?PR?_LT9611_HDMI_CEC_READ?LT9611
            CODE    38AAH     007AH     UNIT         ?PR?LT9611_LOAD_HDCP_KEY?LT9611
            CODE    3924H     0079H     UNIT         ?PR?_LT9611_CEC_MSG_INTERRUPT_HANDLE?LT9611
            CODE    399DH     0075H     UNIT         ?PR?LT9611_HDMI_OUT_ENABLE?LT9611
            CODE    3A12H     0065H     UNIT         ?PR?_LT9611_LOWPOWER_MODE?LT9611
            CODE    3A77H     0065H     UNIT         ?PR?LT9611_VID_CHG_INTERRUPT_HANDLE?LT9611
            CODE    3ADCH     0063H     UNIT         ?PR?_LT9611_CEC_DEVICE_POLLING?LT9611
            CODE    3B3FH     005FH     UNIT         ?PR?_I2C_WRITE_BYTE?I2C
BL51 BANKED LINKER/LOCATER V6.22                                                      07/13/2022  16:04:00  PAGE 3


            CODE    3B9EH     005CH     UNIT         ?PR?_TIMER2_DELAY500US?DELAY
            CODE    3BFAH     005BH     UNIT         ?PR?LT9611_SYSTEM_INIT?LT9611
            CODE    3C55H     005BH     UNIT         ?PR?LT9611_MIPI_INPUT_ANALOG?LT9611
            CODE    3CB0H     005BH     UNIT         ?PR?_TIMER3_DELAY100MS?DELAY
            CODE    3D0BH     005BH     UNIT         ?PR?_TIMER3_DELAY10US?DELAY
            CODE    3D66H     0059H     UNIT         ?PR?_TIMER0_DELAY100US?DELAY
            CODE    3DBFH     0059H     UNIT         ?PR?_TIMER0_DELAY1MS?DELAY
            CODE    3E18H     0059H     UNIT         ?PR?_TIMER1_DELAY10MS?DELAY
            CODE    3E71H     0055H     UNIT         ?C_INITSEG
            CODE    3EC6H     0052H     UNIT         ?PR?_LT9611_CEC_REPORT_PHYSICAL_ADDRESS?LT9611
            CODE    3F18H     0052H     UNIT         ?PR?LT9611_HTOTAL_SYSCLK?LT9611
            CODE    3F6AH     0051H     UNIT         ?PR?_I2C_SENDBYTE?I2C
            CODE    3FBBH     004EH     UNIT         ?PR?_DELAY_1MS?LT9611
            CODE    4009H     004DH     UNIT         ?PR?MCU_SYSTEMINIT?MAIN
            CODE    4056H     004BH     UNIT         ?CO?MAIN
            CODE    40A1H     004BH     UNIT         ?PR?LT9611_IRQ_TASK?LT9611
            CODE    40ECH     0049H     UNIT         ?PR?_LT9611_CEC_FRAME_RETRANSMISSION?LT9611
            CODE    4135H     0043H     UNIT         ?PR?LT9611_CHIP_ID?LT9611
            CODE    4178H     003FH     UNIT         ?PR?_LT9611_CEC_MSG_INIT?LT9611
            CODE    41B7H     003AH     UNIT         ?PR?LT9611_HDCP_ENABLE?LT9611
            CODE    41F1H     0039H     UNIT         ?PR?_INITIALUART0_TIMER1?UART0
            CODE    422AH     0034H     UNIT         ?PR?RCVBYTE?I2C
            CODE    425EH     0034H     UNIT         ?PR?LT9611_PATTERN?LT9611
            CODE    4292H     0031H     UNIT         ?PR?_LT9611_CEC_MENU_ACTIVATE?LT9611
            CODE    42C3H     0030H     UNIT         ?PR?_LT9611_CEC_FEATURE_ABORT?LT9611
            CODE    42F3H     002DH     UNIT         ?PR?LT9611_GET_HPD_STATUS?LT9611
            CODE    4320H     0029H     UNIT         ?PR?_HDMI_READI2C_BYTE?I2C
            CODE    4349H     0029H     UNIT         ?PR?LT9611_HDMI_OUT_DISABLE?LT9611
            CODE    4372H     0027H     UNIT         ?PR?PUTCHAR?PUTCHAR
            CODE    4399H     0024H     UNIT         ?PR?INTBINTERRUPTFUN?LT9611
            CODE    43BDH     0023H     UNIT         ?PR?LT9611_RST_PD_INIT?LT9611
            CODE    43E0H     0023H     UNIT         ?PR?LT9611_HDCP_INIT?LT9611
            CODE    4403H     001FH     UNIT         ?PR?LT9611_CSC?LT9611
            CODE    4422H     001EH     UNIT         ?PR?_HDMI_WRITEI2C_BYTE?I2C
            CODE    4440H     001DH     UNIT         ?PR?_LT9611_CEC_LA_ALLOCATION?LT9611
            CODE    445DH     001CH     UNIT         ?PR?_ACK_I2C?I2C
            CODE    4479H     001CH     UNIT         ?PR?LT9611_IRQ_INIT?LT9611
            CODE    4495H     001AH     UNIT         ?PR?LT9611_RESET?MAIN
            CODE    44AFH     001AH     UNIT         ?PR?LT9611_CEC_MSG_WRITE_DEMO?LT9611
            CODE    44C9H     001AH     UNIT         ?PR?LT9611_BROAD_CAST_DEMO?LT9611
            CODE    44E3H     0019H     UNIT         ?PR?_LT9611_GLOBE_INTERRUPTS?LT9611
            CODE    44FCH     0017H     UNIT         ?PR?LT9611_HDCP_DISABLE?LT9611
            CODE    4513H     0015H     UNIT         ?PR?START_I2C?I2C
            CODE    4528H     0015H     UNIT         ?PR?_HDMI_READI2C_BYTEN?I2C
            CODE    453DH     0015H     UNIT         ?PR?_HDMI_WRITEI2C_BYTEN?I2C
            CODE    4552H     0015H     UNIT         ?PR?LT9611_CEC_LOGICAL_RESET?LT9611
            CODE    4567H     0015H     UNIT         ?PR?LT9611_PATTERN_EN?LT9611
            CODE    457CH     0014H     UNIT         ?PR?MAIN?MAIN
            CODE    4590H     0012H     UNIT         ?PR?_I2C_DELAY_US?I2C
            CODE    45A2H     000CH     UNIT         ?PR?STOP_I2C?I2C
            CODE    45AEH     0008H     UNIT         ?PR?_SEND_DATA_TO_UART0?UART0
            CODE    45B6H     0003H     UNIT         ?PR?_PRINTCH?UART0
            CODE    45B9H     0001H     UNIT         ?PR?LT9611_PCR_MK_PRINT?LT9611



OVERLAY MAP OF MODULE:   .\Objects\LT9611_PORT_SWITCH (UART0)
BL51 BANKED LINKER/LOCATER V6.22                                                      07/13/2022  16:04:00  PAGE 4




SEGMENT                                             BIT_GROUP          DATA_GROUP          XDATA_GROUP
  +--> CALLED SEGMENT                            START    LENGTH     START    LENGTH     START    LENGTH
--------------------------------------------------------------------------------------------------------
?C_C51STARTUP                                    -----    -----      -----    -----      -----    -----
  +--> ?PR?MAIN?MAIN
  +--> ?C_INITSEG

?PR?MAIN?MAIN                                    -----    -----      -----    -----      -----    -----
  +--> ?PR?MCU_SYSTEMINIT?MAIN
  +--> ?CO?MAIN
  +--> ?PR?PRINTF?PRINTF
  +--> ?PR?LT9611_RESET?MAIN
  +--> ?PR?LT9611_INIT?LT9611

?PR?MCU_SYSTEMINIT?MAIN                          -----    -----      -----    -----      -----    -----
  +--> ?PR?_INITIALUART0_TIMER1?UART0

?PR?PRINTF?PRINTF                                0020H.0  0001H.1    0008H    0005H      0175H    0028H
  +--> ?PR?PUTCHAR?PUTCHAR

?PR?LT9611_RESET?MAIN                            -----    -----      -----    -----      -----    -----
  +--> ?PR?_TIMER0_DELAY1MS?DELAY

?PR?_TIMER0_DELAY1MS?DELAY                       -----    -----      -----    -----      0179H    0004H

?PR?LT9611_INIT?LT9611                           -----    -----      -----    -----      0161H    0004H
  +--> ?PR?LT9611_CHIP_ID?LT9611
  +--> ?PR?LT9611_SYSTEM_INIT?LT9611
  +--> ?PR?LT9611_MIPI_INPUT_ANALOG?LT9611
  +--> ?PR?LT9611_MIPI_INPUT_DIGTAL?LT9611
  +--> ?PR?LT9611_AUDIO_INIT?LT9611
  +--> ?PR?LT9611_CSC?LT9611
  +--> ?PR?LT9611_HDCP_INIT?LT9611
  +--> ?PR?LT9611_LOAD_HDCP_KEY?LT9611
  +--> ?PR?LT9611_HDMI_TX_PHY?LT9611
  +--> ?PR?LT9611_IRQ_INIT?LT9611
  +--> ?PR?_LT9611_HDMI_CEC_ON?LT9611
  +--> ?PR?_LT9611_CEC_MSG_INIT?LT9611
  +--> ?PR?_LT9611_ENABLE_INTERRUPTS?LT9611
  +--> ?PR?LT9611_FREQUENCY_METER_BYTE_CLK?L...
  +--> ?PR?LT9611_DPHY_DEBUG?LT9611
  +--> ?PR?LT9611_HTOTAL_SYSCLK?LT9611
  +--> ?PR?LT9611_PCR_MK_PRINT?LT9611
  +--> ?PR?_TIMER0_DELAY1MS?DELAY
  +--> ?PR?LT9611_HDP_INTERRUPT_HANDLE?LT9611
  +--> ?CO?LT9611
  +--> ?PR?PRINTF?PRINTF
  +--> ?PR?LT9611_IRQ_TASK?LT9611
  +--> ?PR?LT9611_GET_HPD_STATUS?LT9611
  +--> ?PR?_HDMI_WRITEI2C_BYTE?I2C
  +--> ?PR?_HDMI_READI2C_BYTE?I2C
  +--> ?PR?LT9611_HDCP_DISABLE?LT9611
  +--> ?PR?LT9611_HDCP_ENABLE?LT9611

?PR?LT9611_CHIP_ID?LT9611                        -----    -----      -----    -----      -----    -----
BL51 BANKED LINKER/LOCATER V6.22                                                      07/13/2022  16:04:00  PAGE 5


  +--> ?PR?_HDMI_WRITEI2C_BYTE?I2C
  +--> ?PR?_HDMI_READI2C_BYTE?I2C
  +--> ?CO?LT9611
  +--> ?PR?PRINTF?PRINTF

?PR?_HDMI_WRITEI2C_BYTE?I2C                      -----    -----      -----    -----      0179H    0001H
  +--> ?PR?_I2C_WRITE_BYTE?I2C

?PR?_I2C_WRITE_BYTE?I2C                          -----    -----      -----    -----      017AH    0007H
  +--> ?PR?START_I2C?I2C
  +--> ?PR?_I2C_SENDBYTE?I2C
  +--> ?PR?STOP_I2C?I2C

?PR?START_I2C?I2C                                -----    -----      -----    -----      -----    -----
  +--> ?PR?_I2C_DELAY_US?I2C

?PR?_I2C_SENDBYTE?I2C                            -----    -----      -----    -----      -----    -----
  +--> ?PR?_I2C_DELAY_US?I2C

?PR?STOP_I2C?I2C                                 -----    -----      -----    -----      -----    -----
  +--> ?PR?_I2C_DELAY_US?I2C

?PR?_HDMI_READI2C_BYTE?I2C                       -----    -----      -----    -----      0179H    0001H
  +--> ?PR?_I2C_READ_BYTE?I2C

?PR?_I2C_READ_BYTE?I2C                           -----    -----      -----    -----      017AH    0007H
  +--> ?PR?START_I2C?I2C
  +--> ?PR?_I2C_SENDBYTE?I2C
  +--> ?PR?STOP_I2C?I2C
  +--> ?PR?RCVBYTE?I2C
  +--> ?PR?_ACK_I2C?I2C

?PR?RCVBYTE?I2C                                  -----    -----      -----    -----      -----    -----
  +--> ?PR?_I2C_DELAY_US?I2C

?PR?_ACK_I2C?I2C                                 -----    -----      -----    -----      -----    -----
  +--> ?PR?_I2C_DELAY_US?I2C

?PR?LT9611_SYSTEM_INIT?LT9611                    -----    -----      -----    -----      -----    -----
  +--> ?PR?_HDMI_WRITEI2C_BYTE?I2C

?PR?LT9611_MIPI_INPUT_ANALOG?LT9611              -----    -----      -----    -----      -----    -----
  +--> ?PR?_HDMI_WRITEI2C_BYTE?I2C

?PR?LT9611_MIPI_INPUT_DIGTAL?LT9611              -----    -----      -----    -----      0165H    0001H
  +--> ?CO?LT9611
  +--> ?PR?PRINTF?PRINTF
  +--> ?PR?_HDMI_WRITEI2C_BYTE?I2C

?PR?LT9611_AUDIO_INIT?LT9611                     -----    -----      -----    -----      -----    -----
  +--> ?CO?LT9611
  +--> ?PR?PRINTF?PRINTF
  +--> ?PR?_HDMI_WRITEI2C_BYTE?I2C

?PR?LT9611_CSC?LT9611                            -----    -----      -----    -----      -----    -----
  +--> ?PR?_HDMI_WRITEI2C_BYTE?I2C
  +--> ?CO?LT9611
BL51 BANKED LINKER/LOCATER V6.22                                                      07/13/2022  16:04:00  PAGE 6


  +--> ?PR?PRINTF?PRINTF

?PR?LT9611_HDCP_INIT?LT9611                      -----    -----      -----    -----      -----    -----
  +--> ?PR?_HDMI_WRITEI2C_BYTE?I2C

?PR?LT9611_LOAD_HDCP_KEY?LT9611                  -----    -----      -----    -----      -----    -----
  +--> ?PR?_HDMI_WRITEI2C_BYTE?I2C
  +--> ?PR?_TIMER0_DELAY1MS?DELAY
  +--> ?PR?_HDMI_READI2C_BYTE?I2C
  +--> ?CO?LT9611
  +--> ?PR?PRINTF?PRINTF

?PR?LT9611_HDMI_TX_PHY?LT9611                    -----    -----      -----    -----      -----    -----
  +--> ?PR?_HDMI_WRITEI2C_BYTE?I2C
  +--> ?CO?LT9611
  +--> ?PR?PRINTF?PRINTF

?PR?LT9611_IRQ_INIT?LT9611                       -----    -----      -----    -----      -----    -----
  +--> ?PR?_HDMI_WRITEI2C_BYTE?I2C

?PR?_LT9611_HDMI_CEC_ON?LT9611                   -----    -----      -----    -----      -----    -----
  +--> ?PR?_HDMI_WRITEI2C_BYTE?I2C

?PR?_LT9611_CEC_MSG_INIT?LT9611                  -----    -----      -----    -----      0165H    0003H
  +--> ?PR?_LT9611_HDMI_CEC_ON?LT9611
  +--> ?PR?_LT9611_CEC_MSG_SET_LOGICAL_ADDRE...

?PR?_LT9611_CEC_MSG_SET_LOGICAL_ADDRE...         -----    -----      -----    -----      0171H    0001H
  +--> ?CO?LT9611
  +--> ?PR?PRINTF?PRINTF
  +--> ?PR?_HDMI_WRITEI2C_BYTE?I2C

?PR?_LT9611_ENABLE_INTERRUPTS?LT9611             -----    -----      -----    -----      0168H    0002H
  +--> ?PR?_HDMI_WRITEI2C_BYTE?I2C
  +--> ?CO?LT9611
  +--> ?PR?PRINTF?PRINTF

?PR?LT9611_FREQUENCY_METER_BYTE_CLK?L...         -----    -----      -----    -----      0165H    0005H
  +--> ?PR?_HDMI_WRITEI2C_BYTE?I2C
  +--> ?PR?_TIMER0_DELAY1MS?DELAY
  +--> ?PR?_HDMI_READI2C_BYTE?I2C
  +--> ?CO?LT9611
  +--> ?PR?PRINTF?PRINTF

?PR?LT9611_DPHY_DEBUG?LT9611                     -----    -----      -----    -----      0165H    0001H
  +--> ?PR?_HDMI_WRITEI2C_BYTE?I2C
  +--> ?PR?_HDMI_READI2C_BYTE?I2C
  +--> ?CO?LT9611
  +--> ?PR?PRINTF?PRINTF

?PR?LT9611_HTOTAL_SYSCLK?LT9611                  -----    -----      -----    -----      0165H    0003H
  +--> ?PR?_HDMI_WRITEI2C_BYTE?I2C
  +--> ?PR?_HDMI_READI2C_BYTE?I2C
  +--> ?CO?LT9611
  +--> ?PR?PRINTF?PRINTF

?PR?LT9611_HDP_INTERRUPT_HANDLE?LT9611           -----    -----      -----    -----      -----    -----
BL51 BANKED LINKER/LOCATER V6.22                                                      07/13/2022  16:04:00  PAGE 7


  +--> ?PR?_HDMI_WRITEI2C_BYTE?I2C
  +--> ?CO?LT9611
  +--> ?PR?PRINTF?PRINTF
  +--> ?PR?LT9611_HDMI_OUT_DISABLE?LT9611
  +--> ?PR?LT9611_GET_HPD_STATUS?LT9611
  +--> ?PR?_LT9611_LOWPOWER_MODE?LT9611
  +--> ?PR?_LT9611_ENABLE_INTERRUPTS?LT9611
  +--> ?PR?_TIMER0_DELAY1MS?DELAY
  +--> ?PR?LT9611_READ_EDID?LT9611
  +--> ?PR?LT9611_VIDEO_CHECK?LT9611
  +--> ?PR?_LT9611_PLL?LT9611
  +--> ?PR?_LT9611_MIPI_PCR?LT9611
  +--> ?PR?_LT9611_HDMI_TX_DIGITAL?LT9611
  +--> ?PR?LT9611_PCR_MK_PRINT?LT9611
  +--> ?PR?LT9611_HDMI_OUT_ENABLE?LT9611

?PR?LT9611_HDMI_OUT_DISABLE?LT9611               -----    -----      -----    -----      -----    -----
  +--> ?PR?_HDMI_WRITEI2C_BYTE?I2C
  +--> ?CO?LT9611
  +--> ?PR?PRINTF?PRINTF
  +--> ?PR?LT9611_HDCP_DISABLE?LT9611

?PR?LT9611_HDCP_DISABLE?LT9611                   -----    -----      -----    -----      -----    -----
  +--> ?PR?_HDMI_WRITEI2C_BYTE?I2C
  +--> ?CO?LT9611
  +--> ?PR?PRINTF?PRINTF

?PR?LT9611_GET_HPD_STATUS?LT9611                 -----    -----      -----    -----      -----    -----
  +--> ?PR?_HDMI_WRITEI2C_BYTE?I2C
  +--> ?PR?_HDMI_READI2C_BYTE?I2C
  +--> ?PR?_TIMER0_DELAY1MS?DELAY

?PR?_LT9611_LOWPOWER_MODE?LT9611                 -----    -----      -----    -----      -----    -----
  +--> ?PR?_HDMI_WRITEI2C_BYTE?I2C
  +--> ?CO?LT9611
  +--> ?PR?PRINTF?PRINTF

?PR?LT9611_VIDEO_CHECK?LT9611                    -----    -----      -----    -----      0168H    000DH
  +--> ?PR?_HDMI_WRITEI2C_BYTE?I2C
  +--> ?PR?_HDMI_READI2C_BYTE?I2C
  +--> ?CO?LT9611
  +--> ?PR?PRINTF?PRINTF

?PR?_LT9611_PLL?LT9611                           -----    -----      -----    -----      0168H    0008H
  +--> ?CO?LT9611
  +--> ?PR?PRINTF?PRINTF
  +--> ?PR?_HDMI_WRITEI2C_BYTE?I2C
  +--> ?PR?_HDMI_READI2C_BYTE?I2C
  +--> ?PR?_TIMER0_DELAY1MS?DELAY

?PR?_LT9611_MIPI_PCR?LT9611                      -----    -----      -----    -----      0168H    0003H
  +--> ?PR?_HDMI_WRITEI2C_BYTE?I2C
  +--> ?PR?_LT9611_MIPI_VIDEO_TIMING?LT9611
  +--> ?PR?_TIMER0_DELAY1MS?DELAY

?PR?_LT9611_MIPI_VIDEO_TIMING?LT9611             -----    -----      -----    -----      016BH    0003H
  +--> ?PR?_HDMI_WRITEI2C_BYTE?I2C
BL51 BANKED LINKER/LOCATER V6.22                                                      07/13/2022  16:04:00  PAGE 8



?PR?_LT9611_HDMI_TX_DIGITAL?LT9611               -----    -----      -----    -----      0168H    0006H
  +--> ?CO?LT9611
  +--> ?PR?PRINTF?PRINTF
  +--> ?PR?_HDMI_WRITEI2C_BYTE?I2C

?PR?LT9611_HDMI_OUT_ENABLE?LT9611                -----    -----      -----    -----      -----    -----
  +--> ?PR?_HDMI_WRITEI2C_BYTE?I2C
  +--> ?PR?LT9611_HDCP_ENABLE?LT9611
  +--> ?CO?LT9611
  +--> ?PR?PRINTF?PRINTF

?PR?LT9611_HDCP_ENABLE?LT9611                    -----    -----      -----    -----      -----    -----
  +--> ?PR?_HDMI_WRITEI2C_BYTE?I2C
  +--> ?CO?LT9611
  +--> ?PR?PRINTF?PRINTF

?PR?LT9611_IRQ_TASK?LT9611                       -----    -----      -----    -----      0165H    0003H
  +--> ?PR?_HDMI_WRITEI2C_BYTE?I2C
  +--> ?PR?_HDMI_READI2C_BYTE?I2C
  +--> ?PR?_LT9611_CEC_MSG_INTERRUPT_HANDLE?...
  +--> ?PR?LT9611_HDP_INTERRUPT_HANDLE?LT9611
  +--> ?PR?LT9611_VID_CHG_INTERRUPT_HANDLE?L...

?PR?_LT9611_CEC_MSG_INTERRUPT_HANDLE?...         -----    -----      -----    -----      0168H    0003H
  +--> ?PR?_HDMI_WRITEI2C_BYTE?I2C
  +--> ?PR?_HDMI_READI2C_BYTE?I2C
  +--> ?CO?LT9611
  +--> ?PR?PRINTF?PRINTF
  +--> ?PR?_LT9611_CEC_MSG_TX_HANDLE?LT9611
  +--> ?PR?_LT9611_CEC_MSG_RX_PARSE?LT9611

?PR?_LT9611_CEC_MSG_TX_HANDLE?LT9611             -----    -----      -----    -----      016BH    0006H
  +--> ?CO?LT9611
  +--> ?PR?PRINTF?PRINTF
  +--> ?PR?LT9611_CEC_LOGICAL_RESET?LT9611
  +--> ?PR?_LT9611_CEC_MSG_SET_LOGICAL_ADDRE...
  +--> ?PR?_LT9611_CEC_REPORT_PHYSICAL_ADDRE...
  +--> ?PR?_LT9611_CEC_LA_ALLOCATION?LT9611
  +--> ?PR?_LT9611_CEC_FRAME_RETRANSMISSION?...

?PR?LT9611_CEC_LOGICAL_RESET?LT9611              -----    -----      -----    -----      -----    -----
  +--> ?PR?_HDMI_WRITEI2C_BYTE?I2C

?PR?_LT9611_CEC_REPORT_PHYSICAL_ADDRE...         -----    -----      -----    -----      -----    -----
  +--> ?PR?_LT9611_HDMI_CEC_WRITE?LT9611

?PR?_LT9611_HDMI_CEC_WRITE?LT9611                -----    -----      -----    -----      0174H    0005H
  +--> ?PR?_HDMI_WRITEI2C_BYTE?I2C
  +--> ?PR?_TIMER0_DELAY1MS?DELAY

?PR?_LT9611_CEC_LA_ALLOCATION?LT9611             -----    -----      -----    -----      -----    -----
  +--> ?PR?_LT9611_HDMI_CEC_WRITE?LT9611

?PR?_LT9611_CEC_FRAME_RETRANSMISSION?...         -----    -----      -----    -----      0171H    0003H
  +--> ?PR?_HDMI_WRITEI2C_BYTE?I2C

BL51 BANKED LINKER/LOCATER V6.22                                                      07/13/2022  16:04:00  PAGE 9


?PR?_LT9611_CEC_MSG_RX_PARSE?LT9611              -----    -----      -----    -----      016BH    0009H
  +--> ?CO?LT9611
  +--> ?PR?_LT9611_HDMI_CEC_READ?LT9611
  +--> ?PR?PRINTF?PRINTF
  +--> ?PR?_LT9611_CEC_FEATURE_ABORT?LT9611
  +--> ?PR?_LT9611_CEC_REPORT_PHYSICAL_ADDRE...
  +--> ?PR?_TIMER0_DELAY1MS?DELAY
  +--> ?PR?_LT9611_CEC_MENU_ACTIVATE?LT9611

?PR?_LT9611_HDMI_CEC_READ?LT9611                 -----    -----      -----    -----      0174H    0005H
  +--> ?PR?_HDMI_WRITEI2C_BYTE?I2C
  +--> ?PR?_HDMI_READI2C_BYTE?I2C

?PR?_LT9611_CEC_FEATURE_ABORT?LT9611             -----    -----      -----    -----      -----    -----
  +--> ?PR?_LT9611_HDMI_CEC_WRITE?LT9611

?PR?_LT9611_CEC_MENU_ACTIVATE?LT9611             -----    -----      -----    -----      -----    -----
  +--> ?PR?_LT9611_HDMI_CEC_WRITE?LT9611

?PR?LT9611_VID_CHG_INTERRUPT_HANDLE?L...         -----    -----      -----    -----      -----    -----
  +--> ?CO?LT9611
  +--> ?PR?PRINTF?PRINTF
  +--> ?PR?_HDMI_WRITEI2C_BYTE?I2C
  +--> ?PR?LT9611_VIDEO_CHECK?LT9611
  +--> ?PR?_TIMER0_DELAY1MS?DELAY
  +--> ?PR?_LT9611_PLL?LT9611
  +--> ?PR?_LT9611_MIPI_PCR?LT9611
  +--> ?PR?_LT9611_HDMI_TX_DIGITAL?LT9611
  +--> ?PR?LT9611_HDMI_OUT_ENABLE?LT9611
  +--> ?PR?LT9611_HDMI_OUT_DISABLE?LT9611



SYMBOL TABLE OF MODULE:  .\Objects\LT9611_PORT_SWITCH (UART0)

  VALUE           TYPE          NAME
  ----------------------------------

  -------         MODULE        UART0
  C:0000H         SYMBOL        _ICE_DUMMY_
  D:00B1H         PUBLIC        P0M1
  D:00B2H         PUBLIC        P0M2
  D:0080H         PUBLIC        P0
  D:0090H         PUBLIC        P1
  D:00A0H         PUBLIC        P2
  D:00B0H         PUBLIC        P3
  D:00D8H         PUBLIC        PWMCON0
  D:00A8H         PUBLIC        IE
  D:00B8H         PUBLIC        IP
  B:0098H.1       PUBLIC        TI
  D:0099H         PUBLIC        SBUF
  D:0087H         PUBLIC        PCON
  D:0098H         PUBLIC        SCON
  D:0089H         PUBLIC        TMOD
  D:0088H         PUBLIC        TCON
  D:00F8H         PUBLIC        SCON_1
  D:008DH         PUBLIC        TH1
BL51 BANKED LINKER/LOCATER V6.22                                                      07/13/2022  16:04:00  PAGE 10


  C:41F1H         PUBLIC        _InitialUART0_Timer1
  B:0088H.6       PUBLIC        TR1
  D:00E8H         PUBLIC        ADCCON0
  C:45AEH         PUBLIC        _Send_Data_To_UART0
  D:00C0H         PUBLIC        I2CON
  D:00C8H         PUBLIC        T2CON
  D:00C4H         PUBLIC        T3CON
  D:008EH         PUBLIC        CKCON
  D:00D0H         PUBLIC        PSW
  C:45B6H         PUBLIC        _printch
  -------         PROC          _INITIALUART0_TIMER1
  D:0004H         SYMBOL        u32Baudrate
  C:41F1H         LINE#         8
  C:41F1H         LINE#         9
  C:41F1H         LINE#         10
  C:41F7H         LINE#         11
  C:41FDH         LINE#         13
  C:4200H         LINE#         14
  C:4203H         LINE#         16
  C:4206H         LINE#         17
  C:4209H         LINE#         18
  C:420CH         LINE#         21
  C:4225H         LINE#         26
  C:4227H         LINE#         27
  C:4229H         LINE#         28
  -------         ENDPROC       _INITIALUART0_TIMER1
  -------         PROC          _SEND_DATA_TO_UART0
  D:0007H         SYMBOL        c
  C:45AEH         LINE#         64
  C:45AEH         LINE#         65
  C:45AEH         LINE#         66
  C:45B0H         LINE#         67
  C:45B2H         LINE#         68
  C:45B5H         LINE#         69
  -------         ENDPROC       _SEND_DATA_TO_UART0
  -------         PROC          _PRINTCH
  D:0007H         SYMBOL        ch
  C:45B6H         LINE#         144
  C:45B6H         LINE#         145
  C:45B6H         LINE#         146
  -------         ENDPROC       _PRINTCH
  -------         ENDMOD        UART0

  -------         MODULE        MAIN
  C:0000H         SYMBOL        _ICE_DUMMY_
  D:00B1H         PUBLIC        P0M1
  D:00B3H         PUBLIC        P1M1
  D:00B2H         PUBLIC        P0M2
  D:0080H         PUBLIC        P0
  D:00B4H         PUBLIC        P1M2
  D:0090H         PUBLIC        P1
  D:00ACH         PUBLIC        P3M1
  D:00A0H         PUBLIC        P2
  D:00B0H         PUBLIC        P3
  D:00ADH         PUBLIC        P3M2
  B:00A8H.7       PUBLIC        EA
  D:00D8H         PUBLIC        PWMCON0
BL51 BANKED LINKER/LOCATER V6.22                                                      07/13/2022  16:04:00  PAGE 11


  D:00A8H         PUBLIC        IE
  D:00B8H         PUBLIC        IP
  C:457CH         PUBLIC        main
  B:00B0H.0       PUBLIC        P30
  D:0098H         PUBLIC        SCON
  D:0088H         PUBLIC        TCON
  D:00F8H         PUBLIC        SCON_1
  D:009BH         PUBLIC        EIE
  C:4495H         PUBLIC        LT9611_Reset
  D:00E8H         PUBLIC        ADCCON0
  D:00C0H         PUBLIC        I2CON
  X:01E0H         PUBLIC        irq_task_flag
  C:4009H         PUBLIC        MCU_SystemInit
  D:00C8H         PUBLIC        T2CON
  D:00E9H         PUBLIC        PICON
  D:00D0H         PUBLIC        PSW
  D:00EAH         PUBLIC        PINEN
  D:00EBH         PUBLIC        PIPEN
  -------         PROC          MCU_SYSTEMINIT
  C:4009H         LINE#         6
  C:4009H         LINE#         7
  C:4009H         LINE#         8
  C:400FH         LINE#         9
  C:4015H         LINE#         10
  C:401BH         LINE#         11
  C:4021H         LINE#         12
  C:4027H         LINE#         14
  C:402DH         LINE#         15
  C:4033H         LINE#         16
  C:4039H         LINE#         19
  C:4044H         LINE#         21
  C:4047H         LINE#         22
  C:4050H         LINE#         23
  C:4053H         LINE#         28
  C:4055H         LINE#         29
  -------         ENDPROC       MCU_SYSTEMINIT
  -------         PROC          LT9611_RESET
  C:4495H         LINE#         31
  C:4495H         LINE#         32
  C:4495H         LINE#         33
  C:4497H         LINE#         34
  C:44A2H         LINE#         35
  C:44A4H         LINE#         36
  -------         ENDPROC       LT9611_RESET
  -------         PROC          MAIN
  C:457CH         LINE#         39
  C:457CH         LINE#         40
  C:457CH         LINE#         41
  C:457FH         LINE#         43
  C:4588H         LINE#         44
  C:458BH         LINE#         49
  C:458EH         LINE#         52
  -------         ENDPROC       MAIN
  -------         ENDMOD        MAIN

  -------         MODULE        I2C
  C:0000H         SYMBOL        _ICE_DUMMY_
BL51 BANKED LINKER/LOCATER V6.22                                                      07/13/2022  16:04:00  PAGE 12


  D:0080H         PUBLIC        P0
  D:0090H         PUBLIC        P1
  D:00A0H         PUBLIC        P2
  D:00B0H         PUBLIC        P3
  C:4528H         PUBLIC        _HDMI_ReadI2C_ByteN
  D:00D8H         PUBLIC        PWMCON0
  D:00A8H         PUBLIC        IE
  C:36AAH         SYMBOL        _i2c_read_byte
  C:453DH         PUBLIC        _HDMI_WriteI2C_ByteN
  X:01DEH         PUBLIC        I2CADR
  D:00B8H         PUBLIC        IP
  C:3B3FH         SYMBOL        _i2c_write_byte
  X:01DFH         PUBLIC        ack
  B:0090H.3       PUBLIC        P13
  D:0098H         PUBLIC        SCON
  B:0090H.4       PUBLIC        P14
  D:0088H         PUBLIC        TCON
  C:4320H         PUBLIC        _HDMI_ReadI2C_Byte
  C:3F6AH         SYMBOL        _I2C_SendByte
  C:422AH         SYMBOL        RcvByte
  D:00F8H         PUBLIC        SCON_1
  C:4422H         PUBLIC        _HDMI_WriteI2C_Byte
  C:445DH         SYMBOL        _Ack_I2c
  C:4513H         SYMBOL        Start_I2c
  C:4597H         SYMBOL        _I2C_Delay_us
  D:00E8H         PUBLIC        ADCCON0
  D:00C0H         PUBLIC        I2CON
  C:45A2H         SYMBOL        Stop_I2c
  D:00C8H         PUBLIC        T2CON
  D:00D0H         PUBLIC        PSW
  -------         PROC          L?0048
  -------         ENDPROC       L?0048
  -------         PROC          _I2C_DELAY_US
  D:0007H         SYMBOL        uscount
  -------         DO            
  D:0006H         SYMBOL        x
  -------         ENDDO         
  C:4597H         LINE#         21
  C:4597H         LINE#         22
  C:4597H         LINE#         24
  C:459EH         LINE#         25
  C:459EH         LINE#         27
  C:45A1H         LINE#         28
  -------         ENDPROC       _I2C_DELAY_US
  -------         PROC          START_I2C
  C:4513H         LINE#         30
  C:4513H         LINE#         31
  C:4513H         LINE#         32
  C:4515H         LINE#         33
  C:4517H         LINE#         34
  C:4517H         LINE#         35
  C:451AH         LINE#         36
  C:451CH         LINE#         37
  C:4521H         LINE#         38
  C:4523H         LINE#         39
  -------         ENDPROC       START_I2C
  -------         PROC          STOP_I2C
BL51 BANKED LINKER/LOCATER V6.22                                                      07/13/2022  16:04:00  PAGE 13


  C:45A2H         LINE#         42
  C:45A2H         LINE#         43
  C:45A2H         LINE#         44
  C:45A4H         LINE#         45
  C:45A6H         LINE#         46
  C:45A6H         LINE#         47
  C:45A9H         LINE#         48
  C:45ABH         LINE#         49
  -------         ENDPROC       STOP_I2C
  -------         PROC          _I2C_SENDBYTE
  D:0005H         SYMBOL        c
  -------         DO            
  D:0004H         SYMBOL        bit_Cnt
  -------         ENDDO         
  C:3F6AH         LINE#         53
  C:3F6CH         LINE#         54
  C:3F6CH         LINE#         57
  C:3F6EH         LINE#         58
  C:3F6EH         LINE#         59
  C:3F7BH         LINE#         60
  C:3F7BH         LINE#         61
  C:3F7DH         LINE#         62
  C:3F7FH         LINE#         64
  C:3F7FH         LINE#         65
  C:3F81H         LINE#         66
  C:3F81H         LINE#         67
  C:3F86H         LINE#         68
  C:3F88H         LINE#         69
  C:3F8CH         LINE#         70
  C:3F8EH         LINE#         71
  C:3F93H         LINE#         73
  C:3F98H         LINE#         74
  C:3F9AH         LINE#         75
  C:3F9FH         LINE#         76
  C:3FA1H         LINE#         77
  C:3FA4H         LINE#         79
  C:3FA7H         LINE#         80
  C:3FA7H         LINE#         81
  C:3FACH         LINE#         82
  C:3FAEH         LINE#         84
  C:3FAEH         LINE#         85
  C:3FB4H         LINE#         86
  C:3FB4H         LINE#         87
  C:3FB6H         LINE#         88
  -------         ENDPROC       _I2C_SENDBYTE
  -------         PROC          RCVBYTE
  -------         DO            
  D:0005H         SYMBOL        retc
  D:0004H         SYMBOL        bit_Cnt
  -------         ENDDO         
  C:422AH         LINE#         91
  C:422AH         LINE#         92
  C:422AH         LINE#         96
  C:422CH         LINE#         97
  C:422EH         LINE#         98
  C:422FH         LINE#         99
  C:422FH         LINE#         100
BL51 BANKED LINKER/LOCATER V6.22                                                      07/13/2022  16:04:00  PAGE 14


  C:4234H         LINE#         101
  C:4236H         LINE#         102
  C:423BH         LINE#         103
  C:423DH         LINE#         104
  C:4242H         LINE#         105
  C:4246H         LINE#         106
  C:4249H         LINE#         107
  C:4249H         LINE#         108
  C:424AH         LINE#         109
  C:424AH         LINE#         110
  C:424FH         LINE#         111
  C:4254H         LINE#         112
  C:4256H         LINE#         113
  C:425BH         LINE#         114
  C:425DH         LINE#         115
  -------         ENDPROC       RCVBYTE
  -------         PROC          _ACK_I2C
  D:0007H         SYMBOL        a
  C:445DH         LINE#         117
  C:445DH         LINE#         118
  C:445DH         LINE#         119
  C:4460H         LINE#         120
  C:4460H         LINE#         121
  C:4462H         LINE#         122
  C:4464H         LINE#         124
  C:4464H         LINE#         125
  C:4466H         LINE#         126
  C:4466H         LINE#         128
  C:446BH         LINE#         129
  C:446DH         LINE#         130
  C:4472H         LINE#         131
  C:4474H         LINE#         132
  -------         ENDPROC       _ACK_I2C
  -------         PROC          _I2C_WRITE_BYTE
  D:0004H         SYMBOL        sla
  X:017BH         SYMBOL        suba
  D:0001H         SYMBOL        s
  X:017FH         SYMBOL        no
  -------         DO            
  X:0180H         SYMBOL        i
  -------         ENDDO         
  C:3B3FH         LINE#         135
  C:3B46H         LINE#         136
  C:3B46H         LINE#         139
  C:3B49H         LINE#         141
  C:3B4EH         LINE#         143
  C:3B54H         LINE#         144
  C:3B54H         LINE#         145
  C:3B54H         LINE#         146
  C:3B56H         LINE#         147
  C:3B56H         LINE#         148
  C:3B5EH         LINE#         149
  C:3B64H         LINE#         150
  C:3B64H         LINE#         151
  C:3B64H         LINE#         152
  C:3B66H         LINE#         153
  C:3B66H         LINE#         155
BL51 BANKED LINKER/LOCATER V6.22                                                      07/13/2022  16:04:00  PAGE 15


  C:3B76H         LINE#         156
  C:3B76H         LINE#         157
  C:3B7DH         LINE#         158
  C:3B83H         LINE#         159
  C:3B83H         LINE#         160
  C:3B86H         LINE#         161
  C:3B89H         LINE#         162
  C:3B89H         LINE#         163
  C:3B90H         LINE#         164
  C:3B98H         LINE#         165
  C:3B9BH         LINE#         166
  C:3B9DH         LINE#         167
  -------         ENDPROC       _I2C_WRITE_BYTE
  -------         PROC          _I2C_READ_BYTE
  X:017AH         SYMBOL        sla
  X:017BH         SYMBOL        suba
  D:0001H         SYMBOL        s
  X:017FH         SYMBOL        no
  -------         DO            
  X:0180H         SYMBOL        i
  -------         ENDDO         
  C:36AAH         LINE#         169
  C:36B2H         LINE#         170
  C:36B2H         LINE#         172
  C:36B5H         LINE#         173
  C:36BDH         LINE#         174
  C:36C3H         LINE#         175
  C:36C3H         LINE#         176
  C:36C3H         LINE#         177
  C:36C3H         LINE#         178
  C:36C5H         LINE#         179
  C:36C5H         LINE#         180
  C:36CDH         LINE#         181
  C:36D3H         LINE#         182
  C:36D3H         LINE#         183
  C:36D3H         LINE#         184
  C:36D3H         LINE#         185
  C:36D5H         LINE#         186
  C:36D5H         LINE#         187
  C:36D8H         LINE#         188
  C:36E1H         LINE#         189
  C:36E7H         LINE#         190
  C:36E7H         LINE#         191
  C:36EAH         LINE#         192
  C:36EEH         LINE#         193
  C:36F0H         LINE#         194
  C:36F0H         LINE#         195
  C:3701H         LINE#         196
  C:3701H         LINE#         197
  C:3708H         LINE#         198
  C:370DH         LINE#         199
  C:3714H         LINE#         200
  C:371CH         LINE#         201
  C:3723H         LINE#         202
  C:3728H         LINE#         203
  C:372BH         LINE#         204
  C:372DH         LINE#         205
BL51 BANKED LINKER/LOCATER V6.22                                                      07/13/2022  16:04:00  PAGE 16


  -------         ENDPROC       _I2C_READ_BYTE
  -------         PROC          _HDMI_READI2C_BYTE
  D:0006H         SYMBOL        RegAddr
  -------         DO            
  X:0179H         SYMBOL        p_data
  -------         ENDDO         
  C:4320H         LINE#         207
  C:4322H         LINE#         208
  C:4322H         LINE#         209
  C:4327H         LINE#         211
  C:4340H         LINE#         212
  C:4340H         LINE#         213
  C:4346H         LINE#         214
  C:4346H         LINE#         215
  C:4348H         LINE#         216
  -------         ENDPROC       _HDMI_READI2C_BYTE
  -------         PROC          _HDMI_READI2C_BYTEN
  D:0006H         SYMBOL        RegAddr
  D:0001H         SYMBOL        p_data
  X:01B9H         SYMBOL        N
  -------         DO            
  D:0007H         SYMBOL        flag
  -------         ENDDO         
  C:4528H         LINE#         218
  C:452AH         LINE#         219
  C:452AH         LINE#         222
  C:453CH         LINE#         224
  C:453CH         LINE#         225
  -------         ENDPROC       _HDMI_READI2C_BYTEN
  -------         PROC          _HDMI_WRITEI2C_BYTE
  D:0006H         SYMBOL        RegAddr
  X:0179H         SYMBOL        d
  -------         DO            
  D:0007H         SYMBOL        flag
  -------         ENDDO         
  C:4422H         LINE#         227
  C:4429H         LINE#         228
  C:4429H         LINE#         231
  C:443FH         LINE#         234
  C:443FH         LINE#         235
  -------         ENDPROC       _HDMI_WRITEI2C_BYTE
  -------         PROC          _HDMI_WRITEI2C_BYTEN
  D:0006H         SYMBOL        RegAddr
  D:0001H         SYMBOL        d
  X:01BEH         SYMBOL        N
  -------         DO            
  D:0007H         SYMBOL        flag
  -------         ENDDO         
  C:453DH         LINE#         237
  C:453FH         LINE#         238
  C:453FH         LINE#         241
  C:4551H         LINE#         243
  C:4551H         LINE#         244
  -------         ENDPROC       _HDMI_WRITEI2C_BYTEN
  -------         ENDMOD        I2C

  -------         MODULE        LT9611
BL51 BANKED LINKER/LOCATER V6.22                                                      07/13/2022  16:04:00  PAGE 17


  C:0000H         SYMBOL        _ICE_DUMMY_
  D:0080H         PUBLIC        P0
  C:4178H         PUBLIC        _lt9611_cec_msg_init
  C:44AFH         PUBLIC        lt9611_cec_msg_write_demo
  D:0090H         PUBLIC        P1
  D:00A0H         PUBLIC        P2
  D:00B0H         PUBLIC        P3
  C:3FBBH         PUBLIC        _delay_1ms
  D:00D8H         PUBLIC        PWMCON0
  C:2AB3H         PUBLIC        _lt9611_cec_msg_tx_handle
  C:4552H         PUBLIC        lt9611_cec_logical_reset
  X:0005H         PUBLIC        Tx_HPD
  C:4567H         PUBLIC        LT9611_pattern_en
  C:2DE0H         PUBLIC        _LT9611_MIPI_Pcr
  C:0FEFH         PUBLIC        video_1400x1050_60Hz
  C:3473H         SYMBOL        _do_checksum
  C:44FCH         PUBLIC        LT9611_HDCP_Disable
  C:42C3H         PUBLIC        _lt9611_cec_feature_abort
  D:00A8H         PUBLIC        IE
  C:4399H         PUBLIC        IntbInterruptFun
  C:1046H         PUBLIC        LT9611_Video_Check
  X:0006H         PUBLIC        Sink_EDID
  C:100CH         PUBLIC        video_1200x1920_60Hz
  C:4292H         PUBLIC        _lt9611_cec_menu_activate
  C:0F07H         PUBLIC        video_1920x1080_30Hz
  X:0106H         PUBLIC        pcr_m
  C:0EEAH         PUBLIC        video_1920x1080_50Hz
  C:372EH         PUBLIC        LT9611_HDP_Interrupt_Handle
  C:0F5EH         PUBLIC        video_3840x2160_30Hz
  C:0F41H         PUBLIC        video_1920x1080_24Hz
  C:0ECDH         PUBLIC        video_1920x1080_60Hz
  C:0F24H         PUBLIC        video_1920x1080_25Hz
  C:3623H         PUBLIC        LT9611_HDMI_TX_Phy
  C:0F98H         PUBLIC        video_3840x2160_24Hz
  C:0F7BH         PUBLIC        video_3840x2160_25Hz
  D:00B8H         PUBLIC        IP
  X:0107H         PUBLIC        video
  C:42F3H         PUBLIC        LT9611_Get_HPD_Status
  C:40ECH         PUBLIC        _lt9611_cec_frame_retransmission
  C:41B7H         PUBLIC        LT9611_HDCP_Enable
  C:3A12H         PUBLIC        _LT9611_LowPower_mode
  C:3F18H         PUBLIC        LT9611_Htotal_Sysclk
  C:0003H         PUBLIC        _LT9611_HDMI_CEC_ON
  C:38AAH         PUBLIC        LT9611_load_hdcp_key
  C:311DH         PUBLIC        _lt9611_cec_msg_set_logical_address
  C:2C53H         PUBLIC        _LT9611_HDMI_TX_Digital
  C:4349H         PUBLIC        LT9611_HDMI_Out_Disable
  C:2772H         PUBLIC        _LT9611_MIPI_Video_Timing
  C:4403H         PUBLIC        LT9611_CSC
  C:3C55H         PUBLIC        LT9611_MIPI_Input_Analog
  C:3216H         PUBLIC        LT9611_MIPI_Input_Digtal
  B:0090H.0       PUBLIC        P10
  X:010AH         PUBLIC        PCR_Format
  X:010BH         PUBLIC        lt9611
  C:20BAH         PUBLIC        _lt9611_cec_msg_rx_parse
  C:0FB5H         PUBLIC        video_800x600_85Hz
  C:0E3CH         PUBLIC        video_720x480_60Hz
BL51 BANKED LINKER/LOCATER V6.22                                                      07/13/2022  16:04:00  PAGE 18


  D:0098H         PUBLIC        SCON
  C:44C9H         PUBLIC        lt9611_broad_cast_demo
  C:0E1FH         PUBLIC        video_640x480_60Hz
  D:0088H         PUBLIC        TCON
  C:40A1H         PUBLIC        LT9611_IRQ_Task
  C:4479H         PUBLIC        LT9611_IRQ_Init
  C:43BDH         PUBLIC        LT9611_RST_PD_Init
  C:0E59H         PUBLIC        video_720x576_50Hz
  C:399DH         PUBLIC        LT9611_HDMI_Out_Enable
  C:1DEAH         PUBLIC        _LT9611_PLL
  B:0088H.1       PUBLIC        IE0
  C:37B2H         PUBLIC        LT9611_Audio_Init
  C:237AH         PUBLIC        _lt9611_parse_physical_address
  C:382EH         PUBLIC        _lt9611_hdmi_cec_read
  D:00F8H         PUBLIC        SCON_1
  C:2F06H         PUBLIC        _LT9611_Enable_Interrupts
  C:4135H         PUBLIC        LT9611_Chip_ID
  C:003AH         PUBLIC        LT9611_Read_EDID
  C:3924H         PUBLIC        _lt9611_cec_msg_Interrupt_Handle
  C:3A77H         PUBLIC        LT9611_Vid_Chg_Interrupt_Handle
  C:3ED1H         PUBLIC        _lt9611_cec_report_physical_address
  C:3BFAH         PUBLIC        LT9611_System_Init
  X:0114H         PUBLIC        flag_cec_data_received
  D:009BH         PUBLIC        EIE
  C:350AH         PUBLIC        _lt9611_hdmi_cec_write
  C:3016H         PUBLIC        LT9611_Dphy_debug
  C:425EH         PUBLIC        LT9611_pattern
  X:0115H         SYMBOL        CEC_RxData_Buff
  D:00E8H         PUBLIC        ADCCON0
  X:0125H         SYMBOL        CEC_TxData_Buff
  D:00C0H         PUBLIC        I2CON
  C:291CH         PUBLIC        LT9611_Frequency_Meter_Byte_Clk
  D:00ECH         PUBLIC        PIF
  C:0EB0H         PUBLIC        video_1280x720_30Hz
  C:0E93H         PUBLIC        video_1280x720_50Hz
  C:45B9H         PUBLIC        LT9611_Pcr_MK_Print
  C:0E76H         PUBLIC        video_1280x720_60Hz
  C:1029H         PUBLIC        video_1920x720_60Hz
  C:44E3H         PUBLIC        _LT9611_Globe_Interrupts
  D:00C8H         PUBLIC        T2CON
  X:0137H         PUBLIC        lt9611_cec_msg
  C:33C6H         PUBLIC        LT9611_Init
  C:43E0H         PUBLIC        LT9611_HDCP_Init
  C:25B4H         PUBLIC        _LT9611_pattern_gcm
  C:3ADCH         PUBLIC        _lt9611_cec_device_polling
  C:0FD2H         PUBLIC        video_1366x768_60Hz
  C:330AH         PUBLIC        _LT9611_pattern_pixel_clk
  D:00D0H         PUBLIC        PSW
  C:4440H         PUBLIC        _lt9611_cec_la_allocation
  -------         PROC          _DELAY_1MS
  D:0007H         SYMBOL        cnt
  -------         DO            
  X:0000H         SYMBOL        i
  X:0002H         SYMBOL        j
  -------         ENDDO         
  C:3FBBH         LINE#         126
  C:3FBBH         LINE#         127
BL51 BANKED LINKER/LOCATER V6.22                                                      07/13/2022  16:04:00  PAGE 19


  C:3FBBH         LINE#         130
  C:3FC9H         LINE#         131
  C:3FD8H         LINE#         132
  C:3FD8H         LINE#         133
  C:3FDCH         LINE#         134
  C:3FEAH         LINE#         136
  C:3FEAH         LINE#         137
  C:3FF8H         LINE#         138
  C:3FF8H         LINE#         139
  C:3FFFH         LINE#         140
  C:4003H         LINE#         141
  C:4006H         LINE#         142
  C:4006H         LINE#         144
  C:4006H         LINE#         145
  C:4008H         LINE#         146
  C:4008H         LINE#         147
  -------         ENDPROC       _DELAY_1MS
  -------         PROC          LT9611_CHIP_ID
  C:4135H         LINE#         149
  C:4135H         LINE#         150
  C:4135H         LINE#         151
  C:413CH         LINE#         152
  C:4143H         LINE#         153
  C:4163H         LINE#         156
  C:416AH         LINE#         157
  C:4171H         LINE#         158
  -------         ENDPROC       LT9611_CHIP_ID
  -------         PROC          LT9611_RST_PD_INIT
  C:43BDH         LINE#         161
  C:43BDH         LINE#         162
  C:43BDH         LINE#         164
  C:43C4H         LINE#         165
  C:43CBH         LINE#         166
  C:43D2H         LINE#         167
  C:43D9H         LINE#         168
  -------         ENDPROC       LT9611_RST_PD_INIT
  -------         PROC          _LT9611_LOWPOWER_MODE
  D:0007H         SYMBOL        on
  C:3A12H         LINE#         171
  C:3A12H         LINE#         172
  C:3A12H         LINE#         175
  C:3A19H         LINE#         176
  C:3A19H         LINE#         177
  C:3A1CH         LINE#         178
  C:3A23H         LINE#         179
  C:3A2AH         LINE#         180
  C:3A31H         LINE#         182
  C:3A38H         LINE#         183
  C:3A3FH         LINE#         184
  C:3A45H         LINE#         185
  C:3A47H         LINE#         187
  C:3A47H         LINE#         188
  C:3A4AH         LINE#         189
  C:3A51H         LINE#         190
  C:3A58H         LINE#         191
  C:3A5FH         LINE#         193
  C:3A66H         LINE#         194
BL51 BANKED LINKER/LOCATER V6.22                                                      07/13/2022  16:04:00  PAGE 20


  C:3A6DH         LINE#         195
  C:3A76H         LINE#         196
  C:3A76H         LINE#         197
  -------         ENDPROC       _LT9611_LOWPOWER_MODE
  -------         PROC          LT9611_SYSTEM_INIT
  C:3BFAH         LINE#         199
  C:3BFAH         LINE#         200
  C:3BFAH         LINE#         201
  C:3C01H         LINE#         203
  C:3C08H         LINE#         205
  C:3C0FH         LINE#         206
  C:3C16H         LINE#         207
  C:3C1DH         LINE#         208
  C:3C24H         LINE#         211
  C:3C2BH         LINE#         212
  C:3C32H         LINE#         213
  C:3C39H         LINE#         214
  C:3C40H         LINE#         215
  C:3C47H         LINE#         216
  C:3C4EH         LINE#         217
  -------         ENDPROC       LT9611_SYSTEM_INIT
  -------         PROC          LT9611_MIPI_INPUT_ANALOG
  C:3C55H         LINE#         220
  C:3C55H         LINE#         221
  C:3C55H         LINE#         223
  C:3C5CH         LINE#         225
  C:3C63H         LINE#         226
  C:3C6AH         LINE#         227
  C:3C71H         LINE#         228
  C:3C78H         LINE#         229
  C:3C7FH         LINE#         231
  C:3C86H         LINE#         232
  C:3C8DH         LINE#         233
  C:3C94H         LINE#         234
  C:3C9BH         LINE#         235
  C:3CA2H         LINE#         237
  C:3CA9H         LINE#         238
  -------         ENDPROC       LT9611_MIPI_INPUT_ANALOG
  -------         PROC          LT9611_MIPI_INPUT_DIGTAL
  -------         DO            
  X:0165H         SYMBOL        lanes
  -------         ENDDO         
  C:3216H         LINE#         241
  C:3216H         LINE#         242
  C:3216H         LINE#         244
  C:321EH         LINE#         246
  C:322BH         LINE#         249
  C:3232H         LINE#         250
  C:3232H         LINE#         251
  C:3235H         LINE#         252
  C:323CH         LINE#         253
  C:3243H         LINE#         254
  C:324AH         LINE#         255
  C:3250H         LINE#         256
  C:3252H         LINE#         258
  C:3252H         LINE#         259
  C:3255H         LINE#         260
BL51 BANKED LINKER/LOCATER V6.22                                                      07/13/2022  16:04:00  PAGE 21


  C:325CH         LINE#         261
  C:3263H         LINE#         262
  C:326AH         LINE#         263
  C:3273H         LINE#         264
  C:3273H         LINE#         265
  C:327AH         LINE#         266
  C:3281H         LINE#         269
  C:3288H         LINE#         270
  C:3292H         LINE#         272
  C:3299H         LINE#         273
  C:32A0H         LINE#         275
  C:32A7H         LINE#         276
  C:32A7H         LINE#         277
  C:32AEH         LINE#         278
  C:32B4H         LINE#         279
  C:32B6H         LINE#         281
  C:32B6H         LINE#         282
  C:32BDH         LINE#         283
  C:32C6H         LINE#         284
  C:32C6H         LINE#         287
  C:32CEH         LINE#         288
  C:32CEH         LINE#         289
  C:32D7H         LINE#         290
  C:32DEH         LINE#         291
  C:32E5H         LINE#         292
  C:32ECH         LINE#         294
  C:32F2H         LINE#         295
  C:32F2H         LINE#         296
  C:32F9H         LINE#         297
  C:3300H         LINE#         298
  C:3300H         LINE#         299
  C:3300H         LINE#         301
  C:3309H         LINE#         303
  -------         ENDPROC       LT9611_MIPI_INPUT_DIGTAL
  -------         PROC          LT9611_VIDEO_CHECK
  -------         DO            
  X:0168H         SYMBOL        mipi_video_format
  X:0169H         SYMBOL        h_act
  X:016BH         SYMBOL        h_act_a
  X:016DH         SYMBOL        h_act_b
  X:016FH         SYMBOL        v_act
  X:0171H         SYMBOL        v_tal
  X:0173H         SYMBOL        h_total_sysclk
  -------         ENDDO         
  C:1046H         LINE#         305
  C:1046H         LINE#         306
  C:1046H         LINE#         308
  C:104BH         LINE#         312
  C:1052H         LINE#         313
  C:105FH         LINE#         314
  C:1079H         LINE#         315
  C:1082H         LINE#         316
  C:108BH         LINE#         317
  C:10A3H         LINE#         319
  C:10B0H         LINE#         320
  C:10CAH         LINE#         321
  C:10D7H         LINE#         322
BL51 BANKED LINKER/LOCATER V6.22                                                      07/13/2022  16:04:00  PAGE 22


  C:10F1H         LINE#         324
  C:10F8H         LINE#         325
  C:1105H         LINE#         326
  C:111FH         LINE#         328
  C:112CH         LINE#         329
  C:1146H         LINE#         332
  C:114DH         LINE#         333
  C:114DH         LINE#         334
  C:1156H         LINE#         335
  C:1161H         LINE#         336
  C:116AH         LINE#         337
  C:116CH         LINE#         338
  C:1172H         LINE#         339
  C:1172H         LINE#         340
  C:117BH         LINE#         341
  C:1192H         LINE#         342
  C:11A7H         LINE#         343
  C:11A7H         LINE#         345
  C:11B1H         LINE#         347
  C:11F6H         LINE#         348
  C:1207H         LINE#         350
  C:120EH         LINE#         351
  C:1226H         LINE#         353
  C:1235H         LINE#         356
  C:123EH         LINE#         360
  C:126AH         LINE#         361
  C:126AH         LINE#         362
  C:1273H         LINE#         363
  C:1279H         LINE#         364
  C:1287H         LINE#         365
  C:128AH         LINE#         366
  C:12B6H         LINE#         367
  C:12B6H         LINE#         368
  C:12BFH         LINE#         369
  C:12C5H         LINE#         370
  C:12D3H         LINE#         371
  C:12D6H         LINE#         373
  C:1302H         LINE#         374
  C:1302H         LINE#         375
  C:130BH         LINE#         376
  C:1311H         LINE#         377
  C:131FH         LINE#         378
  C:1322H         LINE#         380
  C:1353H         LINE#         381
  C:1353H         LINE#         382
  C:1362H         LINE#         383
  C:1362H         LINE#         384
  C:136BH         LINE#         385
  C:1371H         LINE#         386
  C:137FH         LINE#         387
  C:1382H         LINE#         388
  C:1391H         LINE#         389
  C:1391H         LINE#         390
  C:139AH         LINE#         391
  C:13A0H         LINE#         392
  C:13AEH         LINE#         393
  C:13B1H         LINE#         394
BL51 BANKED LINKER/LOCATER V6.22                                                      07/13/2022  16:04:00  PAGE 23


  C:13C3H         LINE#         395
  C:13C3H         LINE#         396
  C:13CCH         LINE#         397
  C:13D2H         LINE#         398
  C:13E0H         LINE#         399
  C:13E0H         LINE#         400
  C:13E3H         LINE#         402
  C:1414H         LINE#         403
  C:1414H         LINE#         404
  C:1423H         LINE#         405
  C:1423H         LINE#         406
  C:142CH         LINE#         407
  C:1432H         LINE#         408
  C:1440H         LINE#         409
  C:1443H         LINE#         411
  C:1452H         LINE#         412
  C:1452H         LINE#         413
  C:145BH         LINE#         414
  C:1461H         LINE#         415
  C:146FH         LINE#         416
  C:1472H         LINE#         418
  C:1481H         LINE#         419
  C:1481H         LINE#         420
  C:148AH         LINE#         421
  C:1490H         LINE#         422
  C:149EH         LINE#         423
  C:14A1H         LINE#         425
  C:14B0H         LINE#         426
  C:14B0H         LINE#         427
  C:14B9H         LINE#         428
  C:14BFH         LINE#         429
  C:14CDH         LINE#         430
  C:14D0H         LINE#         432
  C:14E2H         LINE#         433
  C:14E2H         LINE#         434
  C:14EBH         LINE#         435
  C:14F1H         LINE#         436
  C:14FFH         LINE#         437
  C:14FFH         LINE#         438
  C:1502H         LINE#         439
  C:1533H         LINE#         440
  C:1533H         LINE#         441
  C:153AH         LINE#         442
  C:1541H         LINE#         443
  C:1550H         LINE#         444
  C:1550H         LINE#         445
  C:1559H         LINE#         446
  C:155FH         LINE#         447
  C:156DH         LINE#         448
  C:1570H         LINE#         449
  C:157FH         LINE#         450
  C:157FH         LINE#         451
  C:1588H         LINE#         452
  C:158EH         LINE#         453
  C:159CH         LINE#         454
  C:159FH         LINE#         455
  C:15B1H         LINE#         456
BL51 BANKED LINKER/LOCATER V6.22                                                      07/13/2022  16:04:00  PAGE 24


  C:15B1H         LINE#         457
  C:15BAH         LINE#         458
  C:15C0H         LINE#         459
  C:15CEH         LINE#         460
  C:15CEH         LINE#         461
  C:15D1H         LINE#         465
  C:15FDH         LINE#         466
  C:15FDH         LINE#         467
  C:1606H         LINE#         468
  C:160CH         LINE#         469
  C:161AH         LINE#         470
  C:161DH         LINE#         471
  C:1649H         LINE#         472
  C:1649H         LINE#         473
  C:1652H         LINE#         474
  C:1658H         LINE#         475
  C:1666H         LINE#         476
  C:1668H         LINE#         477
  C:1694H         LINE#         478
  C:1694H         LINE#         479
  C:169DH         LINE#         480
  C:16A3H         LINE#         481
  C:16B1H         LINE#         482
  C:16B3H         LINE#         664
  C:16B3H         LINE#         665
  C:16B8H         LINE#         666
  C:16C1H         LINE#         667
  C:16C1H         LINE#         668
  C:16CAH         LINE#         669
  -------         ENDPROC       LT9611_VIDEO_CHECK
  -------         PROC          _LT9611_MIPI_VIDEO_TIMING
  X:016BH         SYMBOL        video_format
  C:2772H         LINE#         675
  C:277DH         LINE#         676
  C:277DH         LINE#         677
  C:2784H         LINE#         678
  C:279DH         LINE#         679
  C:27B4H         LINE#         680
  C:27CDH         LINE#         681
  C:27E4H         LINE#         682
  C:27FDH         LINE#         683
  C:2814H         LINE#         684
  C:282DH         LINE#         685
  C:2844H         LINE#         686
  C:285BH         LINE#         687
  C:2872H         LINE#         688
  C:2889H         LINE#         689
  C:28AFH         LINE#         690
  C:28C3H         LINE#         691
  C:28F6H         LINE#         692
  -------         ENDPROC       _LT9611_MIPI_VIDEO_TIMING
  -------         PROC          L?0380
  -------         ENDPROC       L?0380
  -------         PROC          _LT9611_MIPI_PCR
  D:0001H         SYMBOL        video_format
  -------         DO            
  X:0168H         SYMBOL        POL
BL51 BANKED LINKER/LOCATER V6.22                                                      07/13/2022  16:04:00  PAGE 25


  X:0169H         SYMBOL        hact
  -------         ENDDO         
  C:2DE0H         LINE#         695
  C:2DE0H         LINE#         696
  C:2DE0H         LINE#         699
  C:2DF0H         LINE#         700
  C:2E04H         LINE#         701
  C:2E06H         LINE#         702
  C:2E09H         LINE#         704
  C:2E10H         LINE#         706
  C:2E18H         LINE#         707
  C:2E18H         LINE#         708
  C:2E2EH         LINE#         709
  C:2E3AH         LINE#         711
  C:2E55H         LINE#         713
  C:2E5FH         LINE#         714
  C:2E6AH         LINE#         716
  C:2E74H         LINE#         717
  C:2E7AH         LINE#         718
  C:2E7CH         LINE#         721
  C:2E7CH         LINE#         722
  C:2E83H         LINE#         723
  C:2E8AH         LINE#         725
  C:2E91H         LINE#         726
  C:2E98H         LINE#         727
  C:2E98H         LINE#         730
  C:2E9FH         LINE#         733
  C:2EA6H         LINE#         734
  C:2EADH         LINE#         736
  C:2EB4H         LINE#         739
  C:2EBBH         LINE#         740
  C:2EC7H         LINE#         775
  C:2ED5H         LINE#         777
  C:2EDCH         LINE#         778
  C:2EE6H         LINE#         780
  C:2EEDH         LINE#         781
  C:2EF4H         LINE#         782
  C:2EFFH         LINE#         783
  -------         ENDPROC       _LT9611_MIPI_PCR
  C:1DDFH         SYMBOL        L?0375
  -------         PROC          L?0374
  -------         ENDPROC       L?0374
  C:1DDFH         SYMBOL        L?0375
  -------         PROC          _LT9611_PLL
  D:0001H         SYMBOL        video_format
  -------         DO            
  X:0168H         SYMBOL        pclk
  D:0007H         SYMBOL        pll_lock_flag
  X:016CH         SYMBOL        cal_done_flag
  X:016DH         SYMBOL        band_out
  X:016EH         SYMBOL        hdmi_post_div
  X:016FH         SYMBOL        i
  -------         ENDDO         
  C:1DEAH         LINE#         786
  C:1DEAH         LINE#         787
  C:1DEAH         LINE#         792
  C:1DF6H         LINE#         793
BL51 BANKED LINKER/LOCATER V6.22                                                      07/13/2022  16:04:00  PAGE 26


  C:1E13H         LINE#         795
  C:1E1AH         LINE#         796
  C:1E21H         LINE#         797
  C:1E28H         LINE#         798
  C:1E2FH         LINE#         799
  C:1E36H         LINE#         800
  C:1E3DH         LINE#         803
  C:1E44H         LINE#         805
  C:1E4BH         LINE#         806
  C:1E52H         LINE#         807
  C:1E59H         LINE#         809
  C:1E75H         LINE#         810
  C:1E75H         LINE#         811
  C:1E7CH         LINE#         812
  C:1E82H         LINE#         813
  C:1E84H         LINE#         814
  C:1EA0H         LINE#         815
  C:1EA0H         LINE#         816
  C:1EA7H         LINE#         817
  C:1EADH         LINE#         818
  C:1EAFH         LINE#         820
  C:1EAFH         LINE#         821
  C:1EB6H         LINE#         822
  C:1EBCH         LINE#         823
  C:1EBCH         LINE#         825
  C:1EF6H         LINE#         826
  C:1EF9H         LINE#         827
  C:1F0FH         LINE#         829
  C:1F16H         LINE#         830
  C:1F1DH         LINE#         831
  C:1F24H         LINE#         832
  C:1F30H         LINE#         834
  C:1F4DH         LINE#         835
  C:1F54H         LINE#         836
  C:1F72H         LINE#         837
  C:1F85H         LINE#         838
  C:1FA3H         LINE#         839
  C:1FB7H         LINE#         841
  C:1FBEH         LINE#         842
  C:1FC5H         LINE#         844
  C:1FCCH         LINE#         845
  C:1FD3H         LINE#         846
  C:1FDAH         LINE#         847
  C:1FE1H         LINE#         848
  C:1FE8H         LINE#         849
  C:1FEFH         LINE#         850
  C:1FF6H         LINE#         853
  C:1FFBH         LINE#         854
  C:1FFBH         LINE#         855
  C:2002H         LINE#         856
  C:2009H         LINE#         857
  C:2010H         LINE#         858
  C:2017H         LINE#         859
  C:2021H         LINE#         860
  C:202BH         LINE#         861
  C:2030H         LINE#         863
  C:2041H         LINE#         864
BL51 BANKED LINKER/LOCATER V6.22                                                      07/13/2022  16:04:00  PAGE 27


  C:2041H         LINE#         865
  C:204FH         LINE#         866
  C:204FH         LINE#         867
  C:204FH         LINE#         869
  C:204FH         LINE#         870
  C:2056H         LINE#         871
  C:205DH         LINE#         872
  C:2068H         LINE#         873
  C:206FH         LINE#         875
  C:2076H         LINE#         876
  C:207DH         LINE#         877
  C:2088H         LINE#         878
  C:208FH         LINE#         879
  C:2096H         LINE#         880
  C:209FH         LINE#         881
  C:20AAH         LINE#         882
  C:20AAH         LINE#         883
  C:20B9H         LINE#         884
  -------         ENDPROC       _LT9611_PLL
  -------         PROC          LT9611_HDMI_TX_PHY
  C:3623H         LINE#         886
  C:3623H         LINE#         887
  C:3623H         LINE#         888
  C:362AH         LINE#         889
  C:3631H         LINE#         890
  C:3637H         LINE#         891
  C:3637H         LINE#         892
  C:363EH         LINE#         893
  C:3644H         LINE#         894
  C:3646H         LINE#         896
  C:3646H         LINE#         897
  C:364DH         LINE#         898
  C:3656H         LINE#         899
  C:3656H         LINE#         900
  C:365DH         LINE#         901
  C:3664H         LINE#         902
  C:366BH         LINE#         903
  C:3672H         LINE#         904
  C:3679H         LINE#         905
  C:3680H         LINE#         906
  C:3687H         LINE#         907
  C:368EH         LINE#         908
  C:3695H         LINE#         909
  C:369CH         LINE#         910
  C:36A3H         LINE#         911
  -------         ENDPROC       LT9611_HDMI_TX_PHY
  -------         PROC          LT9611_HDCP_INIT
  C:43E0H         LINE#         948
  C:43E0H         LINE#         949
  C:43E0H         LINE#         950
  C:43E7H         LINE#         951
  C:43EEH         LINE#         952
  C:43F5H         LINE#         954
  C:43FCH         LINE#         956
  -------         ENDPROC       LT9611_HDCP_INIT
  -------         PROC          LT9611_LOAD_HDCP_KEY
  C:38AAH         LINE#         992
BL51 BANKED LINKER/LOCATER V6.22                                                      07/13/2022  16:04:00  PAGE 28


  C:38AAH         LINE#         993
  C:38AAH         LINE#         995
  C:38B1H         LINE#         996
  C:38B8H         LINE#         998
  C:38BFH         LINE#         999
  C:38C6H         LINE#         1000
  C:38CDH         LINE#         1001
  C:38D4H         LINE#         1002
  C:38DBH         LINE#         1003
  C:38E2H         LINE#         1005
  C:38E9H         LINE#         1006
  C:38F0H         LINE#         1007
  C:38FBH         LINE#         1010
  C:3909H         LINE#         1011
  C:3909H         LINE#         1012
  C:390DH         LINE#         1013
  C:390FH         LINE#         1015
  C:390FH         LINE#         1016
  C:3916H         LINE#         1017
  C:3916H         LINE#         1019
  C:391DH         LINE#         1020
  -------         ENDPROC       LT9611_LOAD_HDCP_KEY
  -------         PROC          LT9611_HDCP_ENABLE
  C:41B7H         LINE#         1023
  C:41B7H         LINE#         1024
  C:41B7H         LINE#         1025
  C:41BEH         LINE#         1026
  C:41C5H         LINE#         1027
  C:41CCH         LINE#         1028
  C:41D3H         LINE#         1029
  C:41DAH         LINE#         1030
  C:41E1H         LINE#         1031
  C:41E8H         LINE#         1032
  -------         ENDPROC       LT9611_HDCP_ENABLE
  -------         PROC          LT9611_HDCP_DISABLE
  C:44FCH         LINE#         1035
  C:44FCH         LINE#         1036
  C:44FCH         LINE#         1037
  C:4503H         LINE#         1038
  C:450AH         LINE#         1039
  -------         ENDPROC       LT9611_HDCP_DISABLE
  -------         PROC          LT9611_HDMI_OUT_ENABLE
  C:399DH         LINE#         1042
  C:399DH         LINE#         1043
  C:399DH         LINE#         1044
  C:39A4H         LINE#         1045
  C:39ABH         LINE#         1047
  C:39B2H         LINE#         1048
  C:39B9H         LINE#         1049
  C:39C0H         LINE#         1051
  C:39C7H         LINE#         1052
  C:39CEH         LINE#         1053
  C:39D5H         LINE#         1054
  C:39DCH         LINE#         1055
  C:39E3H         LINE#         1057
  C:39EAH         LINE#         1058
  C:39F1H         LINE#         1060
BL51 BANKED LINKER/LOCATER V6.22                                                      07/13/2022  16:04:00  PAGE 29


  C:39F8H         LINE#         1061
  C:39FFH         LINE#         1063
  C:3A06H         LINE#         1064
  C:3A06H         LINE#         1065
  C:3A09H         LINE#         1066
  C:3A09H         LINE#         1072
  -------         ENDPROC       LT9611_HDMI_OUT_ENABLE
  -------         PROC          LT9611_HDMI_OUT_DISABLE
  C:4349H         LINE#         1075
  C:4349H         LINE#         1076
  C:4349H         LINE#         1077
  C:4350H         LINE#         1078
  C:4357H         LINE#         1079
  C:435EH         LINE#         1080
  C:4367H         LINE#         1081
  C:436EH         LINE#         1082
  C:436EH         LINE#         1083
  C:4371H         LINE#         1084
  C:4371H         LINE#         1085
  -------         ENDPROC       LT9611_HDMI_OUT_DISABLE
  C:2C48H         SYMBOL        L?0377
  -------         PROC          L?0376
  -------         ENDPROC       L?0376
  C:2C48H         SYMBOL        L?0377
  -------         PROC          _LT9611_HDMI_TX_DIGITAL
  D:0001H         SYMBOL        video_format
  -------         DO            
  X:0168H         SYMBOL        VIC
  X:0169H         SYMBOL        AR
  X:016AH         SYMBOL        pb0
  X:016BH         SYMBOL        pb2
  X:016CH         SYMBOL        pb4
  X:016DH         SYMBOL        infoFrame_en
  -------         ENDDO         
  C:2C53H         LINE#         1087
  C:2C53H         LINE#         1088
  C:2C53H         LINE#         1090
  C:2C5DH         LINE#         1091
  C:2C67H         LINE#         1096
  C:2C6DH         LINE#         1098
  C:2C7AH         LINE#         1100
  C:2C87H         LINE#         1102
  C:2C8FH         LINE#         1103
  C:2C8FH         LINE#         1104
  C:2C94H         LINE#         1105
  C:2C96H         LINE#         1107
  C:2C96H         LINE#         1108
  C:2C9BH         LINE#         1109
  C:2C9BH         LINE#         1111
  C:2CE6H         LINE#         1113
  C:2CEDH         LINE#         1115
  C:2CF4H         LINE#         1116
  C:2CF4H         LINE#         1117
  C:2CFBH         LINE#         1118
  C:2D01H         LINE#         1119
  C:2D03H         LINE#         1120
  C:2D09H         LINE#         1121
BL51 BANKED LINKER/LOCATER V6.22                                                      07/13/2022  16:04:00  PAGE 30


  C:2D09H         LINE#         1122
  C:2D10H         LINE#         1123
  C:2D19H         LINE#         1124
  C:2D19H         LINE#         1126
  C:2D1FH         LINE#         1127
  C:2D1FH         LINE#         1128
  C:2D26H         LINE#         1129
  C:2D26H         LINE#         1131
  C:2D2DH         LINE#         1132
  C:2D2DH         LINE#         1133
  C:2D34H         LINE#         1134
  C:2D34H         LINE#         1137
  C:2D3BH         LINE#         1138
  C:2D45H         LINE#         1140
  C:2D4FH         LINE#         1141
  C:2D59H         LINE#         1142
  C:2D60H         LINE#         1143
  C:2D67H         LINE#         1144
  C:2D6EH         LINE#         1148
  C:2D7AH         LINE#         1149
  C:2D7AH         LINE#         1150
  C:2D7DH         LINE#         1151
  C:2D89H         LINE#         1153
  C:2D90H         LINE#         1154
  C:2D97H         LINE#         1155
  C:2D9EH         LINE#         1156
  C:2DA5H         LINE#         1157
  C:2DACH         LINE#         1158
  C:2DB3H         LINE#         1159
  C:2DBAH         LINE#         1160
  C:2DC1H         LINE#         1161
  C:2DC5H         LINE#         1162
  C:2DC7H         LINE#         1164
  C:2DC7H         LINE#         1165
  C:2DCAH         LINE#         1166
  C:2DD4H         LINE#         1167
  C:2DD4H         LINE#         1185
  -------         ENDPROC       _LT9611_HDMI_TX_DIGITAL
  -------         PROC          LT9611_CSC
  C:4403H         LINE#         1187
  C:4403H         LINE#         1188
  C:4403H         LINE#         1189
  C:440AH         LINE#         1190
  C:440AH         LINE#         1191
  C:4411H         LINE#         1192
  C:4418H         LINE#         1194
  C:4421H         LINE#         1195
  C:4421H         LINE#         1196
  -------         ENDPROC       LT9611_CSC
  -------         PROC          LT9611_AUDIO_INIT
  C:37B2H         LINE#         1199
  C:37B2H         LINE#         1200
  C:37B2H         LINE#         1201
  C:37B8H         LINE#         1202
  C:37B8H         LINE#         1203
  C:37C1H         LINE#         1205
  C:37C8H         LINE#         1206
BL51 BANKED LINKER/LOCATER V6.22                                                      07/13/2022  16:04:00  PAGE 31


  C:37CFH         LINE#         1207
  C:37D6H         LINE#         1210
  C:37DDH         LINE#         1211
  C:37E4H         LINE#         1213
  C:37EBH         LINE#         1214
  C:37F2H         LINE#         1215
  C:37F9H         LINE#         1233
  C:37F9H         LINE#         1234
  C:3801H         LINE#         1235
  C:3801H         LINE#         1236
  C:380AH         LINE#         1238
  C:3811H         LINE#         1239
  C:3818H         LINE#         1240
  C:381FH         LINE#         1242
  C:3826H         LINE#         1243
  C:382DH         LINE#         1244
  C:382DH         LINE#         1245
  -------         ENDPROC       LT9611_AUDIO_INIT
  -------         PROC          LT9611_READ_EDID
  C:003AH         LINE#         1248
  C:003AH         LINE#         1249
  C:003AH         LINE#         1355
  -------         ENDPROC       LT9611_READ_EDID
  -------         PROC          LT9611_GET_HPD_STATUS
  C:42F3H         LINE#         1358
  C:42F3H         LINE#         1359
  C:42F3H         LINE#         1360
  C:42FAH         LINE#         1362
  C:4303H         LINE#         1363
  C:4303H         LINE#         1364
  C:430EH         LINE#         1365
  C:4317H         LINE#         1366
  C:4317H         LINE#         1367
  C:431AH         LINE#         1368
  C:431AH         LINE#         1370
  C:431AH         LINE#         1371
  C:431DH         LINE#         1372
  C:431DH         LINE#         1373
  C:431DH         LINE#         1375
  C:431DH         LINE#         1376
  C:431FH         LINE#         1377
  C:431FH         LINE#         1378
  -------         ENDPROC       LT9611_GET_HPD_STATUS
  -------         PROC          _LT9611_HDMI_CEC_ON
  D:0007H         SYMBOL        enable
  C:0003H         LINE#         1382
  C:0003H         LINE#         1383
  C:0003H         LINE#         1384
  C:000AH         LINE#         1386
  C:000DH         LINE#         1387
  C:0014H         LINE#         1388
  C:001BH         LINE#         1389
  C:0022H         LINE#         1390
  C:0029H         LINE#         1391
  C:002DH         LINE#         1392
  C:002FH         LINE#         1393
  C:002FH         LINE#         1394
BL51 BANKED LINKER/LOCATER V6.22                                                      07/13/2022  16:04:00  PAGE 32


  C:0032H         LINE#         1395
  C:0039H         LINE#         1396
  C:0039H         LINE#         1397
  -------         ENDPROC       _LT9611_HDMI_CEC_ON
  -------         PROC          LT9611_CEC_LOGICAL_RESET
  C:4552H         LINE#         1399
  C:4552H         LINE#         1400
  C:4552H         LINE#         1401
  C:4559H         LINE#         1402
  C:4560H         LINE#         1403
  -------         ENDPROC       LT9611_CEC_LOGICAL_RESET
  -------         PROC          _LT9611_CEC_MSG_SET_LOGICAL_ADDRESS
  D:0001H         SYMBOL        cec_msg
  -------         DO            
  X:0171H         SYMBOL        logical_address
  -------         ENDDO         
  C:311DH         LINE#         1407
  C:311DH         LINE#         1408
  C:311DH         LINE#         1430
  C:3125H         LINE#         1431
  C:312DH         LINE#         1433
  C:3137H         LINE#         1435
  C:3140H         LINE#         1436
  C:3140H         LINE#         1437
  C:3149H         LINE#         1439
  C:3149H         LINE#         1441
  C:3150H         LINE#         1443
  C:3193H         LINE#         1444
  C:3193H         LINE#         1445
  C:3193H         LINE#         1446
  C:3195H         LINE#         1447
  C:3195H         LINE#         1448
  C:3197H         LINE#         1450
  C:3197H         LINE#         1451
  C:3199H         LINE#         1452
  C:3199H         LINE#         1453
  C:319BH         LINE#         1455
[...]
  -------         PROC          LT9611_VID_CHG_INTERRUPT_HANDLE
  C:3A77H         LINE#         2265
  C:3A77H         LINE#         2266
  C:3A77H         LINE#         2267
  C:3A80H         LINE#         2269
  C:3A87H         LINE#         2270
  C:3A8EH         LINE#         2271
  C:3A95H         LINE#         2273
  C:3A9CH         LINE#         2274
  C:3AA3H         LINE#         2277
  C:3AA6H         LINE#         2279
  C:3AACH         LINE#         2280
  C:3AACH         LINE#         2281
  C:3AB3H         LINE#         2282
  C:3ABAH         LINE#         2283
  C:3AC5H         LINE#         2284
  C:3ACCH         LINE#         2286
  C:3ACFH         LINE#         2287
  C:3AD2H         LINE#         2288
  C:3AD5H         LINE#         2289
  C:3AD8H         LINE#         2290
  C:3AD8H         LINE#         2292
  C:3AD8H         LINE#         2294
  C:3ADBH         LINE#         2295
  C:3ADBH         LINE#         2296
  -------         ENDPROC       LT9611_VID_CHG_INTERRUPT_HANDLE
  -------         PROC          _LT9611_CEC_MSG_INTERRUPT_HANDLE
  X:0168H         SYMBOL        cec_msg
  -------         DO            
  D:0007H         SYMBOL        cec_status
  -------         ENDDO         
  C:3924H         LINE#         2299
  C:392FH         LINE#         2300
  C:392FH         LINE#         2303
  C:3936H         LINE#         2304
  C:393BH         LINE#         2306
  C:394AH         LINE#         2307
  C:3957H         LINE#         2309
  C:395EH         LINE#         2310
  C:3965H         LINE#         2311
  C:396CH         LINE#         2313
  C:3973H         LINE#         2314
  C:397AH         LINE#         2315
  C:3981H         LINE#         2317
  C:398FH         LINE#         2318
  -------         ENDPROC       _LT9611_CEC_MSG_INTERRUPT_HANDLE
  -------         PROC          _LT9611_PATTERN_GCM
BL51 BANKED LINKER/LOCATER V6.22                                                      07/13/2022  16:04:00  PAGE 45


  X:01BFH         SYMBOL        video_format
  -------         DO            
  X:01C2H         SYMBOL        POL
  -------         ENDDO         
  C:25B4H         LINE#         2328
  C:25BFH         LINE#         2329
  C:25BFH         LINE#         2331
  C:25E3H         LINE#         2332
  C:25E5H         LINE#         2333
  C:25E8H         LINE#         2335
  C:25EFH         LINE#         2336
  C:2613H         LINE#         2337
  C:2639H         LINE#         2338
  C:265FH         LINE#         2339
  C:2678H         LINE#         2340
  C:268FH         LINE#         2341
  C:26A8H         LINE#         2342
  C:26BFH         LINE#         2343
  C:26D8H         LINE#         2344
  C:26EFH         LINE#         2345
  C:2708H         LINE#         2346
  C:271FH         LINE#         2347
  C:2738H         LINE#         2348
  C:274FH         LINE#         2349
  C:2766H         LINE#         2351
  -------         ENDPROC       _LT9611_PATTERN_GCM
  -------         PROC          _LT9611_PATTERN_PIXEL_CLK
  D:0001H         SYMBOL        video_format
  -------         DO            
  X:01C3H         SYMBOL        pclk
  -------         ENDDO         
  C:330AH         LINE#         2354
  C:330AH         LINE#         2355
  C:330AH         LINE#         2357
  C:3316H         LINE#         2358
  C:3333H         LINE#         2361
  C:333AH         LINE#         2362
  C:3341H         LINE#         2364
  C:335DH         LINE#         2365
  C:335DH         LINE#         2366
  C:3364H         LINE#         2367
  C:336BH         LINE#         2368
  C:336BH         LINE#         2369
  C:3387H         LINE#         2370
  C:3387H         LINE#         2371
  C:338EH         LINE#         2372
  C:338EH         LINE#         2373
  C:33AAH         LINE#         2374
  C:33AAH         LINE#         2375
  C:33B1H         LINE#         2376
  C:33B1H         LINE#         2377
  C:33B8H         LINE#         2378
  C:33BFH         LINE#         2379
  -------         ENDPROC       _LT9611_PATTERN_PIXEL_CLK
  -------         PROC          LT9611_PATTERN_EN
  C:4567H         LINE#         2382
  C:4567H         LINE#         2383
BL51 BANKED LINKER/LOCATER V6.22                                                      07/13/2022  16:04:00  PAGE 46


  C:4567H         LINE#         2384
  C:456EH         LINE#         2385
  C:4575H         LINE#         2386
  -------         ENDPROC       LT9611_PATTERN_EN
  -------         PROC          LT9611_PATTERN
  C:425EH         LINE#         2389
  C:425EH         LINE#         2390
  C:425EH         LINE#         2396
  C:426CH         LINE#         2404
  C:426FH         LINE#         2405
  C:4272H         LINE#         2406
  C:4275H         LINE#         2408
  C:4278H         LINE#         2409
  C:4286H         LINE#         2410
  C:4289H         LINE#         2412
  C:428CH         LINE#         2428
  C:428FH         LINE#         2432
  -------         ENDPROC       LT9611_PATTERN
  -------         PROC          LT9611_INIT
  -------         DO            
  X:0161H         SYMBOL        cnt
  -------         ENDDO         
  C:33C6H         LINE#         2447
  C:33C6H         LINE#         2448
  C:33C6H         LINE#         2449
  C:33D0H         LINE#         2451
  C:33D3H         LINE#         2452
  C:33D6H         LINE#         2455
  C:33D9H         LINE#         2456
  C:33DCH         LINE#         2463
  C:33DFH         LINE#         2464
  C:33E2H         LINE#         2466
  C:33E5H         LINE#         2467
  C:33E8H         LINE#         2470
  C:33EBH         LINE#         2472
  C:33EEH         LINE#         2475
  C:33F3H         LINE#         2477
  C:33FCH         LINE#         2480
  C:3403H         LINE#         2481
  C:340AH         LINE#         2482
  C:3411H         LINE#         2484
  C:3414H         LINE#         2485
  C:3417H         LINE#         2486
  C:341AH         LINE#         2487
  C:341DH         LINE#         2489
  C:3428H         LINE#         2490
  C:342BH         LINE#         2492
  C:3434H         LINE#         2494
  C:3434H         LINE#         2495
  C:3434H         LINE#         2496
  C:343AH         LINE#         2497
  C:343AH         LINE#         2499
  C:343DH         LINE#         2500
  C:3442H         LINE#         2501
  C:3445H         LINE#         2502
  C:3445H         LINE#         2503
  C:344CH         LINE#         2504
BL51 BANKED LINKER/LOCATER V6.22                                                      07/13/2022  16:04:00  PAGE 47


  C:344CH         LINE#         2505
  C:3452H         LINE#         2506
  C:3452H         LINE#         2507
  C:3459H         LINE#         2508
  C:346BH         LINE#         2509
  C:346BH         LINE#         2510
  C:346EH         LINE#         2511
  C:3471H         LINE#         2512
  C:3471H         LINE#         2513
  C:3471H         LINE#         2514
  C:3471H         LINE#         2515
  -------         ENDPROC       LT9611_INIT
  -------         PROC          INTBINTERRUPTFUN
  C:4399H         LINE#         2519
  C:43A1H         LINE#         2521
  C:43A6H         LINE#         2522
  C:43A6H         LINE#         2523
  C:43A9H         LINE#         2524
  C:43ABH         LINE#         2525
  C:43ABH         LINE#         2526
  C:43B1H         LINE#         2527
  C:43B4H         LINE#         2528
  -------         ENDPROC       INTBINTERRUPTFUN
  -------         PROC          LT9611_IRQ_TASK
  -------         DO            
  X:0165H         SYMBOL        irq_flag3
  X:0166H         SYMBOL        irq_flag0
  X:0167H         SYMBOL        irq_flag1
  -------         ENDDO         
  C:40A1H         LINE#         2531
  C:40A1H         LINE#         2532
  C:40A1H         LINE#         2539
  C:40A8H         LINE#         2541
  C:40B2H         LINE#         2542
  C:40BCH         LINE#         2543
  C:40C6H         LINE#         2545
  C:40CDH         LINE#         2546
  C:40CDH         LINE#         2547
  C:40D6H         LINE#         2548
  C:40D6H         LINE#         2550
  C:40DEH         LINE#         2551
  C:40DEH         LINE#         2552
  C:40E1H         LINE#         2553
  C:40E1H         LINE#         2555
  C:40E8H         LINE#         2556
  C:40E8H         LINE#         2557
  C:40EBH         LINE#         2558
  C:40EBH         LINE#         2559
  -------         ENDPROC       LT9611_IRQ_TASK
  -------         ENDMOD        LT9611

  -------         MODULE        ?C_STARTUP
  C:3597H         SEGMENT       ?C_C51STARTUP
  I:0022H         SEGMENT       ?STACK
  C:0000H         PUBLIC        ?C_STARTUP
  D:00E0H         SYMBOL        ACC
  D:00F0H         SYMBOL        B
BL51 BANKED LINKER/LOCATER V6.22                                                      07/13/2022  16:04:00  PAGE 48


  D:0083H         SYMBOL        DPH
  D:0082H         SYMBOL        DPL
  N:0000H         SYMBOL        IBPSTACK
  N:0100H         SYMBOL        IBPSTACKTOP
  N:0080H         SYMBOL        IDATALEN
  C:359AH         SYMBOL        IDATALOOP
  N:0000H         SYMBOL        PBPSTACK
  N:0100H         SYMBOL        PBPSTACKTOP
  N:0000H         SYMBOL        PDATALEN
  N:0000H         SYMBOL        PDATASTART
  N:0000H         SYMBOL        PPAGE
  N:0000H         SYMBOL        PPAGEENABLE
  D:00A0H         SYMBOL        PPAGE_SFR
  D:0081H         SYMBOL        SP
  C:3597H         SYMBOL        STARTUP1
  N:0000H         SYMBOL        XBPSTACK
  N:0000H         SYMBOL        XBPSTACKTOP
  N:0000H         SYMBOL        XDATALEN
  N:0000H         SYMBOL        XDATASTART
  C:0000H         LINE#         126
  C:3597H         LINE#         133
  C:3599H         LINE#         134
  C:359AH         LINE#         135
  C:359BH         LINE#         136
  C:359DH         LINE#         185
  C:35A0H         LINE#         196
  -------         ENDMOD        ?C_STARTUP

  -------         MODULE        DELAY
  C:0000H         SYMBOL        _ICE_DUMMY_
  D:0080H         PUBLIC        P0
  D:0090H         PUBLIC        P1
  D:00A0H         PUBLIC        P2
  C:3D66H         PUBLIC        _Timer0_Delay100us
  D:00B0H         PUBLIC        P3
  D:00D8H         PUBLIC        PWMCON0
  C:3B9EH         PUBLIC        _Timer2_Delay500us
  D:00A8H         PUBLIC        IE
  D:00B8H         PUBLIC        IP
  C:3DBFH         PUBLIC        _Timer0_Delay1ms
  B:0021H.1       PUBLIC        BIT_TMP
  D:0098H         PUBLIC        SCON
  D:0089H         PUBLIC        TMOD
  D:0088H         PUBLIC        TCON
  D:00F8H         PUBLIC        SCON_1
  B:0088H.5       PUBLIC        TF0
  C:3E18H         PUBLIC        _Timer1_Delay10ms
  B:0088H.7       PUBLIC        TF1
  B:00C8H.7       PUBLIC        TF2
  D:008CH         PUBLIC        TH0
  D:00C6H         PUBLIC        RH3
  D:008DH         PUBLIC        TH1
  D:00CDH         PUBLIC        TH2
  D:008AH         PUBLIC        TL0
  D:00C5H         PUBLIC        RL3
  D:008BH         PUBLIC        TL1
  D:00CCH         PUBLIC        TL2
BL51 BANKED LINKER/LOCATER V6.22                                                      07/13/2022  16:04:00  PAGE 49


  C:3D0BH         PUBLIC        _Timer3_Delay10us
  B:0088H.4       PUBLIC        TR0
  B:0088H.6       PUBLIC        TR1
  B:00C8H.2       PUBLIC        TR2
  D:00E8H         PUBLIC        ADCCON0
  D:00C0H         PUBLIC        I2CON
  D:00C9H         PUBLIC        T2MOD
  D:00C8H         PUBLIC        T2CON
  D:00C4H         PUBLIC        T3CON
  D:008EH         PUBLIC        CKCON
  D:00D0H         PUBLIC        PSW
  C:3CB0H         PUBLIC        _Timer3_Delay100ms
  -------         PROC          _TIMER0_DELAY100US
  X:01C7H         SYMBOL        u32CNT
  C:3D66H         LINE#         22
  C:3D6CH         LINE#         23
  C:3D6CH         LINE#         24
  C:3D6FH         LINE#         25
  C:3D72H         LINE#         26
  C:3D74H         LINE#         27
  C:3D8DH         LINE#         28
  C:3D8DH         LINE#         29
  C:3D90H         LINE#         30
  C:3D93H         LINE#         31
  C:3D96H         LINE#         32
  C:3D98H         LINE#         33
  C:3DBAH         LINE#         34
  C:3DBCH         LINE#         35
  C:3DBEH         LINE#         36
  -------         ENDPROC       _TIMER0_DELAY100US
  -------         PROC          _TIMER0_DELAY1MS
  X:0179H         SYMBOL        u32CNT
  C:3DBFH         LINE#         38
  C:3DC5H         LINE#         39
  C:3DC5H         LINE#         40
  C:3DC8H         LINE#         41
  C:3DCBH         LINE#         42
  C:3DCDH         LINE#         43
  C:3DE6H         LINE#         44
  C:3DE6H         LINE#         45
  C:3DE9H         LINE#         46
  C:3DECH         LINE#         47
  C:3DEFH         LINE#         48
  C:3DF1H         LINE#         49
  C:3E13H         LINE#         50
  C:3E15H         LINE#         51
  C:3E17H         LINE#         52
  -------         ENDPROC       _TIMER0_DELAY1MS
  -------         PROC          _TIMER1_DELAY10MS
  X:01CBH         SYMBOL        u32CNT
  C:3E18H         LINE#         55
  C:3E1EH         LINE#         56
  C:3E1EH         LINE#         57
  C:3E21H         LINE#         58
  C:3E24H         LINE#         59
  C:3E26H         LINE#         60
  C:3E3FH         LINE#         61
BL51 BANKED LINKER/LOCATER V6.22                                                      07/13/2022  16:04:00  PAGE 50


  C:3E3FH         LINE#         62
  C:3E42H         LINE#         63
  C:3E45H         LINE#         64
  C:3E48H         LINE#         65
  C:3E4AH         LINE#         66
  C:3E6CH         LINE#         67
  C:3E6EH         LINE#         68
  C:3E70H         LINE#         69
  -------         ENDPROC       _TIMER1_DELAY10MS
  -------         PROC          _TIMER2_DELAY500US
  X:01CFH         SYMBOL        u32CNT
  C:3B9EH         LINE#         71
  C:3BA4H         LINE#         72
  C:3BA4H         LINE#         73
  C:3BA7H         LINE#         74
  C:3BAAH         LINE#         75
  C:3BADH         LINE#         76
  C:3BAFH         LINE#         77
  C:3BC8H         LINE#         78
  C:3BC8H         LINE#         79
  C:3BCBH         LINE#         80
  C:3BCEH         LINE#         81
  C:3BD1H         LINE#         82
  C:3BD3H         LINE#         83
  C:3BF5H         LINE#         84
  C:3BF7H         LINE#         85
  C:3BF9H         LINE#         86
  -------         ENDPROC       _TIMER2_DELAY500US
  -------         PROC          _TIMER3_DELAY100MS
  X:01D3H         SYMBOL        u32CNT
  C:3CB0H         LINE#         88
  C:3CB6H         LINE#         89
  C:3CB6H         LINE#         90
  C:3CB9H         LINE#         91
  C:3CBCH         LINE#         92
  C:3CD5H         LINE#         93
  C:3CD5H         LINE#         94
  C:3CD8H         LINE#         95
  C:3CDBH         LINE#         96
  C:3CE0H         LINE#         97
  C:3CE3H         LINE#         98
  C:3D05H         LINE#         99
  C:3D07H         LINE#         100
  C:3D0AH         LINE#         101
  -------         ENDPROC       _TIMER3_DELAY100MS
  -------         PROC          _TIMER3_DELAY10US
  X:01D7H         SYMBOL        u32CNT
  C:3D0BH         LINE#         104
  C:3D11H         LINE#         105
  C:3D11H         LINE#         106
  C:3D14H         LINE#         107
  C:3D17H         LINE#         108
  C:3D30H         LINE#         109
  C:3D30H         LINE#         110
  C:3D33H         LINE#         111
  C:3D36H         LINE#         112
  C:3D3BH         LINE#         113
BL51 BANKED LINKER/LOCATER V6.22                                                      07/13/2022  16:04:00  PAGE 51


  C:3D3EH         LINE#         114
  C:3D60H         LINE#         115
  C:3D62H         LINE#         116
  C:3D65H         LINE#         117
  -------         ENDPROC       _TIMER3_DELAY10US
  -------         ENDMOD        DELAY

  -------         MODULE        ?C?CLDPTR
  C:16D3H         PUBLIC        ?C?CLDPTR
  -------         ENDMOD        ?C?CLDPTR

  -------         MODULE        ?C?CLDOPTR
  C:16ECH         PUBLIC        ?C?CLDOPTR
  -------         ENDMOD        ?C?CLDOPTR

  -------         MODULE        ?C?CILDOPTR
  C:1719H         PUBLIC        ?C?CILDOPTR
  -------         ENDMOD        ?C?CILDOPTR

  -------         MODULE        ?C?CSTPTR
  C:174CH         PUBLIC        ?C?CSTPTR
  -------         ENDMOD        ?C?CSTPTR

  -------         MODULE        ?C?CSTOPTR
  C:175EH         PUBLIC        ?C?CSTOPTR
  -------         ENDMOD        ?C?CSTOPTR

  -------         MODULE        ?C?UIDIV
  C:1780H         PUBLIC        ?C?UIDIV
  -------         ENDMOD        ?C?UIDIV

  -------         MODULE        ?C?ILDPTR
  C:17D5H         PUBLIC        ?C?ILDPTR
  -------         ENDMOD        ?C?ILDPTR

  -------         MODULE        ?C?ILDOPTR
  C:1800H         PUBLIC        ?C?ILDOPTR
  -------         ENDMOD        ?C?ILDOPTR

  -------         MODULE        ?C?ISTOPTR
  C:1838H         PUBLIC        ?C?ISTOPTR
  -------         ENDMOD        ?C?ISTOPTR

  -------         MODULE        ?C?LMUL
  C:1865H         PUBLIC        ?C?LMUL
  -------         ENDMOD        ?C?LMUL

  -------         MODULE        ?C?ULDIV
  C:18F0H         PUBLIC        ?C?ULDIV
  -------         ENDMOD        ?C?ULDIV

  -------         MODULE        ?C?ULCMP
  C:1982H         PUBLIC        ?C?ULCMP
  -------         ENDMOD        ?C?ULCMP

  -------         MODULE        ?C?LLDOPTR
  C:1993H         PUBLIC        ?C?LLDOPTR
BL51 BANKED LINKER/LOCATER V6.22                                                      07/13/2022  16:04:00  PAGE 52


  -------         ENDMOD        ?C?LLDOPTR

  -------         MODULE        ?C?LSTXDATA
  C:19C3H         PUBLIC        ?C?LSTXDATA
  -------         ENDMOD        ?C?LSTXDATA

  -------         MODULE        ?C?LSTKXDATA
  C:19CFH         PUBLIC        ?C?LSTKXDATA
  -------         ENDMOD        ?C?LSTKXDATA

  -------         MODULE        PRINTF
  X:0175H         PUBLIC        ?_PRINTF517?BYTE
  X:0175H         PUBLIC        ?_PRINTF?BYTE
  X:0175H         PUBLIC        ?_SPRINTF517?BYTE
  X:0175H         PUBLIC        ?_SPRINTF?BYTE
  C:1AE5H         PUBLIC        _PRINTF
  C:1AE5H         PUBLIC        _PRINTF517
  C:1ADFH         PUBLIC        _SPRINTF
  C:1ADFH         PUBLIC        _SPRINTF517
  -------         ENDMOD        PRINTF

  -------         MODULE        ?C?LLDIDATA
  C:1A00H         PUBLIC        ?C?LLDIDATA
  -------         ENDMOD        ?C?LLDIDATA

  -------         MODULE        ?C?LLDXDATA
  C:1A0CH         PUBLIC        ?C?LLDXDATA
  -------         ENDMOD        ?C?LLDXDATA

  -------         MODULE        ?C?LLDPDATA
  C:1A18H         PUBLIC        ?C?LLDPDATA
  -------         ENDMOD        ?C?LLDPDATA

  -------         MODULE        ?C?LLDCODE
  C:1A24H         PUBLIC        ?C?LLDCODE
  -------         ENDMOD        ?C?LLDCODE

  -------         MODULE        ?C?PLDIXDATA
  C:1A34H         PUBLIC        ?C?PLDIXDATA
  -------         ENDMOD        ?C?PLDIXDATA

  -------         MODULE        ?C?PSTXDATA
  C:1A4BH         PUBLIC        ?C?PSTXDATA
  -------         ENDMOD        ?C?PSTXDATA

  -------         MODULE        ?C?CCASE
  C:1A54H         PUBLIC        ?C?CCASE
  -------         ENDMOD        ?C?CCASE

  -------         MODULE        PUTCHAR
  C:4372H         PUBLIC        _PUTCHAR
  -------         ENDMOD        PUTCHAR

Program Size: data=15.2 xdata=481 code=17850
LINK/LOCATE RUN COMPLETE.  0 WARNING(S),  0 ERROR(S)
