BL51 BANKED LINKER/LOCATER V6.22                                                        06/07/2023  09:16:45  PAGE 1


BL51 BANKED LINKER/LOCATER V6.22, INVOKED BY:
C:\KEIL_V5\C51\C51\BIN\BL51.EXE .\Objects\uart0.obj, .\Objects\main.obj, .\Objects\i2c.obj, .\Objects\lt9611.obj, .\Obje
>> cts\STARTUP.obj, .\Objects\Delay.obj TO .\Objects\LT9611_RGB888_DSI_23021001 PRINT (.\Listings\LT9611_RGB888_DSI_2302
>> 1001.m51) RAMSIZE (256) DISABLEWARNING (16)


MEMORY MODEL: LARGE


INPUT MODULES INCLUDED:
  .\Objects\uart0.obj (UART0)
  .\Objects\main.obj (MAIN)
  .\Objects\i2c.obj (I2C)
  .\Objects\lt9611.obj (LT9611)
  .\Objects\STARTUP.obj (?C_STARTUP)
  .\Objects\Delay.obj (DELAY)
  C:\KEIL_V5\C51\C51\LIB\C51L.LIB (?C_INIT)
  C:\KEIL_V5\C51\C51\LIB\C51L.LIB (?C?CLDPTR)
  C:\KEIL_V5\C51\C51\LIB\C51L.LIB (?C?CLDOPTR)
  C:\KEIL_V5\C51\C51\LIB\C51L.LIB (?C?CILDOPTR)
  C:\KEIL_V5\C51\C51\LIB\C51L.LIB (?C?CSTPTR)
  C:\KEIL_V5\C51\C51\LIB\C51L.LIB (?C?CSTOPTR)
  C:\KEIL_V5\C51\C51\LIB\C51L.LIB (?C?UIDIV)
  C:\KEIL_V5\C51\C51\LIB\C51L.LIB (?C?ILDPTR)
  C:\KEIL_V5\C51\C51\LIB\C51L.LIB (?C?ILDOPTR)
  C:\KEIL_V5\C51\C51\LIB\C51L.LIB (?C?ISTOPTR)
  C:\KEIL_V5\C51\C51\LIB\C51L.LIB (?C?LMUL)
  C:\KEIL_V5\C51\C51\LIB\C51L.LIB (?C?ULDIV)
  C:\KEIL_V5\C51\C51\LIB\C51L.LIB (?C?ULCMP)
  C:\KEIL_V5\C51\C51\LIB\C51L.LIB (?C?LLDOPTR)
  C:\KEIL_V5\C51\C51\LIB\C51L.LIB (?C?LSTXDATA)
  C:\KEIL_V5\C51\C51\LIB\C51L.LIB (?C?LSTKXDATA)
  C:\KEIL_V5\C51\C51\LIB\C51L.LIB (PRINTF)
  C:\KEIL_V5\C51\C51\LIB\C51L.LIB (?C?LLDIDATA)
  C:\KEIL_V5\C51\C51\LIB\C51L.LIB (?C?LLDXDATA)
  C:\KEIL_V5\C51\C51\LIB\C51L.LIB (?C?LLDPDATA)
  C:\KEIL_V5\C51\C51\LIB\C51L.LIB (?C?LLDCODE)
  C:\KEIL_V5\C51\C51\LIB\C51L.LIB (?C?PLDIXDATA)
  C:\KEIL_V5\C51\C51\LIB\C51L.LIB (?C?PSTXDATA)
  C:\KEIL_V5\C51\C51\LIB\C51L.LIB (?C?CCASE)
  C:\KEIL_V5\C51\C51\LIB\C51L.LIB (PUTCHAR)


LINK MAP OF MODULE:  .\Objects\LT9611_RGB888_DSI_23021001 (UART0)


            TYPE    BASE      LENGTH    RELOCATION   SEGMENT NAME
            -----------------------------------------------------

            * * * * * * *   D A T A   M E M O R Y   * * * * * * *
            REG     0000H     0008H     ABSOLUTE     "REG BANK 0"
            DATA    0008H     0005H     UNIT         _DATA_GROUP_
                    000DH     0013H                  *** GAP ***
            BIT     0020H.0   0001H.1   UNIT         _BIT_GROUP_
            BIT     0021H.1   0000H.1   UNIT         ?BI?DELAY
                    0021H.2   0000H.6                *** GAP ***
            IDATA   0022H     0001H     UNIT         ?STACK

BL51 BANKED LINKER/LOCATER V6.22                                                      06/07/2023  09:16:45  PAGE 2


            * * * * * * *  X D A T A   M E M O R Y  * * * * * * *
            XDATA   0000H     0161H     UNIT         ?XD?LT9611
            XDATA   0161H     003CH     UNIT         _XDATA_GROUP_
            XDATA   019DH     0012H     UNIT         ?XD?_LT9611_PARSE_PHYSICAL_ADDRESS?LT9611
            XDATA   01AFH     0006H     UNIT         ?XD?_DO_CHECKSUM?LT9611
            XDATA   01B5H     0005H     UNIT         ?XD?_HDMI_READI2C_BYTEN?I2C
            XDATA   01BAH     0005H     UNIT         ?XD?_HDMI_WRITEI2C_BYTEN?I2C
            XDATA   01BFH     0004H     UNIT         ?XD?_LT9611_PATTERN_GCM?LT9611
            XDATA   01C3H     0004H     UNIT         ?XD?_LT9611_PATTERN_PIXEL_CLK?LT9611
            XDATA   01C7H     0004H     UNIT         ?XD?_TIMER0_DELAY100US?DELAY
            XDATA   01CBH     0004H     UNIT         ?XD?_TIMER1_DELAY10MS?DELAY
            XDATA   01CFH     0004H     UNIT         ?XD?_TIMER2_DELAY500US?DELAY
            XDATA   01D3H     0004H     UNIT         ?XD?_TIMER3_DELAY100MS?DELAY
            XDATA   01D7H     0004H     UNIT         ?XD?_TIMER3_DELAY10US?DELAY
            XDATA   01DBH     0003H     UNIT         ?XD?_LT9611_CEC_DEVICE_POLLING?LT9611
            XDATA   01DEH     0002H     UNIT         ?XD?I2C
            XDATA   01E0H     0001H     UNIT         ?XD?MAIN

            * * * * * * *   C O D E   M E M O R Y   * * * * * * *
            CODE    0000H     0003H     ABSOLUTE     
            CODE    0003H     0037H     UNIT         ?PR?_LT9611_HDMI_CEC_ON?LT9611
            CODE    003AH     0001H     UNIT         ?PR?LT9611_READ_EDID?LT9611
            CODE    003BH     0003H     ABSOLUTE     
            CODE    003EH     0F68H     UNIT         ?CO?LT9611
            CODE    0FA6H     05F2H     UNIT         ?PR?LT9611_VIDEO_CHECK?LT9611
            CODE    1598H     03A7H     UNIT         ?C?LIB_CODE
            CODE    193FH     0365H     UNIT         ?PR?PRINTF?PRINTF
            CODE    1CA4H     02DBH     UNIT         ?PR?_LT9611_PLL?LT9611
            CODE    1F7FH     02C0H     UNIT         ?PR?_LT9611_CEC_MSG_RX_PARSE?LT9611
            CODE    223FH     023AH     UNIT         ?PR?_LT9611_PARSE_PHYSICAL_ADDRESS?LT9611
            CODE    2479H     01BEH     UNIT         ?PR?_LT9611_PATTERN_GCM?LT9611
            CODE    2637H     01AAH     UNIT         ?PR?_LT9611_MIPI_VIDEO_TIMING?LT9611
            CODE    27E1H     0197H     UNIT         ?PR?LT9611_FREQUENCY_METER_BYTE_CLK?LT9611
            CODE    2978H     0195H     UNIT         ?PR?_LT9611_CEC_MSG_TX_HANDLE?LT9611
            CODE    2B0DH     0172H     UNIT         ?PR?_LT9611_HDMI_TX_DIGITAL?LT9611
            CODE    2C7FH     0131H     UNIT         ?PR?_LT9611_MIPI_PCR?LT9611
            CODE    2DB0H     0110H     UNIT         ?PR?_LT9611_ENABLE_INTERRUPTS?LT9611
            CODE    2EC0H     0107H     UNIT         ?PR?LT9611_DPHY_DEBUG?LT9611
            CODE    2FC7H     00F9H     UNIT         ?PR?_LT9611_CEC_MSG_SET_LOGICAL_ADDRESS?LT9611
            CODE    30C0H     00D1H     UNIT         ?PR?LT9611_MIPI_INPUT_DIGTAL?LT9611
            CODE    3191H     00C1H     UNIT         ?PR?LT9611_INIT?LT9611
            CODE    3252H     00BCH     UNIT         ?PR?_LT9611_PATTERN_PIXEL_CLK?LT9611
            CODE    330EH     0098H     UNIT         ?PR?LT9611_AUDIO_INIT?LT9611
            CODE    33A6H     0097H     UNIT         ?PR?_DO_CHECKSUM?LT9611
            CODE    343DH     008DH     UNIT         ?PR?_LT9611_HDMI_CEC_WRITE?LT9611
            CODE    34CAH     008CH     UNIT         ?C_C51STARTUP
            CODE    3556H     0087H     UNIT         ?PR?LT9611_HDMI_TX_PHY?LT9611
            CODE    35DDH     0084H     UNIT         ?PR?_I2C_READ_BYTE?I2C
            CODE    3661H     0084H     UNIT         ?PR?LT9611_HDP_INTERRUPT_HANDLE?LT9611
            CODE    36E5H     0083H     UNIT         ?PR?LT9611_PCR_MK_PRINT?LT9611
            CODE    3768H     007CH     UNIT         ?PR?_LT9611_HDMI_CEC_READ?LT9611
            CODE    37E4H     007AH     UNIT         ?PR?LT9611_LOAD_HDCP_KEY?LT9611
            CODE    385EH     0079H     UNIT         ?PR?_LT9611_CEC_MSG_INTERRUPT_HANDLE?LT9611
            CODE    38D7H     0075H     UNIT         ?PR?LT9611_HDMI_OUT_ENABLE?LT9611
            CODE    394CH     0065H     UNIT         ?PR?_LT9611_LOWPOWER_MODE?LT9611
            CODE    39B1H     0065H     UNIT         ?PR?LT9611_VID_CHG_INTERRUPT_HANDLE?LT9611
            CODE    3A16H     0063H     UNIT         ?PR?_LT9611_CEC_DEVICE_POLLING?LT9611
BL51 BANKED LINKER/LOCATER V6.22                                                      06/07/2023  09:16:45  PAGE 3


            CODE    3A79H     005FH     UNIT         ?PR?_I2C_WRITE_BYTE?I2C
            CODE    3AD8H     005CH     UNIT         ?PR?_TIMER2_DELAY500US?DELAY
            CODE    3B34H     005BH     UNIT         ?PR?LT9611_SYSTEM_INIT?LT9611
            CODE    3B8FH     005BH     UNIT         ?PR?LT9611_MIPI_INPUT_ANALOG?LT9611
            CODE    3BEAH     005BH     UNIT         ?PR?_TIMER3_DELAY100MS?DELAY
            CODE    3C45H     005BH     UNIT         ?PR?_TIMER3_DELAY10US?DELAY
            CODE    3CA0H     0059H     UNIT         ?PR?_TIMER0_DELAY100US?DELAY
            CODE    3CF9H     0059H     UNIT         ?PR?_TIMER0_DELAY1MS?DELAY
            CODE    3D52H     0059H     UNIT         ?PR?_TIMER1_DELAY10MS?DELAY
            CODE    3DABH     0055H     UNIT         ?C_INITSEG
            CODE    3E00H     0052H     UNIT         ?PR?_LT9611_CEC_REPORT_PHYSICAL_ADDRESS?LT9611
            CODE    3E52H     0052H     UNIT         ?PR?LT9611_HTOTAL_SYSCLK?LT9611
            CODE    3EA4H     0051H     UNIT         ?PR?_I2C_SENDBYTE?I2C
            CODE    3EF5H     004EH     UNIT         ?PR?_DELAY_1MS?LT9611
            CODE    3F43H     004DH     UNIT         ?PR?MCU_SYSTEMINIT?MAIN
            CODE    3F90H     004BH     UNIT         ?CO?MAIN
            CODE    3FDBH     004BH     UNIT         ?PR?LT9611_IRQ_TASK?LT9611
            CODE    4026H     0049H     UNIT         ?PR?_LT9611_CEC_FRAME_RETRANSMISSION?LT9611
            CODE    406FH     0043H     UNIT         ?PR?LT9611_CHIP_ID?LT9611
            CODE    40B2H     003FH     UNIT         ?PR?_LT9611_CEC_MSG_INIT?LT9611
            CODE    40F1H     003AH     UNIT         ?PR?LT9611_HDCP_ENABLE?LT9611
            CODE    412BH     0039H     UNIT         ?PR?_INITIALUART0_TIMER1?UART0
            CODE    4164H     0036H     UNIT         ?PR?LT9611_PATTERN?LT9611
            CODE    419AH     0034H     UNIT         ?PR?RCVBYTE?I2C
            CODE    41CEH     0031H     UNIT         ?PR?_LT9611_CEC_MENU_ACTIVATE?LT9611
            CODE    41FFH     0030H     UNIT         ?PR?_LT9611_CEC_FEATURE_ABORT?LT9611
            CODE    422FH     002EH     UNIT         ?PR?LT9611_HDCP_INIT?LT9611
            CODE    425DH     002DH     UNIT         ?PR?LT9611_GET_HPD_STATUS?LT9611
            CODE    428AH     0029H     UNIT         ?PR?_HDMI_READI2C_BYTE?I2C
            CODE    42B3H     0029H     UNIT         ?PR?LT9611_HDMI_OUT_DISABLE?LT9611
            CODE    42DCH     0027H     UNIT         ?PR?PUTCHAR?PUTCHAR
            CODE    4303H     0024H     UNIT         ?PR?INTBINTERRUPTFUN?LT9611
            CODE    4327H     0023H     UNIT         ?PR?LT9611_RST_PD_INIT?LT9611
            CODE    434AH     001FH     UNIT         ?PR?LT9611_CSC?LT9611
            CODE    4369H     001EH     UNIT         ?PR?_HDMI_WRITEI2C_BYTE?I2C
            CODE    4387H     001DH     UNIT         ?PR?_LT9611_CEC_LA_ALLOCATION?LT9611
            CODE    43A4H     001CH     UNIT         ?PR?_ACK_I2C?I2C
            CODE    43C0H     001CH     UNIT         ?PR?LT9611_IRQ_INIT?LT9611
            CODE    43DCH     001AH     UNIT         ?PR?LT9611_RESET?MAIN
            CODE    43F6H     001AH     UNIT         ?PR?LT9611_CEC_MSG_WRITE_DEMO?LT9611
            CODE    4410H     001AH     UNIT         ?PR?LT9611_BROAD_CAST_DEMO?LT9611
            CODE    442AH     0019H     UNIT         ?PR?_LT9611_GLOBE_INTERRUPTS?LT9611
            CODE    4443H     0017H     UNIT         ?PR?LT9611_HDCP_DISABLE?LT9611
            CODE    445AH     0015H     UNIT         ?PR?START_I2C?I2C
            CODE    446FH     0015H     UNIT         ?PR?_HDMI_READI2C_BYTEN?I2C
            CODE    4484H     0015H     UNIT         ?PR?_HDMI_WRITEI2C_BYTEN?I2C
            CODE    4499H     0015H     UNIT         ?PR?LT9611_CEC_LOGICAL_RESET?LT9611
            CODE    44AEH     0015H     UNIT         ?PR?LT9611_PATTERN_EN?LT9611
            CODE    44C3H     0014H     UNIT         ?PR?MAIN?MAIN
            CODE    44D7H     0012H     UNIT         ?PR?_I2C_DELAY_US?I2C
            CODE    44E9H     000CH     UNIT         ?PR?STOP_I2C?I2C
            CODE    44F5H     0008H     UNIT         ?PR?_SEND_DATA_TO_UART0?UART0
            CODE    44FDH     0003H     UNIT         ?PR?_PRINTCH?UART0



OVERLAY MAP OF MODULE:   .\Objects\LT9611_RGB888_DSI_23021001 (UART0)
BL51 BANKED LINKER/LOCATER V6.22                                                      06/07/2023  09:16:45  PAGE 4




SEGMENT                                             BIT_GROUP          DATA_GROUP          XDATA_GROUP
  +--> CALLED SEGMENT                            START    LENGTH     START    LENGTH     START    LENGTH
--------------------------------------------------------------------------------------------------------
?C_C51STARTUP                                    -----    -----      -----    -----      -----    -----
  +--> ?PR?MAIN?MAIN
  +--> ?C_INITSEG

?PR?MAIN?MAIN                                    -----    -----      -----    -----      -----    -----
  +--> ?PR?MCU_SYSTEMINIT?MAIN
  +--> ?CO?MAIN
  +--> ?PR?PRINTF?PRINTF
  +--> ?PR?LT9611_RESET?MAIN
  +--> ?PR?LT9611_INIT?LT9611

?PR?MCU_SYSTEMINIT?MAIN                          -----    -----      -----    -----      -----    -----
  +--> ?PR?_INITIALUART0_TIMER1?UART0

?PR?PRINTF?PRINTF                                0020H.0  0001H.1    0008H    0005H      0175H    0028H
  +--> ?PR?PUTCHAR?PUTCHAR

?PR?LT9611_RESET?MAIN                            -----    -----      -----    -----      -----    -----
  +--> ?PR?_TIMER0_DELAY1MS?DELAY

?PR?_TIMER0_DELAY1MS?DELAY                       -----    -----      -----    -----      0179H    0004H

?PR?LT9611_INIT?LT9611                           -----    -----      -----    -----      0161H    0004H
  +--> ?PR?LT9611_CHIP_ID?LT9611
  +--> ?PR?LT9611_SYSTEM_INIT?LT9611
  +--> ?PR?LT9611_MIPI_INPUT_ANALOG?LT9611
  +--> ?PR?LT9611_MIPI_INPUT_DIGTAL?LT9611
  +--> ?PR?_TIMER0_DELAY1MS?DELAY
  +--> ?PR?LT9611_VIDEO_CHECK?LT9611
  +--> ?PR?_LT9611_PLL?LT9611
  +--> ?PR?_LT9611_MIPI_PCR?LT9611
  +--> ?PR?LT9611_AUDIO_INIT?LT9611
  +--> ?PR?LT9611_CSC?LT9611
  +--> ?PR?LT9611_HDCP_INIT?LT9611
  +--> ?PR?LT9611_LOAD_HDCP_KEY?LT9611
  +--> ?PR?_LT9611_HDMI_TX_DIGITAL?LT9611
  +--> ?PR?LT9611_HDMI_TX_PHY?LT9611
  +--> ?PR?LT9611_IRQ_INIT?LT9611
  +--> ?PR?_LT9611_HDMI_CEC_ON?LT9611
  +--> ?PR?_LT9611_CEC_MSG_INIT?LT9611
  +--> ?PR?_LT9611_ENABLE_INTERRUPTS?LT9611
  +--> ?PR?LT9611_FREQUENCY_METER_BYTE_CLK?L...
  +--> ?PR?LT9611_DPHY_DEBUG?LT9611
  +--> ?PR?LT9611_HTOTAL_SYSCLK?LT9611
  +--> ?PR?LT9611_HDP_INTERRUPT_HANDLE?LT9611
  +--> ?CO?LT9611
  +--> ?PR?PRINTF?PRINTF
  +--> ?PR?LT9611_IRQ_TASK?LT9611
  +--> ?PR?LT9611_GET_HPD_STATUS?LT9611
  +--> ?PR?_HDMI_WRITEI2C_BYTE?I2C
  +--> ?PR?_HDMI_READI2C_BYTE?I2C
  +--> ?PR?LT9611_HDCP_DISABLE?LT9611
BL51 BANKED LINKER/LOCATER V6.22                                                      06/07/2023  09:16:45  PAGE 5


  +--> ?PR?LT9611_HDCP_ENABLE?LT9611

?PR?LT9611_CHIP_ID?LT9611                        -----    -----      -----    -----      -----    -----
  +--> ?PR?_HDMI_WRITEI2C_BYTE?I2C
  +--> ?PR?_HDMI_READI2C_BYTE?I2C
  +--> ?CO?LT9611
  +--> ?PR?PRINTF?PRINTF

?PR?_HDMI_WRITEI2C_BYTE?I2C                      -----    -----      -----    -----      0179H    0001H
  +--> ?PR?_I2C_WRITE_BYTE?I2C

?PR?_I2C_WRITE_BYTE?I2C                          -----    -----      -----    -----      017AH    0007H
  +--> ?PR?START_I2C?I2C
  +--> ?PR?_I2C_SENDBYTE?I2C
  +--> ?PR?STOP_I2C?I2C

?PR?START_I2C?I2C                                -----    -----      -----    -----      -----    -----
  +--> ?PR?_I2C_DELAY_US?I2C

?PR?_I2C_SENDBYTE?I2C                            -----    -----      -----    -----      -----    -----
  +--> ?PR?_I2C_DELAY_US?I2C

?PR?STOP_I2C?I2C                                 -----    -----      -----    -----      -----    -----
  +--> ?PR?_I2C_DELAY_US?I2C

?PR?_HDMI_READI2C_BYTE?I2C                       -----    -----      -----    -----      0179H    0001H
  +--> ?PR?_I2C_READ_BYTE?I2C

?PR?_I2C_READ_BYTE?I2C                           -----    -----      -----    -----      017AH    0007H
  +--> ?PR?START_I2C?I2C
  +--> ?PR?_I2C_SENDBYTE?I2C
  +--> ?PR?STOP_I2C?I2C
  +--> ?PR?RCVBYTE?I2C
  +--> ?PR?_ACK_I2C?I2C

?PR?RCVBYTE?I2C                                  -----    -----      -----    -----      -----    -----
  +--> ?PR?_I2C_DELAY_US?I2C

?PR?_ACK_I2C?I2C                                 -----    -----      -----    -----      -----    -----
  +--> ?PR?_I2C_DELAY_US?I2C

?PR?LT9611_SYSTEM_INIT?LT9611                    -----    -----      -----    -----      -----    -----
  +--> ?PR?_HDMI_WRITEI2C_BYTE?I2C

?PR?LT9611_MIPI_INPUT_ANALOG?LT9611              -----    -----      -----    -----      -----    -----
  +--> ?PR?_HDMI_WRITEI2C_BYTE?I2C

?PR?LT9611_MIPI_INPUT_DIGTAL?LT9611              -----    -----      -----    -----      0165H    0001H
  +--> ?CO?LT9611
  +--> ?PR?PRINTF?PRINTF
  +--> ?PR?_HDMI_WRITEI2C_BYTE?I2C

?PR?LT9611_VIDEO_CHECK?LT9611                    -----    -----      -----    -----      0168H    000DH
  +--> ?PR?_HDMI_WRITEI2C_BYTE?I2C
  +--> ?PR?_HDMI_READI2C_BYTE?I2C
  +--> ?CO?LT9611
  +--> ?PR?PRINTF?PRINTF
BL51 BANKED LINKER/LOCATER V6.22                                                      06/07/2023  09:16:45  PAGE 6



?PR?_LT9611_PLL?LT9611                           -----    -----      -----    -----      0168H    0008H
  +--> ?CO?LT9611
  +--> ?PR?PRINTF?PRINTF
  +--> ?PR?_HDMI_WRITEI2C_BYTE?I2C
  +--> ?PR?_HDMI_READI2C_BYTE?I2C
  +--> ?PR?_TIMER0_DELAY1MS?DELAY

?PR?_LT9611_MIPI_PCR?LT9611                      -----    -----      -----    -----      0168H    0003H
  +--> ?PR?_HDMI_WRITEI2C_BYTE?I2C
  +--> ?PR?_LT9611_MIPI_VIDEO_TIMING?LT9611
  +--> ?PR?_TIMER0_DELAY1MS?DELAY

?PR?_LT9611_MIPI_VIDEO_TIMING?LT9611             -----    -----      -----    -----      016BH    0003H
  +--> ?PR?_HDMI_WRITEI2C_BYTE?I2C

?PR?LT9611_AUDIO_INIT?LT9611                     -----    -----      -----    -----      -----    -----
  +--> ?CO?LT9611
  +--> ?PR?PRINTF?PRINTF
  +--> ?PR?_HDMI_WRITEI2C_BYTE?I2C

?PR?LT9611_CSC?LT9611                            -----    -----      -----    -----      -----    -----
  +--> ?PR?_HDMI_WRITEI2C_BYTE?I2C
  +--> ?CO?LT9611
  +--> ?PR?PRINTF?PRINTF

?PR?LT9611_HDCP_INIT?LT9611                      -----    -----      -----    -----      -----    -----
  +--> ?PR?_HDMI_WRITEI2C_BYTE?I2C

?PR?LT9611_LOAD_HDCP_KEY?LT9611                  -----    -----      -----    -----      -----    -----
  +--> ?PR?_HDMI_WRITEI2C_BYTE?I2C
  +--> ?PR?_TIMER0_DELAY1MS?DELAY
  +--> ?PR?_HDMI_READI2C_BYTE?I2C
  +--> ?CO?LT9611
  +--> ?PR?PRINTF?PRINTF

?PR?_LT9611_HDMI_TX_DIGITAL?LT9611               -----    -----      -----    -----      0168H    0006H
  +--> ?CO?LT9611
  +--> ?PR?PRINTF?PRINTF
  +--> ?PR?_HDMI_WRITEI2C_BYTE?I2C

?PR?LT9611_HDMI_TX_PHY?LT9611                    -----    -----      -----    -----      -----    -----
  +--> ?PR?_HDMI_WRITEI2C_BYTE?I2C
  +--> ?CO?LT9611
  +--> ?PR?PRINTF?PRINTF

?PR?LT9611_IRQ_INIT?LT9611                       -----    -----      -----    -----      -----    -----
  +--> ?PR?_HDMI_WRITEI2C_BYTE?I2C

?PR?_LT9611_HDMI_CEC_ON?LT9611                   -----    -----      -----    -----      -----    -----
  +--> ?PR?_HDMI_WRITEI2C_BYTE?I2C

?PR?_LT9611_CEC_MSG_INIT?LT9611                  -----    -----      -----    -----      0165H    0003H
  +--> ?PR?_LT9611_HDMI_CEC_ON?LT9611
  +--> ?PR?_LT9611_CEC_MSG_SET_LOGICAL_ADDRE...

?PR?_LT9611_CEC_MSG_SET_LOGICAL_ADDRE...         -----    -----      -----    -----      0171H    0001H
BL51 BANKED LINKER/LOCATER V6.22                                                      06/07/2023  09:16:45  PAGE 7


  +--> ?CO?LT9611
  +--> ?PR?PRINTF?PRINTF
  +--> ?PR?_HDMI_WRITEI2C_BYTE?I2C

?PR?_LT9611_ENABLE_INTERRUPTS?LT9611             -----    -----      -----    -----      0168H    0002H
  +--> ?PR?_HDMI_WRITEI2C_BYTE?I2C
  +--> ?CO?LT9611
  +--> ?PR?PRINTF?PRINTF

?PR?LT9611_FREQUENCY_METER_BYTE_CLK?L...         -----    -----      -----    -----      0165H    0005H
  +--> ?PR?_HDMI_WRITEI2C_BYTE?I2C
  +--> ?PR?_TIMER0_DELAY1MS?DELAY
  +--> ?PR?_HDMI_READI2C_BYTE?I2C
  +--> ?CO?LT9611
  +--> ?PR?PRINTF?PRINTF

?PR?LT9611_DPHY_DEBUG?LT9611                     -----    -----      -----    -----      0165H    0001H
  +--> ?PR?_HDMI_WRITEI2C_BYTE?I2C
  +--> ?PR?_HDMI_READI2C_BYTE?I2C
  +--> ?CO?LT9611
  +--> ?PR?PRINTF?PRINTF

?PR?LT9611_HTOTAL_SYSCLK?LT9611                  -----    -----      -----    -----      0165H    0003H
  +--> ?PR?_HDMI_WRITEI2C_BYTE?I2C
  +--> ?PR?_HDMI_READI2C_BYTE?I2C
  +--> ?CO?LT9611
  +--> ?PR?PRINTF?PRINTF

?PR?LT9611_HDP_INTERRUPT_HANDLE?LT9611           -----    -----      -----    -----      -----    -----
  +--> ?PR?_HDMI_WRITEI2C_BYTE?I2C
  +--> ?CO?LT9611
  +--> ?PR?PRINTF?PRINTF
  +--> ?PR?LT9611_HDMI_OUT_DISABLE?LT9611
  +--> ?PR?LT9611_GET_HPD_STATUS?LT9611
  +--> ?PR?_LT9611_LOWPOWER_MODE?LT9611
  +--> ?PR?_LT9611_ENABLE_INTERRUPTS?LT9611
  +--> ?PR?_TIMER0_DELAY1MS?DELAY
  +--> ?PR?LT9611_READ_EDID?LT9611
  +--> ?PR?LT9611_VIDEO_CHECK?LT9611
  +--> ?PR?_LT9611_PLL?LT9611
  +--> ?PR?_LT9611_MIPI_PCR?LT9611
  +--> ?PR?_LT9611_HDMI_TX_DIGITAL?LT9611
  +--> ?PR?LT9611_HDMI_OUT_ENABLE?LT9611
  +--> ?PR?LT9611_PCR_MK_PRINT?LT9611

?PR?LT9611_HDMI_OUT_DISABLE?LT9611               -----    -----      -----    -----      -----    -----
  +--> ?PR?_HDMI_WRITEI2C_BYTE?I2C
  +--> ?CO?LT9611
  +--> ?PR?PRINTF?PRINTF
  +--> ?PR?LT9611_HDCP_DISABLE?LT9611

?PR?LT9611_HDCP_DISABLE?LT9611                   -----    -----      -----    -----      -----    -----
  +--> ?PR?_HDMI_WRITEI2C_BYTE?I2C
  +--> ?CO?LT9611
  +--> ?PR?PRINTF?PRINTF

?PR?LT9611_GET_HPD_STATUS?LT9611                 -----    -----      -----    -----      -----    -----
BL51 BANKED LINKER/LOCATER V6.22                                                      06/07/2023  09:16:45  PAGE 8


  +--> ?PR?_HDMI_WRITEI2C_BYTE?I2C
  +--> ?PR?_HDMI_READI2C_BYTE?I2C
  +--> ?PR?_TIMER0_DELAY1MS?DELAY

?PR?_LT9611_LOWPOWER_MODE?LT9611                 -----    -----      -----    -----      -----    -----
  +--> ?PR?_HDMI_WRITEI2C_BYTE?I2C
  +--> ?CO?LT9611
  +--> ?PR?PRINTF?PRINTF

?PR?LT9611_HDMI_OUT_ENABLE?LT9611                -----    -----      -----    -----      -----    -----
  +--> ?PR?_HDMI_WRITEI2C_BYTE?I2C
  +--> ?PR?LT9611_HDCP_ENABLE?LT9611
  +--> ?CO?LT9611
  +--> ?PR?PRINTF?PRINTF

?PR?LT9611_HDCP_ENABLE?LT9611                    -----    -----      -----    -----      -----    -----
  +--> ?PR?_HDMI_WRITEI2C_BYTE?I2C
  +--> ?CO?LT9611
  +--> ?PR?PRINTF?PRINTF

?PR?LT9611_PCR_MK_PRINT?LT9611                   -----    -----      -----    -----      0168H    0001H
  +--> ?PR?_HDMI_WRITEI2C_BYTE?I2C
  +--> ?PR?_HDMI_READI2C_BYTE?I2C
  +--> ?CO?LT9611
  +--> ?PR?PRINTF?PRINTF
  +--> ?PR?_TIMER0_DELAY1MS?DELAY

?PR?LT9611_IRQ_TASK?LT9611                       -----    -----      -----    -----      0165H    0003H
  +--> ?PR?_HDMI_WRITEI2C_BYTE?I2C
  +--> ?PR?_HDMI_READI2C_BYTE?I2C
  +--> ?PR?_LT9611_CEC_MSG_INTERRUPT_HANDLE?...
  +--> ?PR?LT9611_HDP_INTERRUPT_HANDLE?LT9611
  +--> ?PR?LT9611_VID_CHG_INTERRUPT_HANDLE?L...

?PR?_LT9611_CEC_MSG_INTERRUPT_HANDLE?...         -----    -----      -----    -----      0168H    0003H
  +--> ?PR?_HDMI_WRITEI2C_BYTE?I2C
  +--> ?PR?_HDMI_READI2C_BYTE?I2C
  +--> ?CO?LT9611
  +--> ?PR?PRINTF?PRINTF
  +--> ?PR?_LT9611_CEC_MSG_TX_HANDLE?LT9611
  +--> ?PR?_LT9611_CEC_MSG_RX_PARSE?LT9611

?PR?_LT9611_CEC_MSG_TX_HANDLE?LT9611             -----    -----      -----    -----      016BH    0006H
  +--> ?CO?LT9611
  +--> ?PR?PRINTF?PRINTF
  +--> ?PR?LT9611_CEC_LOGICAL_RESET?LT9611
  +--> ?PR?_LT9611_CEC_MSG_SET_LOGICAL_ADDRE...
  +--> ?PR?_LT9611_CEC_REPORT_PHYSICAL_ADDRE...
  +--> ?PR?_LT9611_CEC_LA_ALLOCATION?LT9611
  +--> ?PR?_LT9611_CEC_FRAME_RETRANSMISSION?...

?PR?LT9611_CEC_LOGICAL_RESET?LT9611              -----    -----      -----    -----      -----    -----
  +--> ?PR?_HDMI_WRITEI2C_BYTE?I2C

?PR?_LT9611_CEC_REPORT_PHYSICAL_ADDRE...         -----    -----      -----    -----      -----    -----
  +--> ?PR?_LT9611_HDMI_CEC_WRITE?LT9611

BL51 BANKED LINKER/LOCATER V6.22                                                      06/07/2023  09:16:45  PAGE 9


?PR?_LT9611_HDMI_CEC_WRITE?LT9611                -----    -----      -----    -----      0174H    0005H
  +--> ?PR?_HDMI_WRITEI2C_BYTE?I2C
  +--> ?PR?_TIMER0_DELAY1MS?DELAY

?PR?_LT9611_CEC_LA_ALLOCATION?LT9611             -----    -----      -----    -----      -----    -----
  +--> ?PR?_LT9611_HDMI_CEC_WRITE?LT9611

?PR?_LT9611_CEC_FRAME_RETRANSMISSION?...         -----    -----      -----    -----      0171H    0003H
  +--> ?PR?_HDMI_WRITEI2C_BYTE?I2C

?PR?_LT9611_CEC_MSG_RX_PARSE?LT9611              -----    -----      -----    -----      016BH    0009H
  +--> ?CO?LT9611
  +--> ?PR?_LT9611_HDMI_CEC_READ?LT9611
  +--> ?PR?PRINTF?PRINTF
  +--> ?PR?_LT9611_CEC_FEATURE_ABORT?LT9611
  +--> ?PR?_LT9611_CEC_REPORT_PHYSICAL_ADDRE...
  +--> ?PR?_TIMER0_DELAY1MS?DELAY
  +--> ?PR?_LT9611_CEC_MENU_ACTIVATE?LT9611

?PR?_LT9611_HDMI_CEC_READ?LT9611                 -----    -----      -----    -----      0174H    0005H
  +--> ?PR?_HDMI_WRITEI2C_BYTE?I2C
  +--> ?PR?_HDMI_READI2C_BYTE?I2C

?PR?_LT9611_CEC_FEATURE_ABORT?LT9611             -----    -----      -----    -----      -----    -----
  +--> ?PR?_LT9611_HDMI_CEC_WRITE?LT9611

?PR?_LT9611_CEC_MENU_ACTIVATE?LT9611             -----    -----      -----    -----      -----    -----
  +--> ?PR?_LT9611_HDMI_CEC_WRITE?LT9611

?PR?LT9611_VID_CHG_INTERRUPT_HANDLE?L...         -----    -----      -----    -----      -----    -----
  +--> ?CO?LT9611
  +--> ?PR?PRINTF?PRINTF
  +--> ?PR?_HDMI_WRITEI2C_BYTE?I2C
  +--> ?PR?LT9611_VIDEO_CHECK?LT9611
  +--> ?PR?_TIMER0_DELAY1MS?DELAY
  +--> ?PR?_LT9611_PLL?LT9611
  +--> ?PR?_LT9611_MIPI_PCR?LT9611
  +--> ?PR?_LT9611_HDMI_TX_DIGITAL?LT9611
  +--> ?PR?LT9611_HDMI_OUT_ENABLE?LT9611
  +--> ?PR?LT9611_HDMI_OUT_DISABLE?LT9611



SYMBOL TABLE OF MODULE:  .\Objects\LT9611_RGB888_DSI_23021001 (UART0)

  VALUE           TYPE          NAME
  ----------------------------------

  -------         MODULE        UART0
  C:0000H         SYMBOL        _ICE_DUMMY_
  D:00B1H         PUBLIC        P0M1
  D:00B2H         PUBLIC        P0M2
  D:0080H         PUBLIC        P0
  D:0090H         PUBLIC        P1
  D:00A0H         PUBLIC        P2
  D:00B0H         PUBLIC        P3
  D:00D8H         PUBLIC        PWMCON0
BL51 BANKED LINKER/LOCATER V6.22                                                      06/07/2023  09:16:45  PAGE 10


  D:00A8H         PUBLIC        IE
  D:00B8H         PUBLIC        IP
  B:0098H.1       PUBLIC        TI
  D:0099H         PUBLIC        SBUF
  D:0087H         PUBLIC        PCON
  D:0098H         PUBLIC        SCON
  D:0089H         PUBLIC        TMOD
  D:0088H         PUBLIC        TCON
  D:00F8H         PUBLIC        SCON_1
  D:008DH         PUBLIC        TH1
  C:412BH         PUBLIC        _InitialUART0_Timer1
  B:0088H.6       PUBLIC        TR1
  D:00E8H         PUBLIC        ADCCON0
  C:44F5H         PUBLIC        _Send_Data_To_UART0
  D:00C0H         PUBLIC        I2CON
  D:00C8H         PUBLIC        T2CON
  D:00C4H         PUBLIC        T3CON
  D:008EH         PUBLIC        CKCON
  D:00D0H         PUBLIC        PSW
  C:44FDH         PUBLIC        _printch
  -------         PROC          _INITIALUART0_TIMER1
  D:0004H         SYMBOL        u32Baudrate
  C:412BH         LINE#         8
  C:412BH         LINE#         9
  C:412BH         LINE#         10
  C:4131H         LINE#         11
  C:4137H         LINE#         13
  C:413AH         LINE#         14
  C:413DH         LINE#         16
  C:4140H         LINE#         17
  C:4143H         LINE#         18
  C:4146H         LINE#         21
  C:415FH         LINE#         26
  C:4161H         LINE#         27
  C:4163H         LINE#         28
  -------         ENDPROC       _INITIALUART0_TIMER1
  -------         PROC          _SEND_DATA_TO_UART0
  D:0007H         SYMBOL        c
  C:44F5H         LINE#         64
  C:44F5H         LINE#         65
  C:44F5H         LINE#         66
  C:44F7H         LINE#         67
  C:44F9H         LINE#         68
  C:44FCH         LINE#         69
  -------         ENDPROC       _SEND_DATA_TO_UART0
  -------         PROC          _PRINTCH
  D:0007H         SYMBOL        ch
  C:44FDH         LINE#         144
  C:44FDH         LINE#         145
  C:44FDH         LINE#         146
  -------         ENDPROC       _PRINTCH
  -------         ENDMOD        UART0

  -------         MODULE        MAIN
  C:0000H         SYMBOL        _ICE_DUMMY_
  D:00B1H         PUBLIC        P0M1
  D:00B3H         PUBLIC        P1M1
BL51 BANKED LINKER/LOCATER V6.22                                                      06/07/2023  09:16:45  PAGE 11


  D:00B2H         PUBLIC        P0M2
  D:0080H         PUBLIC        P0
  D:00B4H         PUBLIC        P1M2
  D:0090H         PUBLIC        P1
  D:00ACH         PUBLIC        P3M1
  D:00A0H         PUBLIC        P2
  D:00B0H         PUBLIC        P3
  D:00ADH         PUBLIC        P3M2
  B:00A8H.7       PUBLIC        EA
  D:00D8H         PUBLIC        PWMCON0
  D:00A8H         PUBLIC        IE
  D:00B8H         PUBLIC        IP
  C:44C3H         PUBLIC        main
  B:00B0H.0       PUBLIC        P30
  D:0098H         PUBLIC        SCON
  D:0088H         PUBLIC        TCON
  D:00F8H         PUBLIC        SCON_1
  D:009BH         PUBLIC        EIE
  C:43DCH         PUBLIC        LT9611_Reset
  D:00E8H         PUBLIC        ADCCON0
  D:00C0H         PUBLIC        I2CON
  X:01E0H         PUBLIC        irq_task_flag
  C:3F43H         PUBLIC        MCU_SystemInit
  D:00C8H         PUBLIC        T2CON
  D:00E9H         PUBLIC        PICON
  D:00D0H         PUBLIC        PSW
  D:00EAH         PUBLIC        PINEN
  D:00EBH         PUBLIC        PIPEN
  -------         PROC          MCU_SYSTEMINIT
  C:3F43H         LINE#         6
  C:3F43H         LINE#         7
  C:3F43H         LINE#         8
  C:3F49H         LINE#         9
  C:3F4FH         LINE#         10
  C:3F55H         LINE#         11
  C:3F5BH         LINE#         12
  C:3F61H         LINE#         14
  C:3F67H         LINE#         15
  C:3F6DH         LINE#         16
  C:3F73H         LINE#         19
  C:3F7EH         LINE#         21
  C:3F81H         LINE#         22
  C:3F8AH         LINE#         23
  C:3F8DH         LINE#         28
  C:3F8FH         LINE#         29
  -------         ENDPROC       MCU_SYSTEMINIT
  -------         PROC          LT9611_RESET
  C:43DCH         LINE#         31
  C:43DCH         LINE#         32
  C:43DCH         LINE#         33
  C:43DEH         LINE#         34
  C:43E9H         LINE#         35
  C:43EBH         LINE#         36
  -------         ENDPROC       LT9611_RESET
  -------         PROC          MAIN
  C:44C3H         LINE#         39
  C:44C3H         LINE#         40
BL51 BANKED LINKER/LOCATER V6.22                                                      06/07/2023  09:16:45  PAGE 12


  C:44C3H         LINE#         41
  C:44C6H         LINE#         43
  C:44CFH         LINE#         44
  C:44D2H         LINE#         49
  C:44D5H         LINE#         52
  -------         ENDPROC       MAIN
  -------         ENDMOD        MAIN

  -------         MODULE        I2C
  C:0000H         SYMBOL        _ICE_DUMMY_
  D:0080H         PUBLIC        P0
  D:0090H         PUBLIC        P1
  D:00A0H         PUBLIC        P2
  D:00B0H         PUBLIC        P3
  C:446FH         PUBLIC        _HDMI_ReadI2C_ByteN
  D:00D8H         PUBLIC        PWMCON0
  D:00A8H         PUBLIC        IE
  C:35DDH         SYMBOL        _i2c_read_byte
  C:4484H         PUBLIC        _HDMI_WriteI2C_ByteN
  X:01DEH         PUBLIC        I2CADR
  D:00B8H         PUBLIC        IP
  C:3A79H         SYMBOL        _i2c_write_byte
  X:01DFH         PUBLIC        ack
  B:0090H.3       PUBLIC        P13
  D:0098H         PUBLIC        SCON
  B:0090H.4       PUBLIC        P14
  D:0088H         PUBLIC        TCON
  C:428AH         PUBLIC        _HDMI_ReadI2C_Byte
  C:3EA4H         SYMBOL        _I2C_SendByte
  C:419AH         SYMBOL        RcvByte
  D:00F8H         PUBLIC        SCON_1
  C:4369H         PUBLIC        _HDMI_WriteI2C_Byte
  C:43A4H         SYMBOL        _Ack_I2c
  C:445AH         SYMBOL        Start_I2c
  C:44DEH         SYMBOL        _I2C_Delay_us
  D:00E8H         PUBLIC        ADCCON0
  D:00C0H         PUBLIC        I2CON
  C:44E9H         SYMBOL        Stop_I2c
  D:00C8H         PUBLIC        T2CON
  D:00D0H         PUBLIC        PSW
  -------         PROC          L?0048
  -------         ENDPROC       L?0048
  -------         PROC          _I2C_DELAY_US
  D:0007H         SYMBOL        uscount
  -------         DO            
  D:0006H         SYMBOL        x
  -------         ENDDO         
  C:44DEH         LINE#         21
  C:44DEH         LINE#         22
  C:44DEH         LINE#         24
  C:44E5H         LINE#         25
  C:44E5H         LINE#         27
  C:44E8H         LINE#         28
  -------         ENDPROC       _I2C_DELAY_US
  -------         PROC          START_I2C
  C:445AH         LINE#         30
  C:445AH         LINE#         31
BL51 BANKED LINKER/LOCATER V6.22                                                      06/07/2023  09:16:45  PAGE 13


  C:445AH         LINE#         32
  C:445CH         LINE#         33
  C:445EH         LINE#         34
  C:445EH         LINE#         35
  C:4461H         LINE#         36
  C:4463H         LINE#         37
  C:4468H         LINE#         38
  C:446AH         LINE#         39
  -------         ENDPROC       START_I2C
  -------         PROC          STOP_I2C
  C:44E9H         LINE#         42
  C:44E9H         LINE#         43
  C:44E9H         LINE#         44
  C:44EBH         LINE#         45
  C:44EDH         LINE#         46
  C:44EDH         LINE#         47
  C:44F0H         LINE#         48
  C:44F2H         LINE#         49
  -------         ENDPROC       STOP_I2C
  -------         PROC          _I2C_SENDBYTE
  D:0005H         SYMBOL        c
  -------         DO            
  D:0004H         SYMBOL        bit_Cnt
  -------         ENDDO         
  C:3EA4H         LINE#         53
  C:3EA6H         LINE#         54
  C:3EA6H         LINE#         57
  C:3EA8H         LINE#         58
  C:3EA8H         LINE#         59
  C:3EB5H         LINE#         60
  C:3EB5H         LINE#         61
  C:3EB7H         LINE#         62
  C:3EB9H         LINE#         64
  C:3EB9H         LINE#         65
  C:3EBBH         LINE#         66
  C:3EBBH         LINE#         67
  C:3EC0H         LINE#         68
  C:3EC2H         LINE#         69
  C:3EC6H         LINE#         70
  C:3EC8H         LINE#         71
  C:3ECDH         LINE#         73
  C:3ED2H         LINE#         74
  C:3ED4H         LINE#         75
  C:3ED9H         LINE#         76
  C:3EDBH         LINE#         77
  C:3EDEH         LINE#         79
  C:3EE1H         LINE#         80
  C:3EE1H         LINE#         81
  C:3EE6H         LINE#         82
  C:3EE8H         LINE#         84
  C:3EE8H         LINE#         85
  C:3EEEH         LINE#         86
  C:3EEEH         LINE#         87
  C:3EF0H         LINE#         88
  -------         ENDPROC       _I2C_SENDBYTE
  -------         PROC          RCVBYTE
  -------         DO            
BL51 BANKED LINKER/LOCATER V6.22                                                      06/07/2023  09:16:45  PAGE 14


  D:0005H         SYMBOL        retc
  D:0004H         SYMBOL        bit_Cnt
  -------         ENDDO         
  C:419AH         LINE#         91
  C:419AH         LINE#         92
  C:419AH         LINE#         96
  C:419CH         LINE#         97
  C:419EH         LINE#         98
  C:419FH         LINE#         99
  C:419FH         LINE#         100
  C:41A4H         LINE#         101
  C:41A6H         LINE#         102
  C:41ABH         LINE#         103
  C:41ADH         LINE#         104
  C:41B2H         LINE#         105
  C:41B6H         LINE#         106
  C:41B9H         LINE#         107
  C:41B9H         LINE#         108
  C:41BAH         LINE#         109
  C:41BAH         LINE#         110
  C:41BFH         LINE#         111
  C:41C4H         LINE#         112
  C:41C6H         LINE#         113
  C:41CBH         LINE#         114
  C:41CDH         LINE#         115
  -------         ENDPROC       RCVBYTE
  -------         PROC          _ACK_I2C
  D:0007H         SYMBOL        a
  C:43A4H         LINE#         117
  C:43A4H         LINE#         118
  C:43A4H         LINE#         119
  C:43A7H         LINE#         120
  C:43A7H         LINE#         121
  C:43A9H         LINE#         122
  C:43ABH         LINE#         124
  C:43ABH         LINE#         125
  C:43ADH         LINE#         126
  C:43ADH         LINE#         128
  C:43B2H         LINE#         129
  C:43B4H         LINE#         130
  C:43B9H         LINE#         131
  C:43BBH         LINE#         132
  -------         ENDPROC       _ACK_I2C
  -------         PROC          _I2C_WRITE_BYTE
  D:0004H         SYMBOL        sla
  X:017BH         SYMBOL        suba
  D:0001H         SYMBOL        s
  X:017FH         SYMBOL        no
  -------         DO            
  X:0180H         SYMBOL        i
  -------         ENDDO         
  C:3A79H         LINE#         135
  C:3A80H         LINE#         136
  C:3A80H         LINE#         139
  C:3A83H         LINE#         141
  C:3A88H         LINE#         143
  C:3A8EH         LINE#         144
BL51 BANKED LINKER/LOCATER V6.22                                                      06/07/2023  09:16:45  PAGE 15


  C:3A8EH         LINE#         145
  C:3A8EH         LINE#         146
  C:3A90H         LINE#         147
  C:3A90H         LINE#         148
  C:3A98H         LINE#         149
  C:3A9EH         LINE#         150
  C:3A9EH         LINE#         151
  C:3A9EH         LINE#         152
  C:3AA0H         LINE#         153
  C:3AA0H         LINE#         155
  C:3AB0H         LINE#         156
  C:3AB0H         LINE#         157
  C:3AB7H         LINE#         158
  C:3ABDH         LINE#         159
  C:3ABDH         LINE#         160
  C:3AC0H         LINE#         161
  C:3AC3H         LINE#         162
  C:3AC3H         LINE#         163
  C:3ACAH         LINE#         164
  C:3AD2H         LINE#         165
  C:3AD5H         LINE#         166
  C:3AD7H         LINE#         167
  -------         ENDPROC       _I2C_WRITE_BYTE
  -------         PROC          _I2C_READ_BYTE
  X:017AH         SYMBOL        sla
  X:017BH         SYMBOL        suba
  D:0001H         SYMBOL        s
  X:017FH         SYMBOL        no
  -------         DO            
  X:0180H         SYMBOL        i
  -------         ENDDO         
  C:35DDH         LINE#         169
  C:35E5H         LINE#         170
  C:35E5H         LINE#         172
  C:35E8H         LINE#         173
  C:35F0H         LINE#         174
  C:35F6H         LINE#         175
  C:35F6H         LINE#         176
  C:35F6H         LINE#         177
  C:35F6H         LINE#         178
  C:35F8H         LINE#         179
  C:35F8H         LINE#         180
  C:3600H         LINE#         181
  C:3606H         LINE#         182
  C:3606H         LINE#         183
  C:3606H         LINE#         184
  C:3606H         LINE#         185
  C:3608H         LINE#         186
  C:3608H         LINE#         187
  C:360BH         LINE#         188
  C:3614H         LINE#         189
  C:361AH         LINE#         190
  C:361AH         LINE#         191
  C:361DH         LINE#         192
  C:3621H         LINE#         193
  C:3623H         LINE#         194
  C:3623H         LINE#         195
BL51 BANKED LINKER/LOCATER V6.22                                                      06/07/2023  09:16:45  PAGE 16


  C:3634H         LINE#         196
  C:3634H         LINE#         197
  C:363BH         LINE#         198
  C:3640H         LINE#         199
  C:3647H         LINE#         200
  C:364FH         LINE#         201
  C:3656H         LINE#         202
  C:365BH         LINE#         203
  C:365EH         LINE#         204
  C:3660H         LINE#         205
  -------         ENDPROC       _I2C_READ_BYTE
  -------         PROC          _HDMI_READI2C_BYTE
  D:0006H         SYMBOL        RegAddr
  -------         DO            
  X:0179H         SYMBOL        p_data
  -------         ENDDO         
  C:428AH         LINE#         207
  C:428CH         LINE#         208
  C:428CH         LINE#         209
  C:4291H         LINE#         211
  C:42AAH         LINE#         212
  C:42AAH         LINE#         213
  C:42B0H         LINE#         214
  C:42B0H         LINE#         215
  C:42B2H         LINE#         216
  -------         ENDPROC       _HDMI_READI2C_BYTE
  -------         PROC          _HDMI_READI2C_BYTEN
  D:0006H         SYMBOL        RegAddr
  D:0001H         SYMBOL        p_data
  X:01B9H         SYMBOL        N
  -------         DO            
  D:0007H         SYMBOL        flag
  -------         ENDDO         
  C:446FH         LINE#         218
  C:4471H         LINE#         219
  C:4471H         LINE#         222
  C:4483H         LINE#         224
  C:4483H         LINE#         225
  -------         ENDPROC       _HDMI_READI2C_BYTEN
  -------         PROC          _HDMI_WRITEI2C_BYTE
  D:0006H         SYMBOL        RegAddr
  X:0179H         SYMBOL        d
  -------         DO            
  D:0007H         SYMBOL        flag
  -------         ENDDO         
  C:4369H         LINE#         227
  C:4370H         LINE#         228
  C:4370H         LINE#         231
  C:4386H         LINE#         234
  C:4386H         LINE#         235
  -------         ENDPROC       _HDMI_WRITEI2C_BYTE
  -------         PROC          _HDMI_WRITEI2C_BYTEN
  D:0006H         SYMBOL        RegAddr
  D:0001H         SYMBOL        d
  X:01BEH         SYMBOL        N
  -------         DO            
  D:0007H         SYMBOL        flag
BL51 BANKED LINKER/LOCATER V6.22                                                      06/07/2023  09:16:45  PAGE 17


  -------         ENDDO         
  C:4484H         LINE#         237
  C:4486H         LINE#         238
  C:4486H         LINE#         241
  C:4498H         LINE#         243
  C:4498H         LINE#         244
  -------         ENDPROC       _HDMI_WRITEI2C_BYTEN
  -------         ENDMOD        I2C

  -------         MODULE        LT9611
  C:0000H         SYMBOL        _ICE_DUMMY_
  D:0080H         PUBLIC        P0
  C:40B2H         PUBLIC        _lt9611_cec_msg_init
  C:43F6H         PUBLIC        lt9611_cec_msg_write_demo
  D:0090H         PUBLIC        P1
  D:00A0H         PUBLIC        P2
  D:00B0H         PUBLIC        P3
  C:3EF5H         PUBLIC        _delay_1ms
  D:00D8H         PUBLIC        PWMCON0
  C:2978H         PUBLIC        _lt9611_cec_msg_tx_handle
  C:4499H         PUBLIC        lt9611_cec_logical_reset
  X:0005H         PUBLIC        Tx_HPD
  C:44AEH         PUBLIC        LT9611_pattern_en
  C:2C8AH         PUBLIC        _LT9611_MIPI_Pcr
  C:33A6H         SYMBOL        _do_checksum
  C:4443H         PUBLIC        LT9611_HDCP_Disable
  C:41FFH         PUBLIC        _lt9611_cec_feature_abort
  D:00A8H         PUBLIC        IE
  C:4303H         PUBLIC        IntbInterruptFun
  C:0FA6H         PUBLIC        LT9611_Video_Check
  X:0006H         PUBLIC        Sink_EDID
  C:41CEH         PUBLIC        _lt9611_cec_menu_activate
  C:0EDBH         PUBLIC        video_1920x1080_30Hz
  X:0106H         PUBLIC        pcr_m
  C:0EBEH         PUBLIC        video_1920x1080_50Hz
  C:3661H         PUBLIC        LT9611_HDP_Interrupt_Handle
  C:0F32H         PUBLIC        video_3840x2160_30Hz
  C:0F15H         PUBLIC        video_1920x1080_24Hz
  C:0EA1H         PUBLIC        video_1920x1080_60Hz
  C:0EF8H         PUBLIC        video_1920x1080_25Hz
  C:3556H         PUBLIC        LT9611_HDMI_TX_Phy
  C:0F6CH         PUBLIC        video_3840x2160_24Hz
  C:0F4FH         PUBLIC        video_3840x2160_25Hz
  D:00B8H         PUBLIC        IP
  X:0107H         PUBLIC        video
  C:425DH         PUBLIC        LT9611_Get_HPD_Status
  C:4026H         PUBLIC        _lt9611_cec_frame_retransmission
  C:40F1H         PUBLIC        LT9611_HDCP_Enable
  C:394CH         PUBLIC        _LT9611_LowPower_mode
  C:3E52H         PUBLIC        LT9611_Htotal_Sysclk
  C:0003H         PUBLIC        _LT9611_HDMI_CEC_ON
  C:37E4H         PUBLIC        LT9611_load_hdcp_key
  C:2FC7H         PUBLIC        _lt9611_cec_msg_set_logical_address
  C:2B18H         PUBLIC        _LT9611_HDMI_TX_Digital
  C:42B3H         PUBLIC        LT9611_HDMI_Out_Disable
  C:2637H         PUBLIC        _LT9611_MIPI_Video_Timing
  C:434AH         PUBLIC        LT9611_CSC
BL51 BANKED LINKER/LOCATER V6.22                                                      06/07/2023  09:16:45  PAGE 18


  C:3B8FH         PUBLIC        LT9611_MIPI_Input_Analog
  C:30C0H         PUBLIC        LT9611_MIPI_Input_Digtal
  X:010AH         PUBLIC        PCR_Format
  X:010BH         PUBLIC        lt9611
  C:1F7FH         PUBLIC        _lt9611_cec_msg_rx_parse
  C:0E10H         PUBLIC        video_720x480_60Hz
  D:0098H         PUBLIC        SCON
  C:4410H         PUBLIC        lt9611_broad_cast_demo
  C:0DF3H         PUBLIC        video_640x480_60Hz
  D:0088H         PUBLIC        TCON
  C:3FDBH         PUBLIC        LT9611_IRQ_Task
  C:43C0H         PUBLIC        LT9611_IRQ_Init
  C:4327H         PUBLIC        LT9611_RST_PD_Init
  C:0E2DH         PUBLIC        video_720x576_50Hz
  C:38D7H         PUBLIC        LT9611_HDMI_Out_Enable
  C:1CAFH         PUBLIC        _LT9611_PLL
  B:0088H.1       PUBLIC        IE0
  C:330EH         PUBLIC        LT9611_Audio_Init
  C:223FH         PUBLIC        _lt9611_parse_physical_address
  C:3768H         PUBLIC        _lt9611_hdmi_cec_read
  D:00F8H         PUBLIC        SCON_1
  C:2DB0H         PUBLIC        _LT9611_Enable_Interrupts
  C:406FH         PUBLIC        LT9611_Chip_ID
  C:003AH         PUBLIC        LT9611_Read_EDID
  C:385EH         PUBLIC        _lt9611_cec_msg_Interrupt_Handle
  C:39B1H         PUBLIC        LT9611_Vid_Chg_Interrupt_Handle
  C:3E0BH         PUBLIC        _lt9611_cec_report_physical_address
  C:3B34H         PUBLIC        LT9611_System_Init
  X:0114H         PUBLIC        flag_cec_data_received
  D:009BH         PUBLIC        EIE
  C:343DH         PUBLIC        _lt9611_hdmi_cec_write
  C:2EC0H         PUBLIC        LT9611_Dphy_debug
  C:4164H         PUBLIC        LT9611_pattern
  X:0115H         SYMBOL        CEC_RxData_Buff
  D:00E8H         PUBLIC        ADCCON0
  X:0125H         SYMBOL        CEC_TxData_Buff
  D:00C0H         PUBLIC        I2CON
  C:27E1H         PUBLIC        LT9611_Frequency_Meter_Byte_Clk
  D:00ECH         PUBLIC        PIF
  C:0E84H         PUBLIC        video_1280x720_30Hz
  C:0E67H         PUBLIC        video_1280x720_50Hz
  C:36E5H         PUBLIC        LT9611_Pcr_MK_Print
  C:0E4AH         PUBLIC        video_1280x720_60Hz
  C:442AH         PUBLIC        _LT9611_Globe_Interrupts
  D:00C8H         PUBLIC        T2CON
  X:0137H         PUBLIC        lt9611_cec_msg
  C:3191H         PUBLIC        LT9611_Init
  C:422FH         PUBLIC        LT9611_HDCP_Init
  C:0F89H         PUBLIC        video_1024x768_60Hz
  C:2479H         PUBLIC        _LT9611_pattern_gcm
  C:3A16H         PUBLIC        _lt9611_cec_device_polling
  C:3252H         PUBLIC        _LT9611_pattern_pixel_clk
  D:00D0H         PUBLIC        PSW
  C:4387H         PUBLIC        _lt9611_cec_la_allocation
  -------         PROC          _DELAY_1MS
  D:0007H         SYMBOL        cnt
  -------         DO            
BL51 BANKED LINKER/LOCATER V6.22                                                      06/07/2023  09:16:45  PAGE 19


  X:0000H         SYMBOL        i
  X:0002H         SYMBOL        j
  -------         ENDDO         
  C:3EF5H         LINE#         126
  C:3EF5H         LINE#         127
  C:3EF5H         LINE#         130
  C:3F03H         LINE#         131
  C:3F12H         LINE#         132
  C:3F12H         LINE#         133
  C:3F16H         LINE#         134
  C:3F24H         LINE#         136
  C:3F24H         LINE#         137
  C:3F32H         LINE#         138
  C:3F32H         LINE#         139
  C:3F39H         LINE#         140
  C:3F3DH         LINE#         141
  C:3F40H         LINE#         142
  C:3F40H         LINE#         144
  C:3F40H         LINE#         145
  C:3F42H         LINE#         146
  C:3F42H         LINE#         147
  -------         ENDPROC       _DELAY_1MS
  -------         PROC          LT9611_CHIP_ID
  C:406FH         LINE#         149
  C:406FH         LINE#         150
  C:406FH         LINE#         151
  C:4076H         LINE#         152
  C:407DH         LINE#         153
  C:409DH         LINE#         156
  C:40A4H         LINE#         157
  C:40ABH         LINE#         158
  -------         ENDPROC       LT9611_CHIP_ID
  -------         PROC          LT9611_RST_PD_INIT
  C:4327H         LINE#         161
  C:4327H         LINE#         162
  C:4327H         LINE#         164
  C:432EH         LINE#         165
  C:4335H         LINE#         166
  C:433CH         LINE#         167
  C:4343H         LINE#         168
  -------         ENDPROC       LT9611_RST_PD_INIT
  -------         PROC          _LT9611_LOWPOWER_MODE
  D:0007H         SYMBOL        on
  C:394CH         LINE#         171
  C:394CH         LINE#         172
  C:394CH         LINE#         175
  C:3953H         LINE#         176
  C:3953H         LINE#         177
  C:3956H         LINE#         178
  C:395DH         LINE#         179
  C:3964H         LINE#         180
  C:396BH         LINE#         182
  C:3972H         LINE#         183
  C:3979H         LINE#         184
  C:397FH         LINE#         185
  C:3981H         LINE#         187
  C:3981H         LINE#         188
BL51 BANKED LINKER/LOCATER V6.22                                                      06/07/2023  09:16:45  PAGE 20


  C:3984H         LINE#         189
  C:398BH         LINE#         190
  C:3992H         LINE#         191
  C:3999H         LINE#         193
  C:39A0H         LINE#         194
  C:39A7H         LINE#         195
  C:39B0H         LINE#         196
  C:39B0H         LINE#         197
  -------         ENDPROC       _LT9611_LOWPOWER_MODE
  -------         PROC          LT9611_SYSTEM_INIT
  C:3B34H         LINE#         199
  C:3B34H         LINE#         200
  C:3B34H         LINE#         201
  C:3B3BH         LINE#         203
  C:3B42H         LINE#         205
  C:3B49H         LINE#         206
  C:3B50H         LINE#         207
  C:3B57H         LINE#         208
  C:3B5EH         LINE#         211
  C:3B65H         LINE#         212
  C:3B6CH         LINE#         213
  C:3B73H         LINE#         214
  C:3B7AH         LINE#         215
  C:3B81H         LINE#         216
  C:3B88H         LINE#         217
  -------         ENDPROC       LT9611_SYSTEM_INIT
  -------         PROC          LT9611_MIPI_INPUT_ANALOG
  C:3B8FH         LINE#         220
  C:3B8FH         LINE#         221
  C:3B8FH         LINE#         223
  C:3B96H         LINE#         225
  C:3B9DH         LINE#         226
  C:3BA4H         LINE#         227
  C:3BABH         LINE#         228
  C:3BB2H         LINE#         229
  C:3BB9H         LINE#         231
  C:3BC0H         LINE#         232
  C:3BC7H         LINE#         233
  C:3BCEH         LINE#         234
  C:3BD5H         LINE#         235
  C:3BDCH         LINE#         237
  C:3BE3H         LINE#         238
  -------         ENDPROC       LT9611_MIPI_INPUT_ANALOG
  -------         PROC          LT9611_MIPI_INPUT_DIGTAL
  -------         DO            
  X:0165H         SYMBOL        lanes
  -------         ENDDO         
  C:30C0H         LINE#         241
  C:30C0H         LINE#         242
  C:30C0H         LINE#         244
  C:30C8H         LINE#         246
  C:30D5H         LINE#         251
  C:30DCH         LINE#         252
  C:30E3H         LINE#         253
  C:30EAH         LINE#         254
  C:30F1H         LINE#         255
  C:30FAH         LINE#         266
BL51 BANKED LINKER/LOCATER V6.22                                                      06/07/2023  09:16:45  PAGE 21


  C:3101H         LINE#         267
  C:3108H         LINE#         270
  C:310FH         LINE#         271
  C:3119H         LINE#         273
  C:3120H         LINE#         274
  C:3127H         LINE#         276
  C:312EH         LINE#         277
  C:312EH         LINE#         278
  C:3135H         LINE#         279
  C:313BH         LINE#         280
  C:313DH         LINE#         282
  C:313DH         LINE#         283
  C:3144H         LINE#         284
  C:314DH         LINE#         285
  C:314DH         LINE#         288
  C:3155H         LINE#         289
  C:3155H         LINE#         290
  C:315EH         LINE#         291
  C:3165H         LINE#         292
  C:316CH         LINE#         293
  C:3173H         LINE#         295
  C:3179H         LINE#         296
  C:3179H         LINE#         297
  C:3180H         LINE#         298
  C:3187H         LINE#         299
  C:3187H         LINE#         300
  C:3187H         LINE#         302
  C:3190H         LINE#         304
  -------         ENDPROC       LT9611_MIPI_INPUT_DIGTAL
  -------         PROC          LT9611_VIDEO_CHECK
  -------         DO            
  X:0168H         SYMBOL        mipi_video_format
  X:0169H         SYMBOL        h_act
  X:016BH         SYMBOL        h_act_a
  X:016DH         SYMBOL        h_act_b
  X:016FH         SYMBOL        v_act
  X:0171H         SYMBOL        v_tal
  X:0173H         SYMBOL        h_total_sysclk
  -------         ENDDO         
  C:0FA6H         LINE#         306
  C:0FA6H         LINE#         307
  C:0FA6H         LINE#         309
  C:0FABH         LINE#         313
  C:0FB2H         LINE#         314
  C:0FBFH         LINE#         315
  C:0FD9H         LINE#         316
  C:0FE2H         LINE#         317
  C:0FEBH         LINE#         318
  C:1003H         LINE#         320
  C:1010H         LINE#         321
  C:102AH         LINE#         322
  C:1037H         LINE#         323
  C:1051H         LINE#         325
  C:1058H         LINE#         326
  C:1065H         LINE#         327
  C:107FH         LINE#         329
  C:108CH         LINE#         330
BL51 BANKED LINKER/LOCATER V6.22                                                      06/07/2023  09:16:45  PAGE 22


  C:10A6H         LINE#         333
  C:10ADH         LINE#         334
  C:10ADH         LINE#         335
  C:10B6H         LINE#         336
  C:10C1H         LINE#         337
  C:10CAH         LINE#         338
  C:10CCH         LINE#         339
  C:10D2H         LINE#         340
  C:10D2H         LINE#         341
  C:10DBH         LINE#         342
  C:10F2H         LINE#         343
  C:1107H         LINE#         344
  C:1107H         LINE#         346
  C:1111H         LINE#         348
  C:1156H         LINE#         349
  C:1167H         LINE#         351
  C:116EH         LINE#         352
  C:1186H         LINE#         354
  C:1195H         LINE#         357
  C:119EH         LINE#         361
  C:11CAH         LINE#         362
  C:11CAH         LINE#         363
  C:11D3H         LINE#         364
  C:11D9H         LINE#         365
  C:11E7H         LINE#         366
  C:11EAH         LINE#         367
  C:1216H         LINE#         368
  C:1216H         LINE#         369
  C:121FH         LINE#         370
  C:1225H         LINE#         371
  C:1233H         LINE#         372
  C:1236H         LINE#         374
  C:1262H         LINE#         375
  C:1262H         LINE#         376
  C:126BH         LINE#         377
  C:1271H         LINE#         378
  C:127FH         LINE#         379
  C:1282H         LINE#         381
  C:12B3H         LINE#         382
  C:12B3H         LINE#         383
  C:12C2H         LINE#         384
  C:12C2H         LINE#         385
  C:12CBH         LINE#         386
  C:12D1H         LINE#         387
  C:12DFH         LINE#         388
  C:12E2H         LINE#         389
  C:12F1H         LINE#         390
  C:12F1H         LINE#         391
  C:12FAH         LINE#         392
  C:1300H         LINE#         393
  C:130EH         LINE#         394
  C:1311H         LINE#         395
  C:1323H         LINE#         396
  C:1323H         LINE#         397
  C:132CH         LINE#         398
  C:1332H         LINE#         399
  C:1340H         LINE#         400
BL51 BANKED LINKER/LOCATER V6.22                                                      06/07/2023  09:16:45  PAGE 23


  C:1340H         LINE#         401
  C:1343H         LINE#         403
  C:1374H         LINE#         404
  C:1374H         LINE#         405
  C:1383H         LINE#         406
  C:1383H         LINE#         407
  C:138CH         LINE#         408
  C:1392H         LINE#         409
  C:13A0H         LINE#         410
  C:13A3H         LINE#         412
  C:13B2H         LINE#         413
  C:13B2H         LINE#         414
  C:13BBH         LINE#         415
  C:13C1H         LINE#         416
  C:13CFH         LINE#         417
  C:13D2H         LINE#         419
  C:13E1H         LINE#         420
  C:13E1H         LINE#         421
  C:13EAH         LINE#         422
  C:13F0H         LINE#         423
  C:13FEH         LINE#         424
  C:1401H         LINE#         426
  C:1410H         LINE#         427
  C:1410H         LINE#         428
  C:1419H         LINE#         429
  C:141FH         LINE#         430
  C:142DH         LINE#         431
  C:1430H         LINE#         433
  C:1442H         LINE#         434
  C:1442H         LINE#         435
  C:144BH         LINE#         436
  C:1451H         LINE#         437
  C:145FH         LINE#         438
  C:145FH         LINE#         439
  C:1462H         LINE#         441
  C:1493H         LINE#         442
  C:1493H         LINE#         443
  C:149AH         LINE#         444
  C:14A1H         LINE#         445
  C:14B0H         LINE#         446
  C:14B0H         LINE#         447
  C:14B9H         LINE#         448
  C:14BFH         LINE#         449
  C:14CDH         LINE#         450
  C:14D0H         LINE#         451
  C:14DFH         LINE#         452
  C:14DFH         LINE#         453
  C:14E8H         LINE#         454
  C:14EEH         LINE#         455
  C:14FCH         LINE#         456
  C:14FFH         LINE#         457
  C:150EH         LINE#         458
  C:150EH         LINE#         459
  C:1517H         LINE#         460
  C:151DH         LINE#         461
  C:152BH         LINE#         462
  C:152BH         LINE#         463
BL51 BANKED LINKER/LOCATER V6.22                                                      06/07/2023  09:16:45  PAGE 24


  C:152DH         LINE#         491
  C:1559H         LINE#         492
  C:1559H         LINE#         493
  C:1562H         LINE#         494
  C:1568H         LINE#         495
  C:1576H         LINE#         496
  C:1578H         LINE#         650
  C:1578H         LINE#         651
  C:157DH         LINE#         652
  C:1586H         LINE#         653
  C:1586H         LINE#         654
  C:158FH         LINE#         655
  -------         ENDPROC       LT9611_VIDEO_CHECK
  -------         PROC          _LT9611_MIPI_VIDEO_TIMING
  X:016BH         SYMBOL        video_format
  C:2637H         LINE#         661
  C:2642H         LINE#         662
  C:2642H         LINE#         663
  C:2649H         LINE#         664
  C:2662H         LINE#         665
  C:2679H         LINE#         666
  C:2692H         LINE#         667
  C:26A9H         LINE#         668
  C:26C2H         LINE#         669
  C:26D9H         LINE#         670
  C:26F2H         LINE#         671
  C:2709H         LINE#         672
  C:2720H         LINE#         673
  C:2737H         LINE#         674
  C:274EH         LINE#         675
  C:2774H         LINE#         676
  C:2788H         LINE#         677
  C:27BBH         LINE#         678
  -------         ENDPROC       _LT9611_MIPI_VIDEO_TIMING
  C:2C7FH         SYMBOL        L?0374
  -------         PROC          L?0373
  -------         ENDPROC       L?0373
  C:2C7FH         SYMBOL        L?0374
  -------         PROC          _LT9611_MIPI_PCR
  D:0001H         SYMBOL        video_format
  -------         DO            
  X:0168H         SYMBOL        POL
  X:0169H         SYMBOL        hact
  -------         ENDDO         
  C:2C8AH         LINE#         681
  C:2C8AH         LINE#         682
  C:2C8AH         LINE#         685
  C:2C9AH         LINE#         686
  C:2CAEH         LINE#         687
  C:2CB0H         LINE#         688
  C:2CB3H         LINE#         690
  C:2CBAH         LINE#         692
  C:2CC2H         LINE#         693
  C:2CC2H         LINE#         694
  C:2CD8H         LINE#         695
  C:2CE4H         LINE#         697
  C:2CFFH         LINE#         699
BL51 BANKED LINKER/LOCATER V6.22                                                      06/07/2023  09:16:45  PAGE 25


  C:2D09H         LINE#         700
  C:2D14H         LINE#         702
  C:2D1EH         LINE#         703
  C:2D24H         LINE#         704
  C:2D26H         LINE#         707
  C:2D26H         LINE#         708
  C:2D2DH         LINE#         709
  C:2D34H         LINE#         711
  C:2D3BH         LINE#         712
  C:2D42H         LINE#         713
  C:2D42H         LINE#         716
  C:2D49H         LINE#         719
  C:2D50H         LINE#         720
  C:2D57H         LINE#         722
  C:2D5EH         LINE#         725
  C:2D65H         LINE#         726
  C:2D71H         LINE#         761
  C:2D7FH         LINE#         763
  C:2D86H         LINE#         764
  C:2D90H         LINE#         766
  C:2D97H         LINE#         767
  C:2D9EH         LINE#         768
  C:2DA9H         LINE#         769
  -------         ENDPROC       _LT9611_MIPI_PCR
  C:1CA4H         SYMBOL        L?0370
  -------         PROC          L?0369
  -------         ENDPROC       L?0369
  C:1CA4H         SYMBOL        L?0370
  -------         PROC          _LT9611_PLL
  D:0001H         SYMBOL        video_format
  -------         DO            
  X:0168H         SYMBOL        pclk
  D:0007H         SYMBOL        pll_lock_flag
  X:016CH         SYMBOL        cal_done_flag
  X:016DH         SYMBOL        band_out
  X:016EH         SYMBOL        hdmi_post_div
  X:016FH         SYMBOL        i
  -------         ENDDO         
  C:1CAFH         LINE#         772
  C:1CAFH         LINE#         773
  C:1CAFH         LINE#         778
  C:1CBBH         LINE#         779
  C:1CD8H         LINE#         781
  C:1CDFH         LINE#         782
  C:1CE6H         LINE#         783
  C:1CEDH         LINE#         784
  C:1CF4H         LINE#         785
  C:1CFBH         LINE#         786
  C:1D02H         LINE#         789
  C:1D09H         LINE#         791
  C:1D10H         LINE#         792
  C:1D17H         LINE#         794
  C:1D1EH         LINE#         796
  C:1D3AH         LINE#         797
  C:1D3AH         LINE#         798
  C:1D41H         LINE#         799
  C:1D47H         LINE#         800
BL51 BANKED LINKER/LOCATER V6.22                                                      06/07/2023  09:16:45  PAGE 26


  C:1D49H         LINE#         801
  C:1D65H         LINE#         802
  C:1D65H         LINE#         803
  C:1D6CH         LINE#         804
  C:1D72H         LINE#         805
  C:1D74H         LINE#         807
  C:1D74H         LINE#         808
  C:1D7BH         LINE#         809
  C:1D81H         LINE#         810
  C:1D81H         LINE#         812
  C:1DBBH         LINE#         813
  C:1DBEH         LINE#         814
  C:1DD4H         LINE#         816
  C:1DDBH         LINE#         817
  C:1DE2H         LINE#         818
  C:1DE9H         LINE#         819
  C:1DF5H         LINE#         821
  C:1E12H         LINE#         822
  C:1E19H         LINE#         823
  C:1E37H         LINE#         824
  C:1E4AH         LINE#         825
  C:1E68H         LINE#         826
  C:1E7CH         LINE#         828
  C:1E83H         LINE#         829
  C:1E8AH         LINE#         831
  C:1E91H         LINE#         832
  C:1E98H         LINE#         833
  C:1E9FH         LINE#         834
  C:1EA6H         LINE#         835
  C:1EADH         LINE#         836
  C:1EB4H         LINE#         837
  C:1EBBH         LINE#         840
  C:1EC0H         LINE#         841
  C:1EC0H         LINE#         842
  C:1EC7H         LINE#         843
  C:1ECEH         LINE#         844
  C:1ED5H         LINE#         845
  C:1EDCH         LINE#         846
  C:1EE6H         LINE#         847
  C:1EF0H         LINE#         848
  C:1EF5H         LINE#         850
  C:1F06H         LINE#         851
  C:1F06H         LINE#         852
  C:1F14H         LINE#         853
  C:1F14H         LINE#         854
  C:1F14H         LINE#         856
  C:1F14H         LINE#         857
  C:1F1BH         LINE#         858
  C:1F22H         LINE#         859
  C:1F2DH         LINE#         860
  C:1F34H         LINE#         862
  C:1F3BH         LINE#         863
  C:1F42H         LINE#         864
  C:1F4DH         LINE#         865
  C:1F54H         LINE#         866
  C:1F5BH         LINE#         867
  C:1F64H         LINE#         868
BL51 BANKED LINKER/LOCATER V6.22                                                      06/07/2023  09:16:45  PAGE 27


  C:1F6FH         LINE#         869
  C:1F6FH         LINE#         870
  C:1F7EH         LINE#         871
  -------         ENDPROC       _LT9611_PLL
  -------         PROC          LT9611_HDMI_TX_PHY
  C:3556H         LINE#         873
  C:3556H         LINE#         874
  C:3556H         LINE#         875
  C:355DH         LINE#         876
  C:3564H         LINE#         877
  C:356AH         LINE#         878
  C:356AH         LINE#         879
  C:3571H         LINE#         880
  C:3577H         LINE#         881
  C:3579H         LINE#         883
  C:3579H         LINE#         884
  C:3580H         LINE#         885
  C:3589H         LINE#         886
  C:3589H         LINE#         887
  C:3590H         LINE#         888
  C:3597H         LINE#         889
  C:359EH         LINE#         890
  C:35A5H         LINE#         891
  C:35ACH         LINE#         892
  C:35B3H         LINE#         893
  C:35BAH         LINE#         894
  C:35C1H         LINE#         895
  C:35C8H         LINE#         896
  C:35CFH         LINE#         897
  C:35D6H         LINE#         898
  -------         ENDPROC       LT9611_HDMI_TX_PHY
  -------         PROC          LT9611_HDCP_INIT
  C:422FH         LINE#         935
  C:422FH         LINE#         936
  C:422FH         LINE#         937
  C:4236H         LINE#         938
  C:423DH         LINE#         940
  C:4244H         LINE#         941
  C:4244H         LINE#         942
  C:4246H         LINE#         944
  C:4248H         LINE#         946
  C:4248H         LINE#         947
  C:424FH         LINE#         949
  C:424FH         LINE#         951
  C:4256H         LINE#         953
  -------         ENDPROC       LT9611_HDCP_INIT
  -------         PROC          LT9611_LOAD_HDCP_KEY
  C:37E4H         LINE#         989
  C:37E4H         LINE#         990
  C:37E4H         LINE#         992
  C:37EBH         LINE#         993
  C:37F2H         LINE#         995
  C:37F9H         LINE#         996
  C:3800H         LINE#         997
  C:3807H         LINE#         998
  C:380EH         LINE#         999
  C:3815H         LINE#         1000
BL51 BANKED LINKER/LOCATER V6.22                                                      06/07/2023  09:16:45  PAGE 28


  C:381CH         LINE#         1002
  C:3823H         LINE#         1003
  C:382AH         LINE#         1004
  C:3835H         LINE#         1007
  C:3843H         LINE#         1008
  C:3843H         LINE#         1009
  C:3847H         LINE#         1010
  C:3849H         LINE#         1012
  C:3849H         LINE#         1013
  C:3850H         LINE#         1014
  C:3850H         LINE#         1016
  C:3857H         LINE#         1017
  -------         ENDPROC       LT9611_LOAD_HDCP_KEY
  -------         PROC          LT9611_HDCP_ENABLE
  C:40F1H         LINE#         1020
  C:40F1H         LINE#         1021
  C:40F1H         LINE#         1022
  C:40F8H         LINE#         1023
  C:40FFH         LINE#         1024
  C:4106H         LINE#         1025
  C:410DH         LINE#         1026
  C:4114H         LINE#         1027
  C:411BH         LINE#         1028
  C:4122H         LINE#         1029
  -------         ENDPROC       LT9611_HDCP_ENABLE
  -------         PROC          LT9611_HDCP_DISABLE
  C:4443H         LINE#         1032
  C:4443H         LINE#         1033
  C:4443H         LINE#         1034
  C:444AH         LINE#         1035
  C:4451H         LINE#         1036
  -------         ENDPROC       LT9611_HDCP_DISABLE
  -------         PROC          LT9611_HDMI_OUT_ENABLE
  C:38D7H         LINE#         1039
  C:38D7H         LINE#         1040
  C:38D7H         LINE#         1041
  C:38DEH         LINE#         1042
  C:38E5H         LINE#         1044
  C:38ECH         LINE#         1045
  C:38F3H         LINE#         1046
  C:38FAH         LINE#         1048
  C:3901H         LINE#         1049
  C:3908H         LINE#         1050
  C:390FH         LINE#         1051
  C:3916H         LINE#         1052
  C:391DH         LINE#         1054
  C:3924H         LINE#         1055
  C:392BH         LINE#         1057
  C:3932H         LINE#         1058
  C:3939H         LINE#         1060
  C:3940H         LINE#         1061
  C:3940H         LINE#         1062
  C:3943H         LINE#         1063
  C:3943H         LINE#         1069
  -------         ENDPROC       LT9611_HDMI_OUT_ENABLE
  -------         PROC          LT9611_HDMI_OUT_DISABLE
  C:42B3H         LINE#         1072
BL51 BANKED LINKER/LOCATER V6.22                                                      06/07/2023  09:16:45  PAGE 29


  C:42B3H         LINE#         1073
  C:42B3H         LINE#         1074
  C:42BAH         LINE#         1075
  C:42C1H         LINE#         1076
  C:42C8H         LINE#         1077
  C:42D1H         LINE#         1078
  C:42D8H         LINE#         1079
  C:42D8H         LINE#         1080
  C:42DBH         LINE#         1081
  C:42DBH         LINE#         1082
  -------         ENDPROC       LT9611_HDMI_OUT_DISABLE
  C:2B0DH         SYMBOL        L?0372
  -------         PROC          L?0371
  -------         ENDPROC       L?0371
  C:2B0DH         SYMBOL        L?0372
  -------         PROC          _LT9611_HDMI_TX_DIGITAL
  D:0001H         SYMBOL        video_format
  -------         DO            
  X:0168H         SYMBOL        VIC
  X:0169H         SYMBOL        AR
  X:016AH         SYMBOL        pb0
  X:016BH         SYMBOL        pb2
  X:016CH         SYMBOL        pb4
  X:016DH         SYMBOL        infoFrame_en
  -------         ENDDO         
  C:2B18H         LINE#         1084
  C:2B18H         LINE#         1085
  C:2B18H         LINE#         1087
  C:2B22H         LINE#         1088
  C:2B2CH         LINE#         1093
  C:2B32H         LINE#         1095
  C:2B3FH         LINE#         1097
  C:2B4CH         LINE#         1099
  C:2B54H         LINE#         1100
  C:2B54H         LINE#         1101
  C:2B59H         LINE#         1102
  C:2B5BH         LINE#         1104
  C:2B5BH         LINE#         1105
  C:2B60H         LINE#         1106
  C:2B60H         LINE#         1108
  C:2BABH         LINE#         1110
  C:2BB2H         LINE#         1112
  C:2BB9H         LINE#         1113
  C:2BB9H         LINE#         1114
  C:2BC0H         LINE#         1115
  C:2BC6H         LINE#         1116
  C:2BC8H         LINE#         1117
  C:2BCEH         LINE#         1118
  C:2BCEH         LINE#         1119
  C:2BD5H         LINE#         1120
  C:2BDEH         LINE#         1121
  C:2BDEH         LINE#         1124
  C:2BE5H         LINE#         1125
  C:2BEFH         LINE#         1127
  C:2BF9H         LINE#         1128
  C:2C03H         LINE#         1129
  C:2C0AH         LINE#         1130
BL51 BANKED LINKER/LOCATER V6.22                                                      06/07/2023  09:16:45  PAGE 30


  C:2C11H         LINE#         1131
  C:2C18H         LINE#         1140
  C:2C24H         LINE#         1141
  C:2C24H         LINE#         1142
  C:2C27H         LINE#         1143
  C:2C33H         LINE#         1145
  C:2C3AH         LINE#         1146
  C:2C41H         LINE#         1147
  C:2C48H         LINE#         1148
  C:2C4FH         LINE#         1149
  C:2C56H         LINE#         1150
  C:2C5DH         LINE#         1151
  C:2C64H         LINE#         1152
  C:2C6BH         LINE#         1153
  C:2C6FH         LINE#         1154
  C:2C71H         LINE#         1156
  C:2C71H         LINE#         1157
  C:2C74H         LINE#         1158
  C:2C7EH         LINE#         1159
  C:2C7EH         LINE#         1177
  -------         ENDPROC       _LT9611_HDMI_TX_DIGITAL
  -------         PROC          LT9611_CSC
  C:434AH         LINE#         1179
  C:434AH         LINE#         1180
  C:434AH         LINE#         1181
  C:4351H         LINE#         1182
  C:4351H         LINE#         1183
  C:4358H         LINE#         1184
  C:435FH         LINE#         1186
  C:4368H         LINE#         1187
  C:4368H         LINE#         1188
  -------         ENDPROC       LT9611_CSC
  -------         PROC          LT9611_AUDIO_INIT
  C:330EH         LINE#         1191
  C:330EH         LINE#         1192
  C:330EH         LINE#         1193
  C:3314H         LINE#         1194
  C:3314H         LINE#         1195
  C:331DH         LINE#         1197
  C:3324H         LINE#         1198
  C:332BH         LINE#         1200
  C:3332H         LINE#         1201
  C:3339H         LINE#         1202
  C:3340H         LINE#         1205
  C:3347H         LINE#         1206
  C:334EH         LINE#         1208
  C:3355H         LINE#         1209
  C:335CH         LINE#         1210
  C:3363H         LINE#         1228
  C:3363H         LINE#         1230
  C:336BH         LINE#         1231
  C:336BH         LINE#         1232
  C:3374H         LINE#         1234
  C:337BH         LINE#         1235
  C:3382H         LINE#         1237
  C:3389H         LINE#         1238
  C:3390H         LINE#         1239
BL51 BANKED LINKER/LOCATER V6.22                                                      06/07/2023  09:16:45  PAGE 31


  C:3397H         LINE#         1241
  C:339EH         LINE#         1242
  C:33A5H         LINE#         1243
  C:33A5H         LINE#         1244
  -------         ENDPROC       LT9611_AUDIO_INIT
  -------         PROC          LT9611_READ_EDID
  C:003AH         LINE#         1247
  C:003AH         LINE#         1248
  C:003AH         LINE#         1354
  -------         ENDPROC       LT9611_READ_EDID
  -------         PROC          LT9611_GET_HPD_STATUS
  C:425DH         LINE#         1357
  C:425DH         LINE#         1358
  C:425DH         LINE#         1359
  C:4264H         LINE#         1361
  C:426DH         LINE#         1362
  C:426DH         LINE#         1363
  C:4278H         LINE#         1364
  C:4281H         LINE#         1365
  C:4281H         LINE#         1366
  C:4284H         LINE#         1367
  C:4284H         LINE#         1369
  C:4284H         LINE#         1370
  C:4287H         LINE#         1371
  C:4287H         LINE#         1372
  C:4287H         LINE#         1374
  C:4287H         LINE#         1375
  C:4289H         LINE#         1376
  C:4289H         LINE#         1377
  -------         ENDPROC       LT9611_GET_HPD_STATUS
  -------         PROC          _LT9611_HDMI_CEC_ON
  D:0007H         SYMBOL        enable
  C:0003H         LINE#         1381
  C:0003H         LINE#         1382
  C:0003H         LINE#         1383
  C:000AH         LINE#         1385
  C:000DH         LINE#         1386
  C:0014H         LINE#         1387
  C:001BH         LINE#         1388
  C:0022H         LINE#         1389
  C:0029H         LINE#         1390
  C:002DH         LINE#         1391
  C:002FH         LINE#         1392
  C:002FH         LINE#         1393
  C:0032H         LINE#         1394
  C:0039H         LINE#         1395
  C:0039H         LINE#         1396
  -------         ENDPROC       _LT9611_HDMI_CEC_ON
  -------         PROC          LT9611_CEC_LOGICAL_RESET
  C:4499H         LINE#         1398
  C:4499H         LINE#         1399
  C:4499H         LINE#         1400
  C:44A0H         LINE#         1401
  C:44A7H         LINE#         1402
  -------         ENDPROC       LT9611_CEC_LOGICAL_RESET
  -------         PROC          _LT9611_CEC_MSG_SET_LOGICAL_ADDRESS
  D:0001H         SYMBOL        cec_msg
BL51 BANKED LINKER/LOCATER V6.22                                                      06/07/2023  09:16:45  PAGE 32


  -------         DO            
  X:0171H         SYMBOL        logical_address
  -------         ENDDO         
  C:2FC7H         LINE#         1406
  C:2FC7H         LINE#         1407
  C:2FC7H         LINE#         1429
  C:2FCFH         LINE#         1430
  C:2FD7H         LINE#         1432
  C:2FE1H         LINE#         1434
  C:2FEAH         LINE#         1435
  C:2FEAH         LINE#         1436
  C:2FF3H         LINE#         1438
  C:2FF3H         LINE#         1440
  C:2FFAH         LINE#         1442
  C:303DH         LINE#         1443
  C:303DH         LINE#         1444
  C:303DH         LINE#         1445
  C:303FH         LINE#         1446
  C:303FH         LINE#         1447
  C:3041H         LINE#         1449
  C:3041H         LINE#         1450
  C:3043H         LINE#         1451
  C:3043H         LINE#         1452
  C:3045H         LINE#         1454
  C:3045H         LINE#         1455
  C:3047H         LINE#         1456
  C:3047H         LINE#         1457
  C:3049H         LINE#         1459
  C:3049H         LINE#         1460
  C:304BH         LINE#         1461
  C:304BH         LINE#         1462
  C:304DH         LINE#         1464
  C:304DH         LINE#         1465
  C:304FH         LINE#         1466
  C:304FH         LINE#         1467
  C:3051H         LINE#         1469
  C:3051H         LINE#         1470
[...]
  C:39D6H         LINE#         2273
  C:39DDH         LINE#         2276
  C:39E0H         LINE#         2278
  C:39E6H         LINE#         2279
  C:39E6H         LINE#         2280
  C:39EDH         LINE#         2281
  C:39F4H         LINE#         2282
  C:39FFH         LINE#         2283
  C:3A06H         LINE#         2285
  C:3A09H         LINE#         2286
  C:3A0CH         LINE#         2287
  C:3A0FH         LINE#         2288
  C:3A12H         LINE#         2289
  C:3A12H         LINE#         2291
  C:3A12H         LINE#         2293
  C:3A15H         LINE#         2294
  C:3A15H         LINE#         2295
  -------         ENDPROC       LT9611_VID_CHG_INTERRUPT_HANDLE
  -------         PROC          _LT9611_CEC_MSG_INTERRUPT_HANDLE
  X:0168H         SYMBOL        cec_msg
  -------         DO            
  D:0007H         SYMBOL        cec_status
  -------         ENDDO         
  C:385EH         LINE#         2298
  C:3869H         LINE#         2299
  C:3869H         LINE#         2302
  C:3870H         LINE#         2303
  C:3875H         LINE#         2305
  C:3884H         LINE#         2306
  C:3891H         LINE#         2308
  C:3898H         LINE#         2309
  C:389FH         LINE#         2310
  C:38A6H         LINE#         2312
  C:38ADH         LINE#         2313
  C:38B4H         LINE#         2314
  C:38BBH         LINE#         2316
  C:38C9H         LINE#         2317
  -------         ENDPROC       _LT9611_CEC_MSG_INTERRUPT_HANDLE
  -------         PROC          _LT9611_PATTERN_GCM
BL51 BANKED LINKER/LOCATER V6.22                                                      06/07/2023  09:16:45  PAGE 45


  X:01BFH         SYMBOL        video_format
  -------         DO            
  X:01C2H         SYMBOL        POL
  -------         ENDDO         
  C:2479H         LINE#         2327
  C:2484H         LINE#         2328
  C:2484H         LINE#         2330
  C:24A8H         LINE#         2331
  C:24AAH         LINE#         2332
  C:24ADH         LINE#         2334
  C:24B4H         LINE#         2335
  C:24D8H         LINE#         2336
  C:24FEH         LINE#         2337
  C:2524H         LINE#         2338
  C:253DH         LINE#         2339
  C:2554H         LINE#         2340
  C:256DH         LINE#         2341
  C:2584H         LINE#         2342
  C:259DH         LINE#         2343
  C:25B4H         LINE#         2344
  C:25CDH         LINE#         2345
  C:25E4H         LINE#         2346
  C:25FDH         LINE#         2347
  C:2614H         LINE#         2348
  C:262BH         LINE#         2350
  -------         ENDPROC       _LT9611_PATTERN_GCM
  -------         PROC          _LT9611_PATTERN_PIXEL_CLK
  D:0001H         SYMBOL        video_format
  -------         DO            
  X:01C3H         SYMBOL        pclk
  -------         ENDDO         
  C:3252H         LINE#         2353
  C:3252H         LINE#         2354
  C:3252H         LINE#         2356
  C:325EH         LINE#         2357
  C:327BH         LINE#         2360
  C:3282H         LINE#         2361
  C:3289H         LINE#         2363
  C:32A5H         LINE#         2364
  C:32A5H         LINE#         2365
  C:32ACH         LINE#         2366
  C:32B3H         LINE#         2367
  C:32B3H         LINE#         2368
  C:32CFH         LINE#         2369
  C:32CFH         LINE#         2370
  C:32D6H         LINE#         2371
  C:32D6H         LINE#         2372
  C:32F2H         LINE#         2373
  C:32F2H         LINE#         2374
  C:32F9H         LINE#         2375
  C:32F9H         LINE#         2376
  C:3300H         LINE#         2377
  C:3307H         LINE#         2378
  -------         ENDPROC       _LT9611_PATTERN_PIXEL_CLK
  -------         PROC          LT9611_PATTERN_EN
  C:44AEH         LINE#         2381
  C:44AEH         LINE#         2382
BL51 BANKED LINKER/LOCATER V6.22                                                      06/07/2023  09:16:45  PAGE 46


  C:44AEH         LINE#         2383
  C:44B5H         LINE#         2384
  C:44BCH         LINE#         2385
  -------         ENDPROC       LT9611_PATTERN_EN
  -------         PROC          LT9611_PATTERN
  C:4164H         LINE#         2388
  C:4164H         LINE#         2389
  C:4164H         LINE#         2394
  C:4172H         LINE#         2403
  C:4175H         LINE#         2404
  C:4178H         LINE#         2405
  C:417BH         LINE#         2407
  C:417EH         LINE#         2408
  C:418CH         LINE#         2409
  C:418FH         LINE#         2411
  C:4192H         LINE#         2435
  C:4195H         LINE#         2439
  C:4198H         LINE#         2440
  -------         ENDPROC       LT9611_PATTERN
  -------         PROC          LT9611_INIT
  -------         DO            
  X:0161H         SYMBOL        cnt
  -------         ENDDO         
  C:3191H         LINE#         2453
  C:3191H         LINE#         2454
  C:3191H         LINE#         2455
  C:319BH         LINE#         2457
  C:319EH         LINE#         2458
  C:31A1H         LINE#         2461
  C:31A4H         LINE#         2462
  C:31A7H         LINE#         2464
  C:31B2H         LINE#         2465
  C:31B5H         LINE#         2467
  C:31B8H         LINE#         2468
  C:31BBH         LINE#         2469
  C:31BEH         LINE#         2470
  C:31C1H         LINE#         2472
  C:31C4H         LINE#         2473
  C:31C7H         LINE#         2475
  C:31CAH         LINE#         2476
  C:31CDH         LINE#         2478
  C:31D0H         LINE#         2481
  C:31D5H         LINE#         2483
  C:31DEH         LINE#         2486
  C:31E5H         LINE#         2487
  C:31ECH         LINE#         2488
  C:31F3H         LINE#         2490
  C:31F6H         LINE#         2491
  C:31F9H         LINE#         2492
  C:31FCH         LINE#         2494
  C:3207H         LINE#         2495
  C:320AH         LINE#         2497
  C:3213H         LINE#         2499
  C:3213H         LINE#         2500
  C:3213H         LINE#         2501
  C:3219H         LINE#         2502
  C:3219H         LINE#         2504
BL51 BANKED LINKER/LOCATER V6.22                                                      06/07/2023  09:16:45  PAGE 47


  C:321CH         LINE#         2505
  C:3221H         LINE#         2506
  C:3224H         LINE#         2507
  C:3224H         LINE#         2508
  C:322BH         LINE#         2509
  C:322BH         LINE#         2510
  C:3231H         LINE#         2511
  C:3231H         LINE#         2512
  C:3238H         LINE#         2513
  C:324AH         LINE#         2514
  C:324AH         LINE#         2515
  C:324DH         LINE#         2516
  C:3250H         LINE#         2517
  C:3250H         LINE#         2518
  C:3250H         LINE#         2519
  C:3250H         LINE#         2520
  -------         ENDPROC       LT9611_INIT
  -------         PROC          INTBINTERRUPTFUN
  C:4303H         LINE#         2524
  C:430BH         LINE#         2526
  C:4310H         LINE#         2527
  C:4310H         LINE#         2528
  C:4313H         LINE#         2529
  C:4315H         LINE#         2530
  C:4315H         LINE#         2531
  C:431BH         LINE#         2532
  C:431EH         LINE#         2533
  -------         ENDPROC       INTBINTERRUPTFUN
  -------         PROC          LT9611_IRQ_TASK
  -------         DO            
  X:0165H         SYMBOL        irq_flag3
  X:0166H         SYMBOL        irq_flag0
  X:0167H         SYMBOL        irq_flag1
  -------         ENDDO         
  C:3FDBH         LINE#         2536
  C:3FDBH         LINE#         2537
  C:3FDBH         LINE#         2544
  C:3FE2H         LINE#         2546
  C:3FECH         LINE#         2547
  C:3FF6H         LINE#         2548
  C:4000H         LINE#         2550
  C:4007H         LINE#         2551
  C:4007H         LINE#         2552
  C:4010H         LINE#         2553
  C:4010H         LINE#         2555
  C:4018H         LINE#         2556
  C:4018H         LINE#         2557
  C:401BH         LINE#         2558
  C:401BH         LINE#         2560
  C:4022H         LINE#         2561
  C:4022H         LINE#         2562
  C:4025H         LINE#         2563
  C:4025H         LINE#         2564
  -------         ENDPROC       LT9611_IRQ_TASK
  -------         ENDMOD        LT9611

  -------         MODULE        ?C_STARTUP
BL51 BANKED LINKER/LOCATER V6.22                                                      06/07/2023  09:16:45  PAGE 48


  C:34CAH         SEGMENT       ?C_C51STARTUP
  I:0022H         SEGMENT       ?STACK
  C:0000H         PUBLIC        ?C_STARTUP
  D:00E0H         SYMBOL        ACC
  D:00F0H         SYMBOL        B
  D:0083H         SYMBOL        DPH
  D:0082H         SYMBOL        DPL
  N:0000H         SYMBOL        IBPSTACK
  N:0100H         SYMBOL        IBPSTACKTOP
  N:0080H         SYMBOL        IDATALEN
  C:34CDH         SYMBOL        IDATALOOP
  N:0000H         SYMBOL        PBPSTACK
  N:0100H         SYMBOL        PBPSTACKTOP
  N:0000H         SYMBOL        PDATALEN
  N:0000H         SYMBOL        PDATASTART
  N:0000H         SYMBOL        PPAGE
  N:0000H         SYMBOL        PPAGEENABLE
  D:00A0H         SYMBOL        PPAGE_SFR
  D:0081H         SYMBOL        SP
  C:34CAH         SYMBOL        STARTUP1
  N:0000H         SYMBOL        XBPSTACK
  N:0000H         SYMBOL        XBPSTACKTOP
  N:0000H         SYMBOL        XDATALEN
  N:0000H         SYMBOL        XDATASTART
  C:0000H         LINE#         126
  C:34CAH         LINE#         133
  C:34CCH         LINE#         134
  C:34CDH         LINE#         135
  C:34CEH         LINE#         136
  C:34D0H         LINE#         185
  C:34D3H         LINE#         196
  -------         ENDMOD        ?C_STARTUP

  -------         MODULE        DELAY
  C:0000H         SYMBOL        _ICE_DUMMY_
  D:0080H         PUBLIC        P0
  D:0090H         PUBLIC        P1
  D:00A0H         PUBLIC        P2
  C:3CA0H         PUBLIC        _Timer0_Delay100us
  D:00B0H         PUBLIC        P3
  D:00D8H         PUBLIC        PWMCON0
  C:3AD8H         PUBLIC        _Timer2_Delay500us
  D:00A8H         PUBLIC        IE
  D:00B8H         PUBLIC        IP
  C:3CF9H         PUBLIC        _Timer0_Delay1ms
  B:0021H.1       PUBLIC        BIT_TMP
  D:0098H         PUBLIC        SCON
  D:0089H         PUBLIC        TMOD
  D:0088H         PUBLIC        TCON
  D:00F8H         PUBLIC        SCON_1
  B:0088H.5       PUBLIC        TF0
  C:3D52H         PUBLIC        _Timer1_Delay10ms
  B:0088H.7       PUBLIC        TF1
  B:00C8H.7       PUBLIC        TF2
  D:008CH         PUBLIC        TH0
  D:00C6H         PUBLIC        RH3
  D:008DH         PUBLIC        TH1
BL51 BANKED LINKER/LOCATER V6.22                                                      06/07/2023  09:16:45  PAGE 49


  D:00CDH         PUBLIC        TH2
  D:008AH         PUBLIC        TL0
  D:00C5H         PUBLIC        RL3
  D:008BH         PUBLIC        TL1
  D:00CCH         PUBLIC        TL2
  C:3C45H         PUBLIC        _Timer3_Delay10us
  B:0088H.4       PUBLIC        TR0
  B:0088H.6       PUBLIC        TR1
  B:00C8H.2       PUBLIC        TR2
  D:00E8H         PUBLIC        ADCCON0
  D:00C0H         PUBLIC        I2CON
  D:00C9H         PUBLIC        T2MOD
  D:00C8H         PUBLIC        T2CON
  D:00C4H         PUBLIC        T3CON
  D:008EH         PUBLIC        CKCON
  D:00D0H         PUBLIC        PSW
  C:3BEAH         PUBLIC        _Timer3_Delay100ms
  -------         PROC          _TIMER0_DELAY100US
  X:01C7H         SYMBOL        u32CNT
  C:3CA0H         LINE#         22
  C:3CA6H         LINE#         23
  C:3CA6H         LINE#         24
  C:3CA9H         LINE#         25
  C:3CACH         LINE#         26
  C:3CAEH         LINE#         27
  C:3CC7H         LINE#         28
  C:3CC7H         LINE#         29
  C:3CCAH         LINE#         30
  C:3CCDH         LINE#         31
  C:3CD0H         LINE#         32
  C:3CD2H         LINE#         33
  C:3CF4H         LINE#         34
  C:3CF6H         LINE#         35
  C:3CF8H         LINE#         36
  -------         ENDPROC       _TIMER0_DELAY100US
  -------         PROC          _TIMER0_DELAY1MS
  X:0179H         SYMBOL        u32CNT
  C:3CF9H         LINE#         38
  C:3CFFH         LINE#         39
  C:3CFFH         LINE#         40
  C:3D02H         LINE#         41
  C:3D05H         LINE#         42
  C:3D07H         LINE#         43
  C:3D20H         LINE#         44
  C:3D20H         LINE#         45
  C:3D23H         LINE#         46
  C:3D26H         LINE#         47
  C:3D29H         LINE#         48
  C:3D2BH         LINE#         49
  C:3D4DH         LINE#         50
  C:3D4FH         LINE#         51
  C:3D51H         LINE#         52
  -------         ENDPROC       _TIMER0_DELAY1MS
  -------         PROC          _TIMER1_DELAY10MS
  X:01CBH         SYMBOL        u32CNT
  C:3D52H         LINE#         55
  C:3D58H         LINE#         56
BL51 BANKED LINKER/LOCATER V6.22                                                      06/07/2023  09:16:45  PAGE 50


  C:3D58H         LINE#         57
  C:3D5BH         LINE#         58
  C:3D5EH         LINE#         59
  C:3D60H         LINE#         60
  C:3D79H         LINE#         61
  C:3D79H         LINE#         62
  C:3D7CH         LINE#         63
  C:3D7FH         LINE#         64
  C:3D82H         LINE#         65
  C:3D84H         LINE#         66
  C:3DA6H         LINE#         67
  C:3DA8H         LINE#         68
  C:3DAAH         LINE#         69
  -------         ENDPROC       _TIMER1_DELAY10MS
  -------         PROC          _TIMER2_DELAY500US
  X:01CFH         SYMBOL        u32CNT
  C:3AD8H         LINE#         71
  C:3ADEH         LINE#         72
  C:3ADEH         LINE#         73
  C:3AE1H         LINE#         74
  C:3AE4H         LINE#         75
  C:3AE7H         LINE#         76
  C:3AE9H         LINE#         77
  C:3B02H         LINE#         78
  C:3B02H         LINE#         79
  C:3B05H         LINE#         80
  C:3B08H         LINE#         81
  C:3B0BH         LINE#         82
  C:3B0DH         LINE#         83
  C:3B2FH         LINE#         84
  C:3B31H         LINE#         85
  C:3B33H         LINE#         86
  -------         ENDPROC       _TIMER2_DELAY500US
  -------         PROC          _TIMER3_DELAY100MS
  X:01D3H         SYMBOL        u32CNT
  C:3BEAH         LINE#         88
  C:3BF0H         LINE#         89
  C:3BF0H         LINE#         90
  C:3BF3H         LINE#         91
  C:3BF6H         LINE#         92
  C:3C0FH         LINE#         93
  C:3C0FH         LINE#         94
  C:3C12H         LINE#         95
  C:3C15H         LINE#         96
  C:3C1AH         LINE#         97
  C:3C1DH         LINE#         98
  C:3C3FH         LINE#         99
  C:3C41H         LINE#         100
  C:3C44H         LINE#         101
  -------         ENDPROC       _TIMER3_DELAY100MS
  -------         PROC          _TIMER3_DELAY10US
  X:01D7H         SYMBOL        u32CNT
  C:3C45H         LINE#         104
  C:3C4BH         LINE#         105
  C:3C4BH         LINE#         106
  C:3C4EH         LINE#         107
  C:3C51H         LINE#         108
BL51 BANKED LINKER/LOCATER V6.22                                                      06/07/2023  09:16:45  PAGE 51


  C:3C6AH         LINE#         109
  C:3C6AH         LINE#         110
  C:3C6DH         LINE#         111
  C:3C70H         LINE#         112
  C:3C75H         LINE#         113
  C:3C78H         LINE#         114
  C:3C9AH         LINE#         115
  C:3C9CH         LINE#         116
  C:3C9FH         LINE#         117
  -------         ENDPROC       _TIMER3_DELAY10US
  -------         ENDMOD        DELAY

  -------         MODULE        ?C?CLDPTR
  C:1598H         PUBLIC        ?C?CLDPTR
  -------         ENDMOD        ?C?CLDPTR

  -------         MODULE        ?C?CLDOPTR
  C:15B1H         PUBLIC        ?C?CLDOPTR
  -------         ENDMOD        ?C?CLDOPTR

  -------         MODULE        ?C?CILDOPTR
  C:15DEH         PUBLIC        ?C?CILDOPTR
  -------         ENDMOD        ?C?CILDOPTR

  -------         MODULE        ?C?CSTPTR
  C:1611H         PUBLIC        ?C?CSTPTR
  -------         ENDMOD        ?C?CSTPTR

  -------         MODULE        ?C?CSTOPTR
  C:1623H         PUBLIC        ?C?CSTOPTR
  -------         ENDMOD        ?C?CSTOPTR

  -------         MODULE        ?C?UIDIV
  C:1645H         PUBLIC        ?C?UIDIV
  -------         ENDMOD        ?C?UIDIV

  -------         MODULE        ?C?ILDPTR
  C:169AH         PUBLIC        ?C?ILDPTR
  -------         ENDMOD        ?C?ILDPTR

  -------         MODULE        ?C?ILDOPTR
  C:16C5H         PUBLIC        ?C?ILDOPTR
  -------         ENDMOD        ?C?ILDOPTR

  -------         MODULE        ?C?ISTOPTR
  C:16FDH         PUBLIC        ?C?ISTOPTR
  -------         ENDMOD        ?C?ISTOPTR

  -------         MODULE        ?C?LMUL
  C:172AH         PUBLIC        ?C?LMUL
  -------         ENDMOD        ?C?LMUL

  -------         MODULE        ?C?ULDIV
  C:17B5H         PUBLIC        ?C?ULDIV
  -------         ENDMOD        ?C?ULDIV

  -------         MODULE        ?C?ULCMP
BL51 BANKED LINKER/LOCATER V6.22                                                      06/07/2023  09:16:45  PAGE 52


  C:1847H         PUBLIC        ?C?ULCMP
  -------         ENDMOD        ?C?ULCMP

  -------         MODULE        ?C?LLDOPTR
  C:1858H         PUBLIC        ?C?LLDOPTR
  -------         ENDMOD        ?C?LLDOPTR

  -------         MODULE        ?C?LSTXDATA
  C:1888H         PUBLIC        ?C?LSTXDATA
  -------         ENDMOD        ?C?LSTXDATA

  -------         MODULE        ?C?LSTKXDATA
  C:1894H         PUBLIC        ?C?LSTKXDATA
  -------         ENDMOD        ?C?LSTKXDATA

  -------         MODULE        PRINTF
  X:0175H         PUBLIC        ?_PRINTF517?BYTE
  X:0175H         PUBLIC        ?_PRINTF?BYTE
  X:0175H         PUBLIC        ?_SPRINTF517?BYTE
  X:0175H         PUBLIC        ?_SPRINTF?BYTE
  C:19AAH         PUBLIC        _PRINTF
  C:19AAH         PUBLIC        _PRINTF517
  C:19A4H         PUBLIC        _SPRINTF
  C:19A4H         PUBLIC        _SPRINTF517
  -------         ENDMOD        PRINTF

  -------         MODULE        ?C?LLDIDATA
  C:18C5H         PUBLIC        ?C?LLDIDATA
  -------         ENDMOD        ?C?LLDIDATA

  -------         MODULE        ?C?LLDXDATA
  C:18D1H         PUBLIC        ?C?LLDXDATA
  -------         ENDMOD        ?C?LLDXDATA

  -------         MODULE        ?C?LLDPDATA
  C:18DDH         PUBLIC        ?C?LLDPDATA
  -------         ENDMOD        ?C?LLDPDATA

  -------         MODULE        ?C?LLDCODE
  C:18E9H         PUBLIC        ?C?LLDCODE
  -------         ENDMOD        ?C?LLDCODE

  -------         MODULE        ?C?PLDIXDATA
  C:18F9H         PUBLIC        ?C?PLDIXDATA
  -------         ENDMOD        ?C?PLDIXDATA

  -------         MODULE        ?C?PSTXDATA
  C:1910H         PUBLIC        ?C?PSTXDATA
  -------         ENDMOD        ?C?PSTXDATA

  -------         MODULE        ?C?CCASE
  C:1919H         PUBLIC        ?C?CCASE
  -------         ENDMOD        ?C?CCASE

  -------         MODULE        PUTCHAR
  C:42DCH         PUBLIC        _PUTCHAR
  -------         ENDMOD        PUTCHAR
BL51 BANKED LINKER/LOCATER V6.22                                                      06/07/2023  09:16:45  PAGE 53



Program Size: data=15.2 xdata=481 code=17664
LINK/LOCATE RUN COMPLETE.  0 WARNING(S),  0 ERROR(S)
