BL51 BANKED LINKER/LOCATER V6.22                                                        04/27/2023  08:40:56  PAGE 1


BL51 BANKED LINKER/LOCATER V6.22, INVOKED BY:
C:\KEIL_V5\C51\C51\BIN\BL51.EXE .\Objects\uart0.obj, .\Objects\main.obj, .\Objects\i2c.obj, .\Objects\lt9611.obj, .\Obje
>> cts\STARTUP.obj, .\Objects\Delay.obj TO .\Objects\LT9611_YUV422_CSI_23021001 PRINT (.\Listings\LT9611_YUV422_CSI_2302
>> 1001.m51) RAMSIZE (256) DISABLEWARNING (16)


MEMORY MODEL: LARGE


INPUT MODULES INCLUDED:
  .\Objects\uart0.obj (UART0)
  .\Objects\main.obj (MAIN)
  .\Objects\i2c.obj (I2C)
  .\Objects\lt9611.obj (LT9611)
  .\Objects\STARTUP.obj (?C_STARTUP)
  .\Objects\Delay.obj (DELAY)
  C:\KEIL_V5\C51\C51\LIB\C51L.LIB (?C_INIT)
  C:\KEIL_V5\C51\C51\LIB\C51L.LIB (?C?CLDPTR)
  C:\KEIL_V5\C51\C51\LIB\C51L.LIB (?C?CLDOPTR)
  C:\KEIL_V5\C51\C51\LIB\C51L.LIB (?C?CILDOPTR)
  C:\KEIL_V5\C51\C51\LIB\C51L.LIB (?C?CSTPTR)
  C:\KEIL_V5\C51\C51\LIB\C51L.LIB (?C?CSTOPTR)
  C:\KEIL_V5\C51\C51\LIB\C51L.LIB (?C?UIDIV)
  C:\KEIL_V5\C51\C51\LIB\C51L.LIB (?C?ILDPTR)
  C:\KEIL_V5\C51\C51\LIB\C51L.LIB (?C?ILDOPTR)
  C:\KEIL_V5\C51\C51\LIB\C51L.LIB (?C?ISTOPTR)
  C:\KEIL_V5\C51\C51\LIB\C51L.LIB (?C?LMUL)
  C:\KEIL_V5\C51\C51\LIB\C51L.LIB (?C?ULDIV)
  C:\KEIL_V5\C51\C51\LIB\C51L.LIB (?C?ULCMP)
  C:\KEIL_V5\C51\C51\LIB\C51L.LIB (?C?LLDOPTR)
  C:\KEIL_V5\C51\C51\LIB\C51L.LIB (?C?LSTXDATA)
  C:\KEIL_V5\C51\C51\LIB\C51L.LIB (?C?LSTKXDATA)
  C:\KEIL_V5\C51\C51\LIB\C51L.LIB (PRINTF)
  C:\KEIL_V5\C51\C51\LIB\C51L.LIB (?C?LLDIDATA)
  C:\KEIL_V5\C51\C51\LIB\C51L.LIB (?C?LLDXDATA)
  C:\KEIL_V5\C51\C51\LIB\C51L.LIB (?C?LLDPDATA)
  C:\KEIL_V5\C51\C51\LIB\C51L.LIB (?C?LLDCODE)
  C:\KEIL_V5\C51\C51\LIB\C51L.LIB (?C?PLDIXDATA)
  C:\KEIL_V5\C51\C51\LIB\C51L.LIB (?C?PSTXDATA)
  C:\KEIL_V5\C51\C51\LIB\C51L.LIB (?C?CCASE)
  C:\KEIL_V5\C51\C51\LIB\C51L.LIB (PUTCHAR)


LINK MAP OF MODULE:  .\Objects\LT9611_YUV422_CSI_23021001 (UART0)


            TYPE    BASE      LENGTH    RELOCATION   SEGMENT NAME
            -----------------------------------------------------

            * * * * * * *   D A T A   M E M O R Y   * * * * * * *
            REG     0000H     0008H     ABSOLUTE     "REG BANK 0"
            DATA    0008H     0005H     UNIT         _DATA_GROUP_
                    000DH     0013H                  *** GAP ***
            BIT     0020H.0   0001H.1   UNIT         _BIT_GROUP_
            BIT     0021H.1   0000H.1   UNIT         ?BI?DELAY
                    0021H.2   0000H.6                *** GAP ***
            IDATA   0022H     0001H     UNIT         ?STACK

BL51 BANKED LINKER/LOCATER V6.22                                                      04/27/2023  08:40:56  PAGE 2


            * * * * * * *  X D A T A   M E M O R Y  * * * * * * *
            XDATA   0000H     0161H     UNIT         ?XD?LT9611
            XDATA   0161H     003CH     UNIT         _XDATA_GROUP_
            XDATA   019DH     0012H     UNIT         ?XD?_LT9611_PARSE_PHYSICAL_ADDRESS?LT9611
            XDATA   01AFH     0006H     UNIT         ?XD?_DO_CHECKSUM?LT9611
            XDATA   01B5H     0005H     UNIT         ?XD?_HDMI_READI2C_BYTEN?I2C
            XDATA   01BAH     0005H     UNIT         ?XD?_HDMI_WRITEI2C_BYTEN?I2C
            XDATA   01BFH     0004H     UNIT         ?XD?_LT9611_PATTERN_GCM?LT9611
            XDATA   01C3H     0004H     UNIT         ?XD?_LT9611_PATTERN_PIXEL_CLK?LT9611
            XDATA   01C7H     0004H     UNIT         ?XD?_TIMER0_DELAY100US?DELAY
            XDATA   01CBH     0004H     UNIT         ?XD?_TIMER1_DELAY10MS?DELAY
            XDATA   01CFH     0004H     UNIT         ?XD?_TIMER2_DELAY500US?DELAY
            XDATA   01D3H     0004H     UNIT         ?XD?_TIMER3_DELAY100MS?DELAY
            XDATA   01D7H     0004H     UNIT         ?XD?_TIMER3_DELAY10US?DELAY
            XDATA   01DBH     0003H     UNIT         ?XD?_LT9611_CEC_DEVICE_POLLING?LT9611
            XDATA   01DEH     0002H     UNIT         ?XD?I2C
            XDATA   01E0H     0001H     UNIT         ?XD?MAIN

            * * * * * * *   C O D E   M E M O R Y   * * * * * * *
            CODE    0000H     0003H     ABSOLUTE     
            CODE    0003H     0037H     UNIT         ?PR?_LT9611_HDMI_CEC_ON?LT9611
            CODE    003AH     0001H     UNIT         ?PR?LT9611_READ_EDID?LT9611
            CODE    003BH     0003H     ABSOLUTE     
            CODE    003EH     0F52H     UNIT         ?CO?LT9611
            CODE    0F90H     05F2H     UNIT         ?PR?LT9611_VIDEO_CHECK?LT9611
            CODE    1582H     03A7H     UNIT         ?C?LIB_CODE
            CODE    1929H     0365H     UNIT         ?PR?PRINTF?PRINTF
            CODE    1C8EH     02DBH     UNIT         ?PR?_LT9611_PLL?LT9611
            CODE    1F69H     02C0H     UNIT         ?PR?_LT9611_CEC_MSG_RX_PARSE?LT9611
            CODE    2229H     023AH     UNIT         ?PR?_LT9611_PARSE_PHYSICAL_ADDRESS?LT9611
            CODE    2463H     01BEH     UNIT         ?PR?_LT9611_PATTERN_GCM?LT9611
            CODE    2621H     01AAH     UNIT         ?PR?_LT9611_MIPI_VIDEO_TIMING?LT9611
            CODE    27CBH     0197H     UNIT         ?PR?LT9611_FREQUENCY_METER_BYTE_CLK?LT9611
            CODE    2962H     0195H     UNIT         ?PR?_LT9611_CEC_MSG_TX_HANDLE?LT9611
            CODE    2AF7H     018DH     UNIT         ?PR?_LT9611_HDMI_TX_DIGITAL?LT9611
            CODE    2C84H     0131H     UNIT         ?PR?_LT9611_MIPI_PCR?LT9611
            CODE    2DB5H     0110H     UNIT         ?PR?_LT9611_ENABLE_INTERRUPTS?LT9611
            CODE    2EC5H     0107H     UNIT         ?PR?LT9611_DPHY_DEBUG?LT9611
            CODE    2FCCH     00F9H     UNIT         ?PR?_LT9611_CEC_MSG_SET_LOGICAL_ADDRESS?LT9611
            CODE    30C5H     00D1H     UNIT         ?PR?LT9611_MIPI_INPUT_DIGTAL?LT9611
            CODE    3196H     00C1H     UNIT         ?PR?LT9611_INIT?LT9611
            CODE    3257H     00BCH     UNIT         ?PR?_LT9611_PATTERN_PIXEL_CLK?LT9611
            CODE    3313H     0097H     UNIT         ?PR?_DO_CHECKSUM?LT9611
            CODE    33AAH     008DH     UNIT         ?PR?_LT9611_HDMI_CEC_WRITE?LT9611
            CODE    3437H     008CH     UNIT         ?C_C51STARTUP
            CODE    34C3H     0087H     UNIT         ?PR?LT9611_HDMI_TX_PHY?LT9611
            CODE    354AH     0084H     UNIT         ?PR?_I2C_READ_BYTE?I2C
            CODE    35CEH     0084H     UNIT         ?PR?LT9611_HDP_INTERRUPT_HANDLE?LT9611
            CODE    3652H     0083H     UNIT         ?PR?LT9611_PCR_MK_PRINT?LT9611
            CODE    36D5H     007CH     UNIT         ?PR?LT9611_AUDIO_INIT?LT9611
            CODE    3751H     007CH     UNIT         ?PR?_LT9611_HDMI_CEC_READ?LT9611
            CODE    37CDH     007AH     UNIT         ?PR?LT9611_LOAD_HDCP_KEY?LT9611
            CODE    3847H     0079H     UNIT         ?PR?_LT9611_CEC_MSG_INTERRUPT_HANDLE?LT9611
            CODE    38C0H     0075H     UNIT         ?PR?LT9611_HDMI_OUT_ENABLE?LT9611
            CODE    3935H     0065H     UNIT         ?PR?_LT9611_LOWPOWER_MODE?LT9611
            CODE    399AH     0065H     UNIT         ?PR?LT9611_VID_CHG_INTERRUPT_HANDLE?LT9611
            CODE    39FFH     0063H     UNIT         ?PR?_LT9611_CEC_DEVICE_POLLING?LT9611
BL51 BANKED LINKER/LOCATER V6.22                                                      04/27/2023  08:40:56  PAGE 3


            CODE    3A62H     005FH     UNIT         ?PR?_I2C_WRITE_BYTE?I2C
            CODE    3AC1H     005CH     UNIT         ?PR?_TIMER2_DELAY500US?DELAY
            CODE    3B1DH     005BH     UNIT         ?PR?LT9611_SYSTEM_INIT?LT9611
            CODE    3B78H     005BH     UNIT         ?PR?LT9611_MIPI_INPUT_ANALOG?LT9611
            CODE    3BD3H     005BH     UNIT         ?PR?_TIMER3_DELAY100MS?DELAY
            CODE    3C2EH     005BH     UNIT         ?PR?_TIMER3_DELAY10US?DELAY
            CODE    3C89H     0059H     UNIT         ?PR?_TIMER0_DELAY100US?DELAY
            CODE    3CE2H     0059H     UNIT         ?PR?_TIMER0_DELAY1MS?DELAY
            CODE    3D3BH     0059H     UNIT         ?PR?_TIMER1_DELAY10MS?DELAY
            CODE    3D94H     0055H     UNIT         ?C_INITSEG
            CODE    3DE9H     0052H     UNIT         ?PR?_LT9611_CEC_REPORT_PHYSICAL_ADDRESS?LT9611
            CODE    3E3BH     0052H     UNIT         ?PR?LT9611_HTOTAL_SYSCLK?LT9611
            CODE    3E8DH     0051H     UNIT         ?PR?_I2C_SENDBYTE?I2C
            CODE    3EDEH     004EH     UNIT         ?PR?_DELAY_1MS?LT9611
            CODE    3F2CH     004DH     UNIT         ?PR?MCU_SYSTEMINIT?MAIN
            CODE    3F79H     004BH     UNIT         ?CO?MAIN
            CODE    3FC4H     004BH     UNIT         ?PR?LT9611_IRQ_TASK?LT9611
            CODE    400FH     0049H     UNIT         ?PR?_LT9611_CEC_FRAME_RETRANSMISSION?LT9611
            CODE    4058H     0043H     UNIT         ?PR?LT9611_CHIP_ID?LT9611
            CODE    409BH     003FH     UNIT         ?PR?_LT9611_CEC_MSG_INIT?LT9611
            CODE    40DAH     003AH     UNIT         ?PR?LT9611_HDCP_ENABLE?LT9611
            CODE    4114H     0039H     UNIT         ?PR?_INITIALUART0_TIMER1?UART0
            CODE    414DH     0036H     UNIT         ?PR?LT9611_PATTERN?LT9611
            CODE    4183H     0034H     UNIT         ?PR?RCVBYTE?I2C
            CODE    41B7H     0031H     UNIT         ?PR?_LT9611_CEC_MENU_ACTIVATE?LT9611
            CODE    41E8H     0030H     UNIT         ?PR?_LT9611_CEC_FEATURE_ABORT?LT9611
            CODE    4218H     002EH     UNIT         ?PR?LT9611_HDCP_INIT?LT9611
            CODE    4246H     002DH     UNIT         ?PR?LT9611_GET_HPD_STATUS?LT9611
            CODE    4273H     0029H     UNIT         ?PR?_HDMI_READI2C_BYTE?I2C
            CODE    429CH     0029H     UNIT         ?PR?LT9611_HDMI_OUT_DISABLE?LT9611
            CODE    42C5H     0027H     UNIT         ?PR?PUTCHAR?PUTCHAR
            CODE    42ECH     0024H     UNIT         ?PR?INTBINTERRUPTFUN?LT9611
            CODE    4310H     0023H     UNIT         ?PR?LT9611_RST_PD_INIT?LT9611
            CODE    4333H     001FH     UNIT         ?PR?LT9611_CSC?LT9611
            CODE    4352H     001EH     UNIT         ?PR?_HDMI_WRITEI2C_BYTE?I2C
            CODE    4370H     001DH     UNIT         ?PR?_LT9611_CEC_LA_ALLOCATION?LT9611
            CODE    438DH     001CH     UNIT         ?PR?_ACK_I2C?I2C
            CODE    43A9H     001CH     UNIT         ?PR?LT9611_IRQ_INIT?LT9611
            CODE    43C5H     001AH     UNIT         ?PR?LT9611_RESET?MAIN
            CODE    43DFH     001AH     UNIT         ?PR?LT9611_CEC_MSG_WRITE_DEMO?LT9611
            CODE    43F9H     001AH     UNIT         ?PR?LT9611_BROAD_CAST_DEMO?LT9611
            CODE    4413H     0019H     UNIT         ?PR?_LT9611_GLOBE_INTERRUPTS?LT9611
            CODE    442CH     0017H     UNIT         ?PR?LT9611_HDCP_DISABLE?LT9611
            CODE    4443H     0015H     UNIT         ?PR?START_I2C?I2C
            CODE    4458H     0015H     UNIT         ?PR?_HDMI_READI2C_BYTEN?I2C
            CODE    446DH     0015H     UNIT         ?PR?_HDMI_WRITEI2C_BYTEN?I2C
            CODE    4482H     0015H     UNIT         ?PR?LT9611_CEC_LOGICAL_RESET?LT9611
            CODE    4497H     0015H     UNIT         ?PR?LT9611_PATTERN_EN?LT9611
            CODE    44ACH     0014H     UNIT         ?PR?MAIN?MAIN
            CODE    44C0H     0012H     UNIT         ?PR?_I2C_DELAY_US?I2C
            CODE    44D2H     000CH     UNIT         ?PR?STOP_I2C?I2C
            CODE    44DEH     0008H     UNIT         ?PR?_SEND_DATA_TO_UART0?UART0
            CODE    44E6H     0003H     UNIT         ?PR?_PRINTCH?UART0



OVERLAY MAP OF MODULE:   .\Objects\LT9611_YUV422_CSI_23021001 (UART0)
BL51 BANKED LINKER/LOCATER V6.22                                                      04/27/2023  08:40:56  PAGE 4




SEGMENT                                             BIT_GROUP          DATA_GROUP          XDATA_GROUP
  +--> CALLED SEGMENT                            START    LENGTH     START    LENGTH     START    LENGTH
--------------------------------------------------------------------------------------------------------
?C_C51STARTUP                                    -----    -----      -----    -----      -----    -----
  +--> ?PR?MAIN?MAIN
  +--> ?C_INITSEG

?PR?MAIN?MAIN                                    -----    -----      -----    -----      -----    -----
  +--> ?PR?MCU_SYSTEMINIT?MAIN
  +--> ?CO?MAIN
  +--> ?PR?PRINTF?PRINTF
  +--> ?PR?LT9611_RESET?MAIN
  +--> ?PR?LT9611_INIT?LT9611

?PR?MCU_SYSTEMINIT?MAIN                          -----    -----      -----    -----      -----    -----
  +--> ?PR?_INITIALUART0_TIMER1?UART0

?PR?PRINTF?PRINTF                                0020H.0  0001H.1    0008H    0005H      0175H    0028H
  +--> ?PR?PUTCHAR?PUTCHAR

?PR?LT9611_RESET?MAIN                            -----    -----      -----    -----      -----    -----
  +--> ?PR?_TIMER0_DELAY1MS?DELAY

?PR?_TIMER0_DELAY1MS?DELAY                       -----    -----      -----    -----      0179H    0004H

?PR?LT9611_INIT?LT9611                           -----    -----      -----    -----      0161H    0004H
  +--> ?PR?LT9611_CHIP_ID?LT9611
  +--> ?PR?LT9611_SYSTEM_INIT?LT9611
  +--> ?PR?LT9611_MIPI_INPUT_ANALOG?LT9611
  +--> ?PR?LT9611_MIPI_INPUT_DIGTAL?LT9611
  +--> ?PR?_TIMER0_DELAY1MS?DELAY
  +--> ?PR?LT9611_VIDEO_CHECK?LT9611
  +--> ?PR?_LT9611_PLL?LT9611
  +--> ?PR?_LT9611_MIPI_PCR?LT9611
  +--> ?PR?LT9611_AUDIO_INIT?LT9611
  +--> ?PR?LT9611_CSC?LT9611
  +--> ?PR?LT9611_HDCP_INIT?LT9611
  +--> ?PR?LT9611_LOAD_HDCP_KEY?LT9611
  +--> ?PR?_LT9611_HDMI_TX_DIGITAL?LT9611
  +--> ?PR?LT9611_HDMI_TX_PHY?LT9611
  +--> ?PR?LT9611_IRQ_INIT?LT9611
  +--> ?PR?_LT9611_HDMI_CEC_ON?LT9611
  +--> ?PR?_LT9611_CEC_MSG_INIT?LT9611
  +--> ?PR?_LT9611_ENABLE_INTERRUPTS?LT9611
  +--> ?PR?LT9611_FREQUENCY_METER_BYTE_CLK?L...
  +--> ?PR?LT9611_DPHY_DEBUG?LT9611
  +--> ?PR?LT9611_HTOTAL_SYSCLK?LT9611
  +--> ?PR?LT9611_HDP_INTERRUPT_HANDLE?LT9611
  +--> ?CO?LT9611
  +--> ?PR?PRINTF?PRINTF
  +--> ?PR?LT9611_IRQ_TASK?LT9611
  +--> ?PR?LT9611_GET_HPD_STATUS?LT9611
  +--> ?PR?_HDMI_WRITEI2C_BYTE?I2C
  +--> ?PR?_HDMI_READI2C_BYTE?I2C
  +--> ?PR?LT9611_HDCP_DISABLE?LT9611
BL51 BANKED LINKER/LOCATER V6.22                                                      04/27/2023  08:40:56  PAGE 5


  +--> ?PR?LT9611_HDCP_ENABLE?LT9611

?PR?LT9611_CHIP_ID?LT9611                        -----    -----      -----    -----      -----    -----
  +--> ?PR?_HDMI_WRITEI2C_BYTE?I2C
  +--> ?PR?_HDMI_READI2C_BYTE?I2C
  +--> ?CO?LT9611
  +--> ?PR?PRINTF?PRINTF

?PR?_HDMI_WRITEI2C_BYTE?I2C                      -----    -----      -----    -----      0179H    0001H
  +--> ?PR?_I2C_WRITE_BYTE?I2C

?PR?_I2C_WRITE_BYTE?I2C                          -----    -----      -----    -----      017AH    0007H
  +--> ?PR?START_I2C?I2C
  +--> ?PR?_I2C_SENDBYTE?I2C
  +--> ?PR?STOP_I2C?I2C

?PR?START_I2C?I2C                                -----    -----      -----    -----      -----    -----
  +--> ?PR?_I2C_DELAY_US?I2C

?PR?_I2C_SENDBYTE?I2C                            -----    -----      -----    -----      -----    -----
  +--> ?PR?_I2C_DELAY_US?I2C

?PR?STOP_I2C?I2C                                 -----    -----      -----    -----      -----    -----
  +--> ?PR?_I2C_DELAY_US?I2C

?PR?_HDMI_READI2C_BYTE?I2C                       -----    -----      -----    -----      0179H    0001H
  +--> ?PR?_I2C_READ_BYTE?I2C

?PR?_I2C_READ_BYTE?I2C                           -----    -----      -----    -----      017AH    0007H
  +--> ?PR?START_I2C?I2C
  +--> ?PR?_I2C_SENDBYTE?I2C
  +--> ?PR?STOP_I2C?I2C
  +--> ?PR?RCVBYTE?I2C
  +--> ?PR?_ACK_I2C?I2C

?PR?RCVBYTE?I2C                                  -----    -----      -----    -----      -----    -----
  +--> ?PR?_I2C_DELAY_US?I2C

?PR?_ACK_I2C?I2C                                 -----    -----      -----    -----      -----    -----
  +--> ?PR?_I2C_DELAY_US?I2C

?PR?LT9611_SYSTEM_INIT?LT9611                    -----    -----      -----    -----      -----    -----
  +--> ?PR?_HDMI_WRITEI2C_BYTE?I2C

?PR?LT9611_MIPI_INPUT_ANALOG?LT9611              -----    -----      -----    -----      -----    -----
  +--> ?PR?_HDMI_WRITEI2C_BYTE?I2C

?PR?LT9611_MIPI_INPUT_DIGTAL?LT9611              -----    -----      -----    -----      0165H    0001H
  +--> ?CO?LT9611
  +--> ?PR?PRINTF?PRINTF
  +--> ?PR?_HDMI_WRITEI2C_BYTE?I2C

?PR?LT9611_VIDEO_CHECK?LT9611                    -----    -----      -----    -----      0168H    000DH
  +--> ?PR?_HDMI_WRITEI2C_BYTE?I2C
  +--> ?PR?_HDMI_READI2C_BYTE?I2C
  +--> ?CO?LT9611
  +--> ?PR?PRINTF?PRINTF
BL51 BANKED LINKER/LOCATER V6.22                                                      04/27/2023  08:40:56  PAGE 6



?PR?_LT9611_PLL?LT9611                           -----    -----      -----    -----      0168H    0008H
  +--> ?CO?LT9611
  +--> ?PR?PRINTF?PRINTF
  +--> ?PR?_HDMI_WRITEI2C_BYTE?I2C
  +--> ?PR?_HDMI_READI2C_BYTE?I2C
  +--> ?PR?_TIMER0_DELAY1MS?DELAY

?PR?_LT9611_MIPI_PCR?LT9611                      -----    -----      -----    -----      0168H    0003H
  +--> ?PR?_HDMI_WRITEI2C_BYTE?I2C
  +--> ?PR?_LT9611_MIPI_VIDEO_TIMING?LT9611
  +--> ?PR?_TIMER0_DELAY1MS?DELAY

?PR?_LT9611_MIPI_VIDEO_TIMING?LT9611             -----    -----      -----    -----      016BH    0003H
  +--> ?PR?_HDMI_WRITEI2C_BYTE?I2C

?PR?LT9611_AUDIO_INIT?LT9611                     -----    -----      -----    -----      -----    -----
  +--> ?CO?LT9611
  +--> ?PR?PRINTF?PRINTF
  +--> ?PR?_HDMI_WRITEI2C_BYTE?I2C

?PR?LT9611_CSC?LT9611                            -----    -----      -----    -----      -----    -----
  +--> ?PR?_HDMI_WRITEI2C_BYTE?I2C
  +--> ?CO?LT9611
  +--> ?PR?PRINTF?PRINTF

?PR?LT9611_HDCP_INIT?LT9611                      -----    -----      -----    -----      -----    -----
  +--> ?PR?_HDMI_WRITEI2C_BYTE?I2C

?PR?LT9611_LOAD_HDCP_KEY?LT9611                  -----    -----      -----    -----      -----    -----
  +--> ?PR?_HDMI_WRITEI2C_BYTE?I2C
  +--> ?PR?_TIMER0_DELAY1MS?DELAY
  +--> ?PR?_HDMI_READI2C_BYTE?I2C
  +--> ?CO?LT9611
  +--> ?PR?PRINTF?PRINTF

?PR?_LT9611_HDMI_TX_DIGITAL?LT9611               -----    -----      -----    -----      0168H    0006H
  +--> ?CO?LT9611
  +--> ?PR?PRINTF?PRINTF
  +--> ?PR?_HDMI_WRITEI2C_BYTE?I2C

?PR?LT9611_HDMI_TX_PHY?LT9611                    -----    -----      -----    -----      -----    -----
  +--> ?PR?_HDMI_WRITEI2C_BYTE?I2C
  +--> ?CO?LT9611
  +--> ?PR?PRINTF?PRINTF

?PR?LT9611_IRQ_INIT?LT9611                       -----    -----      -----    -----      -----    -----
  +--> ?PR?_HDMI_WRITEI2C_BYTE?I2C

?PR?_LT9611_HDMI_CEC_ON?LT9611                   -----    -----      -----    -----      -----    -----
  +--> ?PR?_HDMI_WRITEI2C_BYTE?I2C

?PR?_LT9611_CEC_MSG_INIT?LT9611                  -----    -----      -----    -----      0165H    0003H
  +--> ?PR?_LT9611_HDMI_CEC_ON?LT9611
  +--> ?PR?_LT9611_CEC_MSG_SET_LOGICAL_ADDRE...

?PR?_LT9611_CEC_MSG_SET_LOGICAL_ADDRE...         -----    -----      -----    -----      0171H    0001H
BL51 BANKED LINKER/LOCATER V6.22                                                      04/27/2023  08:40:56  PAGE 7


  +--> ?CO?LT9611
  +--> ?PR?PRINTF?PRINTF
  +--> ?PR?_HDMI_WRITEI2C_BYTE?I2C

?PR?_LT9611_ENABLE_INTERRUPTS?LT9611             -----    -----      -----    -----      0168H    0002H
  +--> ?PR?_HDMI_WRITEI2C_BYTE?I2C
  +--> ?CO?LT9611
  +--> ?PR?PRINTF?PRINTF

?PR?LT9611_FREQUENCY_METER_BYTE_CLK?L...         -----    -----      -----    -----      0165H    0005H
  +--> ?PR?_HDMI_WRITEI2C_BYTE?I2C
  +--> ?PR?_TIMER0_DELAY1MS?DELAY
  +--> ?PR?_HDMI_READI2C_BYTE?I2C
  +--> ?CO?LT9611
  +--> ?PR?PRINTF?PRINTF

?PR?LT9611_DPHY_DEBUG?LT9611                     -----    -----      -----    -----      0165H    0001H
  +--> ?PR?_HDMI_WRITEI2C_BYTE?I2C
  +--> ?PR?_HDMI_READI2C_BYTE?I2C
  +--> ?CO?LT9611
  +--> ?PR?PRINTF?PRINTF

?PR?LT9611_HTOTAL_SYSCLK?LT9611                  -----    -----      -----    -----      0165H    0003H
  +--> ?PR?_HDMI_WRITEI2C_BYTE?I2C
  +--> ?PR?_HDMI_READI2C_BYTE?I2C
  +--> ?CO?LT9611
  +--> ?PR?PRINTF?PRINTF

?PR?LT9611_HDP_INTERRUPT_HANDLE?LT9611           -----    -----      -----    -----      -----    -----
  +--> ?PR?_HDMI_WRITEI2C_BYTE?I2C
  +--> ?CO?LT9611
  +--> ?PR?PRINTF?PRINTF
  +--> ?PR?LT9611_HDMI_OUT_DISABLE?LT9611
  +--> ?PR?LT9611_GET_HPD_STATUS?LT9611
  +--> ?PR?_LT9611_LOWPOWER_MODE?LT9611
  +--> ?PR?_LT9611_ENABLE_INTERRUPTS?LT9611
  +--> ?PR?_TIMER0_DELAY1MS?DELAY
  +--> ?PR?LT9611_READ_EDID?LT9611
  +--> ?PR?LT9611_VIDEO_CHECK?LT9611
  +--> ?PR?_LT9611_PLL?LT9611
  +--> ?PR?_LT9611_MIPI_PCR?LT9611
  +--> ?PR?_LT9611_HDMI_TX_DIGITAL?LT9611
  +--> ?PR?LT9611_HDMI_OUT_ENABLE?LT9611
  +--> ?PR?LT9611_PCR_MK_PRINT?LT9611

?PR?LT9611_HDMI_OUT_DISABLE?LT9611               -----    -----      -----    -----      -----    -----
  +--> ?PR?_HDMI_WRITEI2C_BYTE?I2C
  +--> ?CO?LT9611
  +--> ?PR?PRINTF?PRINTF
  +--> ?PR?LT9611_HDCP_DISABLE?LT9611

?PR?LT9611_HDCP_DISABLE?LT9611                   -----    -----      -----    -----      -----    -----
  +--> ?PR?_HDMI_WRITEI2C_BYTE?I2C
  +--> ?CO?LT9611
  +--> ?PR?PRINTF?PRINTF

?PR?LT9611_GET_HPD_STATUS?LT9611                 -----    -----      -----    -----      -----    -----
BL51 BANKED LINKER/LOCATER V6.22                                                      04/27/2023  08:40:56  PAGE 8


  +--> ?PR?_HDMI_WRITEI2C_BYTE?I2C
  +--> ?PR?_HDMI_READI2C_BYTE?I2C
  +--> ?PR?_TIMER0_DELAY1MS?DELAY

?PR?_LT9611_LOWPOWER_MODE?LT9611                 -----    -----      -----    -----      -----    -----
  +--> ?PR?_HDMI_WRITEI2C_BYTE?I2C
  +--> ?CO?LT9611
  +--> ?PR?PRINTF?PRINTF

?PR?LT9611_HDMI_OUT_ENABLE?LT9611                -----    -----      -----    -----      -----    -----
  +--> ?PR?_HDMI_WRITEI2C_BYTE?I2C
  +--> ?PR?LT9611_HDCP_ENABLE?LT9611
  +--> ?CO?LT9611
  +--> ?PR?PRINTF?PRINTF

?PR?LT9611_HDCP_ENABLE?LT9611                    -----    -----      -----    -----      -----    -----
  +--> ?PR?_HDMI_WRITEI2C_BYTE?I2C
  +--> ?CO?LT9611
  +--> ?PR?PRINTF?PRINTF

?PR?LT9611_PCR_MK_PRINT?LT9611                   -----    -----      -----    -----      0168H    0001H
  +--> ?PR?_HDMI_WRITEI2C_BYTE?I2C
  +--> ?PR?_HDMI_READI2C_BYTE?I2C
  +--> ?CO?LT9611
  +--> ?PR?PRINTF?PRINTF
  +--> ?PR?_TIMER0_DELAY1MS?DELAY

?PR?LT9611_IRQ_TASK?LT9611                       -----    -----      -----    -----      0165H    0003H
  +--> ?PR?_HDMI_WRITEI2C_BYTE?I2C
  +--> ?PR?_HDMI_READI2C_BYTE?I2C
  +--> ?PR?_LT9611_CEC_MSG_INTERRUPT_HANDLE?...
  +--> ?PR?LT9611_HDP_INTERRUPT_HANDLE?LT9611
  +--> ?PR?LT9611_VID_CHG_INTERRUPT_HANDLE?L...

?PR?_LT9611_CEC_MSG_INTERRUPT_HANDLE?...         -----    -----      -----    -----      0168H    0003H
  +--> ?PR?_HDMI_WRITEI2C_BYTE?I2C
  +--> ?PR?_HDMI_READI2C_BYTE?I2C
  +--> ?CO?LT9611
  +--> ?PR?PRINTF?PRINTF
  +--> ?PR?_LT9611_CEC_MSG_TX_HANDLE?LT9611
  +--> ?PR?_LT9611_CEC_MSG_RX_PARSE?LT9611

?PR?_LT9611_CEC_MSG_TX_HANDLE?LT9611             -----    -----      -----    -----      016BH    0006H
  +--> ?CO?LT9611
  +--> ?PR?PRINTF?PRINTF
  +--> ?PR?LT9611_CEC_LOGICAL_RESET?LT9611
  +--> ?PR?_LT9611_CEC_MSG_SET_LOGICAL_ADDRE...
  +--> ?PR?_LT9611_CEC_REPORT_PHYSICAL_ADDRE...
  +--> ?PR?_LT9611_CEC_LA_ALLOCATION?LT9611
  +--> ?PR?_LT9611_CEC_FRAME_RETRANSMISSION?...

?PR?LT9611_CEC_LOGICAL_RESET?LT9611              -----    -----      -----    -----      -----    -----
  +--> ?PR?_HDMI_WRITEI2C_BYTE?I2C

?PR?_LT9611_CEC_REPORT_PHYSICAL_ADDRE...         -----    -----      -----    -----      -----    -----
  +--> ?PR?_LT9611_HDMI_CEC_WRITE?LT9611

BL51 BANKED LINKER/LOCATER V6.22                                                      04/27/2023  08:40:56  PAGE 9


?PR?_LT9611_HDMI_CEC_WRITE?LT9611                -----    -----      -----    -----      0174H    0005H
  +--> ?PR?_HDMI_WRITEI2C_BYTE?I2C
  +--> ?PR?_TIMER0_DELAY1MS?DELAY

?PR?_LT9611_CEC_LA_ALLOCATION?LT9611             -----    -----      -----    -----      -----    -----
  +--> ?PR?_LT9611_HDMI_CEC_WRITE?LT9611

?PR?_LT9611_CEC_FRAME_RETRANSMISSION?...         -----    -----      -----    -----      0171H    0003H
  +--> ?PR?_HDMI_WRITEI2C_BYTE?I2C

?PR?_LT9611_CEC_MSG_RX_PARSE?LT9611              -----    -----      -----    -----      016BH    0009H
  +--> ?CO?LT9611
  +--> ?PR?_LT9611_HDMI_CEC_READ?LT9611
  +--> ?PR?PRINTF?PRINTF
  +--> ?PR?_LT9611_CEC_FEATURE_ABORT?LT9611
  +--> ?PR?_LT9611_CEC_REPORT_PHYSICAL_ADDRE...
  +--> ?PR?_TIMER0_DELAY1MS?DELAY
  +--> ?PR?_LT9611_CEC_MENU_ACTIVATE?LT9611

?PR?_LT9611_HDMI_CEC_READ?LT9611                 -----    -----      -----    -----      0174H    0005H
  +--> ?PR?_HDMI_WRITEI2C_BYTE?I2C
  +--> ?PR?_HDMI_READI2C_BYTE?I2C

?PR?_LT9611_CEC_FEATURE_ABORT?LT9611             -----    -----      -----    -----      -----    -----
  +--> ?PR?_LT9611_HDMI_CEC_WRITE?LT9611

?PR?_LT9611_CEC_MENU_ACTIVATE?LT9611             -----    -----      -----    -----      -----    -----
  +--> ?PR?_LT9611_HDMI_CEC_WRITE?LT9611

?PR?LT9611_VID_CHG_INTERRUPT_HANDLE?L...         -----    -----      -----    -----      -----    -----
  +--> ?CO?LT9611
  +--> ?PR?PRINTF?PRINTF
  +--> ?PR?_HDMI_WRITEI2C_BYTE?I2C
  +--> ?PR?LT9611_VIDEO_CHECK?LT9611
  +--> ?PR?_TIMER0_DELAY1MS?DELAY
  +--> ?PR?_LT9611_PLL?LT9611
  +--> ?PR?_LT9611_MIPI_PCR?LT9611
  +--> ?PR?_LT9611_HDMI_TX_DIGITAL?LT9611
  +--> ?PR?LT9611_HDMI_OUT_ENABLE?LT9611
  +--> ?PR?LT9611_HDMI_OUT_DISABLE?LT9611



SYMBOL TABLE OF MODULE:  .\Objects\LT9611_YUV422_CSI_23021001 (UART0)

  VALUE           TYPE          NAME
  ----------------------------------

  -------         MODULE        UART0
  C:0000H         SYMBOL        _ICE_DUMMY_
  D:00B1H         PUBLIC        P0M1
  D:00B2H         PUBLIC        P0M2
  D:0080H         PUBLIC        P0
  D:0090H         PUBLIC        P1
  D:00A0H         PUBLIC        P2
  D:00B0H         PUBLIC        P3
  D:00D8H         PUBLIC        PWMCON0
BL51 BANKED LINKER/LOCATER V6.22                                                      04/27/2023  08:40:56  PAGE 10


  D:00A8H         PUBLIC        IE
  D:00B8H         PUBLIC        IP
  B:0098H.1       PUBLIC        TI
  D:0099H         PUBLIC        SBUF
  D:0087H         PUBLIC        PCON
  D:0098H         PUBLIC        SCON
  D:0089H         PUBLIC        TMOD
  D:0088H         PUBLIC        TCON
  D:00F8H         PUBLIC        SCON_1
  D:008DH         PUBLIC        TH1
  C:4114H         PUBLIC        _InitialUART0_Timer1
  B:0088H.6       PUBLIC        TR1
  D:00E8H         PUBLIC        ADCCON0
  C:44DEH         PUBLIC        _Send_Data_To_UART0
  D:00C0H         PUBLIC        I2CON
  D:00C8H         PUBLIC        T2CON
  D:00C4H         PUBLIC        T3CON
  D:008EH         PUBLIC        CKCON
  D:00D0H         PUBLIC        PSW
  C:44E6H         PUBLIC        _printch
  -------         PROC          _INITIALUART0_TIMER1
  D:0004H         SYMBOL        u32Baudrate
  C:4114H         LINE#         8
  C:4114H         LINE#         9
  C:4114H         LINE#         10
  C:411AH         LINE#         11
  C:4120H         LINE#         13
  C:4123H         LINE#         14
  C:4126H         LINE#         16
  C:4129H         LINE#         17
  C:412CH         LINE#         18
  C:412FH         LINE#         21
  C:4148H         LINE#         26
  C:414AH         LINE#         27
  C:414CH         LINE#         28
  -------         ENDPROC       _INITIALUART0_TIMER1
  -------         PROC          _SEND_DATA_TO_UART0
  D:0007H         SYMBOL        c
  C:44DEH         LINE#         64
  C:44DEH         LINE#         65
  C:44DEH         LINE#         66
  C:44E0H         LINE#         67
  C:44E2H         LINE#         68
  C:44E5H         LINE#         69
  -------         ENDPROC       _SEND_DATA_TO_UART0
  -------         PROC          _PRINTCH
  D:0007H         SYMBOL        ch
  C:44E6H         LINE#         144
  C:44E6H         LINE#         145
  C:44E6H         LINE#         146
  -------         ENDPROC       _PRINTCH
  -------         ENDMOD        UART0

  -------         MODULE        MAIN
  C:0000H         SYMBOL        _ICE_DUMMY_
  D:00B1H         PUBLIC        P0M1
  D:00B3H         PUBLIC        P1M1
BL51 BANKED LINKER/LOCATER V6.22                                                      04/27/2023  08:40:56  PAGE 11


  D:00B2H         PUBLIC        P0M2
  D:0080H         PUBLIC        P0
  D:00B4H         PUBLIC        P1M2
  D:0090H         PUBLIC        P1
  D:00ACH         PUBLIC        P3M1
  D:00A0H         PUBLIC        P2
  D:00B0H         PUBLIC        P3
  D:00ADH         PUBLIC        P3M2
  B:00A8H.7       PUBLIC        EA
  D:00D8H         PUBLIC        PWMCON0
  D:00A8H         PUBLIC        IE
  D:00B8H         PUBLIC        IP
  C:44ACH         PUBLIC        main
  B:00B0H.0       PUBLIC        P30
  D:0098H         PUBLIC        SCON
  D:0088H         PUBLIC        TCON
  D:00F8H         PUBLIC        SCON_1
  D:009BH         PUBLIC        EIE
  C:43C5H         PUBLIC        LT9611_Reset
  D:00E8H         PUBLIC        ADCCON0
  D:00C0H         PUBLIC        I2CON
  X:01E0H         PUBLIC        irq_task_flag
  C:3F2CH         PUBLIC        MCU_SystemInit
  D:00C8H         PUBLIC        T2CON
  D:00E9H         PUBLIC        PICON
  D:00D0H         PUBLIC        PSW
  D:00EAH         PUBLIC        PINEN
  D:00EBH         PUBLIC        PIPEN
  -------         PROC          MCU_SYSTEMINIT
  C:3F2CH         LINE#         6
  C:3F2CH         LINE#         7
  C:3F2CH         LINE#         8
  C:3F32H         LINE#         9
  C:3F38H         LINE#         10
  C:3F3EH         LINE#         11
  C:3F44H         LINE#         12
  C:3F4AH         LINE#         14
  C:3F50H         LINE#         15
  C:3F56H         LINE#         16
  C:3F5CH         LINE#         19
  C:3F67H         LINE#         21
  C:3F6AH         LINE#         22
  C:3F73H         LINE#         23
  C:3F76H         LINE#         28
  C:3F78H         LINE#         29
  -------         ENDPROC       MCU_SYSTEMINIT
  -------         PROC          LT9611_RESET
  C:43C5H         LINE#         31
  C:43C5H         LINE#         32
  C:43C5H         LINE#         33
  C:43C7H         LINE#         34
  C:43D2H         LINE#         35
  C:43D4H         LINE#         36
  -------         ENDPROC       LT9611_RESET
  -------         PROC          MAIN
  C:44ACH         LINE#         39
  C:44ACH         LINE#         40
BL51 BANKED LINKER/LOCATER V6.22                                                      04/27/2023  08:40:56  PAGE 12


  C:44ACH         LINE#         41
  C:44AFH         LINE#         43
  C:44B8H         LINE#         44
  C:44BBH         LINE#         49
  C:44BEH         LINE#         52
  -------         ENDPROC       MAIN
  -------         ENDMOD        MAIN

  -------         MODULE        I2C
  C:0000H         SYMBOL        _ICE_DUMMY_
  D:0080H         PUBLIC        P0
  D:0090H         PUBLIC        P1
  D:00A0H         PUBLIC        P2
  D:00B0H         PUBLIC        P3
  C:4458H         PUBLIC        _HDMI_ReadI2C_ByteN
  D:00D8H         PUBLIC        PWMCON0
  D:00A8H         PUBLIC        IE
  C:354AH         SYMBOL        _i2c_read_byte
  C:446DH         PUBLIC        _HDMI_WriteI2C_ByteN
  X:01DEH         PUBLIC        I2CADR
  D:00B8H         PUBLIC        IP
  C:3A62H         SYMBOL        _i2c_write_byte
  X:01DFH         PUBLIC        ack
  B:0090H.3       PUBLIC        P13
  D:0098H         PUBLIC        SCON
  B:0090H.4       PUBLIC        P14
  D:0088H         PUBLIC        TCON
  C:4273H         PUBLIC        _HDMI_ReadI2C_Byte
  C:3E8DH         SYMBOL        _I2C_SendByte
  C:4183H         SYMBOL        RcvByte
  D:00F8H         PUBLIC        SCON_1
  C:4352H         PUBLIC        _HDMI_WriteI2C_Byte
  C:438DH         SYMBOL        _Ack_I2c
  C:4443H         SYMBOL        Start_I2c
  C:44C7H         SYMBOL        _I2C_Delay_us
  D:00E8H         PUBLIC        ADCCON0
  D:00C0H         PUBLIC        I2CON
  C:44D2H         SYMBOL        Stop_I2c
  D:00C8H         PUBLIC        T2CON
  D:00D0H         PUBLIC        PSW
  -------         PROC          L?0048
  -------         ENDPROC       L?0048
  -------         PROC          _I2C_DELAY_US
  D:0007H         SYMBOL        uscount
  -------         DO            
  D:0006H         SYMBOL        x
  -------         ENDDO         
  C:44C7H         LINE#         21
  C:44C7H         LINE#         22
  C:44C7H         LINE#         24
  C:44CEH         LINE#         25
  C:44CEH         LINE#         27
  C:44D1H         LINE#         28
  -------         ENDPROC       _I2C_DELAY_US
  -------         PROC          START_I2C
  C:4443H         LINE#         30
  C:4443H         LINE#         31
BL51 BANKED LINKER/LOCATER V6.22                                                      04/27/2023  08:40:56  PAGE 13


  C:4443H         LINE#         32
  C:4445H         LINE#         33
  C:4447H         LINE#         34
  C:4447H         LINE#         35
  C:444AH         LINE#         36
  C:444CH         LINE#         37
  C:4451H         LINE#         38
  C:4453H         LINE#         39
  -------         ENDPROC       START_I2C
  -------         PROC          STOP_I2C
  C:44D2H         LINE#         42
  C:44D2H         LINE#         43
  C:44D2H         LINE#         44
  C:44D4H         LINE#         45
  C:44D6H         LINE#         46
  C:44D6H         LINE#         47
  C:44D9H         LINE#         48
  C:44DBH         LINE#         49
  -------         ENDPROC       STOP_I2C
  -------         PROC          _I2C_SENDBYTE
  D:0005H         SYMBOL        c
  -------         DO            
  D:0004H         SYMBOL        bit_Cnt
  -------         ENDDO         
  C:3E8DH         LINE#         53
  C:3E8FH         LINE#         54
  C:3E8FH         LINE#         57
  C:3E91H         LINE#         58
  C:3E91H         LINE#         59
  C:3E9EH         LINE#         60
  C:3E9EH         LINE#         61
  C:3EA0H         LINE#         62
  C:3EA2H         LINE#         64
  C:3EA2H         LINE#         65
  C:3EA4H         LINE#         66
  C:3EA4H         LINE#         67
  C:3EA9H         LINE#         68
  C:3EABH         LINE#         69
  C:3EAFH         LINE#         70
  C:3EB1H         LINE#         71
  C:3EB6H         LINE#         73
  C:3EBBH         LINE#         74
  C:3EBDH         LINE#         75
  C:3EC2H         LINE#         76
  C:3EC4H         LINE#         77
  C:3EC7H         LINE#         79
  C:3ECAH         LINE#         80
  C:3ECAH         LINE#         81
  C:3ECFH         LINE#         82
  C:3ED1H         LINE#         84
  C:3ED1H         LINE#         85
  C:3ED7H         LINE#         86
  C:3ED7H         LINE#         87
  C:3ED9H         LINE#         88
  -------         ENDPROC       _I2C_SENDBYTE
  -------         PROC          RCVBYTE
  -------         DO            
BL51 BANKED LINKER/LOCATER V6.22                                                      04/27/2023  08:40:56  PAGE 14


  D:0005H         SYMBOL        retc
  D:0004H         SYMBOL        bit_Cnt
  -------         ENDDO         
  C:4183H         LINE#         91
  C:4183H         LINE#         92
  C:4183H         LINE#         96
  C:4185H         LINE#         97
  C:4187H         LINE#         98
  C:4188H         LINE#         99
  C:4188H         LINE#         100
  C:418DH         LINE#         101
  C:418FH         LINE#         102
  C:4194H         LINE#         103
  C:4196H         LINE#         104
  C:419BH         LINE#         105
  C:419FH         LINE#         106
  C:41A2H         LINE#         107
  C:41A2H         LINE#         108
  C:41A3H         LINE#         109
  C:41A3H         LINE#         110
  C:41A8H         LINE#         111
  C:41ADH         LINE#         112
  C:41AFH         LINE#         113
  C:41B4H         LINE#         114
  C:41B6H         LINE#         115
  -------         ENDPROC       RCVBYTE
  -------         PROC          _ACK_I2C
  D:0007H         SYMBOL        a
  C:438DH         LINE#         117
  C:438DH         LINE#         118
  C:438DH         LINE#         119
  C:4390H         LINE#         120
  C:4390H         LINE#         121
  C:4392H         LINE#         122
  C:4394H         LINE#         124
  C:4394H         LINE#         125
  C:4396H         LINE#         126
  C:4396H         LINE#         128
  C:439BH         LINE#         129
  C:439DH         LINE#         130
  C:43A2H         LINE#         131
  C:43A4H         LINE#         132
  -------         ENDPROC       _ACK_I2C
  -------         PROC          _I2C_WRITE_BYTE
  D:0004H         SYMBOL        sla
  X:017BH         SYMBOL        suba
  D:0001H         SYMBOL        s
  X:017FH         SYMBOL        no
  -------         DO            
  X:0180H         SYMBOL        i
  -------         ENDDO         
  C:3A62H         LINE#         135
  C:3A69H         LINE#         136
  C:3A69H         LINE#         139
  C:3A6CH         LINE#         141
  C:3A71H         LINE#         143
  C:3A77H         LINE#         144
BL51 BANKED LINKER/LOCATER V6.22                                                      04/27/2023  08:40:56  PAGE 15


  C:3A77H         LINE#         145
  C:3A77H         LINE#         146
  C:3A79H         LINE#         147
  C:3A79H         LINE#         148
  C:3A81H         LINE#         149
  C:3A87H         LINE#         150
  C:3A87H         LINE#         151
  C:3A87H         LINE#         152
  C:3A89H         LINE#         153
  C:3A89H         LINE#         155
  C:3A99H         LINE#         156
  C:3A99H         LINE#         157
  C:3AA0H         LINE#         158
  C:3AA6H         LINE#         159
  C:3AA6H         LINE#         160
  C:3AA9H         LINE#         161
  C:3AACH         LINE#         162
  C:3AACH         LINE#         163
  C:3AB3H         LINE#         164
  C:3ABBH         LINE#         165
  C:3ABEH         LINE#         166
  C:3AC0H         LINE#         167
  -------         ENDPROC       _I2C_WRITE_BYTE
  -------         PROC          _I2C_READ_BYTE
  X:017AH         SYMBOL        sla
  X:017BH         SYMBOL        suba
  D:0001H         SYMBOL        s
  X:017FH         SYMBOL        no
  -------         DO            
  X:0180H         SYMBOL        i
  -------         ENDDO         
  C:354AH         LINE#         169
  C:3552H         LINE#         170
  C:3552H         LINE#         172
  C:3555H         LINE#         173
  C:355DH         LINE#         174
  C:3563H         LINE#         175
  C:3563H         LINE#         176
  C:3563H         LINE#         177
  C:3563H         LINE#         178
  C:3565H         LINE#         179
  C:3565H         LINE#         180
  C:356DH         LINE#         181
  C:3573H         LINE#         182
  C:3573H         LINE#         183
  C:3573H         LINE#         184
  C:3573H         LINE#         185
  C:3575H         LINE#         186
  C:3575H         LINE#         187
  C:3578H         LINE#         188
  C:3581H         LINE#         189
  C:3587H         LINE#         190
  C:3587H         LINE#         191
  C:358AH         LINE#         192
  C:358EH         LINE#         193
  C:3590H         LINE#         194
  C:3590H         LINE#         195
BL51 BANKED LINKER/LOCATER V6.22                                                      04/27/2023  08:40:56  PAGE 16


  C:35A1H         LINE#         196
  C:35A1H         LINE#         197
  C:35A8H         LINE#         198
  C:35ADH         LINE#         199
  C:35B4H         LINE#         200
  C:35BCH         LINE#         201
  C:35C3H         LINE#         202
  C:35C8H         LINE#         203
  C:35CBH         LINE#         204
  C:35CDH         LINE#         205
  -------         ENDPROC       _I2C_READ_BYTE
  -------         PROC          _HDMI_READI2C_BYTE
  D:0006H         SYMBOL        RegAddr
  -------         DO            
  X:0179H         SYMBOL        p_data
  -------         ENDDO         
  C:4273H         LINE#         207
  C:4275H         LINE#         208
  C:4275H         LINE#         209
  C:427AH         LINE#         211
  C:4293H         LINE#         212
  C:4293H         LINE#         213
  C:4299H         LINE#         214
  C:4299H         LINE#         215
  C:429BH         LINE#         216
  -------         ENDPROC       _HDMI_READI2C_BYTE
  -------         PROC          _HDMI_READI2C_BYTEN
  D:0006H         SYMBOL        RegAddr
  D:0001H         SYMBOL        p_data
  X:01B9H         SYMBOL        N
  -------         DO            
  D:0007H         SYMBOL        flag
  -------         ENDDO         
  C:4458H         LINE#         218
  C:445AH         LINE#         219
  C:445AH         LINE#         222
  C:446CH         LINE#         224
  C:446CH         LINE#         225
  -------         ENDPROC       _HDMI_READI2C_BYTEN
  -------         PROC          _HDMI_WRITEI2C_BYTE
  D:0006H         SYMBOL        RegAddr
  X:0179H         SYMBOL        d
  -------         DO            
  D:0007H         SYMBOL        flag
  -------         ENDDO         
  C:4352H         LINE#         227
  C:4359H         LINE#         228
  C:4359H         LINE#         231
  C:436FH         LINE#         234
  C:436FH         LINE#         235
  -------         ENDPROC       _HDMI_WRITEI2C_BYTE
  -------         PROC          _HDMI_WRITEI2C_BYTEN
  D:0006H         SYMBOL        RegAddr
  D:0001H         SYMBOL        d
  X:01BEH         SYMBOL        N
  -------         DO            
  D:0007H         SYMBOL        flag
BL51 BANKED LINKER/LOCATER V6.22                                                      04/27/2023  08:40:56  PAGE 17


  -------         ENDDO         
  C:446DH         LINE#         237
  C:446FH         LINE#         238
  C:446FH         LINE#         241
  C:4481H         LINE#         243
  C:4481H         LINE#         244
  -------         ENDPROC       _HDMI_WRITEI2C_BYTEN
  -------         ENDMOD        I2C

  -------         MODULE        LT9611
  C:0000H         SYMBOL        _ICE_DUMMY_
  D:0080H         PUBLIC        P0
  C:409BH         PUBLIC        _lt9611_cec_msg_init
  C:43DFH         PUBLIC        lt9611_cec_msg_write_demo
  D:0090H         PUBLIC        P1
  D:00A0H         PUBLIC        P2
  D:00B0H         PUBLIC        P3
  C:3EDEH         PUBLIC        _delay_1ms
  D:00D8H         PUBLIC        PWMCON0
  C:2962H         PUBLIC        _lt9611_cec_msg_tx_handle
  C:4482H         PUBLIC        lt9611_cec_logical_reset
  X:0005H         PUBLIC        Tx_HPD
  C:4497H         PUBLIC        LT9611_pattern_en
  C:2C8FH         PUBLIC        _LT9611_MIPI_Pcr
  C:3313H         SYMBOL        _do_checksum
  C:442CH         PUBLIC        LT9611_HDCP_Disable
  C:41E8H         PUBLIC        _lt9611_cec_feature_abort
  D:00A8H         PUBLIC        IE
  C:42ECH         PUBLIC        IntbInterruptFun
  C:0F90H         PUBLIC        LT9611_Video_Check
  X:0006H         PUBLIC        Sink_EDID
  C:41B7H         PUBLIC        _lt9611_cec_menu_activate
  C:0EC5H         PUBLIC        video_1920x1080_30Hz
  X:0106H         PUBLIC        pcr_m
  C:0EA8H         PUBLIC        video_1920x1080_50Hz
  C:35CEH         PUBLIC        LT9611_HDP_Interrupt_Handle
  C:0F1CH         PUBLIC        video_3840x2160_30Hz
  C:0EFFH         PUBLIC        video_1920x1080_24Hz
  C:0E8BH         PUBLIC        video_1920x1080_60Hz
  C:0EE2H         PUBLIC        video_1920x1080_25Hz
  C:34C3H         PUBLIC        LT9611_HDMI_TX_Phy
  C:0F56H         PUBLIC        video_3840x2160_24Hz
  C:0F39H         PUBLIC        video_3840x2160_25Hz
  D:00B8H         PUBLIC        IP
  X:0107H         PUBLIC        video
  C:4246H         PUBLIC        LT9611_Get_HPD_Status
  C:400FH         PUBLIC        _lt9611_cec_frame_retransmission
  C:40DAH         PUBLIC        LT9611_HDCP_Enable
  C:3935H         PUBLIC        _LT9611_LowPower_mode
  C:3E3BH         PUBLIC        LT9611_Htotal_Sysclk
  C:0003H         PUBLIC        _LT9611_HDMI_CEC_ON
  C:37CDH         PUBLIC        LT9611_load_hdcp_key
  C:2FCCH         PUBLIC        _lt9611_cec_msg_set_logical_address
  C:2B02H         PUBLIC        _LT9611_HDMI_TX_Digital
  C:429CH         PUBLIC        LT9611_HDMI_Out_Disable
  C:2621H         PUBLIC        _LT9611_MIPI_Video_Timing
  C:4333H         PUBLIC        LT9611_CSC
BL51 BANKED LINKER/LOCATER V6.22                                                      04/27/2023  08:40:56  PAGE 18


  C:3B78H         PUBLIC        LT9611_MIPI_Input_Analog
  C:30C5H         PUBLIC        LT9611_MIPI_Input_Digtal
  X:010AH         PUBLIC        PCR_Format
  X:010BH         PUBLIC        lt9611
  C:1F69H         PUBLIC        _lt9611_cec_msg_rx_parse
  C:0DFAH         PUBLIC        video_720x480_60Hz
  D:0098H         PUBLIC        SCON
  C:43F9H         PUBLIC        lt9611_broad_cast_demo
  C:0DDDH         PUBLIC        video_640x480_60Hz
  D:0088H         PUBLIC        TCON
  C:3FC4H         PUBLIC        LT9611_IRQ_Task
  C:43A9H         PUBLIC        LT9611_IRQ_Init
  C:4310H         PUBLIC        LT9611_RST_PD_Init
  C:0E17H         PUBLIC        video_720x576_50Hz
  C:38C0H         PUBLIC        LT9611_HDMI_Out_Enable
  C:1C99H         PUBLIC        _LT9611_PLL
  B:0088H.1       PUBLIC        IE0
  C:36D5H         PUBLIC        LT9611_Audio_Init
  C:2229H         PUBLIC        _lt9611_parse_physical_address
  C:3751H         PUBLIC        _lt9611_hdmi_cec_read
  D:00F8H         PUBLIC        SCON_1
  C:2DB5H         PUBLIC        _LT9611_Enable_Interrupts
  C:4058H         PUBLIC        LT9611_Chip_ID
  C:003AH         PUBLIC        LT9611_Read_EDID
  C:3847H         PUBLIC        _lt9611_cec_msg_Interrupt_Handle
  C:399AH         PUBLIC        LT9611_Vid_Chg_Interrupt_Handle
  C:3DF4H         PUBLIC        _lt9611_cec_report_physical_address
  C:3B1DH         PUBLIC        LT9611_System_Init
  X:0114H         PUBLIC        flag_cec_data_received
  D:009BH         PUBLIC        EIE
  C:33AAH         PUBLIC        _lt9611_hdmi_cec_write
  C:2EC5H         PUBLIC        LT9611_Dphy_debug
  C:414DH         PUBLIC        LT9611_pattern
  X:0115H         SYMBOL        CEC_RxData_Buff
  D:00E8H         PUBLIC        ADCCON0
  X:0125H         SYMBOL        CEC_TxData_Buff
  D:00C0H         PUBLIC        I2CON
  C:27CBH         PUBLIC        LT9611_Frequency_Meter_Byte_Clk
  D:00ECH         PUBLIC        PIF
  C:0E6EH         PUBLIC        video_1280x720_30Hz
  C:0E51H         PUBLIC        video_1280x720_50Hz
  C:3652H         PUBLIC        LT9611_Pcr_MK_Print
  C:0E34H         PUBLIC        video_1280x720_60Hz
  C:4413H         PUBLIC        _LT9611_Globe_Interrupts
  D:00C8H         PUBLIC        T2CON
  X:0137H         PUBLIC        lt9611_cec_msg
  C:3196H         PUBLIC        LT9611_Init
  C:4218H         PUBLIC        LT9611_HDCP_Init
  C:0F73H         PUBLIC        video_1024x768_60Hz
  C:2463H         PUBLIC        _LT9611_pattern_gcm
  C:39FFH         PUBLIC        _lt9611_cec_device_polling
  C:3257H         PUBLIC        _LT9611_pattern_pixel_clk
  D:00D0H         PUBLIC        PSW
  C:4370H         PUBLIC        _lt9611_cec_la_allocation
  -------         PROC          _DELAY_1MS
  D:0007H         SYMBOL        cnt
  -------         DO            
BL51 BANKED LINKER/LOCATER V6.22                                                      04/27/2023  08:40:56  PAGE 19


  X:0000H         SYMBOL        i
  X:0002H         SYMBOL        j
  -------         ENDDO         
  C:3EDEH         LINE#         126
  C:3EDEH         LINE#         127
  C:3EDEH         LINE#         130
  C:3EECH         LINE#         131
  C:3EFBH         LINE#         132
  C:3EFBH         LINE#         133
  C:3EFFH         LINE#         134
  C:3F0DH         LINE#         136
  C:3F0DH         LINE#         137
  C:3F1BH         LINE#         138
  C:3F1BH         LINE#         139
  C:3F22H         LINE#         140
  C:3F26H         LINE#         141
  C:3F29H         LINE#         142
  C:3F29H         LINE#         144
  C:3F29H         LINE#         145
  C:3F2BH         LINE#         146
  C:3F2BH         LINE#         147
  -------         ENDPROC       _DELAY_1MS
  -------         PROC          LT9611_CHIP_ID
  C:4058H         LINE#         149
  C:4058H         LINE#         150
  C:4058H         LINE#         151
  C:405FH         LINE#         152
  C:4066H         LINE#         153
  C:4086H         LINE#         156
  C:408DH         LINE#         157
  C:4094H         LINE#         158
  -------         ENDPROC       LT9611_CHIP_ID
  -------         PROC          LT9611_RST_PD_INIT
  C:4310H         LINE#         161
  C:4310H         LINE#         162
  C:4310H         LINE#         164
  C:4317H         LINE#         165
  C:431EH         LINE#         166
  C:4325H         LINE#         167
  C:432CH         LINE#         168
  -------         ENDPROC       LT9611_RST_PD_INIT
  -------         PROC          _LT9611_LOWPOWER_MODE
  D:0007H         SYMBOL        on
  C:3935H         LINE#         171
  C:3935H         LINE#         172
  C:3935H         LINE#         175
  C:393CH         LINE#         176
  C:393CH         LINE#         177
  C:393FH         LINE#         178
  C:3946H         LINE#         179
  C:394DH         LINE#         180
  C:3954H         LINE#         182
  C:395BH         LINE#         183
  C:3962H         LINE#         184
  C:3968H         LINE#         185
  C:396AH         LINE#         187
  C:396AH         LINE#         188
BL51 BANKED LINKER/LOCATER V6.22                                                      04/27/2023  08:40:56  PAGE 20


  C:396DH         LINE#         189
  C:3974H         LINE#         190
  C:397BH         LINE#         191
  C:3982H         LINE#         193
  C:3989H         LINE#         194
  C:3990H         LINE#         195
  C:3999H         LINE#         196
  C:3999H         LINE#         197
  -------         ENDPROC       _LT9611_LOWPOWER_MODE
  -------         PROC          LT9611_SYSTEM_INIT
  C:3B1DH         LINE#         199
  C:3B1DH         LINE#         200
  C:3B1DH         LINE#         201
  C:3B24H         LINE#         203
  C:3B2BH         LINE#         205
  C:3B32H         LINE#         206
  C:3B39H         LINE#         207
  C:3B40H         LINE#         208
  C:3B47H         LINE#         211
  C:3B4EH         LINE#         212
  C:3B55H         LINE#         213
  C:3B5CH         LINE#         214
  C:3B63H         LINE#         215
  C:3B6AH         LINE#         216
  C:3B71H         LINE#         217
  -------         ENDPROC       LT9611_SYSTEM_INIT
  -------         PROC          LT9611_MIPI_INPUT_ANALOG
  C:3B78H         LINE#         220
  C:3B78H         LINE#         221
  C:3B78H         LINE#         223
  C:3B7FH         LINE#         225
  C:3B86H         LINE#         226
  C:3B8DH         LINE#         227
  C:3B94H         LINE#         228
  C:3B9BH         LINE#         229
  C:3BA2H         LINE#         231
  C:3BA9H         LINE#         232
  C:3BB0H         LINE#         233
  C:3BB7H         LINE#         234
  C:3BBEH         LINE#         235
  C:3BC5H         LINE#         237
  C:3BCCH         LINE#         238
  -------         ENDPROC       LT9611_MIPI_INPUT_ANALOG
  -------         PROC          LT9611_MIPI_INPUT_DIGTAL
  -------         DO            
  X:0165H         SYMBOL        lanes
  -------         ENDDO         
  C:30C5H         LINE#         241
  C:30C5H         LINE#         242
  C:30C5H         LINE#         244
  C:30CDH         LINE#         246
  C:30DAH         LINE#         251
  C:30E1H         LINE#         252
  C:30E8H         LINE#         253
  C:30EFH         LINE#         254
  C:30F6H         LINE#         255
  C:30FFH         LINE#         266
BL51 BANKED LINKER/LOCATER V6.22                                                      04/27/2023  08:40:56  PAGE 21


  C:3106H         LINE#         267
  C:310DH         LINE#         270
  C:3114H         LINE#         271
  C:311EH         LINE#         273
  C:3125H         LINE#         274
  C:312CH         LINE#         276
  C:3133H         LINE#         277
  C:3133H         LINE#         278
  C:313AH         LINE#         279
  C:3140H         LINE#         280
  C:3142H         LINE#         282
  C:3142H         LINE#         283
  C:3149H         LINE#         284
  C:3152H         LINE#         285
  C:3152H         LINE#         288
  C:315AH         LINE#         289
  C:315AH         LINE#         290
  C:3163H         LINE#         291
  C:316AH         LINE#         292
  C:3171H         LINE#         293
  C:3178H         LINE#         295
  C:317EH         LINE#         296
  C:317EH         LINE#         297
  C:3185H         LINE#         298
  C:318CH         LINE#         299
  C:318CH         LINE#         300
  C:318CH         LINE#         302
  C:3195H         LINE#         304
  -------         ENDPROC       LT9611_MIPI_INPUT_DIGTAL
  -------         PROC          LT9611_VIDEO_CHECK
  -------         DO            
  X:0168H         SYMBOL        mipi_video_format
  X:0169H         SYMBOL        h_act
  X:016BH         SYMBOL        h_act_a
  X:016DH         SYMBOL        h_act_b
  X:016FH         SYMBOL        v_act
  X:0171H         SYMBOL        v_tal
  X:0173H         SYMBOL        h_total_sysclk
  -------         ENDDO         
  C:0F90H         LINE#         306
  C:0F90H         LINE#         307
  C:0F90H         LINE#         309
  C:0F95H         LINE#         313
  C:0F9CH         LINE#         314
  C:0FA9H         LINE#         315
  C:0FC3H         LINE#         316
  C:0FCCH         LINE#         317
  C:0FD5H         LINE#         318
  C:0FEDH         LINE#         320
  C:0FFAH         LINE#         321
  C:1014H         LINE#         322
  C:1021H         LINE#         323
  C:103BH         LINE#         325
  C:1042H         LINE#         326
  C:104FH         LINE#         327
  C:1069H         LINE#         329
  C:1076H         LINE#         330
BL51 BANKED LINKER/LOCATER V6.22                                                      04/27/2023  08:40:56  PAGE 22


  C:1090H         LINE#         333
  C:1097H         LINE#         334
  C:1097H         LINE#         335
  C:10A0H         LINE#         336
  C:10ABH         LINE#         337
  C:10B4H         LINE#         338
  C:10B6H         LINE#         339
  C:10BCH         LINE#         340
  C:10BCH         LINE#         341
  C:10C5H         LINE#         342
  C:10DCH         LINE#         343
  C:10F1H         LINE#         344
  C:10F1H         LINE#         346
  C:10FBH         LINE#         348
  C:1140H         LINE#         349
  C:1151H         LINE#         351
  C:1158H         LINE#         352
  C:1170H         LINE#         354
  C:117FH         LINE#         357
  C:1188H         LINE#         361
  C:11B4H         LINE#         362
  C:11B4H         LINE#         363
  C:11BDH         LINE#         364
  C:11C3H         LINE#         365
  C:11D1H         LINE#         366
  C:11D4H         LINE#         367
  C:1200H         LINE#         368
  C:1200H         LINE#         369
  C:1209H         LINE#         370
  C:120FH         LINE#         371
  C:121DH         LINE#         372
  C:1220H         LINE#         374
  C:124CH         LINE#         375
  C:124CH         LINE#         376
  C:1255H         LINE#         377
  C:125BH         LINE#         378
  C:1269H         LINE#         379
  C:126CH         LINE#         381
  C:129DH         LINE#         382
  C:129DH         LINE#         383
  C:12ACH         LINE#         384
  C:12ACH         LINE#         385
  C:12B5H         LINE#         386
  C:12BBH         LINE#         387
  C:12C9H         LINE#         388
  C:12CCH         LINE#         389
  C:12DBH         LINE#         390
  C:12DBH         LINE#         391
  C:12E4H         LINE#         392
  C:12EAH         LINE#         393
  C:12F8H         LINE#         394
  C:12FBH         LINE#         395
  C:130DH         LINE#         396
  C:130DH         LINE#         397
  C:1316H         LINE#         398
  C:131CH         LINE#         399
  C:132AH         LINE#         400
BL51 BANKED LINKER/LOCATER V6.22                                                      04/27/2023  08:40:56  PAGE 23


  C:132AH         LINE#         401
  C:132DH         LINE#         403
  C:135EH         LINE#         404
  C:135EH         LINE#         405
  C:136DH         LINE#         406
  C:136DH         LINE#         407
  C:1376H         LINE#         408
  C:137CH         LINE#         409
  C:138AH         LINE#         410
  C:138DH         LINE#         412
  C:139CH         LINE#         413
  C:139CH         LINE#         414
  C:13A5H         LINE#         415
  C:13ABH         LINE#         416
  C:13B9H         LINE#         417
  C:13BCH         LINE#         419
  C:13CBH         LINE#         420
  C:13CBH         LINE#         421
  C:13D4H         LINE#         422
  C:13DAH         LINE#         423
  C:13E8H         LINE#         424
  C:13EBH         LINE#         426
  C:13FAH         LINE#         427
  C:13FAH         LINE#         428
  C:1403H         LINE#         429
  C:1409H         LINE#         430
  C:1417H         LINE#         431
  C:141AH         LINE#         433
  C:142CH         LINE#         434
  C:142CH         LINE#         435
  C:1435H         LINE#         436
  C:143BH         LINE#         437
  C:1449H         LINE#         438
  C:1449H         LINE#         439
  C:144CH         LINE#         441
  C:147DH         LINE#         442
  C:147DH         LINE#         443
  C:1484H         LINE#         444
  C:148BH         LINE#         445
  C:149AH         LINE#         446
  C:149AH         LINE#         447
  C:14A3H         LINE#         448
  C:14A9H         LINE#         449
  C:14B7H         LINE#         450
  C:14BAH         LINE#         451
  C:14C9H         LINE#         452
  C:14C9H         LINE#         453
  C:14D2H         LINE#         454
  C:14D8H         LINE#         455
  C:14E6H         LINE#         456
  C:14E9H         LINE#         457
  C:14F8H         LINE#         458
  C:14F8H         LINE#         459
  C:1501H         LINE#         460
  C:1507H         LINE#         461
  C:1515H         LINE#         462
  C:1515H         LINE#         463
BL51 BANKED LINKER/LOCATER V6.22                                                      04/27/2023  08:40:56  PAGE 24


  C:1517H         LINE#         491
  C:1543H         LINE#         492
  C:1543H         LINE#         493
  C:154CH         LINE#         494
  C:1552H         LINE#         495
  C:1560H         LINE#         496
  C:1562H         LINE#         650
  C:1562H         LINE#         651
  C:1567H         LINE#         652
  C:1570H         LINE#         653
  C:1570H         LINE#         654
  C:1579H         LINE#         655
  -------         ENDPROC       LT9611_VIDEO_CHECK
  -------         PROC          _LT9611_MIPI_VIDEO_TIMING
  X:016BH         SYMBOL        video_format
  C:2621H         LINE#         661
  C:262CH         LINE#         662
  C:262CH         LINE#         663
  C:2633H         LINE#         664
  C:264CH         LINE#         665
  C:2663H         LINE#         666
  C:267CH         LINE#         667
  C:2693H         LINE#         668
  C:26ACH         LINE#         669
  C:26C3H         LINE#         670
  C:26DCH         LINE#         671
  C:26F3H         LINE#         672
  C:270AH         LINE#         673
  C:2721H         LINE#         674
  C:2738H         LINE#         675
  C:275EH         LINE#         676
  C:2772H         LINE#         677
  C:27A5H         LINE#         678
  -------         ENDPROC       _LT9611_MIPI_VIDEO_TIMING
  C:2C84H         SYMBOL        L?0376
  -------         PROC          L?0375
  -------         ENDPROC       L?0375
  C:2C84H         SYMBOL        L?0376
  -------         PROC          _LT9611_MIPI_PCR
  D:0001H         SYMBOL        video_format
  -------         DO            
  X:0168H         SYMBOL        POL
  X:0169H         SYMBOL        hact
  -------         ENDDO         
  C:2C8FH         LINE#         681
  C:2C8FH         LINE#         682
  C:2C8FH         LINE#         685
  C:2C9FH         LINE#         686
  C:2CB3H         LINE#         687
  C:2CB5H         LINE#         688
  C:2CB8H         LINE#         690
  C:2CBFH         LINE#         692
  C:2CC7H         LINE#         693
  C:2CC7H         LINE#         694
  C:2CDDH         LINE#         695
  C:2CE9H         LINE#         697
  C:2D04H         LINE#         699
BL51 BANKED LINKER/LOCATER V6.22                                                      04/27/2023  08:40:56  PAGE 25


  C:2D0EH         LINE#         700
  C:2D19H         LINE#         702
  C:2D23H         LINE#         703
  C:2D29H         LINE#         704
  C:2D2BH         LINE#         707
  C:2D2BH         LINE#         708
  C:2D32H         LINE#         709
  C:2D39H         LINE#         711
  C:2D40H         LINE#         712
  C:2D47H         LINE#         713
  C:2D47H         LINE#         716
  C:2D4EH         LINE#         719
  C:2D55H         LINE#         720
  C:2D5CH         LINE#         722
  C:2D63H         LINE#         725
  C:2D6AH         LINE#         726
  C:2D76H         LINE#         761
  C:2D84H         LINE#         763
  C:2D8BH         LINE#         764
  C:2D95H         LINE#         766
  C:2D9CH         LINE#         767
  C:2DA3H         LINE#         768
  C:2DAEH         LINE#         769
  -------         ENDPROC       _LT9611_MIPI_PCR
  C:1C8EH         SYMBOL        L?0372
  -------         PROC          L?0371
  -------         ENDPROC       L?0371
  C:1C8EH         SYMBOL        L?0372
  -------         PROC          _LT9611_PLL
  D:0001H         SYMBOL        video_format
  -------         DO            
  X:0168H         SYMBOL        pclk
  D:0007H         SYMBOL        pll_lock_flag
  X:016CH         SYMBOL        cal_done_flag
  X:016DH         SYMBOL        band_out
  X:016EH         SYMBOL        hdmi_post_div
  X:016FH         SYMBOL        i
  -------         ENDDO         
  C:1C99H         LINE#         772
  C:1C99H         LINE#         773
  C:1C99H         LINE#         778
  C:1CA5H         LINE#         779
  C:1CC2H         LINE#         781
  C:1CC9H         LINE#         782
  C:1CD0H         LINE#         783
  C:1CD7H         LINE#         784
  C:1CDEH         LINE#         785
  C:1CE5H         LINE#         786
  C:1CECH         LINE#         789
  C:1CF3H         LINE#         791
  C:1CFAH         LINE#         792
  C:1D01H         LINE#         793
  C:1D08H         LINE#         795
  C:1D24H         LINE#         796
  C:1D24H         LINE#         797
  C:1D2BH         LINE#         798
  C:1D31H         LINE#         799
BL51 BANKED LINKER/LOCATER V6.22                                                      04/27/2023  08:40:56  PAGE 26


  C:1D33H         LINE#         800
  C:1D4FH         LINE#         801
  C:1D4FH         LINE#         802
  C:1D56H         LINE#         803
  C:1D5CH         LINE#         804
  C:1D5EH         LINE#         806
  C:1D5EH         LINE#         807
  C:1D65H         LINE#         808
  C:1D6BH         LINE#         809
  C:1D6BH         LINE#         811
  C:1DA5H         LINE#         812
  C:1DA8H         LINE#         813
  C:1DBEH         LINE#         815
  C:1DC5H         LINE#         816
  C:1DCCH         LINE#         817
  C:1DD3H         LINE#         818
  C:1DDFH         LINE#         820
  C:1DFCH         LINE#         821
  C:1E03H         LINE#         822
  C:1E21H         LINE#         823
  C:1E34H         LINE#         824
  C:1E52H         LINE#         825
  C:1E66H         LINE#         827
  C:1E6DH         LINE#         828
  C:1E74H         LINE#         830
  C:1E7BH         LINE#         831
  C:1E82H         LINE#         832
  C:1E89H         LINE#         833
  C:1E90H         LINE#         834
  C:1E97H         LINE#         835
  C:1E9EH         LINE#         836
  C:1EA5H         LINE#         839
  C:1EAAH         LINE#         840
  C:1EAAH         LINE#         841
  C:1EB1H         LINE#         842
  C:1EB8H         LINE#         843
  C:1EBFH         LINE#         844
  C:1EC6H         LINE#         845
  C:1ED0H         LINE#         846
  C:1EDAH         LINE#         847
  C:1EDFH         LINE#         849
  C:1EF0H         LINE#         850
  C:1EF0H         LINE#         851
  C:1EFEH         LINE#         852
  C:1EFEH         LINE#         853
  C:1EFEH         LINE#         855
  C:1EFEH         LINE#         856
  C:1F05H         LINE#         857
  C:1F0CH         LINE#         858
  C:1F17H         LINE#         859
  C:1F1EH         LINE#         861
  C:1F25H         LINE#         862
  C:1F2CH         LINE#         863
  C:1F37H         LINE#         864
  C:1F3EH         LINE#         865
  C:1F45H         LINE#         866
  C:1F4EH         LINE#         867
BL51 BANKED LINKER/LOCATER V6.22                                                      04/27/2023  08:40:56  PAGE 27


  C:1F59H         LINE#         868
  C:1F59H         LINE#         869
  C:1F68H         LINE#         870
  -------         ENDPROC       _LT9611_PLL
  -------         PROC          LT9611_HDMI_TX_PHY
  C:34C3H         LINE#         872
  C:34C3H         LINE#         873
  C:34C3H         LINE#         874
  C:34CAH         LINE#         875
  C:34D1H         LINE#         876
  C:34D7H         LINE#         877
  C:34D7H         LINE#         878
  C:34DEH         LINE#         879
  C:34E4H         LINE#         880
  C:34E6H         LINE#         882
  C:34E6H         LINE#         883
  C:34EDH         LINE#         884
  C:34F6H         LINE#         885
  C:34F6H         LINE#         886
  C:34FDH         LINE#         887
  C:3504H         LINE#         888
  C:350BH         LINE#         889
  C:3512H         LINE#         890
  C:3519H         LINE#         891
  C:3520H         LINE#         892
  C:3527H         LINE#         893
  C:352EH         LINE#         894
  C:3535H         LINE#         895
  C:353CH         LINE#         896
  C:3543H         LINE#         897
  -------         ENDPROC       LT9611_HDMI_TX_PHY
  -------         PROC          LT9611_HDCP_INIT
  C:4218H         LINE#         934
  C:4218H         LINE#         935
  C:4218H         LINE#         936
  C:421FH         LINE#         937
  C:4226H         LINE#         939
  C:422DH         LINE#         940
  C:422DH         LINE#         941
  C:422FH         LINE#         943
  C:4231H         LINE#         945
  C:4231H         LINE#         946
  C:4238H         LINE#         948
  C:4238H         LINE#         950
  C:423FH         LINE#         952
  -------         ENDPROC       LT9611_HDCP_INIT
  -------         PROC          LT9611_LOAD_HDCP_KEY
  C:37CDH         LINE#         988
  C:37CDH         LINE#         989
  C:37CDH         LINE#         991
  C:37D4H         LINE#         992
  C:37DBH         LINE#         994
  C:37E2H         LINE#         995
  C:37E9H         LINE#         996
  C:37F0H         LINE#         997
  C:37F7H         LINE#         998
  C:37FEH         LINE#         999
BL51 BANKED LINKER/LOCATER V6.22                                                      04/27/2023  08:40:56  PAGE 28


  C:3805H         LINE#         1001
  C:380CH         LINE#         1002
  C:3813H         LINE#         1003
  C:381EH         LINE#         1006
  C:382CH         LINE#         1007
  C:382CH         LINE#         1008
  C:3830H         LINE#         1009
  C:3832H         LINE#         1011
  C:3832H         LINE#         1012
  C:3839H         LINE#         1013
  C:3839H         LINE#         1015
  C:3840H         LINE#         1016
  -------         ENDPROC       LT9611_LOAD_HDCP_KEY
  -------         PROC          LT9611_HDCP_ENABLE
  C:40DAH         LINE#         1019
  C:40DAH         LINE#         1020
  C:40DAH         LINE#         1021
  C:40E1H         LINE#         1022
  C:40E8H         LINE#         1023
  C:40EFH         LINE#         1024
  C:40F6H         LINE#         1025
  C:40FDH         LINE#         1026
  C:4104H         LINE#         1027
  C:410BH         LINE#         1028
  -------         ENDPROC       LT9611_HDCP_ENABLE
  -------         PROC          LT9611_HDCP_DISABLE
  C:442CH         LINE#         1031
  C:442CH         LINE#         1032
  C:442CH         LINE#         1033
  C:4433H         LINE#         1034
  C:443AH         LINE#         1035
  -------         ENDPROC       LT9611_HDCP_DISABLE
  -------         PROC          LT9611_HDMI_OUT_ENABLE
  C:38C0H         LINE#         1038
  C:38C0H         LINE#         1039
  C:38C0H         LINE#         1040
  C:38C7H         LINE#         1041
  C:38CEH         LINE#         1043
  C:38D5H         LINE#         1044
  C:38DCH         LINE#         1045
  C:38E3H         LINE#         1047
  C:38EAH         LINE#         1048
  C:38F1H         LINE#         1049
  C:38F8H         LINE#         1050
  C:38FFH         LINE#         1051
  C:3906H         LINE#         1053
  C:390DH         LINE#         1054
  C:3914H         LINE#         1056
  C:391BH         LINE#         1057
  C:3922H         LINE#         1059
  C:3929H         LINE#         1060
  C:3929H         LINE#         1061
  C:392CH         LINE#         1062
  C:392CH         LINE#         1068
  -------         ENDPROC       LT9611_HDMI_OUT_ENABLE
  -------         PROC          LT9611_HDMI_OUT_DISABLE
  C:429CH         LINE#         1071
BL51 BANKED LINKER/LOCATER V6.22                                                      04/27/2023  08:40:56  PAGE 29


  C:429CH         LINE#         1072
  C:429CH         LINE#         1073
  C:42A3H         LINE#         1074
  C:42AAH         LINE#         1075
  C:42B1H         LINE#         1076
  C:42BAH         LINE#         1077
  C:42C1H         LINE#         1078
  C:42C1H         LINE#         1079
  C:42C4H         LINE#         1080
  C:42C4H         LINE#         1081
  -------         ENDPROC       LT9611_HDMI_OUT_DISABLE
  C:2AF7H         SYMBOL        L?0374
  -------         PROC          L?0373
  -------         ENDPROC       L?0373
  C:2AF7H         SYMBOL        L?0374
  -------         PROC          _LT9611_HDMI_TX_DIGITAL
  D:0001H         SYMBOL        video_format
  -------         DO            
  X:0168H         SYMBOL        VIC
  X:0169H         SYMBOL        AR
  X:016AH         SYMBOL        pb0
  X:016BH         SYMBOL        pb2
  X:016CH         SYMBOL        pb4
  X:016DH         SYMBOL        infoFrame_en
  -------         ENDDO         
  C:2B02H         LINE#         1083
  C:2B02H         LINE#         1084
  C:2B02H         LINE#         1086
  C:2B0CH         LINE#         1087
  C:2B16H         LINE#         1092
  C:2B1CH         LINE#         1094
  C:2B29H         LINE#         1096
  C:2B36H         LINE#         1098
  C:2B3EH         LINE#         1099
  C:2B3EH         LINE#         1100
  C:2B43H         LINE#         1101
  C:2B45H         LINE#         1103
  C:2B45H         LINE#         1104
  C:2B4AH         LINE#         1105
  C:2B4AH         LINE#         1107
  C:2B95H         LINE#         1109
  C:2B9CH         LINE#         1111
  C:2BA3H         LINE#         1112
  C:2BA3H         LINE#         1113
  C:2BAAH         LINE#         1114
  C:2BB0H         LINE#         1115
  C:2BB2H         LINE#         1116
  C:2BB8H         LINE#         1117
  C:2BB8H         LINE#         1118
  C:2BBFH         LINE#         1119
  C:2BC8H         LINE#         1120
  C:2BC8H         LINE#         1122
  C:2BCEH         LINE#         1123
  C:2BCEH         LINE#         1124
  C:2BD5H         LINE#         1125
  C:2BD5H         LINE#         1127
  C:2BDCH         LINE#         1128
BL51 BANKED LINKER/LOCATER V6.22                                                      04/27/2023  08:40:56  PAGE 30


  C:2BDCH         LINE#         1129
  C:2BE3H         LINE#         1130
  C:2BE3H         LINE#         1133
  C:2BEAH         LINE#         1134
  C:2BF4H         LINE#         1136
  C:2BFEH         LINE#         1137
  C:2C08H         LINE#         1138
  C:2C0FH         LINE#         1139
  C:2C16H         LINE#         1140
  C:2C1DH         LINE#         1149
  C:2C29H         LINE#         1150
  C:2C29H         LINE#         1151
  C:2C2CH         LINE#         1152
  C:2C38H         LINE#         1154
  C:2C3FH         LINE#         1155
  C:2C46H         LINE#         1156
  C:2C4DH         LINE#         1157
  C:2C54H         LINE#         1158
  C:2C5BH         LINE#         1159
  C:2C62H         LINE#         1160
  C:2C69H         LINE#         1161
  C:2C70H         LINE#         1162
  C:2C74H         LINE#         1163
  C:2C76H         LINE#         1165
  C:2C76H         LINE#         1166
  C:2C79H         LINE#         1167
  C:2C83H         LINE#         1168
  C:2C83H         LINE#         1186
  -------         ENDPROC       _LT9611_HDMI_TX_DIGITAL
  -------         PROC          LT9611_CSC
  C:4333H         LINE#         1188
  C:4333H         LINE#         1189
  C:4333H         LINE#         1190
  C:433AH         LINE#         1191
  C:433AH         LINE#         1192
  C:4341H         LINE#         1193
  C:4348H         LINE#         1195
  C:4351H         LINE#         1196
  C:4351H         LINE#         1197
  -------         ENDPROC       LT9611_CSC
  -------         PROC          LT9611_AUDIO_INIT
  C:36D5H         LINE#         1200
  C:36D5H         LINE#         1201
  C:36D5H         LINE#         1202
  C:36DBH         LINE#         1203
  C:36DBH         LINE#         1204
  C:36E4H         LINE#         1206
  C:36EBH         LINE#         1207
  C:36F2H         LINE#         1208
  C:36F9H         LINE#         1211
  C:3700H         LINE#         1212
  C:3707H         LINE#         1214
  C:370EH         LINE#         1215
  C:3715H         LINE#         1216
  C:371CH         LINE#         1234
  C:371CH         LINE#         1235
  C:3724H         LINE#         1236
BL51 BANKED LINKER/LOCATER V6.22                                                      04/27/2023  08:40:56  PAGE 31


  C:3724H         LINE#         1237
  C:372DH         LINE#         1239
  C:3734H         LINE#         1240
  C:373BH         LINE#         1241
  C:3742H         LINE#         1243
  C:3749H         LINE#         1244
  C:3750H         LINE#         1245
  C:3750H         LINE#         1246
  -------         ENDPROC       LT9611_AUDIO_INIT
  -------         PROC          LT9611_READ_EDID
  C:003AH         LINE#         1249
  C:003AH         LINE#         1250
  C:003AH         LINE#         1356
  -------         ENDPROC       LT9611_READ_EDID
  -------         PROC          LT9611_GET_HPD_STATUS
  C:4246H         LINE#         1359
  C:4246H         LINE#         1360
  C:4246H         LINE#         1361
  C:424DH         LINE#         1363
  C:4256H         LINE#         1364
  C:4256H         LINE#         1365
  C:4261H         LINE#         1366
  C:426AH         LINE#         1367
  C:426AH         LINE#         1368
  C:426DH         LINE#         1369
  C:426DH         LINE#         1371
  C:426DH         LINE#         1372
  C:4270H         LINE#         1373
  C:4270H         LINE#         1374
  C:4270H         LINE#         1376
  C:4270H         LINE#         1377
  C:4272H         LINE#         1378
  C:4272H         LINE#         1379
  -------         ENDPROC       LT9611_GET_HPD_STATUS
  -------         PROC          _LT9611_HDMI_CEC_ON
  D:0007H         SYMBOL        enable
  C:0003H         LINE#         1383
  C:0003H         LINE#         1384
  C:0003H         LINE#         1385
  C:000AH         LINE#         1387
  C:000DH         LINE#         1388
  C:0014H         LINE#         1389
  C:001BH         LINE#         1390
  C:0022H         LINE#         1391
  C:0029H         LINE#         1392
  C:002DH         LINE#         1393
  C:002FH         LINE#         1394
  C:002FH         LINE#         1395
  C:0032H         LINE#         1396
  C:0039H         LINE#         1397
  C:0039H         LINE#         1398
  -------         ENDPROC       _LT9611_HDMI_CEC_ON
  -------         PROC          LT9611_CEC_LOGICAL_RESET
  C:4482H         LINE#         1400
  C:4482H         LINE#         1401
  C:4482H         LINE#         1402
  C:4489H         LINE#         1403
BL51 BANKED LINKER/LOCATER V6.22                                                      04/27/2023  08:40:56  PAGE 32


  C:4490H         LINE#         1404
  -------         ENDPROC       LT9611_CEC_LOGICAL_RESET
  -------         PROC          _LT9611_CEC_MSG_SET_LOGICAL_ADDRESS
  D:0001H         SYMBOL        cec_msg
  -------         DO            
  X:0171H         SYMBOL        logical_address
  -------         ENDDO         
  C:2FCCH         LINE#         1408
  C:2FCCH         LINE#         1409
  C:2FCCH         LINE#         1431
  C:2FD4H         LINE#         1432
  C:2FDCH         LINE#         1434
  C:2FE6H         LINE#         1436
  C:2FEFH         LINE#         1437
  C:2FEFH         LINE#         1438
  C:2FF8H         LINE#         1440
  C:2FF8H         LINE#         1442
  C:2FFFH         LINE#         1444
  C:3042H         LINE#         1445
  C:3042H         LINE#         1446
  C:3042H         LINE#         1447
  C:3044H         LINE#         1448
  C:3044H         LINE#         1449
  C:3046H         LINE#         1451
  C:3046H         LINE#         1452
  C:3048H         LINE#         1453
  C:3048H         LINE#         1454
  C:304AH         LINE#         1456
  C:304AH         LINE#         1457
  C:304CH         LINE#         1458
  C:304CH         LINE#         1459
  C:304EH         LINE#         1461
  C:304EH         LINE#         1462
  C:3050H         LINE#         1463
  C:3050H         LINE#         1464
  C:3052H         LINE#         1466
  C:3052H         LINE#         1467
[...]
  C:39BFH         LINE#         2275
  C:39C6H         LINE#         2278
  C:39C9H         LINE#         2280
  C:39CFH         LINE#         2281
  C:39CFH         LINE#         2282
  C:39D6H         LINE#         2283
  C:39DDH         LINE#         2284
  C:39E8H         LINE#         2285
  C:39EFH         LINE#         2287
  C:39F2H         LINE#         2288
  C:39F5H         LINE#         2289
  C:39F8H         LINE#         2290
  C:39FBH         LINE#         2291
  C:39FBH         LINE#         2293
  C:39FBH         LINE#         2295
  C:39FEH         LINE#         2296
  C:39FEH         LINE#         2297
  -------         ENDPROC       LT9611_VID_CHG_INTERRUPT_HANDLE
  -------         PROC          _LT9611_CEC_MSG_INTERRUPT_HANDLE
  X:0168H         SYMBOL        cec_msg
  -------         DO            
  D:0007H         SYMBOL        cec_status
  -------         ENDDO         
  C:3847H         LINE#         2300
  C:3852H         LINE#         2301
  C:3852H         LINE#         2304
  C:3859H         LINE#         2305
  C:385EH         LINE#         2307
  C:386DH         LINE#         2308
  C:387AH         LINE#         2310
  C:3881H         LINE#         2311
  C:3888H         LINE#         2312
  C:388FH         LINE#         2314
  C:3896H         LINE#         2315
  C:389DH         LINE#         2316
BL51 BANKED LINKER/LOCATER V6.22                                                      04/27/2023  08:40:56  PAGE 45


  C:38A4H         LINE#         2318
  C:38B2H         LINE#         2319
  -------         ENDPROC       _LT9611_CEC_MSG_INTERRUPT_HANDLE
  -------         PROC          _LT9611_PATTERN_GCM
  X:01BFH         SYMBOL        video_format
  -------         DO            
  X:01C2H         SYMBOL        POL
  -------         ENDDO         
  C:2463H         LINE#         2329
  C:246EH         LINE#         2330
  C:246EH         LINE#         2332
  C:2492H         LINE#         2333
  C:2494H         LINE#         2334
  C:2497H         LINE#         2336
  C:249EH         LINE#         2337
  C:24C2H         LINE#         2338
  C:24E8H         LINE#         2339
  C:250EH         LINE#         2340
  C:2527H         LINE#         2341
  C:253EH         LINE#         2342
  C:2557H         LINE#         2343
  C:256EH         LINE#         2344
  C:2587H         LINE#         2345
  C:259EH         LINE#         2346
  C:25B7H         LINE#         2347
  C:25CEH         LINE#         2348
  C:25E7H         LINE#         2349
  C:25FEH         LINE#         2350
  C:2615H         LINE#         2352
  -------         ENDPROC       _LT9611_PATTERN_GCM
  -------         PROC          _LT9611_PATTERN_PIXEL_CLK
  D:0001H         SYMBOL        video_format
  -------         DO            
  X:01C3H         SYMBOL        pclk
  -------         ENDDO         
  C:3257H         LINE#         2355
  C:3257H         LINE#         2356
  C:3257H         LINE#         2358
  C:3263H         LINE#         2359
  C:3280H         LINE#         2362
  C:3287H         LINE#         2363
  C:328EH         LINE#         2365
  C:32AAH         LINE#         2366
  C:32AAH         LINE#         2367
  C:32B1H         LINE#         2368
  C:32B8H         LINE#         2369
  C:32B8H         LINE#         2370
  C:32D4H         LINE#         2371
  C:32D4H         LINE#         2372
  C:32DBH         LINE#         2373
  C:32DBH         LINE#         2374
  C:32F7H         LINE#         2375
  C:32F7H         LINE#         2376
  C:32FEH         LINE#         2377
  C:32FEH         LINE#         2378
  C:3305H         LINE#         2379
  C:330CH         LINE#         2380
BL51 BANKED LINKER/LOCATER V6.22                                                      04/27/2023  08:40:56  PAGE 46


  -------         ENDPROC       _LT9611_PATTERN_PIXEL_CLK
  -------         PROC          LT9611_PATTERN_EN
  C:4497H         LINE#         2383
  C:4497H         LINE#         2384
  C:4497H         LINE#         2385
  C:449EH         LINE#         2386
  C:44A5H         LINE#         2387
  -------         ENDPROC       LT9611_PATTERN_EN
  -------         PROC          LT9611_PATTERN
  C:414DH         LINE#         2390
  C:414DH         LINE#         2391
  C:414DH         LINE#         2396
  C:415BH         LINE#         2405
  C:415EH         LINE#         2406
  C:4161H         LINE#         2407
  C:4164H         LINE#         2409
  C:4167H         LINE#         2410
  C:4175H         LINE#         2411
  C:4178H         LINE#         2413
  C:417BH         LINE#         2437
  C:417EH         LINE#         2441
  C:4181H         LINE#         2442
  -------         ENDPROC       LT9611_PATTERN
  -------         PROC          LT9611_INIT
  -------         DO            
  X:0161H         SYMBOL        cnt
  -------         ENDDO         
  C:3196H         LINE#         2455
  C:3196H         LINE#         2456
  C:3196H         LINE#         2457
  C:31A0H         LINE#         2459
  C:31A3H         LINE#         2460
  C:31A6H         LINE#         2463
  C:31A9H         LINE#         2464
  C:31ACH         LINE#         2466
  C:31B7H         LINE#         2467
  C:31BAH         LINE#         2469
  C:31BDH         LINE#         2470
  C:31C0H         LINE#         2471
  C:31C3H         LINE#         2472
  C:31C6H         LINE#         2474
  C:31C9H         LINE#         2475
  C:31CCH         LINE#         2477
  C:31CFH         LINE#         2478
  C:31D2H         LINE#         2480
  C:31D5H         LINE#         2483
  C:31DAH         LINE#         2485
  C:31E3H         LINE#         2488
  C:31EAH         LINE#         2489
  C:31F1H         LINE#         2490
  C:31F8H         LINE#         2492
  C:31FBH         LINE#         2493
  C:31FEH         LINE#         2494
  C:3201H         LINE#         2496
  C:320CH         LINE#         2497
  C:320FH         LINE#         2499
  C:3218H         LINE#         2501
BL51 BANKED LINKER/LOCATER V6.22                                                      04/27/2023  08:40:56  PAGE 47


  C:3218H         LINE#         2502
  C:3218H         LINE#         2503
  C:321EH         LINE#         2504
  C:321EH         LINE#         2506
  C:3221H         LINE#         2507
  C:3226H         LINE#         2508
  C:3229H         LINE#         2509
  C:3229H         LINE#         2510
  C:3230H         LINE#         2511
  C:3230H         LINE#         2512
  C:3236H         LINE#         2513
  C:3236H         LINE#         2514
  C:323DH         LINE#         2515
  C:324FH         LINE#         2516
  C:324FH         LINE#         2517
  C:3252H         LINE#         2518
  C:3255H         LINE#         2519
  C:3255H         LINE#         2520
  C:3255H         LINE#         2521
  C:3255H         LINE#         2522
  -------         ENDPROC       LT9611_INIT
  -------         PROC          INTBINTERRUPTFUN
  C:42ECH         LINE#         2526
  C:42F4H         LINE#         2528
  C:42F9H         LINE#         2529
  C:42F9H         LINE#         2530
  C:42FCH         LINE#         2531
  C:42FEH         LINE#         2532
  C:42FEH         LINE#         2533
  C:4304H         LINE#         2534
  C:4307H         LINE#         2535
  -------         ENDPROC       INTBINTERRUPTFUN
  -------         PROC          LT9611_IRQ_TASK
  -------         DO            
  X:0165H         SYMBOL        irq_flag3
  X:0166H         SYMBOL        irq_flag0
  X:0167H         SYMBOL        irq_flag1
  -------         ENDDO         
  C:3FC4H         LINE#         2538
  C:3FC4H         LINE#         2539
  C:3FC4H         LINE#         2546
  C:3FCBH         LINE#         2548
  C:3FD5H         LINE#         2549
  C:3FDFH         LINE#         2550
  C:3FE9H         LINE#         2552
  C:3FF0H         LINE#         2553
  C:3FF0H         LINE#         2554
  C:3FF9H         LINE#         2555
  C:3FF9H         LINE#         2557
  C:4001H         LINE#         2558
  C:4001H         LINE#         2559
  C:4004H         LINE#         2560
  C:4004H         LINE#         2562
  C:400BH         LINE#         2563
  C:400BH         LINE#         2564
  C:400EH         LINE#         2565
  C:400EH         LINE#         2566
BL51 BANKED LINKER/LOCATER V6.22                                                      04/27/2023  08:40:56  PAGE 48


  -------         ENDPROC       LT9611_IRQ_TASK
  -------         ENDMOD        LT9611

  -------         MODULE        ?C_STARTUP
  C:3437H         SEGMENT       ?C_C51STARTUP
  I:0022H         SEGMENT       ?STACK
  C:0000H         PUBLIC        ?C_STARTUP
  D:00E0H         SYMBOL        ACC
  D:00F0H         SYMBOL        B
  D:0083H         SYMBOL        DPH
  D:0082H         SYMBOL        DPL
  N:0000H         SYMBOL        IBPSTACK
  N:0100H         SYMBOL        IBPSTACKTOP
  N:0080H         SYMBOL        IDATALEN
  C:343AH         SYMBOL        IDATALOOP
  N:0000H         SYMBOL        PBPSTACK
  N:0100H         SYMBOL        PBPSTACKTOP
  N:0000H         SYMBOL        PDATALEN
  N:0000H         SYMBOL        PDATASTART
  N:0000H         SYMBOL        PPAGE
  N:0000H         SYMBOL        PPAGEENABLE
  D:00A0H         SYMBOL        PPAGE_SFR
  D:0081H         SYMBOL        SP
  C:3437H         SYMBOL        STARTUP1
  N:0000H         SYMBOL        XBPSTACK
  N:0000H         SYMBOL        XBPSTACKTOP
  N:0000H         SYMBOL        XDATALEN
  N:0000H         SYMBOL        XDATASTART
  C:0000H         LINE#         126
  C:3437H         LINE#         133
  C:3439H         LINE#         134
  C:343AH         LINE#         135
  C:343BH         LINE#         136
  C:343DH         LINE#         185
  C:3440H         LINE#         196
  -------         ENDMOD        ?C_STARTUP

  -------         MODULE        DELAY
  C:0000H         SYMBOL        _ICE_DUMMY_
  D:0080H         PUBLIC        P0
  D:0090H         PUBLIC        P1
  D:00A0H         PUBLIC        P2
  C:3C89H         PUBLIC        _Timer0_Delay100us
  D:00B0H         PUBLIC        P3
  D:00D8H         PUBLIC        PWMCON0
  C:3AC1H         PUBLIC        _Timer2_Delay500us
  D:00A8H         PUBLIC        IE
  D:00B8H         PUBLIC        IP
  C:3CE2H         PUBLIC        _Timer0_Delay1ms
  B:0021H.1       PUBLIC        BIT_TMP
  D:0098H         PUBLIC        SCON
  D:0089H         PUBLIC        TMOD
  D:0088H         PUBLIC        TCON
  D:00F8H         PUBLIC        SCON_1
  B:0088H.5       PUBLIC        TF0
  C:3D3BH         PUBLIC        _Timer1_Delay10ms
  B:0088H.7       PUBLIC        TF1
BL51 BANKED LINKER/LOCATER V6.22                                                      04/27/2023  08:40:56  PAGE 49


  B:00C8H.7       PUBLIC        TF2
  D:008CH         PUBLIC        TH0
  D:00C6H         PUBLIC        RH3
  D:008DH         PUBLIC        TH1
  D:00CDH         PUBLIC        TH2
  D:008AH         PUBLIC        TL0
  D:00C5H         PUBLIC        RL3
  D:008BH         PUBLIC        TL1
  D:00CCH         PUBLIC        TL2
  C:3C2EH         PUBLIC        _Timer3_Delay10us
  B:0088H.4       PUBLIC        TR0
  B:0088H.6       PUBLIC        TR1
  B:00C8H.2       PUBLIC        TR2
  D:00E8H         PUBLIC        ADCCON0
  D:00C0H         PUBLIC        I2CON
  D:00C9H         PUBLIC        T2MOD
  D:00C8H         PUBLIC        T2CON
  D:00C4H         PUBLIC        T3CON
  D:008EH         PUBLIC        CKCON
  D:00D0H         PUBLIC        PSW
  C:3BD3H         PUBLIC        _Timer3_Delay100ms
  -------         PROC          _TIMER0_DELAY100US
  X:01C7H         SYMBOL        u32CNT
  C:3C89H         LINE#         22
  C:3C8FH         LINE#         23
  C:3C8FH         LINE#         24
  C:3C92H         LINE#         25
  C:3C95H         LINE#         26
  C:3C97H         LINE#         27
  C:3CB0H         LINE#         28
  C:3CB0H         LINE#         29
  C:3CB3H         LINE#         30
  C:3CB6H         LINE#         31
  C:3CB9H         LINE#         32
  C:3CBBH         LINE#         33
  C:3CDDH         LINE#         34
  C:3CDFH         LINE#         35
  C:3CE1H         LINE#         36
  -------         ENDPROC       _TIMER0_DELAY100US
  -------         PROC          _TIMER0_DELAY1MS
  X:0179H         SYMBOL        u32CNT
  C:3CE2H         LINE#         38
  C:3CE8H         LINE#         39
  C:3CE8H         LINE#         40
  C:3CEBH         LINE#         41
  C:3CEEH         LINE#         42
  C:3CF0H         LINE#         43
  C:3D09H         LINE#         44
  C:3D09H         LINE#         45
  C:3D0CH         LINE#         46
  C:3D0FH         LINE#         47
  C:3D12H         LINE#         48
  C:3D14H         LINE#         49
  C:3D36H         LINE#         50
  C:3D38H         LINE#         51
  C:3D3AH         LINE#         52
  -------         ENDPROC       _TIMER0_DELAY1MS
BL51 BANKED LINKER/LOCATER V6.22                                                      04/27/2023  08:40:56  PAGE 50


  -------         PROC          _TIMER1_DELAY10MS
  X:01CBH         SYMBOL        u32CNT
  C:3D3BH         LINE#         55
  C:3D41H         LINE#         56
  C:3D41H         LINE#         57
  C:3D44H         LINE#         58
  C:3D47H         LINE#         59
  C:3D49H         LINE#         60
  C:3D62H         LINE#         61
  C:3D62H         LINE#         62
  C:3D65H         LINE#         63
  C:3D68H         LINE#         64
  C:3D6BH         LINE#         65
  C:3D6DH         LINE#         66
  C:3D8FH         LINE#         67
  C:3D91H         LINE#         68
  C:3D93H         LINE#         69
  -------         ENDPROC       _TIMER1_DELAY10MS
  -------         PROC          _TIMER2_DELAY500US
  X:01CFH         SYMBOL        u32CNT
  C:3AC1H         LINE#         71
  C:3AC7H         LINE#         72
  C:3AC7H         LINE#         73
  C:3ACAH         LINE#         74
  C:3ACDH         LINE#         75
  C:3AD0H         LINE#         76
  C:3AD2H         LINE#         77
  C:3AEBH         LINE#         78
  C:3AEBH         LINE#         79
  C:3AEEH         LINE#         80
  C:3AF1H         LINE#         81
  C:3AF4H         LINE#         82
  C:3AF6H         LINE#         83
  C:3B18H         LINE#         84
  C:3B1AH         LINE#         85
  C:3B1CH         LINE#         86
  -------         ENDPROC       _TIMER2_DELAY500US
  -------         PROC          _TIMER3_DELAY100MS
  X:01D3H         SYMBOL        u32CNT
  C:3BD3H         LINE#         88
  C:3BD9H         LINE#         89
  C:3BD9H         LINE#         90
  C:3BDCH         LINE#         91
  C:3BDFH         LINE#         92
  C:3BF8H         LINE#         93
  C:3BF8H         LINE#         94
  C:3BFBH         LINE#         95
  C:3BFEH         LINE#         96
  C:3C03H         LINE#         97
  C:3C06H         LINE#         98
  C:3C28H         LINE#         99
  C:3C2AH         LINE#         100
  C:3C2DH         LINE#         101
  -------         ENDPROC       _TIMER3_DELAY100MS
  -------         PROC          _TIMER3_DELAY10US
  X:01D7H         SYMBOL        u32CNT
  C:3C2EH         LINE#         104
BL51 BANKED LINKER/LOCATER V6.22                                                      04/27/2023  08:40:56  PAGE 51


  C:3C34H         LINE#         105
  C:3C34H         LINE#         106
  C:3C37H         LINE#         107
  C:3C3AH         LINE#         108
  C:3C53H         LINE#         109
  C:3C53H         LINE#         110
  C:3C56H         LINE#         111
  C:3C59H         LINE#         112
  C:3C5EH         LINE#         113
  C:3C61H         LINE#         114
  C:3C83H         LINE#         115
  C:3C85H         LINE#         116
  C:3C88H         LINE#         117
  -------         ENDPROC       _TIMER3_DELAY10US
  -------         ENDMOD        DELAY

  -------         MODULE        ?C?CLDPTR
  C:1582H         PUBLIC        ?C?CLDPTR
  -------         ENDMOD        ?C?CLDPTR

  -------         MODULE        ?C?CLDOPTR
  C:159BH         PUBLIC        ?C?CLDOPTR
  -------         ENDMOD        ?C?CLDOPTR

  -------         MODULE        ?C?CILDOPTR
  C:15C8H         PUBLIC        ?C?CILDOPTR
  -------         ENDMOD        ?C?CILDOPTR

  -------         MODULE        ?C?CSTPTR
  C:15FBH         PUBLIC        ?C?CSTPTR
  -------         ENDMOD        ?C?CSTPTR

  -------         MODULE        ?C?CSTOPTR
  C:160DH         PUBLIC        ?C?CSTOPTR
  -------         ENDMOD        ?C?CSTOPTR

  -------         MODULE        ?C?UIDIV
  C:162FH         PUBLIC        ?C?UIDIV
  -------         ENDMOD        ?C?UIDIV

  -------         MODULE        ?C?ILDPTR
  C:1684H         PUBLIC        ?C?ILDPTR
  -------         ENDMOD        ?C?ILDPTR

  -------         MODULE        ?C?ILDOPTR
  C:16AFH         PUBLIC        ?C?ILDOPTR
  -------         ENDMOD        ?C?ILDOPTR

  -------         MODULE        ?C?ISTOPTR
  C:16E7H         PUBLIC        ?C?ISTOPTR
  -------         ENDMOD        ?C?ISTOPTR

  -------         MODULE        ?C?LMUL
  C:1714H         PUBLIC        ?C?LMUL
  -------         ENDMOD        ?C?LMUL

  -------         MODULE        ?C?ULDIV
BL51 BANKED LINKER/LOCATER V6.22                                                      04/27/2023  08:40:56  PAGE 52


  C:179FH         PUBLIC        ?C?ULDIV
  -------         ENDMOD        ?C?ULDIV

  -------         MODULE        ?C?ULCMP
  C:1831H         PUBLIC        ?C?ULCMP
  -------         ENDMOD        ?C?ULCMP

  -------         MODULE        ?C?LLDOPTR
  C:1842H         PUBLIC        ?C?LLDOPTR
  -------         ENDMOD        ?C?LLDOPTR

  -------         MODULE        ?C?LSTXDATA
  C:1872H         PUBLIC        ?C?LSTXDATA
  -------         ENDMOD        ?C?LSTXDATA

  -------         MODULE        ?C?LSTKXDATA
  C:187EH         PUBLIC        ?C?LSTKXDATA
  -------         ENDMOD        ?C?LSTKXDATA

  -------         MODULE        PRINTF
  X:0175H         PUBLIC        ?_PRINTF517?BYTE
  X:0175H         PUBLIC        ?_PRINTF?BYTE
  X:0175H         PUBLIC        ?_SPRINTF517?BYTE
  X:0175H         PUBLIC        ?_SPRINTF?BYTE
  C:1994H         PUBLIC        _PRINTF
  C:1994H         PUBLIC        _PRINTF517
  C:198EH         PUBLIC        _SPRINTF
  C:198EH         PUBLIC        _SPRINTF517
  -------         ENDMOD        PRINTF

  -------         MODULE        ?C?LLDIDATA
  C:18AFH         PUBLIC        ?C?LLDIDATA
  -------         ENDMOD        ?C?LLDIDATA

  -------         MODULE        ?C?LLDXDATA
  C:18BBH         PUBLIC        ?C?LLDXDATA
  -------         ENDMOD        ?C?LLDXDATA

  -------         MODULE        ?C?LLDPDATA
  C:18C7H         PUBLIC        ?C?LLDPDATA
  -------         ENDMOD        ?C?LLDPDATA

  -------         MODULE        ?C?LLDCODE
  C:18D3H         PUBLIC        ?C?LLDCODE
  -------         ENDMOD        ?C?LLDCODE

  -------         MODULE        ?C?PLDIXDATA
  C:18E3H         PUBLIC        ?C?PLDIXDATA
  -------         ENDMOD        ?C?PLDIXDATA

  -------         MODULE        ?C?PSTXDATA
  C:18FAH         PUBLIC        ?C?PSTXDATA
  -------         ENDMOD        ?C?PSTXDATA

  -------         MODULE        ?C?CCASE
  C:1903H         PUBLIC        ?C?CCASE
  -------         ENDMOD        ?C?CCASE
BL51 BANKED LINKER/LOCATER V6.22                                                      04/27/2023  08:40:56  PAGE 53



  -------         MODULE        PUTCHAR
  C:42C5H         PUBLIC        _PUTCHAR
  -------         ENDMOD        PUTCHAR

Program Size: data=15.2 xdata=481 code=17641
LINK/LOCATE RUN COMPLETE.  0 WARNING(S),  0 ERROR(S)
