BL51 BANKED LINKER/LOCATER V6.22                                                        08/28/2021  07:45:17  PAGE 1


BL51 BANKED LINKER/LOCATER V6.22, INVOKED BY:
C:\KEIL_V5\C51\C51\BIN\BL51.EXE .\Objects\uart0.obj, .\Objects\main.obj, .\Objects\i2c.obj, .\Objects\lt9611.obj, .\Obje
>> cts\STARTUP.obj, .\Objects\Delay.obj TO .\Objects\LT9611_PORTA PRINT (.\Listings\LT9611_PORTA.m51) RAMSIZE (256) DISA
>> BLEWARNING (16)


MEMORY MODEL: LARGE


INPUT MODULES INCLUDED:
  .\Objects\uart0.obj (UART0)
  .\Objects\main.obj (MAIN)
  .\Objects\i2c.obj (I2C)
  .\Objects\lt9611.obj (LT9611)
  .\Objects\STARTUP.obj (?C_STARTUP)
  .\Objects\Delay.obj (DELAY)
  C:\KEIL_V5\C51\C51\LIB\C51L.LIB (?C_INIT)
  C:\KEIL_V5\C51\C51\LIB\C51L.LIB (?C?CLDPTR)
  C:\KEIL_V5\C51\C51\LIB\C51L.LIB (?C?CLDOPTR)
  C:\KEIL_V5\C51\C51\LIB\C51L.LIB (?C?CILDOPTR)
  C:\KEIL_V5\C51\C51\LIB\C51L.LIB (?C?CSTPTR)
  C:\KEIL_V5\C51\C51\LIB\C51L.LIB (?C?CSTOPTR)
  C:\KEIL_V5\C51\C51\LIB\C51L.LIB (?C?UIDIV)
  C:\KEIL_V5\C51\C51\LIB\C51L.LIB (?C?ILDPTR)
  C:\KEIL_V5\C51\C51\LIB\C51L.LIB (?C?ILDOPTR)
  C:\KEIL_V5\C51\C51\LIB\C51L.LIB (?C?ISTOPTR)
  C:\KEIL_V5\C51\C51\LIB\C51L.LIB (?C?LMUL)
  C:\KEIL_V5\C51\C51\LIB\C51L.LIB (?C?ULDIV)
  C:\KEIL_V5\C51\C51\LIB\C51L.LIB (?C?ULCMP)
  C:\KEIL_V5\C51\C51\LIB\C51L.LIB (?C?LLDOPTR)
  C:\KEIL_V5\C51\C51\LIB\C51L.LIB (?C?LSTXDATA)
  C:\KEIL_V5\C51\C51\LIB\C51L.LIB (?C?LSTKXDATA)
  C:\KEIL_V5\C51\C51\LIB\C51L.LIB (PRINTF)
  C:\KEIL_V5\C51\C51\LIB\C51L.LIB (?C?MEMSET)
  C:\KEIL_V5\C51\C51\LIB\C51L.LIB (?C?LLDIDATA)
  C:\KEIL_V5\C51\C51\LIB\C51L.LIB (?C?LLDXDATA)
  C:\KEIL_V5\C51\C51\LIB\C51L.LIB (?C?LLDPDATA)
  C:\KEIL_V5\C51\C51\LIB\C51L.LIB (?C?LLDCODE)
  C:\KEIL_V5\C51\C51\LIB\C51L.LIB (?C?PLDIXDATA)
  C:\KEIL_V5\C51\C51\LIB\C51L.LIB (?C?PSTXDATA)
  C:\KEIL_V5\C51\C51\LIB\C51L.LIB (?C?CCASE)
  C:\KEIL_V5\C51\C51\LIB\C51L.LIB (PUTCHAR)


LINK MAP OF MODULE:  .\Objects\LT9611_PORTA (UART0)


            TYPE    BASE      LENGTH    RELOCATION   SEGMENT NAME
            -----------------------------------------------------

            * * * * * * *   D A T A   M E M O R Y   * * * * * * *
            REG     0000H     0008H     ABSOLUTE     "REG BANK 0"
            DATA    0008H     0005H     UNIT         _DATA_GROUP_
                    000DH     0013H                  *** GAP ***
            BIT     0020H.0   0001H.1   UNIT         _BIT_GROUP_
            BIT     0021H.1   0000H.1   UNIT         ?BI?DELAY
                    0021H.2   0000H.6                *** GAP ***
            IDATA   0022H     0001H     UNIT         ?STACK
BL51 BANKED LINKER/LOCATER V6.22                                                      08/28/2021  07:45:17  PAGE 2



            * * * * * * *  X D A T A   M E M O R Y  * * * * * * *
            XDATA   0000H     0161H     UNIT         ?XD?LT9611
            XDATA   0161H     0047H     UNIT         _XDATA_GROUP_
            XDATA   01A8H     0005H     UNIT         ?XD?_HDMI_READI2C_BYTEN?I2C
            XDATA   01ADH     0005H     UNIT         ?XD?_HDMI_WRITEI2C_BYTEN?I2C
            XDATA   01B2H     0004H     UNIT         ?XD?_LT9611_PATTERN_GCM?LT9611
            XDATA   01B6H     0004H     UNIT         ?XD?_LT9611_PATTERN_PIXEL_CLK?LT9611
            XDATA   01BAH     0004H     UNIT         ?XD?_TIMER0_DELAY100US?DELAY
            XDATA   01BEH     0004H     UNIT         ?XD?_TIMER1_DELAY10MS?DELAY
            XDATA   01C2H     0004H     UNIT         ?XD?_TIMER2_DELAY500US?DELAY
            XDATA   01C6H     0004H     UNIT         ?XD?_TIMER3_DELAY100MS?DELAY
            XDATA   01CAH     0004H     UNIT         ?XD?_TIMER3_DELAY10US?DELAY
            XDATA   01CEH     0003H     UNIT         ?XD?_LT9611_CEC_DEVICE_POLLING?LT9611
            XDATA   01D1H     0002H     UNIT         ?XD?I2C
            XDATA   01D3H     0001H     UNIT         ?XD?MAIN

            * * * * * * *   C O D E   M E M O R Y   * * * * * * *
            CODE    0000H     0003H     ABSOLUTE     
            CODE    0003H     0037H     UNIT         ?PR?_LT9611_HDMI_CEC_ON?LT9611
                    003AH     0001H                  *** GAP ***
            CODE    003BH     0003H     ABSOLUTE     
            CODE    003EH     0F67H     UNIT         ?CO?LT9611
            CODE    0FA5H     0597H     UNIT         ?PR?LT9611_VIDEO_CHECK?LT9611
            CODE    153CH     03D3H     UNIT         ?C?LIB_CODE
            CODE    190FH     0365H     UNIT         ?PR?PRINTF?PRINTF
            CODE    1C74H     02C0H     UNIT         ?PR?_LT9611_CEC_MSG_RX_PARSE?LT9611
            CODE    1F34H     02BAH     UNIT         ?PR?_LT9611_PLL?LT9611
            CODE    21EEH     023AH     UNIT         ?PR?_LT9611_PARSE_PHYSICAL_ADDRESS?LT9611
            CODE    2428H     01E0H     UNIT         ?PR?LT9611_READ_EDID?LT9611
            CODE    2608H     01D9H     UNIT         ?PR?_LT9611_HDMI_TX_DIGITAL?LT9611
            CODE    27E1H     01BEH     UNIT         ?PR?_LT9611_PATTERN_GCM?LT9611
            CODE    299FH     01AAH     UNIT         ?PR?_LT9611_MIPI_VIDEO_TIMING?LT9611
            CODE    2B49H     01A8H     UNIT         ?PR?LT9611_FREQUENCY_METER_BYTE_CLK?LT9611
            CODE    2CF1H     0195H     UNIT         ?PR?_LT9611_CEC_MSG_TX_HANDLE?LT9611
            CODE    2E86H     0126H     UNIT         ?PR?_LT9611_MIPI_PCR?LT9611
            CODE    2FACH     0110H     UNIT         ?PR?_LT9611_ENABLE_INTERRUPTS?LT9611
            CODE    30BCH     0107H     UNIT         ?PR?LT9611_DPHY_DEBUG?LT9611
            CODE    31C3H     00F9H     UNIT         ?PR?_LT9611_CEC_MSG_SET_LOGICAL_ADDRESS?LT9611
            CODE    32BCH     00C8H     UNIT         ?PR?LT9611_MIPI_INPUT_DIGTAL?LT9611
            CODE    3384H     00BCH     UNIT         ?PR?_LT9611_PATTERN_PIXEL_CLK?LT9611
            CODE    3440H     00A9H     UNIT         ?PR?LT9611_HDP_INTERRUPT_HANDLE?LT9611
            CODE    34E9H     0097H     UNIT         ?PR?_DO_CHECKSUM?LT9611
            CODE    3580H     0092H     UNIT         ?PR?LT9611_INIT?LT9611
            CODE    3612H     008DH     UNIT         ?PR?_LT9611_HDMI_CEC_WRITE?LT9611
            CODE    369FH     008CH     UNIT         ?C_C51STARTUP
            CODE    372BH     0087H     UNIT         ?PR?LT9611_HDMI_TX_PHY?LT9611
            CODE    37B2H     0084H     UNIT         ?PR?_I2C_READ_BYTE?I2C
            CODE    3836H     0083H     UNIT         ?PR?LT9611_PCR_MK_PRINT?LT9611
            CODE    38B9H     007CH     UNIT         ?PR?_LT9611_HDMI_CEC_READ?LT9611
            CODE    3935H     007AH     UNIT         ?PR?LT9611_HDMI_OUT_ENABLE?LT9611
            CODE    39AFH     0079H     UNIT         ?PR?_LT9611_CEC_MSG_INTERRUPT_HANDLE?LT9611
            CODE    3A28H     0075H     UNIT         ?PR?LT9611_AUDIO_INIT?LT9611
            CODE    3A9DH     0069H     UNIT         ?PR?LT9611_LOAD_HDCP_KEY?LT9611
            CODE    3B06H     0065H     UNIT         ?PR?_LT9611_LOWPOWER_MODE?LT9611
            CODE    3B6BH     0065H     UNIT         ?PR?LT9611_VID_CHG_INTERRUPT_HANDLE?LT9611
            CODE    3BD0H     0063H     UNIT         ?PR?_LT9611_CEC_DEVICE_POLLING?LT9611
BL51 BANKED LINKER/LOCATER V6.22                                                      08/28/2021  07:45:17  PAGE 3


            CODE    3C33H     0062H     UNIT         ?PR?LT9611_SYSTEM_INIT?LT9611
            CODE    3C95H     005FH     UNIT         ?PR?_I2C_WRITE_BYTE?I2C
            CODE    3CF4H     005CH     UNIT         ?PR?_TIMER2_DELAY500US?DELAY
            CODE    3D50H     005BH     UNIT         ?PR?LT9611_MIPI_INPUT_ANALOG?LT9611
            CODE    3DABH     005BH     UNIT         ?PR?_TIMER3_DELAY100MS?DELAY
            CODE    3E06H     005BH     UNIT         ?PR?_TIMER3_DELAY10US?DELAY
            CODE    3E61H     0059H     UNIT         ?PR?_TIMER0_DELAY100US?DELAY
            CODE    3EBAH     0059H     UNIT         ?PR?_TIMER0_DELAY1MS?DELAY
            CODE    3F13H     0059H     UNIT         ?PR?_TIMER1_DELAY10MS?DELAY
            CODE    3F6CH     0055H     UNIT         ?C_INITSEG
            CODE    3FC1H     0052H     UNIT         ?PR?_LT9611_CEC_REPORT_PHYSICAL_ADDRESS?LT9611
            CODE    4013H     0052H     UNIT         ?PR?LT9611_HTOTAL_SYSCLK?LT9611
            CODE    4065H     0051H     UNIT         ?PR?_I2C_SENDBYTE?I2C
            CODE    40B6H     0050H     UNIT         ?PR?LT9611_CHIP_ID?LT9611
            CODE    4106H     004EH     UNIT         ?PR?_DELAY_1MS?LT9611
            CODE    4154H     004DH     UNIT         ?PR?MCU_SYSTEMINIT?MAIN
            CODE    41A1H     004BH     UNIT         ?CO?MAIN
            CODE    41ECH     004BH     UNIT         ?PR?LT9611_IRQ_TASK?LT9611
            CODE    4237H     0049H     UNIT         ?PR?_LT9611_CEC_FRAME_RETRANSMISSION?LT9611
            CODE    4280H     0045H     UNIT         ?PR?_LT9611_CEC_MSG_INIT?LT9611
            CODE    42C5H     003DH     UNIT         ?PR?LT9611_PATTERN?LT9611
            CODE    4302H     003AH     UNIT         ?PR?LT9611_HDCP_ENABLE?LT9611
            CODE    433CH     0039H     UNIT         ?PR?_INITIALUART0_TIMER1?UART0
            CODE    4375H     0034H     UNIT         ?PR?RCVBYTE?I2C
            CODE    43A9H     0031H     UNIT         ?PR?_LT9611_CEC_MENU_ACTIVATE?LT9611
            CODE    43DAH     0030H     UNIT         ?PR?_LT9611_CEC_FEATURE_ABORT?LT9611
            CODE    440AH     002DH     UNIT         ?PR?LT9611_GET_HPD_STATUS?LT9611
            CODE    4437H     0029H     UNIT         ?PR?_HDMI_READI2C_BYTE?I2C
            CODE    4460H     0027H     UNIT         ?PR?PUTCHAR?PUTCHAR
            CODE    4487H     0024H     UNIT         ?PR?INTBINTERRUPTFUN?LT9611
            CODE    44ABH     0023H     UNIT         ?PR?LT9611_RST_PD_INIT?LT9611
            CODE    44CEH     0023H     UNIT         ?PR?LT9611_HDCP_INIT?LT9611
            CODE    44F1H     0021H     UNIT         ?PR?LT9611_HDMI_OUT_DISABLE?LT9611
            CODE    4512H     001FH     UNIT         ?PR?LT9611_CSC?LT9611
            CODE    4531H     001EH     UNIT         ?PR?_HDMI_WRITEI2C_BYTE?I2C
            CODE    454FH     001DH     UNIT         ?PR?_LT9611_CEC_LA_ALLOCATION?LT9611
            CODE    456CH     001CH     UNIT         ?PR?_ACK_I2C?I2C
            CODE    4588H     001CH     UNIT         ?PR?LT9611_IRQ_INIT?LT9611
            CODE    45A4H     001AH     UNIT         ?PR?LT9611_RESET?MAIN
            CODE    45BEH     001AH     UNIT         ?PR?LT9611_CEC_MSG_WRITE_DEMO?LT9611
            CODE    45D8H     001AH     UNIT         ?PR?LT9611_BROAD_CAST_DEMO?LT9611
            CODE    45F2H     0019H     UNIT         ?PR?_LT9611_GLOBE_INTERRUPTS?LT9611
            CODE    460BH     0017H     UNIT         ?PR?LT9611_HDCP_DISABLE?LT9611
            CODE    4622H     0015H     UNIT         ?PR?START_I2C?I2C
            CODE    4637H     0015H     UNIT         ?PR?_HDMI_READI2C_BYTEN?I2C
            CODE    464CH     0015H     UNIT         ?PR?_HDMI_WRITEI2C_BYTEN?I2C
            CODE    4661H     0015H     UNIT         ?PR?LT9611_CEC_LOGICAL_RESET?LT9611
            CODE    4676H     0015H     UNIT         ?PR?LT9611_PATTERN_EN?LT9611
            CODE    468BH     0014H     UNIT         ?PR?MAIN?MAIN
            CODE    469FH     0012H     UNIT         ?PR?_I2C_DELAY_US?I2C
            CODE    46B1H     000CH     UNIT         ?PR?STOP_I2C?I2C
            CODE    46BDH     0008H     UNIT         ?PR?_SEND_DATA_TO_UART0?UART0
            CODE    46C5H     0003H     UNIT         ?PR?_PRINTCH?UART0



OVERLAY MAP OF MODULE:   .\Objects\LT9611_PORTA (UART0)
BL51 BANKED LINKER/LOCATER V6.22                                                      08/28/2021  07:45:17  PAGE 4




SEGMENT                                             BIT_GROUP          DATA_GROUP          XDATA_GROUP
  +--> CALLED SEGMENT                            START    LENGTH     START    LENGTH     START    LENGTH
--------------------------------------------------------------------------------------------------------
?C_C51STARTUP                                    -----    -----      -----    -----      -----    -----
  +--> ?PR?MAIN?MAIN
  +--> ?C_INITSEG

?PR?MAIN?MAIN                                    -----    -----      -----    -----      -----    -----
  +--> ?PR?MCU_SYSTEMINIT?MAIN
  +--> ?CO?MAIN
  +--> ?PR?PRINTF?PRINTF
  +--> ?PR?LT9611_RESET?MAIN
  +--> ?PR?LT9611_INIT?LT9611

?PR?MCU_SYSTEMINIT?MAIN                          -----    -----      -----    -----      -----    -----
  +--> ?PR?_INITIALUART0_TIMER1?UART0

?PR?PRINTF?PRINTF                                0020H.0  0001H.1    0008H    0005H      0180H    0028H
  +--> ?PR?PUTCHAR?PUTCHAR

?PR?LT9611_RESET?MAIN                            -----    -----      -----    -----      -----    -----
  +--> ?PR?_TIMER0_DELAY1MS?DELAY

?PR?_TIMER0_DELAY1MS?DELAY                       -----    -----      -----    -----      0179H    0004H

?PR?LT9611_INIT?LT9611                           -----    -----      -----    -----      0161H    0004H
  +--> ?PR?LT9611_CHIP_ID?LT9611
  +--> ?PR?LT9611_SYSTEM_INIT?LT9611
  +--> ?PR?LT9611_MIPI_INPUT_ANALOG?LT9611
  +--> ?PR?LT9611_MIPI_INPUT_DIGTAL?LT9611
  +--> ?PR?_TIMER0_DELAY1MS?DELAY
  +--> ?PR?LT9611_VIDEO_CHECK?LT9611
  +--> ?PR?_LT9611_PLL?LT9611
  +--> ?PR?_LT9611_MIPI_PCR?LT9611
  +--> ?PR?LT9611_AUDIO_INIT?LT9611
  +--> ?PR?LT9611_CSC?LT9611
  +--> ?PR?LT9611_HDCP_INIT?LT9611
  +--> ?PR?LT9611_LOAD_HDCP_KEY?LT9611
  +--> ?PR?_LT9611_HDMI_TX_DIGITAL?LT9611
  +--> ?PR?LT9611_HDMI_TX_PHY?LT9611
  +--> ?PR?LT9611_IRQ_INIT?LT9611
  +--> ?PR?_LT9611_HDMI_CEC_ON?LT9611
  +--> ?PR?_LT9611_CEC_MSG_INIT?LT9611
  +--> ?PR?_LT9611_ENABLE_INTERRUPTS?LT9611
  +--> ?PR?LT9611_FREQUENCY_METER_BYTE_CLK?L...
  +--> ?PR?LT9611_DPHY_DEBUG?LT9611
  +--> ?PR?LT9611_HTOTAL_SYSCLK?LT9611
  +--> ?PR?LT9611_PCR_MK_PRINT?LT9611
  +--> ?CO?LT9611
  +--> ?PR?PRINTF?PRINTF
  +--> ?PR?LT9611_HDP_INTERRUPT_HANDLE?LT9611
  +--> ?PR?LT9611_IRQ_TASK?LT9611

?PR?LT9611_CHIP_ID?LT9611                        -----    -----      -----    -----      -----    -----
  +--> ?PR?_HDMI_WRITEI2C_BYTE?I2C
BL51 BANKED LINKER/LOCATER V6.22                                                      08/28/2021  07:45:17  PAGE 5


  +--> ?PR?_HDMI_READI2C_BYTE?I2C
  +--> ?CO?LT9611
  +--> ?PR?PRINTF?PRINTF

?PR?_HDMI_WRITEI2C_BYTE?I2C                      -----    -----      -----    -----      0179H    0001H
  +--> ?PR?_I2C_WRITE_BYTE?I2C

?PR?_I2C_WRITE_BYTE?I2C                          -----    -----      -----    -----      017AH    0007H
  +--> ?PR?START_I2C?I2C
  +--> ?PR?_I2C_SENDBYTE?I2C
  +--> ?PR?STOP_I2C?I2C

?PR?START_I2C?I2C                                -----    -----      -----    -----      -----    -----
  +--> ?PR?_I2C_DELAY_US?I2C

?PR?_I2C_SENDBYTE?I2C                            -----    -----      -----    -----      -----    -----
  +--> ?PR?_I2C_DELAY_US?I2C

?PR?STOP_I2C?I2C                                 -----    -----      -----    -----      -----    -----
  +--> ?PR?_I2C_DELAY_US?I2C

?PR?_HDMI_READI2C_BYTE?I2C                       -----    -----      -----    -----      0179H    0001H
  +--> ?PR?_I2C_READ_BYTE?I2C

?PR?_I2C_READ_BYTE?I2C                           -----    -----      -----    -----      017AH    0007H
  +--> ?PR?START_I2C?I2C
  +--> ?PR?_I2C_SENDBYTE?I2C
  +--> ?PR?STOP_I2C?I2C
  +--> ?PR?RCVBYTE?I2C
  +--> ?PR?_ACK_I2C?I2C

?PR?RCVBYTE?I2C                                  -----    -----      -----    -----      -----    -----
  +--> ?PR?_I2C_DELAY_US?I2C

?PR?_ACK_I2C?I2C                                 -----    -----      -----    -----      -----    -----
  +--> ?PR?_I2C_DELAY_US?I2C

?PR?LT9611_SYSTEM_INIT?LT9611                    -----    -----      -----    -----      -----    -----
  +--> ?PR?_HDMI_WRITEI2C_BYTE?I2C

?PR?LT9611_MIPI_INPUT_ANALOG?LT9611              -----    -----      -----    -----      -----    -----
  +--> ?PR?_HDMI_WRITEI2C_BYTE?I2C

?PR?LT9611_MIPI_INPUT_DIGTAL?LT9611              -----    -----      -----    -----      0165H    0001H
  +--> ?CO?LT9611
  +--> ?PR?PRINTF?PRINTF
  +--> ?PR?_HDMI_WRITEI2C_BYTE?I2C

?PR?LT9611_VIDEO_CHECK?LT9611                    -----    -----      -----    -----      0168H    000DH
  +--> ?PR?_HDMI_WRITEI2C_BYTE?I2C
  +--> ?PR?_HDMI_READI2C_BYTE?I2C
  +--> ?CO?LT9611
  +--> ?PR?PRINTF?PRINTF

?PR?_LT9611_PLL?LT9611                           -----    -----      -----    -----      0168H    0008H
  +--> ?CO?LT9611
  +--> ?PR?PRINTF?PRINTF
BL51 BANKED LINKER/LOCATER V6.22                                                      08/28/2021  07:45:17  PAGE 6


  +--> ?PR?_HDMI_WRITEI2C_BYTE?I2C
  +--> ?PR?_HDMI_READI2C_BYTE?I2C

?PR?_LT9611_MIPI_PCR?LT9611                      -----    -----      -----    -----      0168H    0003H
  +--> ?PR?_HDMI_WRITEI2C_BYTE?I2C
  +--> ?PR?_LT9611_MIPI_VIDEO_TIMING?LT9611

?PR?_LT9611_MIPI_VIDEO_TIMING?LT9611             -----    -----      -----    -----      016BH    0003H
  +--> ?PR?_HDMI_WRITEI2C_BYTE?I2C

?PR?LT9611_AUDIO_INIT?LT9611                     -----    -----      -----    -----      -----    -----
  +--> ?CO?LT9611
  +--> ?PR?PRINTF?PRINTF
  +--> ?PR?_HDMI_WRITEI2C_BYTE?I2C

?PR?LT9611_CSC?LT9611                            -----    -----      -----    -----      -----    -----
  +--> ?PR?_HDMI_WRITEI2C_BYTE?I2C
  +--> ?CO?LT9611
  +--> ?PR?PRINTF?PRINTF

?PR?LT9611_HDCP_INIT?LT9611                      -----    -----      -----    -----      -----    -----
  +--> ?PR?_HDMI_WRITEI2C_BYTE?I2C

?PR?LT9611_LOAD_HDCP_KEY?LT9611                  -----    -----      -----    -----      -----    -----
  +--> ?PR?_HDMI_WRITEI2C_BYTE?I2C
  +--> ?PR?_TIMER0_DELAY1MS?DELAY
  +--> ?PR?_HDMI_READI2C_BYTE?I2C
  +--> ?CO?LT9611
  +--> ?PR?PRINTF?PRINTF

?PR?_LT9611_HDMI_TX_DIGITAL?LT9611               -----    -----      -----    -----      0168H    0006H
  +--> ?CO?LT9611
  +--> ?PR?PRINTF?PRINTF
  +--> ?PR?_HDMI_WRITEI2C_BYTE?I2C

?PR?LT9611_HDMI_TX_PHY?LT9611                    -----    -----      -----    -----      -----    -----
  +--> ?PR?_HDMI_WRITEI2C_BYTE?I2C
  +--> ?CO?LT9611
  +--> ?PR?PRINTF?PRINTF

?PR?LT9611_IRQ_INIT?LT9611                       -----    -----      -----    -----      -----    -----
  +--> ?PR?_HDMI_WRITEI2C_BYTE?I2C

?PR?_LT9611_HDMI_CEC_ON?LT9611                   -----    -----      -----    -----      -----    -----
  +--> ?PR?_HDMI_WRITEI2C_BYTE?I2C

?PR?_LT9611_CEC_MSG_INIT?LT9611                  -----    -----      -----    -----      0168H    0003H
  +--> ?PR?_LT9611_HDMI_CEC_ON?LT9611
  +--> ?PR?_LT9611_CEC_MSG_SET_LOGICAL_ADDRE...

?PR?_LT9611_CEC_MSG_SET_LOGICAL_ADDRE...         -----    -----      -----    -----      0171H    0001H
  +--> ?CO?LT9611
  +--> ?PR?PRINTF?PRINTF
  +--> ?PR?_HDMI_WRITEI2C_BYTE?I2C

?PR?_LT9611_ENABLE_INTERRUPTS?LT9611             -----    -----      -----    -----      0168H    0002H
  +--> ?PR?_HDMI_WRITEI2C_BYTE?I2C
BL51 BANKED LINKER/LOCATER V6.22                                                      08/28/2021  07:45:17  PAGE 7


  +--> ?CO?LT9611
  +--> ?PR?PRINTF?PRINTF

?PR?LT9611_FREQUENCY_METER_BYTE_CLK?L...         -----    -----      -----    -----      0165H    0005H
  +--> ?CO?LT9611
  +--> ?PR?PRINTF?PRINTF
  +--> ?PR?_HDMI_WRITEI2C_BYTE?I2C
  +--> ?PR?_TIMER0_DELAY1MS?DELAY
  +--> ?PR?_HDMI_READI2C_BYTE?I2C

?PR?LT9611_DPHY_DEBUG?LT9611                     -----    -----      -----    -----      0165H    0001H
  +--> ?PR?_HDMI_WRITEI2C_BYTE?I2C
  +--> ?PR?_HDMI_READI2C_BYTE?I2C
  +--> ?CO?LT9611
  +--> ?PR?PRINTF?PRINTF

?PR?LT9611_HTOTAL_SYSCLK?LT9611                  -----    -----      -----    -----      0165H    0003H
  +--> ?PR?_HDMI_WRITEI2C_BYTE?I2C
  +--> ?PR?_HDMI_READI2C_BYTE?I2C
  +--> ?CO?LT9611
  +--> ?PR?PRINTF?PRINTF

?PR?LT9611_PCR_MK_PRINT?LT9611                   -----    -----      -----    -----      0165H    0001H
  +--> ?PR?_HDMI_WRITEI2C_BYTE?I2C
  +--> ?PR?_HDMI_READI2C_BYTE?I2C
  +--> ?CO?LT9611
  +--> ?PR?PRINTF?PRINTF
  +--> ?PR?_TIMER0_DELAY1MS?DELAY

?PR?LT9611_HDP_INTERRUPT_HANDLE?LT9611           -----    -----      -----    -----      -----    -----
  +--> ?PR?LT9611_GET_HPD_STATUS?LT9611
  +--> ?PR?_HDMI_WRITEI2C_BYTE?I2C
  +--> ?CO?LT9611
  +--> ?PR?PRINTF?PRINTF
  +--> ?PR?_LT9611_LOWPOWER_MODE?LT9611
  +--> ?PR?_LT9611_ENABLE_INTERRUPTS?LT9611
  +--> ?PR?_TIMER0_DELAY1MS?DELAY
  +--> ?PR?LT9611_READ_EDID?LT9611
  +--> ?PR?_LT9611_PARSE_PHYSICAL_ADDRESS?LT...
  +--> ?PR?_LT9611_CEC_LA_ALLOCATION?LT9611
  +--> ?PR?LT9611_VIDEO_CHECK?LT9611
  +--> ?PR?_LT9611_PLL?LT9611
  +--> ?PR?_LT9611_MIPI_PCR?LT9611
  +--> ?PR?_LT9611_HDMI_TX_DIGITAL?LT9611
  +--> ?PR?LT9611_HDMI_OUT_ENABLE?LT9611
  +--> ?PR?LT9611_HDMI_OUT_DISABLE?LT9611
  +--> ?PR?_LT9611_CEC_MSG_INIT?LT9611

?PR?LT9611_GET_HPD_STATUS?LT9611                 -----    -----      -----    -----      -----    -----
  +--> ?PR?_HDMI_WRITEI2C_BYTE?I2C
  +--> ?PR?_HDMI_READI2C_BYTE?I2C
  +--> ?PR?_TIMER0_DELAY1MS?DELAY

?PR?_LT9611_LOWPOWER_MODE?LT9611                 -----    -----      -----    -----      -----    -----
  +--> ?PR?_HDMI_WRITEI2C_BYTE?I2C
  +--> ?CO?LT9611
  +--> ?PR?PRINTF?PRINTF
BL51 BANKED LINKER/LOCATER V6.22                                                      08/28/2021  07:45:17  PAGE 8



?PR?LT9611_READ_EDID?LT9611                      -----    -----      -----    -----      0168H    0004H
  +--> ?PR?_HDMI_WRITEI2C_BYTE?I2C
  +--> ?PR?_TIMER0_DELAY1MS?DELAY
  +--> ?PR?_HDMI_READI2C_BYTE?I2C
  +--> ?CO?LT9611
  +--> ?PR?PRINTF?PRINTF

?PR?_LT9611_PARSE_PHYSICAL_ADDRESS?LT...         -----    -----      -----    -----      0168H    0012H
  +--> ?PR?_DO_CHECKSUM?LT9611
  +--> ?CO?LT9611
  +--> ?PR?PRINTF?PRINTF

?PR?_DO_CHECKSUM?LT9611                          -----    -----      -----    -----      017AH    0006H
  +--> ?CO?LT9611
  +--> ?PR?PRINTF?PRINTF

?PR?_LT9611_CEC_LA_ALLOCATION?LT9611             -----    -----      -----    -----      -----    -----
  +--> ?PR?_LT9611_HDMI_CEC_WRITE?LT9611

?PR?_LT9611_HDMI_CEC_WRITE?LT9611                -----    -----      -----    -----      0174H    0005H
  +--> ?PR?_HDMI_WRITEI2C_BYTE?I2C
  +--> ?PR?_TIMER0_DELAY1MS?DELAY

?PR?LT9611_HDMI_OUT_ENABLE?LT9611                -----    -----      -----    -----      -----    -----
  +--> ?PR?_HDMI_WRITEI2C_BYTE?I2C
  +--> ?PR?LT9611_HDCP_ENABLE?LT9611
  +--> ?PR?LT9611_HDCP_DISABLE?LT9611
  +--> ?CO?LT9611
  +--> ?PR?PRINTF?PRINTF

?PR?LT9611_HDCP_ENABLE?LT9611                    -----    -----      -----    -----      -----    -----
  +--> ?PR?_HDMI_WRITEI2C_BYTE?I2C
  +--> ?CO?LT9611
  +--> ?PR?PRINTF?PRINTF

?PR?LT9611_HDCP_DISABLE?LT9611                   -----    -----      -----    -----      -----    -----
  +--> ?PR?_HDMI_WRITEI2C_BYTE?I2C
  +--> ?CO?LT9611
  +--> ?PR?PRINTF?PRINTF

?PR?LT9611_HDMI_OUT_DISABLE?LT9611               -----    -----      -----    -----      -----    -----
  +--> ?PR?_HDMI_WRITEI2C_BYTE?I2C
  +--> ?CO?LT9611
  +--> ?PR?PRINTF?PRINTF
  +--> ?PR?LT9611_HDCP_DISABLE?LT9611

?PR?LT9611_IRQ_TASK?LT9611                       -----    -----      -----    -----      0165H    0003H
  +--> ?PR?_HDMI_WRITEI2C_BYTE?I2C
  +--> ?PR?_HDMI_READI2C_BYTE?I2C
  +--> ?PR?_LT9611_CEC_MSG_INTERRUPT_HANDLE?...
  +--> ?PR?LT9611_HDP_INTERRUPT_HANDLE?LT9611
  +--> ?PR?LT9611_VID_CHG_INTERRUPT_HANDLE?L...

?PR?_LT9611_CEC_MSG_INTERRUPT_HANDLE?...         -----    -----      -----    -----      0168H    0003H
  +--> ?PR?_HDMI_WRITEI2C_BYTE?I2C
  +--> ?PR?_HDMI_READI2C_BYTE?I2C
BL51 BANKED LINKER/LOCATER V6.22                                                      08/28/2021  07:45:17  PAGE 9


  +--> ?CO?LT9611
  +--> ?PR?PRINTF?PRINTF
  +--> ?PR?_LT9611_CEC_MSG_TX_HANDLE?LT9611
  +--> ?PR?_LT9611_CEC_MSG_RX_PARSE?LT9611

?PR?_LT9611_CEC_MSG_TX_HANDLE?LT9611             -----    -----      -----    -----      016BH    0006H
  +--> ?CO?LT9611
  +--> ?PR?PRINTF?PRINTF
  +--> ?PR?LT9611_CEC_LOGICAL_RESET?LT9611
  +--> ?PR?_LT9611_CEC_MSG_SET_LOGICAL_ADDRE...
  +--> ?PR?_LT9611_CEC_REPORT_PHYSICAL_ADDRE...
  +--> ?PR?_LT9611_CEC_LA_ALLOCATION?LT9611
  +--> ?PR?_LT9611_CEC_FRAME_RETRANSMISSION?...

?PR?LT9611_CEC_LOGICAL_RESET?LT9611              -----    -----      -----    -----      -----    -----
  +--> ?PR?_HDMI_WRITEI2C_BYTE?I2C

?PR?_LT9611_CEC_REPORT_PHYSICAL_ADDRE...         -----    -----      -----    -----      -----    -----
  +--> ?PR?_LT9611_HDMI_CEC_WRITE?LT9611

?PR?_LT9611_CEC_FRAME_RETRANSMISSION?...         -----    -----      -----    -----      0171H    0003H
  +--> ?PR?_HDMI_WRITEI2C_BYTE?I2C

?PR?_LT9611_CEC_MSG_RX_PARSE?LT9611              -----    -----      -----    -----      016BH    0009H
  +--> ?CO?LT9611
  +--> ?PR?_LT9611_HDMI_CEC_READ?LT9611
  +--> ?PR?PRINTF?PRINTF
  +--> ?PR?_LT9611_CEC_FEATURE_ABORT?LT9611
  +--> ?PR?_LT9611_CEC_REPORT_PHYSICAL_ADDRE...
  +--> ?PR?_TIMER0_DELAY1MS?DELAY
  +--> ?PR?_LT9611_CEC_MENU_ACTIVATE?LT9611

?PR?_LT9611_HDMI_CEC_READ?LT9611                 -----    -----      -----    -----      0174H    0005H
  +--> ?PR?_HDMI_WRITEI2C_BYTE?I2C
  +--> ?PR?_HDMI_READI2C_BYTE?I2C

?PR?_LT9611_CEC_FEATURE_ABORT?LT9611             -----    -----      -----    -----      -----    -----
  +--> ?PR?_LT9611_HDMI_CEC_WRITE?LT9611

?PR?_LT9611_CEC_MENU_ACTIVATE?LT9611             -----    -----      -----    -----      -----    -----
  +--> ?PR?_LT9611_HDMI_CEC_WRITE?LT9611

?PR?LT9611_VID_CHG_INTERRUPT_HANDLE?L...         -----    -----      -----    -----      -----    -----
  +--> ?CO?LT9611
  +--> ?PR?PRINTF?PRINTF
  +--> ?PR?_HDMI_WRITEI2C_BYTE?I2C
  +--> ?PR?LT9611_VIDEO_CHECK?LT9611
  +--> ?PR?_TIMER0_DELAY1MS?DELAY
  +--> ?PR?_LT9611_PLL?LT9611
  +--> ?PR?_LT9611_MIPI_PCR?LT9611
  +--> ?PR?_LT9611_HDMI_TX_DIGITAL?LT9611
  +--> ?PR?LT9611_HDMI_OUT_ENABLE?LT9611
  +--> ?PR?LT9611_HDMI_OUT_DISABLE?LT9611



SYMBOL TABLE OF MODULE:  .\Objects\LT9611_PORTA (UART0)
BL51 BANKED LINKER/LOCATER V6.22                                                      08/28/2021  07:45:17  PAGE 10



  VALUE           TYPE          NAME
  ----------------------------------

  -------         MODULE        UART0
  C:0000H         SYMBOL        _ICE_DUMMY_
  D:00B1H         PUBLIC        P0M1
  D:00B2H         PUBLIC        P0M2
  D:0080H         PUBLIC        P0
  D:0090H         PUBLIC        P1
  D:00A0H         PUBLIC        P2
  D:00B0H         PUBLIC        P3
  D:00D8H         PUBLIC        PWMCON0
  D:00A8H         PUBLIC        IE
  D:00B8H         PUBLIC        IP
  B:0098H.1       PUBLIC        TI
  D:0099H         PUBLIC        SBUF
  D:0087H         PUBLIC        PCON
  D:0098H         PUBLIC        SCON
  D:0089H         PUBLIC        TMOD
  D:0088H         PUBLIC        TCON
  D:00F8H         PUBLIC        SCON_1
  D:008DH         PUBLIC        TH1
  C:433CH         PUBLIC        _InitialUART0_Timer1
  B:0088H.6       PUBLIC        TR1
  D:00E8H         PUBLIC        ADCCON0
  C:46BDH         PUBLIC        _Send_Data_To_UART0
  D:00C0H         PUBLIC        I2CON
  D:00C8H         PUBLIC        T2CON
  D:00C4H         PUBLIC        T3CON
  D:008EH         PUBLIC        CKCON
  D:00D0H         PUBLIC        PSW
  C:46C5H         PUBLIC        _printch
  -------         PROC          _INITIALUART0_TIMER1
  D:0004H         SYMBOL        u32Baudrate
  C:433CH         LINE#         8
  C:433CH         LINE#         9
  C:433CH         LINE#         10
  C:4342H         LINE#         11
  C:4348H         LINE#         13
  C:434BH         LINE#         14
  C:434EH         LINE#         16
  C:4351H         LINE#         17
  C:4354H         LINE#         18
  C:4357H         LINE#         21
  C:4370H         LINE#         26
  C:4372H         LINE#         27
  C:4374H         LINE#         28
  -------         ENDPROC       _INITIALUART0_TIMER1
  -------         PROC          _SEND_DATA_TO_UART0
  D:0007H         SYMBOL        c
  C:46BDH         LINE#         64
  C:46BDH         LINE#         65
  C:46BDH         LINE#         66
  C:46BFH         LINE#         67
  C:46C1H         LINE#         68
  C:46C4H         LINE#         69
BL51 BANKED LINKER/LOCATER V6.22                                                      08/28/2021  07:45:17  PAGE 11


  -------         ENDPROC       _SEND_DATA_TO_UART0
  -------         PROC          _PRINTCH
  D:0007H         SYMBOL        ch
  C:46C5H         LINE#         144
  C:46C5H         LINE#         145
  C:46C5H         LINE#         146
  -------         ENDPROC       _PRINTCH
  -------         ENDMOD        UART0

  -------         MODULE        MAIN
  C:0000H         SYMBOL        _ICE_DUMMY_
  D:00B1H         PUBLIC        P0M1
  D:00B3H         PUBLIC        P1M1
  D:00B2H         PUBLIC        P0M2
  D:0080H         PUBLIC        P0
  D:00B4H         PUBLIC        P1M2
  D:0090H         PUBLIC        P1
  D:00ACH         PUBLIC        P3M1
  D:00A0H         PUBLIC        P2
  D:00B0H         PUBLIC        P3
  D:00ADH         PUBLIC        P3M2
  B:00A8H.7       PUBLIC        EA
  D:00D8H         PUBLIC        PWMCON0
  D:00A8H         PUBLIC        IE
  D:00B8H         PUBLIC        IP
  C:468BH         PUBLIC        main
  B:00B0H.0       PUBLIC        P30
  D:0098H         PUBLIC        SCON
  D:0088H         PUBLIC        TCON
  D:00F8H         PUBLIC        SCON_1
  D:009BH         PUBLIC        EIE
  C:45A4H         PUBLIC        LT9611_Reset
  D:00E8H         PUBLIC        ADCCON0
  D:00C0H         PUBLIC        I2CON
  X:01D3H         PUBLIC        irq_task_flag
  C:4154H         PUBLIC        MCU_SystemInit
  D:00C8H         PUBLIC        T2CON
  D:00E9H         PUBLIC        PICON
  D:00D0H         PUBLIC        PSW
  D:00EAH         PUBLIC        PINEN
  D:00EBH         PUBLIC        PIPEN
  -------         PROC          MCU_SYSTEMINIT
  C:4154H         LINE#         9
  C:4154H         LINE#         10
  C:4154H         LINE#         11
  C:415AH         LINE#         12
  C:4160H         LINE#         13
  C:4166H         LINE#         14
  C:416CH         LINE#         15
  C:4172H         LINE#         17
  C:4178H         LINE#         18
  C:417EH         LINE#         19
  C:4184H         LINE#         22
  C:418FH         LINE#         24
  C:4192H         LINE#         25
  C:419BH         LINE#         26
  C:419EH         LINE#         31
BL51 BANKED LINKER/LOCATER V6.22                                                      08/28/2021  07:45:17  PAGE 12


  C:41A0H         LINE#         32
  -------         ENDPROC       MCU_SYSTEMINIT
  -------         PROC          LT9611_RESET
  C:45A4H         LINE#         35
  C:45A4H         LINE#         36
  C:45A4H         LINE#         37
  C:45A6H         LINE#         38
  C:45B1H         LINE#         39
  C:45B3H         LINE#         40
  -------         ENDPROC       LT9611_RESET
  -------         PROC          MAIN
  C:468BH         LINE#         44
  C:468BH         LINE#         45
  C:468BH         LINE#         46
  C:468EH         LINE#         48
  C:4697H         LINE#         49
  C:469AH         LINE#         54
  C:469DH         LINE#         57
  -------         ENDPROC       MAIN
  -------         ENDMOD        MAIN

  -------         MODULE        I2C
  C:0000H         SYMBOL        _ICE_DUMMY_
  D:0080H         PUBLIC        P0
  D:0090H         PUBLIC        P1
  D:00A0H         PUBLIC        P2
  D:00B0H         PUBLIC        P3
  C:4637H         PUBLIC        _HDMI_ReadI2C_ByteN
  D:00D8H         PUBLIC        PWMCON0
  D:00A8H         PUBLIC        IE
  C:37B2H         SYMBOL        _i2c_read_byte
  C:464CH         PUBLIC        _HDMI_WriteI2C_ByteN
  X:01D1H         PUBLIC        I2CADR
  D:00B8H         PUBLIC        IP
  C:3C95H         SYMBOL        _i2c_write_byte
  X:01D2H         PUBLIC        ack
  B:0090H.3       PUBLIC        P13
  D:0098H         PUBLIC        SCON
  B:0090H.4       PUBLIC        P14
  D:0088H         PUBLIC        TCON
  C:4437H         PUBLIC        _HDMI_ReadI2C_Byte
  C:4065H         SYMBOL        _I2C_SendByte
  C:4375H         SYMBOL        RcvByte
  D:00F8H         PUBLIC        SCON_1
  C:4531H         PUBLIC        _HDMI_WriteI2C_Byte
  C:456CH         SYMBOL        _Ack_I2c
  C:4622H         SYMBOL        Start_I2c
  C:46A6H         SYMBOL        _I2C_Delay_us
  D:00E8H         PUBLIC        ADCCON0
  D:00C0H         PUBLIC        I2CON
  C:46B1H         SYMBOL        Stop_I2c
  D:00C8H         PUBLIC        T2CON
  D:00D0H         PUBLIC        PSW
  -------         PROC          L?0048
  -------         ENDPROC       L?0048
  -------         PROC          _I2C_DELAY_US
  D:0007H         SYMBOL        uscount
BL51 BANKED LINKER/LOCATER V6.22                                                      08/28/2021  07:45:17  PAGE 13


  -------         DO            
  D:0006H         SYMBOL        x
  -------         ENDDO         
  C:46A6H         LINE#         21
  C:46A6H         LINE#         22
  C:46A6H         LINE#         24
  C:46ADH         LINE#         25
  C:46ADH         LINE#         27
  C:46B0H         LINE#         28
  -------         ENDPROC       _I2C_DELAY_US
  -------         PROC          START_I2C
  C:4622H         LINE#         30
  C:4622H         LINE#         31
  C:4622H         LINE#         32
  C:4624H         LINE#         33
  C:4626H         LINE#         34
  C:4626H         LINE#         35
  C:4629H         LINE#         36
  C:462BH         LINE#         37
  C:4630H         LINE#         38
  C:4632H         LINE#         39
  -------         ENDPROC       START_I2C
  -------         PROC          STOP_I2C
  C:46B1H         LINE#         42
  C:46B1H         LINE#         43
  C:46B1H         LINE#         44
  C:46B3H         LINE#         45
  C:46B5H         LINE#         46
  C:46B5H         LINE#         47
  C:46B8H         LINE#         48
  C:46BAH         LINE#         49
  -------         ENDPROC       STOP_I2C
  -------         PROC          _I2C_SENDBYTE
  D:0005H         SYMBOL        c
  -------         DO            
  D:0004H         SYMBOL        bit_Cnt
  -------         ENDDO         
  C:4065H         LINE#         53
  C:4067H         LINE#         54
  C:4067H         LINE#         57
  C:4069H         LINE#         58
  C:4069H         LINE#         59
  C:4076H         LINE#         60
  C:4076H         LINE#         61
  C:4078H         LINE#         62
  C:407AH         LINE#         64
  C:407AH         LINE#         65
  C:407CH         LINE#         66
  C:407CH         LINE#         67
  C:4081H         LINE#         68
  C:4083H         LINE#         69
  C:4087H         LINE#         70
  C:4089H         LINE#         71
  C:408EH         LINE#         73
  C:4093H         LINE#         74
  C:4095H         LINE#         75
  C:409AH         LINE#         76
BL51 BANKED LINKER/LOCATER V6.22                                                      08/28/2021  07:45:17  PAGE 14


  C:409CH         LINE#         77
  C:409FH         LINE#         79
  C:40A2H         LINE#         80
  C:40A2H         LINE#         81
  C:40A7H         LINE#         82
  C:40A9H         LINE#         84
  C:40A9H         LINE#         85
  C:40AFH         LINE#         86
  C:40AFH         LINE#         87
  C:40B1H         LINE#         88
  -------         ENDPROC       _I2C_SENDBYTE
  -------         PROC          RCVBYTE
  -------         DO            
  D:0005H         SYMBOL        retc
  D:0004H         SYMBOL        bit_Cnt
  -------         ENDDO         
  C:4375H         LINE#         91
  C:4375H         LINE#         92
  C:4375H         LINE#         96
  C:4377H         LINE#         97
  C:4379H         LINE#         98
  C:437AH         LINE#         99
  C:437AH         LINE#         100
  C:437FH         LINE#         101
  C:4381H         LINE#         102
  C:4386H         LINE#         103
  C:4388H         LINE#         104
  C:438DH         LINE#         105
  C:4391H         LINE#         106
  C:4394H         LINE#         107
  C:4394H         LINE#         108
  C:4395H         LINE#         109
  C:4395H         LINE#         110
  C:439AH         LINE#         111
  C:439FH         LINE#         112
  C:43A1H         LINE#         113
  C:43A6H         LINE#         114
  C:43A8H         LINE#         115
  -------         ENDPROC       RCVBYTE
  -------         PROC          _ACK_I2C
  D:0007H         SYMBOL        a
  C:456CH         LINE#         117
  C:456CH         LINE#         118
  C:456CH         LINE#         119
  C:456FH         LINE#         120
  C:456FH         LINE#         121
  C:4571H         LINE#         122
  C:4573H         LINE#         124
  C:4573H         LINE#         125
  C:4575H         LINE#         126
  C:4575H         LINE#         128
  C:457AH         LINE#         129
  C:457CH         LINE#         130
  C:4581H         LINE#         131
  C:4583H         LINE#         132
  -------         ENDPROC       _ACK_I2C
  -------         PROC          _I2C_WRITE_BYTE
BL51 BANKED LINKER/LOCATER V6.22                                                      08/28/2021  07:45:17  PAGE 15


  D:0004H         SYMBOL        sla
  X:017BH         SYMBOL        suba
  D:0001H         SYMBOL        s
  X:017FH         SYMBOL        no
  -------         DO            
  X:0180H         SYMBOL        i
  -------         ENDDO         
  C:3C95H         LINE#         135
  C:3C9CH         LINE#         136
  C:3C9CH         LINE#         139
  C:3C9FH         LINE#         141
  C:3CA4H         LINE#         143
  C:3CAAH         LINE#         144
  C:3CAAH         LINE#         145
  C:3CAAH         LINE#         146
  C:3CACH         LINE#         147
  C:3CACH         LINE#         148
  C:3CB4H         LINE#         149
  C:3CBAH         LINE#         150
  C:3CBAH         LINE#         151
  C:3CBAH         LINE#         152
  C:3CBCH         LINE#         153
  C:3CBCH         LINE#         155
  C:3CCCH         LINE#         156
  C:3CCCH         LINE#         157
  C:3CD3H         LINE#         158
  C:3CD9H         LINE#         159
  C:3CD9H         LINE#         160
  C:3CDCH         LINE#         161
  C:3CDFH         LINE#         162
  C:3CDFH         LINE#         163
  C:3CE6H         LINE#         164
  C:3CEEH         LINE#         165
  C:3CF1H         LINE#         166
  C:3CF3H         LINE#         167
  -------         ENDPROC       _I2C_WRITE_BYTE
  -------         PROC          _I2C_READ_BYTE
  X:017AH         SYMBOL        sla
  X:017BH         SYMBOL        suba
  D:0001H         SYMBOL        s
  X:017FH         SYMBOL        no
  -------         DO            
  X:0180H         SYMBOL        i
  -------         ENDDO         
  C:37B2H         LINE#         169
  C:37BAH         LINE#         170
  C:37BAH         LINE#         172
  C:37BDH         LINE#         173
  C:37C5H         LINE#         174
  C:37CBH         LINE#         175
  C:37CBH         LINE#         176
  C:37CBH         LINE#         177
  C:37CBH         LINE#         178
  C:37CDH         LINE#         179
  C:37CDH         LINE#         180
  C:37D5H         LINE#         181
  C:37DBH         LINE#         182
BL51 BANKED LINKER/LOCATER V6.22                                                      08/28/2021  07:45:17  PAGE 16


  C:37DBH         LINE#         183
  C:37DBH         LINE#         184
  C:37DBH         LINE#         185
  C:37DDH         LINE#         186
  C:37DDH         LINE#         187
  C:37E0H         LINE#         188
  C:37E9H         LINE#         189
  C:37EFH         LINE#         190
  C:37EFH         LINE#         191
  C:37F2H         LINE#         192
  C:37F6H         LINE#         193
  C:37F8H         LINE#         194
  C:37F8H         LINE#         195
  C:3809H         LINE#         196
  C:3809H         LINE#         197
  C:3810H         LINE#         198
  C:3815H         LINE#         199
  C:381CH         LINE#         200
  C:3824H         LINE#         201
  C:382BH         LINE#         202
  C:3830H         LINE#         203
  C:3833H         LINE#         204
  C:3835H         LINE#         205
  -------         ENDPROC       _I2C_READ_BYTE
  -------         PROC          _HDMI_READI2C_BYTE
  D:0006H         SYMBOL        RegAddr
  -------         DO            
  X:0179H         SYMBOL        p_data
  -------         ENDDO         
  C:4437H         LINE#         207
  C:4439H         LINE#         208
  C:4439H         LINE#         209
  C:443EH         LINE#         211
  C:4457H         LINE#         212
  C:4457H         LINE#         213
  C:445DH         LINE#         214
  C:445DH         LINE#         215
  C:445FH         LINE#         216
  -------         ENDPROC       _HDMI_READI2C_BYTE
  -------         PROC          _HDMI_READI2C_BYTEN
  D:0006H         SYMBOL        RegAddr
  D:0001H         SYMBOL        p_data
  X:01ACH         SYMBOL        N
  -------         DO            
  D:0007H         SYMBOL        flag
  -------         ENDDO         
  C:4637H         LINE#         218
  C:4639H         LINE#         219
  C:4639H         LINE#         222
  C:464BH         LINE#         224
  C:464BH         LINE#         225
  -------         ENDPROC       _HDMI_READI2C_BYTEN
  -------         PROC          _HDMI_WRITEI2C_BYTE
  D:0006H         SYMBOL        RegAddr
  X:0179H         SYMBOL        d
  -------         DO            
  D:0007H         SYMBOL        flag
BL51 BANKED LINKER/LOCATER V6.22                                                      08/28/2021  07:45:17  PAGE 17


  -------         ENDDO         
  C:4531H         LINE#         227
  C:4538H         LINE#         228
  C:4538H         LINE#         231
  C:454EH         LINE#         234
  C:454EH         LINE#         235
  -------         ENDPROC       _HDMI_WRITEI2C_BYTE
  -------         PROC          _HDMI_WRITEI2C_BYTEN
  D:0006H         SYMBOL        RegAddr
  D:0001H         SYMBOL        d
  X:01B1H         SYMBOL        N
  -------         DO            
  D:0007H         SYMBOL        flag
  -------         ENDDO         
  C:464CH         LINE#         237
  C:464EH         LINE#         238
  C:464EH         LINE#         241
  C:4660H         LINE#         243
  C:4660H         LINE#         244
  -------         ENDPROC       _HDMI_WRITEI2C_BYTEN
  -------         ENDMOD        I2C

  -------         MODULE        LT9611
  C:0000H         SYMBOL        _ICE_DUMMY_
  D:0080H         PUBLIC        P0
  C:4286H         PUBLIC        _lt9611_cec_msg_init
  C:45BEH         PUBLIC        lt9611_cec_msg_write_demo
  D:0090H         PUBLIC        P1
  D:00A0H         PUBLIC        P2
  D:00B0H         PUBLIC        P3
  C:4106H         PUBLIC        _delay_1ms
  D:00D8H         PUBLIC        PWMCON0
  C:2CF1H         PUBLIC        _lt9611_cec_msg_tx_handle
  C:4661H         PUBLIC        lt9611_cec_logical_reset
  X:0005H         PUBLIC        Tx_HPD
  C:4676H         PUBLIC        LT9611_pattern_en
  C:2E91H         PUBLIC        _LT9611_MIPI_Pcr
  C:34E9H         SYMBOL        _do_checksum
  C:460BH         PUBLIC        LT9611_HDCP_Disable
  C:43DAH         PUBLIC        _lt9611_cec_feature_abort
  D:00A8H         PUBLIC        IE
  C:4487H         PUBLIC        IntbInterruptFun
  C:0FA5H         PUBLIC        LT9611_Video_Check
  X:0006H         PUBLIC        Sink_EDID
  C:0F6BH         PUBLIC        video_1200x1920_60Hz
  C:43A9H         PUBLIC        _lt9611_cec_menu_activate
  C:0EBDH         PUBLIC        video_1920x1080_30Hz
  X:0106H         PUBLIC        pcr_m
  C:0EA0H         PUBLIC        video_1920x1080_50Hz
  C:3440H         PUBLIC        LT9611_HDP_Interrupt_Handle
  C:0F14H         PUBLIC        video_3840x2160_30Hz
  C:0EF7H         PUBLIC        video_1920x1080_24Hz
  C:0E83H         PUBLIC        video_1920x1080_60Hz
  C:0EDAH         PUBLIC        video_1920x1080_25Hz
  C:372BH         PUBLIC        LT9611_HDMI_TX_Phy
  C:0F4EH         PUBLIC        video_3840x2160_24Hz
  C:0F31H         PUBLIC        video_3840x2160_25Hz
BL51 BANKED LINKER/LOCATER V6.22                                                      08/28/2021  07:45:17  PAGE 18


  D:00B8H         PUBLIC        IP
  X:0107H         PUBLIC        video
  C:440AH         PUBLIC        LT9611_Get_HPD_Status
  C:4237H         PUBLIC        _lt9611_cec_frame_retransmission
  C:4302H         PUBLIC        LT9611_HDCP_Enable
  C:3B06H         PUBLIC        _LT9611_LowPower_mode
  C:4013H         PUBLIC        LT9611_Htotal_Sysclk
  C:0003H         PUBLIC        _LT9611_HDMI_CEC_ON
  C:3A9DH         PUBLIC        LT9611_load_hdcp_key
  C:31C3H         PUBLIC        _lt9611_cec_msg_set_logical_address
  C:2613H         PUBLIC        _LT9611_HDMI_TX_Digital
  C:44F1H         PUBLIC        LT9611_HDMI_Out_Disable
  C:299FH         PUBLIC        _LT9611_MIPI_Video_Timing
  C:4512H         PUBLIC        LT9611_CSC
  C:3D50H         PUBLIC        LT9611_MIPI_Input_Analog
  C:32BCH         PUBLIC        LT9611_MIPI_Input_Digtal
  B:0090H.0       PUBLIC        P10
  X:010AH         PUBLIC        PCR_Format
  X:010BH         PUBLIC        lt9611
  C:1C74H         PUBLIC        _lt9611_cec_msg_rx_parse
  C:0DF2H         PUBLIC        video_720x480_60Hz
  D:0098H         PUBLIC        SCON
  C:45D8H         PUBLIC        lt9611_broad_cast_demo
  C:0DD5H         PUBLIC        video_640x480_60Hz
  D:0088H         PUBLIC        TCON
  C:41ECH         PUBLIC        LT9611_IRQ_Task
  C:4588H         PUBLIC        LT9611_IRQ_Init
  C:44ABH         PUBLIC        LT9611_RST_PD_Init
  C:0E0FH         PUBLIC        video_720x576_50Hz
  C:3935H         PUBLIC        LT9611_HDMI_Out_Enable
  C:1F3FH         PUBLIC        _LT9611_PLL
  B:0088H.1       PUBLIC        IE0
  C:3A28H         PUBLIC        LT9611_Audio_Init
  C:21EEH         PUBLIC        _lt9611_parse_physical_address
  C:38B9H         PUBLIC        _lt9611_hdmi_cec_read
  D:00F8H         PUBLIC        SCON_1
  C:2FACH         PUBLIC        _LT9611_Enable_Interrupts
  C:40B6H         PUBLIC        LT9611_Chip_ID
  C:2428H         PUBLIC        LT9611_Read_EDID
  C:39AFH         PUBLIC        _lt9611_cec_msg_Interrupt_Handle
  C:3B6BH         PUBLIC        LT9611_Vid_Chg_Interrupt_Handle
  C:3FCCH         PUBLIC        _lt9611_cec_report_physical_address
  C:3C33H         PUBLIC        LT9611_System_Init
  X:0114H         PUBLIC        flag_cec_data_received
  D:009BH         PUBLIC        EIE
  C:3612H         PUBLIC        _lt9611_hdmi_cec_write
  C:30BCH         PUBLIC        LT9611_Dphy_debug
  C:42C5H         PUBLIC        LT9611_pattern
  X:0115H         SYMBOL        CEC_RxData_Buff
  D:00E8H         PUBLIC        ADCCON0
  X:0125H         SYMBOL        CEC_TxData_Buff
  D:00C0H         PUBLIC        I2CON
  C:2B49H         PUBLIC        LT9611_Frequency_Meter_Byte_Clk
  D:00ECH         PUBLIC        PIF
  C:0E66H         PUBLIC        video_1280x720_30Hz
  C:0E49H         PUBLIC        video_1280x720_50Hz
  C:3836H         PUBLIC        LT9611_Pcr_MK_Print
BL51 BANKED LINKER/LOCATER V6.22                                                      08/28/2021  07:45:17  PAGE 19


  C:0E2CH         PUBLIC        video_1280x720_60Hz
  C:0F88H         PUBLIC        video_1920x720_60Hz
  C:45F2H         PUBLIC        _LT9611_Globe_Interrupts
  D:00C8H         PUBLIC        T2CON
  X:0137H         PUBLIC        lt9611_cec_msg
  C:3580H         PUBLIC        LT9611_Init
  C:44CEH         PUBLIC        LT9611_HDCP_Init
  C:27E1H         PUBLIC        _LT9611_pattern_gcm
  C:3BD0H         PUBLIC        _lt9611_cec_device_polling
  C:3384H         PUBLIC        _LT9611_pattern_pixel_clk
  D:00D0H         PUBLIC        PSW
  C:454FH         PUBLIC        _lt9611_cec_la_allocation
  -------         PROC          _DELAY_1MS
  D:0007H         SYMBOL        cnt
  -------         DO            
  X:0000H         SYMBOL        i
  X:0002H         SYMBOL        j
  -------         ENDDO         
  C:4106H         LINE#         127
  C:4106H         LINE#         128
  C:4106H         LINE#         131
  C:4114H         LINE#         132
  C:4123H         LINE#         133
  C:4123H         LINE#         134
  C:4127H         LINE#         135
  C:4135H         LINE#         137
  C:4135H         LINE#         138
  C:4143H         LINE#         139
  C:4143H         LINE#         140
  C:414AH         LINE#         141
  C:414EH         LINE#         142
  C:4151H         LINE#         143
  C:4151H         LINE#         145
  C:4151H         LINE#         146
  C:4153H         LINE#         147
  C:4153H         LINE#         148
  -------         ENDPROC       _DELAY_1MS
  -------         PROC          LT9611_CHIP_ID
  C:40B6H         LINE#         150
  C:40B6H         LINE#         151
  C:40B6H         LINE#         152
  C:40BDH         LINE#         153
  C:40C4H         LINE#         154
  C:40F1H         LINE#         156
  C:40F8H         LINE#         157
  C:40FFH         LINE#         158
  -------         ENDPROC       LT9611_CHIP_ID
  -------         PROC          LT9611_RST_PD_INIT
  C:44ABH         LINE#         161
  C:44ABH         LINE#         162
  C:44ABH         LINE#         164
  C:44B2H         LINE#         165
  C:44B9H         LINE#         166
  C:44C0H         LINE#         167
  C:44C7H         LINE#         168
  -------         ENDPROC       LT9611_RST_PD_INIT
  -------         PROC          _LT9611_LOWPOWER_MODE
BL51 BANKED LINKER/LOCATER V6.22                                                      08/28/2021  07:45:17  PAGE 20


  D:0007H         SYMBOL        on
  C:3B06H         LINE#         171
  C:3B06H         LINE#         172
  C:3B06H         LINE#         175
  C:3B0DH         LINE#         176
  C:3B0DH         LINE#         177
  C:3B10H         LINE#         178
  C:3B17H         LINE#         179
  C:3B1EH         LINE#         180
  C:3B25H         LINE#         182
  C:3B2CH         LINE#         183
  C:3B33H         LINE#         184
  C:3B39H         LINE#         185
  C:3B3BH         LINE#         187
  C:3B3BH         LINE#         188
  C:3B3EH         LINE#         189
  C:3B45H         LINE#         190
  C:3B4CH         LINE#         191
  C:3B53H         LINE#         193
  C:3B5AH         LINE#         194
  C:3B61H         LINE#         195
  C:3B6AH         LINE#         196
  C:3B6AH         LINE#         197
  -------         ENDPROC       _LT9611_LOWPOWER_MODE
  -------         PROC          LT9611_SYSTEM_INIT
  C:3C33H         LINE#         199
  C:3C33H         LINE#         200
  C:3C33H         LINE#         201
  C:3C3AH         LINE#         202
  C:3C41H         LINE#         204
  C:3C48H         LINE#         205
  C:3C4FH         LINE#         206
  C:3C56H         LINE#         207
  C:3C5DH         LINE#         208
  C:3C64H         LINE#         211
  C:3C6BH         LINE#         212
  C:3C72H         LINE#         213
  C:3C79H         LINE#         214
  C:3C80H         LINE#         215
  C:3C87H         LINE#         216
  C:3C8EH         LINE#         217
  -------         ENDPROC       LT9611_SYSTEM_INIT
  -------         PROC          LT9611_MIPI_INPUT_ANALOG
  C:3D50H         LINE#         220
  C:3D50H         LINE#         221
  C:3D50H         LINE#         223
  C:3D57H         LINE#         225
  C:3D5EH         LINE#         226
  C:3D65H         LINE#         227
  C:3D6CH         LINE#         228
  C:3D73H         LINE#         229
  C:3D7AH         LINE#         231
  C:3D81H         LINE#         232
  C:3D88H         LINE#         233
  C:3D8FH         LINE#         234
  C:3D96H         LINE#         235
  C:3D9DH         LINE#         237
BL51 BANKED LINKER/LOCATER V6.22                                                      08/28/2021  07:45:17  PAGE 21


  C:3DA4H         LINE#         238
  -------         ENDPROC       LT9611_MIPI_INPUT_ANALOG
  -------         PROC          LT9611_MIPI_INPUT_DIGTAL
  -------         DO            
  X:0165H         SYMBOL        lanes
  -------         ENDDO         
  C:32BCH         LINE#         241
  C:32BCH         LINE#         242
  C:32BCH         LINE#         244
  C:32C4H         LINE#         246
  C:32D1H         LINE#         248
  C:32D8H         LINE#         249
  C:32DBH         LINE#         250
  C:32DBH         LINE#         251
  C:32E2H         LINE#         252
  C:32E4H         LINE#         253
  C:32E6H         LINE#         255
  C:32E6H         LINE#         256
  C:32EDH         LINE#         257
  C:32F4H         LINE#         258
  C:32F4H         LINE#         260
  C:32FBH         LINE#         263
  C:3302H         LINE#         264
  C:330CH         LINE#         266
  C:3313H         LINE#         267
  C:331AH         LINE#         269
  C:3321H         LINE#         270
  C:3321H         LINE#         271
  C:3328H         LINE#         272
  C:332EH         LINE#         273
  C:3330H         LINE#         275
  C:3330H         LINE#         276
  C:3337H         LINE#         277
  C:3340H         LINE#         278
  C:3340H         LINE#         281
  C:3348H         LINE#         282
  C:3348H         LINE#         283
  C:3351H         LINE#         284
  C:3358H         LINE#         285
  C:335FH         LINE#         286
  C:3366H         LINE#         288
  C:336CH         LINE#         289
  C:336CH         LINE#         290
  C:3373H         LINE#         291
  C:337AH         LINE#         292
  C:337AH         LINE#         293
  C:337AH         LINE#         295
  C:3383H         LINE#         297
  -------         ENDPROC       LT9611_MIPI_INPUT_DIGTAL
  -------         PROC          LT9611_VIDEO_CHECK
  -------         DO            
  X:0168H         SYMBOL        mipi_video_format
  X:0169H         SYMBOL        h_act
  X:016BH         SYMBOL        h_act_a
  X:016DH         SYMBOL        h_act_b
  X:016FH         SYMBOL        v_act
  X:0171H         SYMBOL        v_tal
BL51 BANKED LINKER/LOCATER V6.22                                                      08/28/2021  07:45:17  PAGE 22


  X:0173H         SYMBOL        h_total_sysclk
  -------         ENDDO         
  C:0FA5H         LINE#         299
  C:0FA5H         LINE#         300
  C:0FA5H         LINE#         302
  C:0FAAH         LINE#         306
  C:0FB1H         LINE#         307
  C:0FBEH         LINE#         308
  C:0FD8H         LINE#         309
  C:0FE1H         LINE#         310
  C:0FEAH         LINE#         311
  C:1002H         LINE#         313
  C:100FH         LINE#         314
  C:1029H         LINE#         315
  C:1036H         LINE#         316
  C:1050H         LINE#         318
  C:1057H         LINE#         319
  C:1064H         LINE#         320
  C:107EH         LINE#         322
  C:108BH         LINE#         323
  C:10A5H         LINE#         326
  C:10ACH         LINE#         327
  C:10ACH         LINE#         328
  C:10B5H         LINE#         329
  C:10C0H         LINE#         330
  C:10C9H         LINE#         331
  C:10CBH         LINE#         332
  C:10D1H         LINE#         333
  C:10D1H         LINE#         334
  C:10DAH         LINE#         335
  C:10F1H         LINE#         336
  C:1106H         LINE#         337
  C:1106H         LINE#         339
  C:1110H         LINE#         341
  C:1155H         LINE#         342
  C:1166H         LINE#         344
  C:116DH         LINE#         345
  C:1185H         LINE#         347
  C:1194H         LINE#         350
  C:119DH         LINE#         354
  C:11C9H         LINE#         355
  C:11C9H         LINE#         356
  C:11D2H         LINE#         357
  C:11D8H         LINE#         358
  C:11E6H         LINE#         359
  C:11E9H         LINE#         360
  C:1215H         LINE#         361
  C:1215H         LINE#         362
  C:121EH         LINE#         363
  C:1224H         LINE#         364
  C:1232H         LINE#         365
  C:1235H         LINE#         367
  C:1261H         LINE#         368
  C:1261H         LINE#         369
  C:126AH         LINE#         370
  C:1270H         LINE#         371
  C:127EH         LINE#         372
BL51 BANKED LINKER/LOCATER V6.22                                                      08/28/2021  07:45:17  PAGE 23


  C:1281H         LINE#         374
  C:12B2H         LINE#         375
  C:12B2H         LINE#         376
  C:12C1H         LINE#         377
  C:12C1H         LINE#         378
  C:12CAH         LINE#         379
  C:12D0H         LINE#         380
  C:12DEH         LINE#         381
  C:12E1H         LINE#         382
  C:12F0H         LINE#         383
  C:12F0H         LINE#         384
  C:12F9H         LINE#         385
  C:12FFH         LINE#         386
  C:130DH         LINE#         387
  C:1310H         LINE#         388
  C:1322H         LINE#         389
  C:1322H         LINE#         390
  C:132BH         LINE#         391
  C:1331H         LINE#         392
  C:133FH         LINE#         393
  C:133FH         LINE#         394
  C:1342H         LINE#         396
  C:1373H         LINE#         397
  C:1373H         LINE#         398
  C:1382H         LINE#         399
  C:1382H         LINE#         400
  C:138BH         LINE#         401
  C:1391H         LINE#         402
  C:139FH         LINE#         403
  C:13A2H         LINE#         405
  C:13B1H         LINE#         406
  C:13B1H         LINE#         407
  C:13BAH         LINE#         408
  C:13C0H         LINE#         409
  C:13CEH         LINE#         410
  C:13D1H         LINE#         412
  C:13E0H         LINE#         413
  C:13E0H         LINE#         414
  C:13E9H         LINE#         415
  C:13EFH         LINE#         416
  C:13FDH         LINE#         417
  C:1400H         LINE#         419
  C:140FH         LINE#         420
  C:140FH         LINE#         421
  C:1418H         LINE#         422
  C:141EH         LINE#         423
  C:142CH         LINE#         424
  C:142FH         LINE#         426
  C:1441H         LINE#         427
  C:1441H         LINE#         428
  C:144AH         LINE#         429
  C:1450H         LINE#         430
  C:145EH         LINE#         431
  C:145EH         LINE#         432
  C:1461H         LINE#         433
  C:1492H         LINE#         434
  C:1492H         LINE#         435
BL51 BANKED LINKER/LOCATER V6.22                                                      08/28/2021  07:45:17  PAGE 24


  C:14A1H         LINE#         436
  C:14A1H         LINE#         437
  C:14AAH         LINE#         438
  C:14B0H         LINE#         439
  C:14BEH         LINE#         440
  C:14C0H         LINE#         441
  C:14CFH         LINE#         442
  C:14CFH         LINE#         443
  C:14D8H         LINE#         444
  C:14DEH         LINE#         445
  C:14ECH         LINE#         446
  C:14EEH         LINE#         447
  C:14FDH         LINE#         448
  C:14FDH         LINE#         449
  C:1506H         LINE#         450
  C:150CH         LINE#         451
  C:151AH         LINE#         452
  C:151AH         LINE#         453
  C:151CH         LINE#         654
  C:151CH         LINE#         655
  C:1521H         LINE#         656
  C:152AH         LINE#         657
  C:152AH         LINE#         658
  C:1533H         LINE#         659
  -------         ENDPROC       LT9611_VIDEO_CHECK
  -------         PROC          _LT9611_MIPI_VIDEO_TIMING
  X:016BH         SYMBOL        video_format
  C:299FH         LINE#         665
  C:29AAH         LINE#         666
  C:29AAH         LINE#         667
  C:29B1H         LINE#         668
  C:29CAH         LINE#         669
  C:29E1H         LINE#         670
  C:29FAH         LINE#         671
  C:2A11H         LINE#         672
  C:2A2AH         LINE#         673
  C:2A41H         LINE#         674
  C:2A5AH         LINE#         675
  C:2A71H         LINE#         676
  C:2A88H         LINE#         677
  C:2A9FH         LINE#         678
  C:2AB6H         LINE#         679
  C:2ADCH         LINE#         680
  C:2AF0H         LINE#         681
  C:2B23H         LINE#         682
  -------         ENDPROC       _LT9611_MIPI_VIDEO_TIMING
  C:2E86H         SYMBOL        L?0398
  -------         PROC          L?0397
  -------         ENDPROC       L?0397
  C:2E86H         SYMBOL        L?0398
  -------         PROC          _LT9611_MIPI_PCR
  D:0001H         SYMBOL        video_format
  -------         DO            
  X:0168H         SYMBOL        POL
  X:0169H         SYMBOL        hact
  -------         ENDDO         
  C:2E91H         LINE#         685
BL51 BANKED LINKER/LOCATER V6.22                                                      08/28/2021  07:45:17  PAGE 25


  C:2E91H         LINE#         686
  C:2E91H         LINE#         689
  C:2EA1H         LINE#         690
  C:2EB5H         LINE#         691
  C:2EB7H         LINE#         692
  C:2EBAH         LINE#         694
  C:2EC1H         LINE#         696
  C:2EC9H         LINE#         697
  C:2EC9H         LINE#         698
  C:2EDFH         LINE#         699
  C:2EEBH         LINE#         701
  C:2F06H         LINE#         703
  C:2F10H         LINE#         704
  C:2F1BH         LINE#         706
  C:2F25H         LINE#         707
  C:2F2BH         LINE#         708
  C:2F2DH         LINE#         711
  C:2F2DH         LINE#         712
  C:2F34H         LINE#         713
  C:2F3BH         LINE#         715
  C:2F42H         LINE#         716
  C:2F49H         LINE#         717
  C:2F49H         LINE#         720
  C:2F50H         LINE#         723
  C:2F57H         LINE#         724
  C:2F5EH         LINE#         726
  C:2F65H         LINE#         729
  C:2F6CH         LINE#         730
  C:2F78H         LINE#         765
  C:2F86H         LINE#         767
  C:2F8DH         LINE#         768
  C:2F97H         LINE#         770
  C:2F9EH         LINE#         771
  C:2FA5H         LINE#         772
  -------         ENDPROC       _LT9611_MIPI_PCR
  C:1F34H         SYMBOL        L?0394
  -------         PROC          L?0393
  -------         ENDPROC       L?0393
  C:1F34H         SYMBOL        L?0394
  -------         PROC          _LT9611_PLL
  D:0001H         SYMBOL        video_format
  -------         DO            
  X:0168H         SYMBOL        pclk
  D:0007H         SYMBOL        pll_lock_flag
  X:016CH         SYMBOL        cal_done_flag
  X:016DH         SYMBOL        band_out
  X:016EH         SYMBOL        hdmi_post_div
  X:016FH         SYMBOL        i
  -------         ENDDO         
  C:1F3FH         LINE#         775
  C:1F3FH         LINE#         776
  C:1F3FH         LINE#         781
  C:1F4BH         LINE#         782
  C:1F68H         LINE#         784
  C:1F6FH         LINE#         785
  C:1F76H         LINE#         786
  C:1F7DH         LINE#         787
BL51 BANKED LINKER/LOCATER V6.22                                                      08/28/2021  07:45:17  PAGE 26


  C:1F84H         LINE#         788
  C:1F8BH         LINE#         789
  C:1F92H         LINE#         792
  C:1F99H         LINE#         794
  C:1FA0H         LINE#         795
  C:1FA7H         LINE#         797
  C:1FAEH         LINE#         799
  C:1FCAH         LINE#         800
  C:1FCAH         LINE#         801
  C:1FD1H         LINE#         802
  C:1FD7H         LINE#         803
  C:1FD9H         LINE#         804
  C:1FF5H         LINE#         805
  C:1FF5H         LINE#         806
  C:1FFCH         LINE#         807
  C:2002H         LINE#         808
  C:2004H         LINE#         810
  C:2004H         LINE#         811
  C:200BH         LINE#         812
  C:2011H         LINE#         813
  C:2011H         LINE#         815
  C:204BH         LINE#         816
  C:204EH         LINE#         817
  C:2064H         LINE#         819
  C:206BH         LINE#         820
  C:2072H         LINE#         821
  C:2079H         LINE#         822
  C:2085H         LINE#         824
  C:20A2H         LINE#         825
  C:20A9H         LINE#         826
  C:20C7H         LINE#         827
  C:20DAH         LINE#         828
  C:20F8H         LINE#         829
  C:210CH         LINE#         831
  C:2113H         LINE#         832
  C:211AH         LINE#         834
  C:2121H         LINE#         835
  C:2128H         LINE#         836
  C:212FH         LINE#         837
  C:2136H         LINE#         838
  C:213DH         LINE#         839
  C:2144H         LINE#         840
  C:214BH         LINE#         843
  C:2150H         LINE#         844
  C:2150H         LINE#         845
  C:2157H         LINE#         846
  C:215EH         LINE#         847
  C:2165H         LINE#         848
  C:216CH         LINE#         849
  C:2176H         LINE#         850
  C:2180H         LINE#         851
  C:2185H         LINE#         853
  C:2196H         LINE#         854
  C:2196H         LINE#         855
  C:21A4H         LINE#         856
  C:21A4H         LINE#         857
  C:21A4H         LINE#         859
BL51 BANKED LINKER/LOCATER V6.22                                                      08/28/2021  07:45:17  PAGE 27


  C:21A4H         LINE#         860
  C:21ABH         LINE#         861
  C:21B2H         LINE#         862
  C:21B9H         LINE#         863
  C:21C0H         LINE#         864
  C:21C7H         LINE#         865
  C:21CEH         LINE#         866
  C:21D5H         LINE#         867
  C:21DEH         LINE#         868
  C:21DEH         LINE#         869
  C:21EDH         LINE#         870
  -------         ENDPROC       _LT9611_PLL
  -------         PROC          LT9611_HDMI_TX_PHY
  C:372BH         LINE#         872
  C:372BH         LINE#         873
  C:372BH         LINE#         874
  C:3732H         LINE#         875
  C:3739H         LINE#         876
  C:373FH         LINE#         877
  C:373FH         LINE#         878
  C:3746H         LINE#         879
  C:374CH         LINE#         880
  C:374EH         LINE#         882
  C:374EH         LINE#         883
  C:3755H         LINE#         884
  C:375EH         LINE#         885
  C:375EH         LINE#         886
  C:3765H         LINE#         887
  C:376CH         LINE#         888
  C:3773H         LINE#         889
  C:377AH         LINE#         890
  C:3781H         LINE#         891
  C:3788H         LINE#         892
  C:378FH         LINE#         893
  C:3796H         LINE#         894
  C:379DH         LINE#         895
  C:37A4H         LINE#         896
  C:37ABH         LINE#         897
  -------         ENDPROC       LT9611_HDMI_TX_PHY
  -------         PROC          LT9611_HDCP_INIT
  C:44CEH         LINE#         922
  C:44CEH         LINE#         923
  C:44CEH         LINE#         924
  C:44D5H         LINE#         925
  C:44DCH         LINE#         926
  C:44E3H         LINE#         928
  C:44EAH         LINE#         930
  -------         ENDPROC       LT9611_HDCP_INIT
  -------         PROC          LT9611_LOAD_HDCP_KEY
  C:3A9DH         LINE#         934
  C:3A9DH         LINE#         935
  C:3A9DH         LINE#         936
  C:3AA4H         LINE#         937
  C:3AABH         LINE#         939
  C:3AB2H         LINE#         941
  C:3AB9H         LINE#         942
  C:3AC0H         LINE#         943
BL51 BANKED LINKER/LOCATER V6.22                                                      08/28/2021  07:45:17  PAGE 28


  C:3AC7H         LINE#         944
  C:3ACEH         LINE#         946
  C:3AD5H         LINE#         947
  C:3AE0H         LINE#         952
  C:3AEBH         LINE#         953
  C:3AEBH         LINE#         954
  C:3AEFH         LINE#         955
  C:3AF1H         LINE#         958
  C:3AF1H         LINE#         959
  C:3AF8H         LINE#         960
  C:3AF8H         LINE#         962
  C:3AFFH         LINE#         963
  -------         ENDPROC       LT9611_LOAD_HDCP_KEY
  -------         PROC          LT9611_HDCP_ENABLE
  C:4302H         LINE#         966
  C:4302H         LINE#         967
  C:4302H         LINE#         968
  C:4309H         LINE#         969
  C:4310H         LINE#         970
  C:4317H         LINE#         971
  C:431EH         LINE#         972
  C:4325H         LINE#         973
  C:432CH         LINE#         974
  C:4333H         LINE#         975
  -------         ENDPROC       LT9611_HDCP_ENABLE
  -------         PROC          LT9611_HDCP_DISABLE
  C:460BH         LINE#         978
  C:460BH         LINE#         979
  C:460BH         LINE#         980
  C:4612H         LINE#         981
  C:4619H         LINE#         982
  -------         ENDPROC       LT9611_HDCP_DISABLE
  -------         PROC          LT9611_HDMI_OUT_ENABLE
  C:3935H         LINE#         985
  C:3935H         LINE#         986
  C:3935H         LINE#         987
  C:393CH         LINE#         988
  C:3943H         LINE#         990
  C:394AH         LINE#         991
  C:3951H         LINE#         992
  C:3958H         LINE#         994
  C:395FH         LINE#         995
  C:3966H         LINE#         996
  C:396DH         LINE#         997
  C:3974H         LINE#         998
  C:397BH         LINE#         1000
  C:3982H         LINE#         1001
  C:3989H         LINE#         1003
  C:3990H         LINE#         1004
  C:3997H         LINE#         1006
  C:399EH         LINE#         1007
  C:399EH         LINE#         1008
  C:39A1H         LINE#         1009
  C:39A3H         LINE#         1011
  C:39A3H         LINE#         1012
  C:39A6H         LINE#         1013
  C:39A6H         LINE#         1015
BL51 BANKED LINKER/LOCATER V6.22                                                      08/28/2021  07:45:17  PAGE 29


  -------         ENDPROC       LT9611_HDMI_OUT_ENABLE
  -------         PROC          LT9611_HDMI_OUT_DISABLE
  C:44F1H         LINE#         1018
  C:44F1H         LINE#         1019
  C:44F1H         LINE#         1020
  C:44F8H         LINE#         1021
  C:44FFH         LINE#         1022
  C:4506H         LINE#         1023
  C:450FH         LINE#         1024
  -------         ENDPROC       LT9611_HDMI_OUT_DISABLE
  C:2608H         SYMBOL        L?0396
  -------         PROC          L?0395
  -------         ENDPROC       L?0395
  C:2608H         SYMBOL        L?0396
  -------         PROC          _LT9611_HDMI_TX_DIGITAL
  D:0001H         SYMBOL        video_format
  -------         DO            
  X:0168H         SYMBOL        VIC
  X:0169H         SYMBOL        AR
  X:016AH         SYMBOL        pb0
  X:016BH         SYMBOL        pb2
  X:016CH         SYMBOL        pb4
  X:016DH         SYMBOL        infoFrame_en
  -------         ENDDO         
  C:2613H         LINE#         1027
  C:2613H         LINE#         1028
  C:2613H         LINE#         1030
  C:261DH         LINE#         1031
  C:2627H         LINE#         1035
  C:262DH         LINE#         1037
  C:263AH         LINE#         1039
  C:2647H         LINE#         1041
  C:264FH         LINE#         1042
  C:264FH         LINE#         1043
  C:2654H         LINE#         1044
  C:2656H         LINE#         1046
  C:2656H         LINE#         1047
  C:265BH         LINE#         1048
  C:265BH         LINE#         1050
  C:26A6H         LINE#         1052
  C:26ADH         LINE#         1054
  C:26B4H         LINE#         1055
  C:26B4H         LINE#         1056
  C:26BBH         LINE#         1057
  C:26C1H         LINE#         1058
  C:26C3H         LINE#         1059
  C:26C9H         LINE#         1060
  C:26C9H         LINE#         1061
  C:26D0H         LINE#         1062
  C:26D9H         LINE#         1063
  C:26D9H         LINE#         1065
  C:26DFH         LINE#         1066
  C:26DFH         LINE#         1067
  C:26E6H         LINE#         1068
  C:26E6H         LINE#         1070
  C:26EDH         LINE#         1071
  C:26EDH         LINE#         1072
BL51 BANKED LINKER/LOCATER V6.22                                                      08/28/2021  07:45:17  PAGE 30


  C:26F4H         LINE#         1073
  C:26F4H         LINE#         1076
  C:26FBH         LINE#         1077
  C:2705H         LINE#         1079
  C:270FH         LINE#         1080
  C:2719H         LINE#         1081
  C:2720H         LINE#         1082
  C:2727H         LINE#         1083
  C:272EH         LINE#         1087
  C:273AH         LINE#         1088
  C:273AH         LINE#         1089
  C:273DH         LINE#         1090
  C:2749H         LINE#         1092
  C:2750H         LINE#         1093
  C:2757H         LINE#         1094
  C:275EH         LINE#         1095
  C:2765H         LINE#         1096
  C:276CH         LINE#         1097
  C:2773H         LINE#         1098
  C:277AH         LINE#         1099
  C:2781H         LINE#         1100
  C:2785H         LINE#         1101
  C:2787H         LINE#         1103
  C:2787H         LINE#         1104
  C:278AH         LINE#         1105
  C:2794H         LINE#         1106
  C:2794H         LINE#         1108
  C:279AH         LINE#         1109
  C:279AH         LINE#         1110
  C:27A1H         LINE#         1111
  C:27A8H         LINE#         1112
  C:27AFH         LINE#         1113
  C:27B6H         LINE#         1115
  C:27BDH         LINE#         1116
  C:27C4H         LINE#         1117
  C:27CBH         LINE#         1118
  C:27D2H         LINE#         1119
  C:27D9H         LINE#         1120
  C:27E0H         LINE#         1121
  C:27E0H         LINE#         1122
  -------         ENDPROC       _LT9611_HDMI_TX_DIGITAL
  -------         PROC          LT9611_CSC
  C:4512H         LINE#         1124
  C:4512H         LINE#         1125
  C:4512H         LINE#         1126
  C:4519H         LINE#         1127
  C:4519H         LINE#         1128
  C:4520H         LINE#         1129
  C:4527H         LINE#         1130
  C:4530H         LINE#         1131
  C:4530H         LINE#         1132
  -------         ENDPROC       LT9611_CSC
  -------         PROC          LT9611_AUDIO_INIT
  C:3A28H         LINE#         1135
  C:3A28H         LINE#         1136
  C:3A28H         LINE#         1138
  C:3A2EH         LINE#         1139
BL51 BANKED LINKER/LOCATER V6.22                                                      08/28/2021  07:45:17  PAGE 31


  C:3A2EH         LINE#         1140
  C:3A37H         LINE#         1142
  C:3A3EH         LINE#         1143
  C:3A45H         LINE#         1144
  C:3A4CH         LINE#         1147
  C:3A53H         LINE#         1148
  C:3A5AH         LINE#         1150
  C:3A61H         LINE#         1151
  C:3A68H         LINE#         1152
  C:3A6FH         LINE#         1172
  C:3A6FH         LINE#         1174
  C:3A77H         LINE#         1175
  C:3A77H         LINE#         1176
  C:3A80H         LINE#         1178
  C:3A87H         LINE#         1179
  C:3A8EH         LINE#         1180
  C:3A95H         LINE#         1182
  C:3A9CH         LINE#         1183
  C:3A9CH         LINE#         1185
  -------         ENDPROC       LT9611_AUDIO_INIT
  -------         PROC          LT9611_READ_EDID
  -------         DO            
  X:0168H         SYMBOL        i
  X:0169H         SYMBOL        j
  X:016AH         SYMBOL        edid_data
  X:016BH         SYMBOL        extended_flag
  C:25FAH         SYMBOL        end
  -------         ENDDO         
  C:2428H         LINE#         1188
  C:2428H         LINE#         1189
  C:2428H         LINE#         1193
  C:242DH         LINE#         1195
  C:243AH         LINE#         1197
  C:2441H         LINE#         1199
  C:2448H         LINE#         1200
  C:244FH         LINE#         1201
  C:2456H         LINE#         1202
  C:245DH         LINE#         1203
  C:2464H         LINE#         1205
  C:2476H         LINE#         1206
  C:2476H         LINE#         1207
  C:2481H         LINE#         1208
  C:2488H         LINE#         1209
  C:248FH         LINE#         1210
  C:2496H         LINE#         1211
  C:24A1H         LINE#         1212
  C:24ADH         LINE#         1213
  C:24ADH         LINE#         1214
  C:24B7H         LINE#         1215
  C:24B7H         LINE#         1216
  C:24B7H         LINE#         1217
  C:24BAH         LINE#         1218
  C:24BAH         LINE#         1220
  C:24BAH         LINE#         1221
  C:24C3H         LINE#         1222
  C:24C8H         LINE#         1223
  C:24C8H         LINE#         1224
BL51 BANKED LINKER/LOCATER V6.22                                                      08/28/2021  07:45:17  PAGE 32


  C:24D2H         LINE#         1225
  C:24F6H         LINE#         1226
  C:24FEH         LINE#         1227
  C:24FEH         LINE#         1228
  C:2506H         LINE#         1229
  C:2506H         LINE#         1230
  C:2517H         LINE#         1231
  C:2523H         LINE#         1232
  C:252AH         LINE#         1233
  C:252AH         LINE#         1234
  C:2533H         LINE#         1235
  C:2533H         LINE#         1236
  C:2536H         LINE#         1237
  C:2536H         LINE#         1245
  C:2536H         LINE#         1246
  C:253FH         LINE#         1248
  C:254BH         LINE#         1249
  C:254BH         LINE#         1250
  C:254BH         LINE#         1251
  C:254BH         LINE#         1253
  C:255DH         LINE#         1254
  C:255DH         LINE#         1255
  C:2568H         LINE#         1256
  C:256FH         LINE#         1257
  C:2576H         LINE#         1258
  C:257DH         LINE#         1259
  C:2588H         LINE#         1260
  C:2591H         LINE#         1261
  C:2591H         LINE#         1262
  C:259BH         LINE#         1263
  C:259BH         LINE#         1264
  C:25A1H         LINE#         1265
  C:25A3H         LINE#         1266
  C:25A3H         LINE#         1268
  C:25A3H         LINE#         1269
  C:25ACH         LINE#         1270
  C:25B1H         LINE#         1271
  C:25B1H         LINE#         1272
  C:25BBH         LINE#         1274
  C:25C8H         LINE#         1275
  C:25D4H         LINE#         1276
  C:25DBH         LINE#         1277
  C:25DBH         LINE#         1278
  C:25E4H         LINE#         1279
[...]
  -------         PROC          LT9611_VID_CHG_INTERRUPT_HANDLE
  C:3B6BH         LINE#         2206
  C:3B6BH         LINE#         2207
  C:3B6BH         LINE#         2209
  C:3B74H         LINE#         2211
  C:3B7BH         LINE#         2212
  C:3B82H         LINE#         2213
  C:3B89H         LINE#         2215
  C:3B90H         LINE#         2216
  C:3B97H         LINE#         2219
  C:3B9AH         LINE#         2221
  C:3BA0H         LINE#         2222
  C:3BA0H         LINE#         2223
  C:3BA7H         LINE#         2224
  C:3BAEH         LINE#         2225
  C:3BB9H         LINE#         2226
  C:3BC0H         LINE#         2228
  C:3BC3H         LINE#         2229
  C:3BC6H         LINE#         2230
  C:3BC9H         LINE#         2231
  C:3BCCH         LINE#         2232
  C:3BCCH         LINE#         2234
  C:3BCCH         LINE#         2236
  C:3BCFH         LINE#         2237
  C:3BCFH         LINE#         2238
  -------         ENDPROC       LT9611_VID_CHG_INTERRUPT_HANDLE
  -------         PROC          _LT9611_CEC_MSG_INTERRUPT_HANDLE
  X:0168H         SYMBOL        cec_msg
  -------         DO            
  D:0007H         SYMBOL        cec_status
  -------         ENDDO         
  C:39AFH         LINE#         2241
  C:39BAH         LINE#         2242
  C:39BAH         LINE#         2245
  C:39C1H         LINE#         2246
  C:39C6H         LINE#         2248
  C:39D5H         LINE#         2249
  C:39E2H         LINE#         2251
  C:39E9H         LINE#         2252
  C:39F0H         LINE#         2253
  C:39F7H         LINE#         2255
  C:39FEH         LINE#         2256
  C:3A05H         LINE#         2257
  C:3A0CH         LINE#         2259
  C:3A1AH         LINE#         2260
  -------         ENDPROC       _LT9611_CEC_MSG_INTERRUPT_HANDLE
  -------         PROC          _LT9611_PATTERN_GCM
  X:01B2H         SYMBOL        video_format
  -------         DO            
  X:01B5H         SYMBOL        POL
  -------         ENDDO         
  C:27E1H         LINE#         2270
  C:27ECH         LINE#         2271
  C:27ECH         LINE#         2273
BL51 BANKED LINKER/LOCATER V6.22                                                      08/28/2021  07:45:17  PAGE 47


  C:2810H         LINE#         2274
  C:2812H         LINE#         2275
  C:2815H         LINE#         2277
  C:281CH         LINE#         2278
  C:2840H         LINE#         2279
  C:2866H         LINE#         2280
  C:288CH         LINE#         2281
  C:28A5H         LINE#         2282
  C:28BCH         LINE#         2283
  C:28D5H         LINE#         2284
  C:28ECH         LINE#         2285
  C:2905H         LINE#         2286
  C:291CH         LINE#         2287
  C:2935H         LINE#         2288
  C:294CH         LINE#         2289
  C:2965H         LINE#         2290
  C:297CH         LINE#         2291
  C:2993H         LINE#         2293
  -------         ENDPROC       _LT9611_PATTERN_GCM
  -------         PROC          _LT9611_PATTERN_PIXEL_CLK
  D:0001H         SYMBOL        video_format
  -------         DO            
  X:01B6H         SYMBOL        pclk
  -------         ENDDO         
  C:3384H         LINE#         2296
  C:3384H         LINE#         2297
  C:3384H         LINE#         2299
  C:3390H         LINE#         2300
  C:33ADH         LINE#         2303
  C:33B4H         LINE#         2304
  C:33BBH         LINE#         2306
  C:33D7H         LINE#         2307
  C:33D7H         LINE#         2308
  C:33DEH         LINE#         2309
  C:33E5H         LINE#         2310
  C:33E5H         LINE#         2311
  C:3401H         LINE#         2312
  C:3401H         LINE#         2313
  C:3408H         LINE#         2314
  C:3408H         LINE#         2315
  C:3424H         LINE#         2316
  C:3424H         LINE#         2317
  C:342BH         LINE#         2318
  C:342BH         LINE#         2319
  C:3432H         LINE#         2320
  C:3439H         LINE#         2321
  -------         ENDPROC       _LT9611_PATTERN_PIXEL_CLK
  -------         PROC          LT9611_PATTERN_EN
  C:4676H         LINE#         2324
  C:4676H         LINE#         2325
  C:4676H         LINE#         2326
  C:467DH         LINE#         2327
  C:4684H         LINE#         2328
  -------         ENDPROC       LT9611_PATTERN_EN
  -------         PROC          LT9611_PATTERN
  C:42C5H         LINE#         2331
  C:42C5H         LINE#         2332
BL51 BANKED LINKER/LOCATER V6.22                                                      08/28/2021  07:45:17  PAGE 48


  C:42C5H         LINE#         2337
  C:42D3H         LINE#         2347
  C:42D6H         LINE#         2348
  C:42D9H         LINE#         2349
  C:42DCH         LINE#         2350
  C:42DFH         LINE#         2351
  C:42EDH         LINE#         2353
  C:42F0H         LINE#         2354
  C:42F3H         LINE#         2369
  C:42F6H         LINE#         2370
  C:42F9H         LINE#         2371
  C:42FCH         LINE#         2372
  C:42FFH         LINE#         2373
  -------         ENDPROC       LT9611_PATTERN
  -------         PROC          LT9611_INIT
  -------         DO            
  X:0161H         SYMBOL        cnt
  -------         ENDDO         
  C:3580H         LINE#         2389
  C:3580H         LINE#         2390
  C:3580H         LINE#         2391
  C:358AH         LINE#         2393
  C:358DH         LINE#         2394
  C:3590H         LINE#         2397
  C:3593H         LINE#         2398
  C:3596H         LINE#         2400
  C:35A1H         LINE#         2401
  C:35A4H         LINE#         2403
  C:35A7H         LINE#         2404
  C:35AAH         LINE#         2405
  C:35ADH         LINE#         2406
  C:35B0H         LINE#         2408
  C:35B3H         LINE#         2409
  C:35B6H         LINE#         2411
  C:35B9H         LINE#         2412
  C:35BCH         LINE#         2414
  C:35BFH         LINE#         2417
  C:35C4H         LINE#         2419
  C:35C7H         LINE#         2422
  C:35CEH         LINE#         2423
  C:35D5H         LINE#         2424
  C:35DCH         LINE#         2426
  C:35DFH         LINE#         2427
  C:35E2H         LINE#         2428
  C:35E5H         LINE#         2429
  C:35E8H         LINE#         2431
  C:35F1H         LINE#         2432
  C:35FCH         LINE#         2433
  C:35FFH         LINE#         2436
  C:35FFH         LINE#         2437
  C:35FFH         LINE#         2438
  C:3605H         LINE#         2439
  C:3605H         LINE#         2441
  C:3608H         LINE#         2442
  C:360DH         LINE#         2443
  C:3610H         LINE#         2444
  C:3610H         LINE#         2446
BL51 BANKED LINKER/LOCATER V6.22                                                      08/28/2021  07:45:17  PAGE 49


  -------         ENDPROC       LT9611_INIT
  -------         PROC          INTBINTERRUPTFUN
  C:4487H         LINE#         2450
  C:448FH         LINE#         2452
  C:4494H         LINE#         2453
  C:4494H         LINE#         2454
  C:4497H         LINE#         2455
  C:4499H         LINE#         2456
  C:4499H         LINE#         2457
  C:449FH         LINE#         2458
  C:44A2H         LINE#         2459
  -------         ENDPROC       INTBINTERRUPTFUN
  -------         PROC          LT9611_IRQ_TASK
  -------         DO            
  X:0165H         SYMBOL        irq_flag3
  X:0166H         SYMBOL        irq_flag0
  X:0167H         SYMBOL        irq_flag1
  -------         ENDDO         
  C:41ECH         LINE#         2462
  C:41ECH         LINE#         2463
  C:41ECH         LINE#         2470
  C:41F3H         LINE#         2472
  C:41FDH         LINE#         2473
  C:4207H         LINE#         2474
  C:4211H         LINE#         2476
  C:4218H         LINE#         2477
  C:4218H         LINE#         2478
  C:4221H         LINE#         2479
  C:4221H         LINE#         2481
  C:4229H         LINE#         2482
  C:4229H         LINE#         2483
  C:422CH         LINE#         2484
  C:422CH         LINE#         2486
  C:4233H         LINE#         2487
  C:4233H         LINE#         2488
  C:4236H         LINE#         2489
  C:4236H         LINE#         2490
  -------         ENDPROC       LT9611_IRQ_TASK
  -------         ENDMOD        LT9611

  -------         MODULE        ?C_STARTUP
  C:369FH         SEGMENT       ?C_C51STARTUP
  I:0022H         SEGMENT       ?STACK
  C:0000H         PUBLIC        ?C_STARTUP
  D:00E0H         SYMBOL        ACC
  D:00F0H         SYMBOL        B
  D:0083H         SYMBOL        DPH
  D:0082H         SYMBOL        DPL
  N:0000H         SYMBOL        IBPSTACK
  N:0100H         SYMBOL        IBPSTACKTOP
  N:0080H         SYMBOL        IDATALEN
  C:36A2H         SYMBOL        IDATALOOP
  N:0000H         SYMBOL        PBPSTACK
  N:0100H         SYMBOL        PBPSTACKTOP
  N:0000H         SYMBOL        PDATALEN
  N:0000H         SYMBOL        PDATASTART
  N:0000H         SYMBOL        PPAGE
BL51 BANKED LINKER/LOCATER V6.22                                                      08/28/2021  07:45:17  PAGE 50


  N:0000H         SYMBOL        PPAGEENABLE
  D:00A0H         SYMBOL        PPAGE_SFR
  D:0081H         SYMBOL        SP
  C:369FH         SYMBOL        STARTUP1
  N:0000H         SYMBOL        XBPSTACK
  N:0000H         SYMBOL        XBPSTACKTOP
  N:0000H         SYMBOL        XDATALEN
  N:0000H         SYMBOL        XDATASTART
  C:0000H         LINE#         126
  C:369FH         LINE#         133
  C:36A1H         LINE#         134
  C:36A2H         LINE#         135
  C:36A3H         LINE#         136
  C:36A5H         LINE#         185
  C:36A8H         LINE#         196
  -------         ENDMOD        ?C_STARTUP

  -------         MODULE        DELAY
  C:0000H         SYMBOL        _ICE_DUMMY_
  D:0080H         PUBLIC        P0
  D:0090H         PUBLIC        P1
  D:00A0H         PUBLIC        P2
  C:3E61H         PUBLIC        _Timer0_Delay100us
  D:00B0H         PUBLIC        P3
  D:00D8H         PUBLIC        PWMCON0
  C:3CF4H         PUBLIC        _Timer2_Delay500us
  D:00A8H         PUBLIC        IE
  D:00B8H         PUBLIC        IP
  C:3EBAH         PUBLIC        _Timer0_Delay1ms
  B:0021H.1       PUBLIC        BIT_TMP
  D:0098H         PUBLIC        SCON
  D:0089H         PUBLIC        TMOD
  D:0088H         PUBLIC        TCON
  D:00F8H         PUBLIC        SCON_1
  B:0088H.5       PUBLIC        TF0
  C:3F13H         PUBLIC        _Timer1_Delay10ms
  B:0088H.7       PUBLIC        TF1
  B:00C8H.7       PUBLIC        TF2
  D:008CH         PUBLIC        TH0
  D:00C6H         PUBLIC        RH3
  D:008DH         PUBLIC        TH1
  D:00CDH         PUBLIC        TH2
  D:008AH         PUBLIC        TL0
  D:00C5H         PUBLIC        RL3
  D:008BH         PUBLIC        TL1
  D:00CCH         PUBLIC        TL2
  C:3E06H         PUBLIC        _Timer3_Delay10us
  B:0088H.4       PUBLIC        TR0
  B:0088H.6       PUBLIC        TR1
  B:00C8H.2       PUBLIC        TR2
  D:00E8H         PUBLIC        ADCCON0
  D:00C0H         PUBLIC        I2CON
  D:00C9H         PUBLIC        T2MOD
  D:00C8H         PUBLIC        T2CON
  D:00C4H         PUBLIC        T3CON
  D:008EH         PUBLIC        CKCON
  D:00D0H         PUBLIC        PSW
BL51 BANKED LINKER/LOCATER V6.22                                                      08/28/2021  07:45:17  PAGE 51


  C:3DABH         PUBLIC        _Timer3_Delay100ms
  -------         PROC          _TIMER0_DELAY100US
  X:01BAH         SYMBOL        u32CNT
  C:3E61H         LINE#         22
  C:3E67H         LINE#         23
  C:3E67H         LINE#         24
  C:3E6AH         LINE#         25
  C:3E6DH         LINE#         26
  C:3E6FH         LINE#         27
  C:3E88H         LINE#         28
  C:3E88H         LINE#         29
  C:3E8BH         LINE#         30
  C:3E8EH         LINE#         31
  C:3E91H         LINE#         32
  C:3E93H         LINE#         33
  C:3EB5H         LINE#         34
  C:3EB7H         LINE#         35
  C:3EB9H         LINE#         36
  -------         ENDPROC       _TIMER0_DELAY100US
  -------         PROC          _TIMER0_DELAY1MS
  X:0179H         SYMBOL        u32CNT
  C:3EBAH         LINE#         38
  C:3EC0H         LINE#         39
  C:3EC0H         LINE#         40
  C:3EC3H         LINE#         41
  C:3EC6H         LINE#         42
  C:3EC8H         LINE#         43
  C:3EE1H         LINE#         44
  C:3EE1H         LINE#         45
  C:3EE4H         LINE#         46
  C:3EE7H         LINE#         47
  C:3EEAH         LINE#         48
  C:3EECH         LINE#         49
  C:3F0EH         LINE#         50
  C:3F10H         LINE#         51
  C:3F12H         LINE#         52
  -------         ENDPROC       _TIMER0_DELAY1MS
  -------         PROC          _TIMER1_DELAY10MS
  X:01BEH         SYMBOL        u32CNT
  C:3F13H         LINE#         55
  C:3F19H         LINE#         56
  C:3F19H         LINE#         57
  C:3F1CH         LINE#         58
  C:3F1FH         LINE#         59
  C:3F21H         LINE#         60
  C:3F3AH         LINE#         61
  C:3F3AH         LINE#         62
  C:3F3DH         LINE#         63
  C:3F40H         LINE#         64
  C:3F43H         LINE#         65
  C:3F45H         LINE#         66
  C:3F67H         LINE#         67
  C:3F69H         LINE#         68
  C:3F6BH         LINE#         69
  -------         ENDPROC       _TIMER1_DELAY10MS
  -------         PROC          _TIMER2_DELAY500US
  X:01C2H         SYMBOL        u32CNT
BL51 BANKED LINKER/LOCATER V6.22                                                      08/28/2021  07:45:17  PAGE 52


  C:3CF4H         LINE#         71
  C:3CFAH         LINE#         72
  C:3CFAH         LINE#         73
  C:3CFDH         LINE#         74
  C:3D00H         LINE#         75
  C:3D03H         LINE#         76
  C:3D05H         LINE#         77
  C:3D1EH         LINE#         78
  C:3D1EH         LINE#         79
  C:3D21H         LINE#         80
  C:3D24H         LINE#         81
  C:3D27H         LINE#         82
  C:3D29H         LINE#         83
  C:3D4BH         LINE#         84
  C:3D4DH         LINE#         85
  C:3D4FH         LINE#         86
  -------         ENDPROC       _TIMER2_DELAY500US
  -------         PROC          _TIMER3_DELAY100MS
  X:01C6H         SYMBOL        u32CNT
  C:3DABH         LINE#         88
  C:3DB1H         LINE#         89
  C:3DB1H         LINE#         90
  C:3DB4H         LINE#         91
  C:3DB7H         LINE#         92
  C:3DD0H         LINE#         93
  C:3DD0H         LINE#         94
  C:3DD3H         LINE#         95
  C:3DD6H         LINE#         96
  C:3DDBH         LINE#         97
  C:3DDEH         LINE#         98
  C:3E00H         LINE#         99
  C:3E02H         LINE#         100
  C:3E05H         LINE#         101
  -------         ENDPROC       _TIMER3_DELAY100MS
  -------         PROC          _TIMER3_DELAY10US
  X:01CAH         SYMBOL        u32CNT
  C:3E06H         LINE#         104
  C:3E0CH         LINE#         105
  C:3E0CH         LINE#         106
  C:3E0FH         LINE#         107
  C:3E12H         LINE#         108
  C:3E2BH         LINE#         109
  C:3E2BH         LINE#         110
  C:3E2EH         LINE#         111
  C:3E31H         LINE#         112
  C:3E36H         LINE#         113
  C:3E39H         LINE#         114
  C:3E5BH         LINE#         115
  C:3E5DH         LINE#         116
  C:3E60H         LINE#         117
  -------         ENDPROC       _TIMER3_DELAY10US
  -------         ENDMOD        DELAY

  -------         MODULE        ?C?CLDPTR
  C:153CH         PUBLIC        ?C?CLDPTR
  -------         ENDMOD        ?C?CLDPTR

BL51 BANKED LINKER/LOCATER V6.22                                                      08/28/2021  07:45:17  PAGE 53


  -------         MODULE        ?C?CLDOPTR
  C:1555H         PUBLIC        ?C?CLDOPTR
  -------         ENDMOD        ?C?CLDOPTR

  -------         MODULE        ?C?CILDOPTR
  C:1582H         PUBLIC        ?C?CILDOPTR
  -------         ENDMOD        ?C?CILDOPTR

  -------         MODULE        ?C?CSTPTR
  C:15B5H         PUBLIC        ?C?CSTPTR
  -------         ENDMOD        ?C?CSTPTR

  -------         MODULE        ?C?CSTOPTR
  C:15C7H         PUBLIC        ?C?CSTOPTR
  -------         ENDMOD        ?C?CSTOPTR

  -------         MODULE        ?C?UIDIV
  C:15E9H         PUBLIC        ?C?UIDIV
  -------         ENDMOD        ?C?UIDIV

  -------         MODULE        ?C?ILDPTR
  C:163EH         PUBLIC        ?C?ILDPTR
  -------         ENDMOD        ?C?ILDPTR

  -------         MODULE        ?C?ILDOPTR
  C:1669H         PUBLIC        ?C?ILDOPTR
  -------         ENDMOD        ?C?ILDOPTR

  -------         MODULE        ?C?ISTOPTR
  C:16A1H         PUBLIC        ?C?ISTOPTR
  -------         ENDMOD        ?C?ISTOPTR

  -------         MODULE        ?C?LMUL
  C:16CEH         PUBLIC        ?C?LMUL
  -------         ENDMOD        ?C?LMUL

  -------         MODULE        ?C?ULDIV
  C:1759H         PUBLIC        ?C?ULDIV
  -------         ENDMOD        ?C?ULDIV

  -------         MODULE        ?C?ULCMP
  C:17EBH         PUBLIC        ?C?ULCMP
  -------         ENDMOD        ?C?ULCMP

  -------         MODULE        ?C?LLDOPTR
  C:17FCH         PUBLIC        ?C?LLDOPTR
  -------         ENDMOD        ?C?LLDOPTR

  -------         MODULE        ?C?LSTXDATA
  C:182CH         PUBLIC        ?C?LSTXDATA
  -------         ENDMOD        ?C?LSTXDATA

  -------         MODULE        ?C?LSTKXDATA
  C:1838H         PUBLIC        ?C?LSTKXDATA
  -------         ENDMOD        ?C?LSTKXDATA

  -------         MODULE        PRINTF
BL51 BANKED LINKER/LOCATER V6.22                                                      08/28/2021  07:45:17  PAGE 54


  X:0180H         PUBLIC        ?_PRINTF517?BYTE
  X:0180H         PUBLIC        ?_PRINTF?BYTE
  X:0180H         PUBLIC        ?_SPRINTF517?BYTE
  X:0180H         PUBLIC        ?_SPRINTF?BYTE
  C:197AH         PUBLIC        _PRINTF
  C:197AH         PUBLIC        _PRINTF517
  C:1974H         PUBLIC        _SPRINTF
  C:1974H         PUBLIC        _SPRINTF517
  -------         ENDMOD        PRINTF

  -------         MODULE        ?C?MEMSET
  C:1869H         PUBLIC        ?C?MEMSET
  -------         ENDMOD        ?C?MEMSET

  -------         MODULE        ?C?LLDIDATA
  C:1895H         PUBLIC        ?C?LLDIDATA
  -------         ENDMOD        ?C?LLDIDATA

  -------         MODULE        ?C?LLDXDATA
  C:18A1H         PUBLIC        ?C?LLDXDATA
  -------         ENDMOD        ?C?LLDXDATA

  -------         MODULE        ?C?LLDPDATA
  C:18ADH         PUBLIC        ?C?LLDPDATA
  -------         ENDMOD        ?C?LLDPDATA

  -------         MODULE        ?C?LLDCODE
  C:18B9H         PUBLIC        ?C?LLDCODE
  -------         ENDMOD        ?C?LLDCODE

  -------         MODULE        ?C?PLDIXDATA
  C:18C9H         PUBLIC        ?C?PLDIXDATA
  -------         ENDMOD        ?C?PLDIXDATA

  -------         MODULE        ?C?PSTXDATA
  C:18E0H         PUBLIC        ?C?PSTXDATA
  -------         ENDMOD        ?C?PSTXDATA

  -------         MODULE        ?C?CCASE
  C:18E9H         PUBLIC        ?C?CCASE
  -------         ENDMOD        ?C?CCASE

  -------         MODULE        PUTCHAR
  C:4460H         PUBLIC        _PUTCHAR
  -------         ENDMOD        PUTCHAR

Program Size: data=15.2 xdata=468 code=18119
LINK/LOCATE RUN COMPLETE.  0 WARNING(S),  0 ERROR(S)
