BL51 BANKED LINKER/LOCATER V6.22                                                        10/17/2022  08:34:50  PAGE 1


BL51 BANKED LINKER/LOCATER V6.22, INVOKED BY:
C:\KEIL_V5\C51\C51\BIN\BL51.EXE .\Objects\uart0.obj, .\Objects\main.obj, .\Objects\i2c.obj, .\Objects\lt9611.obj, .\Obje
>> cts\STARTUP.obj, .\Objects\Delay.obj TO .\Objects\LT9611_pattern_1080P60 PRINT (.\Listings\LT9611_pattern_1080P60.m51
>> ) RAMSIZE (256) DISABLEWARNING (16)


MEMORY MODEL: LARGE


INPUT MODULES INCLUDED:
  .\Objects\uart0.obj (UART0)
  .\Objects\main.obj (MAIN)
  .\Objects\i2c.obj (I2C)
  .\Objects\lt9611.obj (LT9611)
  .\Objects\STARTUP.obj (?C_STARTUP)
  .\Objects\Delay.obj (DELAY)
  C:\KEIL_V5\C51\C51\LIB\C51L.LIB (?C_INIT)
  C:\KEIL_V5\C51\C51\LIB\C51L.LIB (?C?CLDPTR)
  C:\KEIL_V5\C51\C51\LIB\C51L.LIB (?C?CLDOPTR)
  C:\KEIL_V5\C51\C51\LIB\C51L.LIB (?C?CILDOPTR)
  C:\KEIL_V5\C51\C51\LIB\C51L.LIB (?C?CSTPTR)
  C:\KEIL_V5\C51\C51\LIB\C51L.LIB (?C?CSTOPTR)
  C:\KEIL_V5\C51\C51\LIB\C51L.LIB (?C?UIDIV)
  C:\KEIL_V5\C51\C51\LIB\C51L.LIB (?C?ILDPTR)
  C:\KEIL_V5\C51\C51\LIB\C51L.LIB (?C?ILDOPTR)
  C:\KEIL_V5\C51\C51\LIB\C51L.LIB (?C?ISTOPTR)
  C:\KEIL_V5\C51\C51\LIB\C51L.LIB (?C?LMUL)
  C:\KEIL_V5\C51\C51\LIB\C51L.LIB (?C?ULDIV)
  C:\KEIL_V5\C51\C51\LIB\C51L.LIB (?C?ULCMP)
  C:\KEIL_V5\C51\C51\LIB\C51L.LIB (?C?LLDOPTR)
  C:\KEIL_V5\C51\C51\LIB\C51L.LIB (?C?LSTXDATA)
  C:\KEIL_V5\C51\C51\LIB\C51L.LIB (?C?LSTKXDATA)
  C:\KEIL_V5\C51\C51\LIB\C51L.LIB (PRINTF)
  C:\KEIL_V5\C51\C51\LIB\C51L.LIB (?C?LLDIDATA)
  C:\KEIL_V5\C51\C51\LIB\C51L.LIB (?C?LLDXDATA)
  C:\KEIL_V5\C51\C51\LIB\C51L.LIB (?C?LLDPDATA)
  C:\KEIL_V5\C51\C51\LIB\C51L.LIB (?C?LLDCODE)
  C:\KEIL_V5\C51\C51\LIB\C51L.LIB (?C?PLDIXDATA)
  C:\KEIL_V5\C51\C51\LIB\C51L.LIB (?C?PSTXDATA)
  C:\KEIL_V5\C51\C51\LIB\C51L.LIB (?C?CCASE)
  C:\KEIL_V5\C51\C51\LIB\C51L.LIB (PUTCHAR)


LINK MAP OF MODULE:  .\Objects\LT9611_pattern_1080P60 (UART0)


            TYPE    BASE      LENGTH    RELOCATION   SEGMENT NAME
            -----------------------------------------------------

            * * * * * * *   D A T A   M E M O R Y   * * * * * * *
            REG     0000H     0008H     ABSOLUTE     "REG BANK 0"
            DATA    0008H     0005H     UNIT         _DATA_GROUP_
                    000DH     0013H                  *** GAP ***
            BIT     0020H.0   0001H.1   UNIT         _BIT_GROUP_
            BIT     0021H.1   0000H.1   UNIT         ?BI?DELAY
                    0021H.2   0000H.6                *** GAP ***
            IDATA   0022H     0001H     UNIT         ?STACK

BL51 BANKED LINKER/LOCATER V6.22                                                      10/17/2022  08:34:50  PAGE 2


            * * * * * * *  X D A T A   M E M O R Y  * * * * * * *
            XDATA   0000H     0161H     UNIT         ?XD?LT9611
            XDATA   0161H     003CH     UNIT         _XDATA_GROUP_
            XDATA   019DH     0012H     UNIT         ?XD?_LT9611_PARSE_PHYSICAL_ADDRESS?LT9611
            XDATA   01AFH     0006H     UNIT         ?XD?_DO_CHECKSUM?LT9611
            XDATA   01B5H     0005H     UNIT         ?XD?_HDMI_READI2C_BYTEN?I2C
            XDATA   01BAH     0005H     UNIT         ?XD?_HDMI_WRITEI2C_BYTEN?I2C
            XDATA   01BFH     0004H     UNIT         ?XD?_LT9611_PATTERN_GCM?LT9611
            XDATA   01C3H     0004H     UNIT         ?XD?_LT9611_PATTERN_PIXEL_CLK?LT9611
            XDATA   01C7H     0004H     UNIT         ?XD?_TIMER0_DELAY100US?DELAY
            XDATA   01CBH     0004H     UNIT         ?XD?_TIMER1_DELAY10MS?DELAY
            XDATA   01CFH     0004H     UNIT         ?XD?_TIMER2_DELAY500US?DELAY
            XDATA   01D3H     0004H     UNIT         ?XD?_TIMER3_DELAY100MS?DELAY
            XDATA   01D7H     0004H     UNIT         ?XD?_TIMER3_DELAY10US?DELAY
            XDATA   01DBH     0003H     UNIT         ?XD?_LT9611_CEC_DEVICE_POLLING?LT9611
            XDATA   01DEH     0002H     UNIT         ?XD?I2C
            XDATA   01E0H     0001H     UNIT         ?XD?MAIN

            * * * * * * *   C O D E   M E M O R Y   * * * * * * *
            CODE    0000H     0003H     ABSOLUTE     
            CODE    0003H     0037H     UNIT         ?PR?_LT9611_HDMI_CEC_ON?LT9611
            CODE    003AH     0001H     UNIT         ?PR?LT9611_READ_EDID?LT9611
            CODE    003BH     0003H     ABSOLUTE     
            CODE    003EH     101BH     UNIT         ?CO?LT9611
            CODE    1059H     068DH     UNIT         ?PR?LT9611_VIDEO_CHECK?LT9611
            CODE    16E6H     03A7H     UNIT         ?C?LIB_CODE
            CODE    1A8DH     0365H     UNIT         ?PR?PRINTF?PRINTF
            CODE    1DF2H     02DBH     UNIT         ?PR?_LT9611_PLL?LT9611
            CODE    20CDH     02C0H     UNIT         ?PR?_LT9611_CEC_MSG_RX_PARSE?LT9611
            CODE    238DH     023AH     UNIT         ?PR?_LT9611_PARSE_PHYSICAL_ADDRESS?LT9611
            CODE    25C7H     01BEH     UNIT         ?PR?_LT9611_PATTERN_GCM?LT9611
            CODE    2785H     01AAH     UNIT         ?PR?_LT9611_MIPI_VIDEO_TIMING?LT9611
            CODE    292FH     0197H     UNIT         ?PR?LT9611_FREQUENCY_METER_BYTE_CLK?LT9611
            CODE    2AC6H     0195H     UNIT         ?PR?_LT9611_CEC_MSG_TX_HANDLE?LT9611
            CODE    2C5BH     018DH     UNIT         ?PR?_LT9611_HDMI_TX_DIGITAL?LT9611
            CODE    2DE8H     0131H     UNIT         ?PR?_LT9611_MIPI_PCR?LT9611
            CODE    2F19H     0110H     UNIT         ?PR?_LT9611_ENABLE_INTERRUPTS?LT9611
            CODE    3029H     0107H     UNIT         ?PR?LT9611_DPHY_DEBUG?LT9611
            CODE    3130H     00F9H     UNIT         ?PR?_LT9611_CEC_MSG_SET_LOGICAL_ADDRESS?LT9611
            CODE    3229H     00F4H     UNIT         ?PR?LT9611_MIPI_INPUT_DIGTAL?LT9611
            CODE    331DH     00BCH     UNIT         ?PR?_LT9611_PATTERN_PIXEL_CLK?LT9611
            CODE    33D9H     00AAH     UNIT         ?PR?LT9611_INIT?LT9611
            CODE    3483H     0097H     UNIT         ?PR?_DO_CHECKSUM?LT9611
            CODE    351AH     008DH     UNIT         ?PR?_LT9611_HDMI_CEC_WRITE?LT9611
            CODE    35A7H     008CH     UNIT         ?C_C51STARTUP
            CODE    3633H     0087H     UNIT         ?PR?LT9611_HDMI_TX_PHY?LT9611
            CODE    36BAH     0084H     UNIT         ?PR?_I2C_READ_BYTE?I2C
            CODE    373EH     0084H     UNIT         ?PR?LT9611_HDP_INTERRUPT_HANDLE?LT9611
            CODE    37C2H     0083H     UNIT         ?PR?LT9611_PCR_MK_PRINT?LT9611
            CODE    3845H     007CH     UNIT         ?PR?LT9611_AUDIO_INIT?LT9611
            CODE    38C1H     007CH     UNIT         ?PR?_LT9611_HDMI_CEC_READ?LT9611
            CODE    393DH     007AH     UNIT         ?PR?LT9611_LOAD_HDCP_KEY?LT9611
            CODE    39B7H     0079H     UNIT         ?PR?_LT9611_CEC_MSG_INTERRUPT_HANDLE?LT9611
            CODE    3A30H     0075H     UNIT         ?PR?LT9611_HDMI_OUT_ENABLE?LT9611
            CODE    3AA5H     0065H     UNIT         ?PR?_LT9611_LOWPOWER_MODE?LT9611
            CODE    3B0AH     0065H     UNIT         ?PR?LT9611_VID_CHG_INTERRUPT_HANDLE?LT9611
            CODE    3B6FH     0063H     UNIT         ?PR?_LT9611_CEC_DEVICE_POLLING?LT9611
BL51 BANKED LINKER/LOCATER V6.22                                                      10/17/2022  08:34:50  PAGE 3


            CODE    3BD2H     005FH     UNIT         ?PR?_I2C_WRITE_BYTE?I2C
            CODE    3C31H     005CH     UNIT         ?PR?_TIMER2_DELAY500US?DELAY
            CODE    3C8DH     005BH     UNIT         ?PR?LT9611_SYSTEM_INIT?LT9611
            CODE    3CE8H     005BH     UNIT         ?PR?LT9611_MIPI_INPUT_ANALOG?LT9611
            CODE    3D43H     005BH     UNIT         ?PR?_TIMER3_DELAY100MS?DELAY
            CODE    3D9EH     005BH     UNIT         ?PR?_TIMER3_DELAY10US?DELAY
            CODE    3DF9H     0059H     UNIT         ?PR?_TIMER0_DELAY100US?DELAY
            CODE    3E52H     0059H     UNIT         ?PR?_TIMER0_DELAY1MS?DELAY
            CODE    3EABH     0059H     UNIT         ?PR?_TIMER1_DELAY10MS?DELAY
            CODE    3F04H     0055H     UNIT         ?C_INITSEG
            CODE    3F59H     0052H     UNIT         ?PR?_LT9611_CEC_REPORT_PHYSICAL_ADDRESS?LT9611
            CODE    3FABH     0052H     UNIT         ?PR?LT9611_HTOTAL_SYSCLK?LT9611
            CODE    3FFDH     0051H     UNIT         ?PR?_I2C_SENDBYTE?I2C
            CODE    404EH     004EH     UNIT         ?PR?_DELAY_1MS?LT9611
            CODE    409CH     004DH     UNIT         ?PR?MCU_SYSTEMINIT?MAIN
            CODE    40E9H     004BH     UNIT         ?CO?MAIN
            CODE    4134H     004BH     UNIT         ?PR?LT9611_IRQ_TASK?LT9611
            CODE    417FH     0049H     UNIT         ?PR?_LT9611_CEC_FRAME_RETRANSMISSION?LT9611
            CODE    41C8H     0043H     UNIT         ?PR?LT9611_CHIP_ID?LT9611
            CODE    420BH     003FH     UNIT         ?PR?_LT9611_CEC_MSG_INIT?LT9611
            CODE    424AH     003AH     UNIT         ?PR?LT9611_HDCP_ENABLE?LT9611
            CODE    4284H     0039H     UNIT         ?PR?_INITIALUART0_TIMER1?UART0
            CODE    42BDH     0034H     UNIT         ?PR?RCVBYTE?I2C
            CODE    42F1H     0034H     UNIT         ?PR?LT9611_PATTERN?LT9611
            CODE    4325H     0031H     UNIT         ?PR?_LT9611_CEC_MENU_ACTIVATE?LT9611
            CODE    4356H     0030H     UNIT         ?PR?_LT9611_CEC_FEATURE_ABORT?LT9611
            CODE    4386H     002DH     UNIT         ?PR?LT9611_GET_HPD_STATUS?LT9611
            CODE    43B3H     0029H     UNIT         ?PR?_HDMI_READI2C_BYTE?I2C
            CODE    43DCH     0029H     UNIT         ?PR?LT9611_HDMI_OUT_DISABLE?LT9611
            CODE    4405H     0027H     UNIT         ?PR?PUTCHAR?PUTCHAR
            CODE    442CH     0024H     UNIT         ?PR?INTBINTERRUPTFUN?LT9611
            CODE    4450H     0023H     UNIT         ?PR?LT9611_RST_PD_INIT?LT9611
            CODE    4473H     0023H     UNIT         ?PR?LT9611_HDCP_INIT?LT9611
            CODE    4496H     001FH     UNIT         ?PR?LT9611_CSC?LT9611
            CODE    44B5H     001EH     UNIT         ?PR?_HDMI_WRITEI2C_BYTE?I2C
            CODE    44D3H     001DH     UNIT         ?PR?_LT9611_CEC_LA_ALLOCATION?LT9611
            CODE    44F0H     001CH     UNIT         ?PR?_ACK_I2C?I2C
            CODE    450CH     001CH     UNIT         ?PR?LT9611_IRQ_INIT?LT9611
            CODE    4528H     001AH     UNIT         ?PR?LT9611_RESET?MAIN
            CODE    4542H     001AH     UNIT         ?PR?LT9611_CEC_MSG_WRITE_DEMO?LT9611
            CODE    455CH     001AH     UNIT         ?PR?LT9611_BROAD_CAST_DEMO?LT9611
            CODE    4576H     0019H     UNIT         ?PR?_LT9611_GLOBE_INTERRUPTS?LT9611
            CODE    458FH     0017H     UNIT         ?PR?LT9611_HDCP_DISABLE?LT9611
            CODE    45A6H     0015H     UNIT         ?PR?START_I2C?I2C
            CODE    45BBH     0015H     UNIT         ?PR?_HDMI_READI2C_BYTEN?I2C
            CODE    45D0H     0015H     UNIT         ?PR?_HDMI_WRITEI2C_BYTEN?I2C
            CODE    45E5H     0015H     UNIT         ?PR?LT9611_CEC_LOGICAL_RESET?LT9611
            CODE    45FAH     0015H     UNIT         ?PR?LT9611_PATTERN_EN?LT9611
            CODE    460FH     0014H     UNIT         ?PR?MAIN?MAIN
            CODE    4623H     0012H     UNIT         ?PR?_I2C_DELAY_US?I2C
            CODE    4635H     000CH     UNIT         ?PR?STOP_I2C?I2C
            CODE    4641H     0008H     UNIT         ?PR?_SEND_DATA_TO_UART0?UART0
            CODE    4649H     0003H     UNIT         ?PR?_PRINTCH?UART0



OVERLAY MAP OF MODULE:   .\Objects\LT9611_pattern_1080P60 (UART0)
BL51 BANKED LINKER/LOCATER V6.22                                                      10/17/2022  08:34:50  PAGE 4




SEGMENT                                             BIT_GROUP          DATA_GROUP          XDATA_GROUP
  +--> CALLED SEGMENT                            START    LENGTH     START    LENGTH     START    LENGTH
--------------------------------------------------------------------------------------------------------
?C_C51STARTUP                                    -----    -----      -----    -----      -----    -----
  +--> ?PR?MAIN?MAIN
  +--> ?C_INITSEG

?PR?MAIN?MAIN                                    -----    -----      -----    -----      -----    -----
  +--> ?PR?MCU_SYSTEMINIT?MAIN
  +--> ?CO?MAIN
  +--> ?PR?PRINTF?PRINTF
  +--> ?PR?LT9611_RESET?MAIN
  +--> ?PR?LT9611_INIT?LT9611

?PR?MCU_SYSTEMINIT?MAIN                          -----    -----      -----    -----      -----    -----
  +--> ?PR?_INITIALUART0_TIMER1?UART0

?PR?PRINTF?PRINTF                                0020H.0  0001H.1    0008H    0005H      0175H    0028H
  +--> ?PR?PUTCHAR?PUTCHAR

?PR?LT9611_RESET?MAIN                            -----    -----      -----    -----      -----    -----
  +--> ?PR?_TIMER0_DELAY1MS?DELAY

?PR?_TIMER0_DELAY1MS?DELAY                       -----    -----      -----    -----      0179H    0004H

?PR?LT9611_INIT?LT9611                           -----    -----      -----    -----      0161H    0004H
  +--> ?PR?LT9611_CHIP_ID?LT9611
  +--> ?PR?LT9611_SYSTEM_INIT?LT9611
  +--> ?PR?LT9611_MIPI_INPUT_ANALOG?LT9611
  +--> ?PR?LT9611_MIPI_INPUT_DIGTAL?LT9611
  +--> ?PR?LT9611_AUDIO_INIT?LT9611
  +--> ?PR?LT9611_CSC?LT9611
  +--> ?PR?LT9611_HDCP_INIT?LT9611
  +--> ?PR?LT9611_LOAD_HDCP_KEY?LT9611
  +--> ?PR?LT9611_HDMI_TX_PHY?LT9611
  +--> ?PR?LT9611_IRQ_INIT?LT9611
  +--> ?PR?_LT9611_HDMI_CEC_ON?LT9611
  +--> ?PR?_LT9611_CEC_MSG_INIT?LT9611
  +--> ?PR?_LT9611_ENABLE_INTERRUPTS?LT9611
  +--> ?PR?LT9611_FREQUENCY_METER_BYTE_CLK?L...
  +--> ?PR?LT9611_DPHY_DEBUG?LT9611
  +--> ?PR?LT9611_HTOTAL_SYSCLK?LT9611
  +--> ?PR?_TIMER0_DELAY1MS?DELAY
  +--> ?PR?LT9611_HDP_INTERRUPT_HANDLE?LT9611
  +--> ?CO?LT9611
  +--> ?PR?PRINTF?PRINTF
  +--> ?PR?LT9611_IRQ_TASK?LT9611
  +--> ?PR?LT9611_GET_HPD_STATUS?LT9611
  +--> ?PR?_HDMI_WRITEI2C_BYTE?I2C
  +--> ?PR?_HDMI_READI2C_BYTE?I2C
  +--> ?PR?LT9611_HDCP_DISABLE?LT9611
  +--> ?PR?LT9611_HDCP_ENABLE?LT9611

?PR?LT9611_CHIP_ID?LT9611                        -----    -----      -----    -----      -----    -----
  +--> ?PR?_HDMI_WRITEI2C_BYTE?I2C
BL51 BANKED LINKER/LOCATER V6.22                                                      10/17/2022  08:34:50  PAGE 5


  +--> ?PR?_HDMI_READI2C_BYTE?I2C
  +--> ?CO?LT9611
  +--> ?PR?PRINTF?PRINTF

?PR?_HDMI_WRITEI2C_BYTE?I2C                      -----    -----      -----    -----      0179H    0001H
  +--> ?PR?_I2C_WRITE_BYTE?I2C

?PR?_I2C_WRITE_BYTE?I2C                          -----    -----      -----    -----      017AH    0007H
  +--> ?PR?START_I2C?I2C
  +--> ?PR?_I2C_SENDBYTE?I2C
  +--> ?PR?STOP_I2C?I2C

?PR?START_I2C?I2C                                -----    -----      -----    -----      -----    -----
  +--> ?PR?_I2C_DELAY_US?I2C

?PR?_I2C_SENDBYTE?I2C                            -----    -----      -----    -----      -----    -----
  +--> ?PR?_I2C_DELAY_US?I2C

?PR?STOP_I2C?I2C                                 -----    -----      -----    -----      -----    -----
  +--> ?PR?_I2C_DELAY_US?I2C

?PR?_HDMI_READI2C_BYTE?I2C                       -----    -----      -----    -----      0179H    0001H
  +--> ?PR?_I2C_READ_BYTE?I2C

?PR?_I2C_READ_BYTE?I2C                           -----    -----      -----    -----      017AH    0007H
  +--> ?PR?START_I2C?I2C
  +--> ?PR?_I2C_SENDBYTE?I2C
  +--> ?PR?STOP_I2C?I2C
  +--> ?PR?RCVBYTE?I2C
  +--> ?PR?_ACK_I2C?I2C

?PR?RCVBYTE?I2C                                  -----    -----      -----    -----      -----    -----
  +--> ?PR?_I2C_DELAY_US?I2C

?PR?_ACK_I2C?I2C                                 -----    -----      -----    -----      -----    -----
  +--> ?PR?_I2C_DELAY_US?I2C

?PR?LT9611_SYSTEM_INIT?LT9611                    -----    -----      -----    -----      -----    -----
  +--> ?PR?_HDMI_WRITEI2C_BYTE?I2C

?PR?LT9611_MIPI_INPUT_ANALOG?LT9611              -----    -----      -----    -----      -----    -----
  +--> ?PR?_HDMI_WRITEI2C_BYTE?I2C

?PR?LT9611_MIPI_INPUT_DIGTAL?LT9611              -----    -----      -----    -----      0165H    0001H
  +--> ?CO?LT9611
  +--> ?PR?PRINTF?PRINTF
  +--> ?PR?_HDMI_WRITEI2C_BYTE?I2C

?PR?LT9611_AUDIO_INIT?LT9611                     -----    -----      -----    -----      -----    -----
  +--> ?CO?LT9611
  +--> ?PR?PRINTF?PRINTF
  +--> ?PR?_HDMI_WRITEI2C_BYTE?I2C

?PR?LT9611_CSC?LT9611                            -----    -----      -----    -----      -----    -----
  +--> ?PR?_HDMI_WRITEI2C_BYTE?I2C
  +--> ?CO?LT9611
  +--> ?PR?PRINTF?PRINTF
BL51 BANKED LINKER/LOCATER V6.22                                                      10/17/2022  08:34:50  PAGE 6



?PR?LT9611_HDCP_INIT?LT9611                      -----    -----      -----    -----      -----    -----
  +--> ?PR?_HDMI_WRITEI2C_BYTE?I2C

?PR?LT9611_LOAD_HDCP_KEY?LT9611                  -----    -----      -----    -----      -----    -----
  +--> ?PR?_HDMI_WRITEI2C_BYTE?I2C
  +--> ?PR?_TIMER0_DELAY1MS?DELAY
  +--> ?PR?_HDMI_READI2C_BYTE?I2C
  +--> ?CO?LT9611
  +--> ?PR?PRINTF?PRINTF

?PR?LT9611_HDMI_TX_PHY?LT9611                    -----    -----      -----    -----      -----    -----
  +--> ?PR?_HDMI_WRITEI2C_BYTE?I2C
  +--> ?CO?LT9611
  +--> ?PR?PRINTF?PRINTF

?PR?LT9611_IRQ_INIT?LT9611                       -----    -----      -----    -----      -----    -----
  +--> ?PR?_HDMI_WRITEI2C_BYTE?I2C

?PR?_LT9611_HDMI_CEC_ON?LT9611                   -----    -----      -----    -----      -----    -----
  +--> ?PR?_HDMI_WRITEI2C_BYTE?I2C

?PR?_LT9611_CEC_MSG_INIT?LT9611                  -----    -----      -----    -----      0165H    0003H
  +--> ?PR?_LT9611_HDMI_CEC_ON?LT9611
  +--> ?PR?_LT9611_CEC_MSG_SET_LOGICAL_ADDRE...

?PR?_LT9611_CEC_MSG_SET_LOGICAL_ADDRE...         -----    -----      -----    -----      0171H    0001H
  +--> ?CO?LT9611
  +--> ?PR?PRINTF?PRINTF
  +--> ?PR?_HDMI_WRITEI2C_BYTE?I2C

?PR?_LT9611_ENABLE_INTERRUPTS?LT9611             -----    -----      -----    -----      0168H    0002H
  +--> ?PR?_HDMI_WRITEI2C_BYTE?I2C
  +--> ?CO?LT9611
  +--> ?PR?PRINTF?PRINTF

?PR?LT9611_FREQUENCY_METER_BYTE_CLK?L...         -----    -----      -----    -----      0165H    0005H
  +--> ?PR?_HDMI_WRITEI2C_BYTE?I2C
  +--> ?PR?_TIMER0_DELAY1MS?DELAY
  +--> ?PR?_HDMI_READI2C_BYTE?I2C
  +--> ?CO?LT9611
  +--> ?PR?PRINTF?PRINTF

?PR?LT9611_DPHY_DEBUG?LT9611                     -----    -----      -----    -----      0165H    0001H
  +--> ?PR?_HDMI_WRITEI2C_BYTE?I2C
  +--> ?PR?_HDMI_READI2C_BYTE?I2C
  +--> ?CO?LT9611
  +--> ?PR?PRINTF?PRINTF

?PR?LT9611_HTOTAL_SYSCLK?LT9611                  -----    -----      -----    -----      0165H    0003H
  +--> ?PR?_HDMI_WRITEI2C_BYTE?I2C
  +--> ?PR?_HDMI_READI2C_BYTE?I2C
  +--> ?CO?LT9611
  +--> ?PR?PRINTF?PRINTF

?PR?LT9611_HDP_INTERRUPT_HANDLE?LT9611           -----    -----      -----    -----      -----    -----
  +--> ?PR?_HDMI_WRITEI2C_BYTE?I2C
BL51 BANKED LINKER/LOCATER V6.22                                                      10/17/2022  08:34:50  PAGE 7


  +--> ?CO?LT9611
  +--> ?PR?PRINTF?PRINTF
  +--> ?PR?LT9611_HDMI_OUT_DISABLE?LT9611
  +--> ?PR?LT9611_GET_HPD_STATUS?LT9611
  +--> ?PR?_LT9611_LOWPOWER_MODE?LT9611
  +--> ?PR?_LT9611_ENABLE_INTERRUPTS?LT9611
  +--> ?PR?_TIMER0_DELAY1MS?DELAY
  +--> ?PR?LT9611_READ_EDID?LT9611
  +--> ?PR?LT9611_VIDEO_CHECK?LT9611
  +--> ?PR?_LT9611_PLL?LT9611
  +--> ?PR?_LT9611_MIPI_PCR?LT9611
  +--> ?PR?_LT9611_HDMI_TX_DIGITAL?LT9611
  +--> ?PR?LT9611_PCR_MK_PRINT?LT9611
  +--> ?PR?LT9611_HDMI_OUT_ENABLE?LT9611

?PR?LT9611_HDMI_OUT_DISABLE?LT9611               -----    -----      -----    -----      -----    -----
  +--> ?PR?_HDMI_WRITEI2C_BYTE?I2C
  +--> ?CO?LT9611
  +--> ?PR?PRINTF?PRINTF
  +--> ?PR?LT9611_HDCP_DISABLE?LT9611

?PR?LT9611_HDCP_DISABLE?LT9611                   -----    -----      -----    -----      -----    -----
  +--> ?PR?_HDMI_WRITEI2C_BYTE?I2C
  +--> ?CO?LT9611
  +--> ?PR?PRINTF?PRINTF

?PR?LT9611_GET_HPD_STATUS?LT9611                 -----    -----      -----    -----      -----    -----
  +--> ?PR?_HDMI_WRITEI2C_BYTE?I2C
  +--> ?PR?_HDMI_READI2C_BYTE?I2C
  +--> ?PR?_TIMER0_DELAY1MS?DELAY

?PR?_LT9611_LOWPOWER_MODE?LT9611                 -----    -----      -----    -----      -----    -----
  +--> ?PR?_HDMI_WRITEI2C_BYTE?I2C
  +--> ?CO?LT9611
  +--> ?PR?PRINTF?PRINTF

?PR?LT9611_VIDEO_CHECK?LT9611                    -----    -----      -----    -----      0168H    000DH
  +--> ?PR?_HDMI_WRITEI2C_BYTE?I2C
  +--> ?PR?_HDMI_READI2C_BYTE?I2C
  +--> ?CO?LT9611
  +--> ?PR?PRINTF?PRINTF

?PR?_LT9611_PLL?LT9611                           -----    -----      -----    -----      0168H    0008H
  +--> ?CO?LT9611
  +--> ?PR?PRINTF?PRINTF
  +--> ?PR?_HDMI_WRITEI2C_BYTE?I2C
  +--> ?PR?_HDMI_READI2C_BYTE?I2C
  +--> ?PR?_TIMER0_DELAY1MS?DELAY

?PR?_LT9611_MIPI_PCR?LT9611                      -----    -----      -----    -----      0168H    0003H
  +--> ?PR?_HDMI_WRITEI2C_BYTE?I2C
  +--> ?PR?_LT9611_MIPI_VIDEO_TIMING?LT9611
  +--> ?PR?_TIMER0_DELAY1MS?DELAY

?PR?_LT9611_MIPI_VIDEO_TIMING?LT9611             -----    -----      -----    -----      016BH    0003H
  +--> ?PR?_HDMI_WRITEI2C_BYTE?I2C

BL51 BANKED LINKER/LOCATER V6.22                                                      10/17/2022  08:34:50  PAGE 8


?PR?_LT9611_HDMI_TX_DIGITAL?LT9611               -----    -----      -----    -----      0168H    0006H
  +--> ?CO?LT9611
  +--> ?PR?PRINTF?PRINTF
  +--> ?PR?_HDMI_WRITEI2C_BYTE?I2C

?PR?LT9611_PCR_MK_PRINT?LT9611                   -----    -----      -----    -----      0168H    0001H
  +--> ?PR?_HDMI_WRITEI2C_BYTE?I2C
  +--> ?PR?_HDMI_READI2C_BYTE?I2C
  +--> ?CO?LT9611
  +--> ?PR?PRINTF?PRINTF
  +--> ?PR?_TIMER0_DELAY1MS?DELAY

?PR?LT9611_HDMI_OUT_ENABLE?LT9611                -----    -----      -----    -----      -----    -----
  +--> ?PR?_HDMI_WRITEI2C_BYTE?I2C
  +--> ?PR?LT9611_HDCP_ENABLE?LT9611
  +--> ?CO?LT9611
  +--> ?PR?PRINTF?PRINTF

?PR?LT9611_HDCP_ENABLE?LT9611                    -----    -----      -----    -----      -----    -----
  +--> ?PR?_HDMI_WRITEI2C_BYTE?I2C
  +--> ?CO?LT9611
  +--> ?PR?PRINTF?PRINTF

?PR?LT9611_IRQ_TASK?LT9611                       -----    -----      -----    -----      0165H    0003H
  +--> ?PR?_HDMI_WRITEI2C_BYTE?I2C
  +--> ?PR?_HDMI_READI2C_BYTE?I2C
  +--> ?PR?_LT9611_CEC_MSG_INTERRUPT_HANDLE?...
  +--> ?PR?LT9611_HDP_INTERRUPT_HANDLE?LT9611
  +--> ?PR?LT9611_VID_CHG_INTERRUPT_HANDLE?L...

?PR?_LT9611_CEC_MSG_INTERRUPT_HANDLE?...         -----    -----      -----    -----      0168H    0003H
  +--> ?PR?_HDMI_WRITEI2C_BYTE?I2C
  +--> ?PR?_HDMI_READI2C_BYTE?I2C
  +--> ?CO?LT9611
  +--> ?PR?PRINTF?PRINTF
  +--> ?PR?_LT9611_CEC_MSG_TX_HANDLE?LT9611
  +--> ?PR?_LT9611_CEC_MSG_RX_PARSE?LT9611

?PR?_LT9611_CEC_MSG_TX_HANDLE?LT9611             -----    -----      -----    -----      016BH    0006H
  +--> ?CO?LT9611
  +--> ?PR?PRINTF?PRINTF
  +--> ?PR?LT9611_CEC_LOGICAL_RESET?LT9611
  +--> ?PR?_LT9611_CEC_MSG_SET_LOGICAL_ADDRE...
  +--> ?PR?_LT9611_CEC_REPORT_PHYSICAL_ADDRE...
  +--> ?PR?_LT9611_CEC_LA_ALLOCATION?LT9611
  +--> ?PR?_LT9611_CEC_FRAME_RETRANSMISSION?...

?PR?LT9611_CEC_LOGICAL_RESET?LT9611              -----    -----      -----    -----      -----    -----
  +--> ?PR?_HDMI_WRITEI2C_BYTE?I2C

?PR?_LT9611_CEC_REPORT_PHYSICAL_ADDRE...         -----    -----      -----    -----      -----    -----
  +--> ?PR?_LT9611_HDMI_CEC_WRITE?LT9611

?PR?_LT9611_HDMI_CEC_WRITE?LT9611                -----    -----      -----    -----      0174H    0005H
  +--> ?PR?_HDMI_WRITEI2C_BYTE?I2C
  +--> ?PR?_TIMER0_DELAY1MS?DELAY

BL51 BANKED LINKER/LOCATER V6.22                                                      10/17/2022  08:34:50  PAGE 9


?PR?_LT9611_CEC_LA_ALLOCATION?LT9611             -----    -----      -----    -----      -----    -----
  +--> ?PR?_LT9611_HDMI_CEC_WRITE?LT9611

?PR?_LT9611_CEC_FRAME_RETRANSMISSION?...         -----    -----      -----    -----      0171H    0003H
  +--> ?PR?_HDMI_WRITEI2C_BYTE?I2C

?PR?_LT9611_CEC_MSG_RX_PARSE?LT9611              -----    -----      -----    -----      016BH    0009H
  +--> ?CO?LT9611
  +--> ?PR?_LT9611_HDMI_CEC_READ?LT9611
  +--> ?PR?PRINTF?PRINTF
  +--> ?PR?_LT9611_CEC_FEATURE_ABORT?LT9611
  +--> ?PR?_LT9611_CEC_REPORT_PHYSICAL_ADDRE...
  +--> ?PR?_TIMER0_DELAY1MS?DELAY
  +--> ?PR?_LT9611_CEC_MENU_ACTIVATE?LT9611

?PR?_LT9611_HDMI_CEC_READ?LT9611                 -----    -----      -----    -----      0174H    0005H
  +--> ?PR?_HDMI_WRITEI2C_BYTE?I2C
  +--> ?PR?_HDMI_READI2C_BYTE?I2C

?PR?_LT9611_CEC_FEATURE_ABORT?LT9611             -----    -----      -----    -----      -----    -----
  +--> ?PR?_LT9611_HDMI_CEC_WRITE?LT9611

?PR?_LT9611_CEC_MENU_ACTIVATE?LT9611             -----    -----      -----    -----      -----    -----
  +--> ?PR?_LT9611_HDMI_CEC_WRITE?LT9611

?PR?LT9611_VID_CHG_INTERRUPT_HANDLE?L...         -----    -----      -----    -----      -----    -----
  +--> ?CO?LT9611
  +--> ?PR?PRINTF?PRINTF
  +--> ?PR?_HDMI_WRITEI2C_BYTE?I2C
  +--> ?PR?LT9611_VIDEO_CHECK?LT9611
  +--> ?PR?_TIMER0_DELAY1MS?DELAY
  +--> ?PR?_LT9611_PLL?LT9611
  +--> ?PR?_LT9611_MIPI_PCR?LT9611
  +--> ?PR?_LT9611_HDMI_TX_DIGITAL?LT9611
  +--> ?PR?LT9611_HDMI_OUT_ENABLE?LT9611
  +--> ?PR?LT9611_HDMI_OUT_DISABLE?LT9611



SYMBOL TABLE OF MODULE:  .\Objects\LT9611_pattern_1080P60 (UART0)

  VALUE           TYPE          NAME
  ----------------------------------

  -------         MODULE        UART0
  C:0000H         SYMBOL        _ICE_DUMMY_
  D:00B1H         PUBLIC        P0M1
  D:00B2H         PUBLIC        P0M2
  D:0080H         PUBLIC        P0
  D:0090H         PUBLIC        P1
  D:00A0H         PUBLIC        P2
  D:00B0H         PUBLIC        P3
  D:00D8H         PUBLIC        PWMCON0
  D:00A8H         PUBLIC        IE
  D:00B8H         PUBLIC        IP
  B:0098H.1       PUBLIC        TI
  D:0099H         PUBLIC        SBUF
BL51 BANKED LINKER/LOCATER V6.22                                                      10/17/2022  08:34:50  PAGE 10


  D:0087H         PUBLIC        PCON
  D:0098H         PUBLIC        SCON
  D:0089H         PUBLIC        TMOD
  D:0088H         PUBLIC        TCON
  D:00F8H         PUBLIC        SCON_1
  D:008DH         PUBLIC        TH1
  C:4284H         PUBLIC        _InitialUART0_Timer1
  B:0088H.6       PUBLIC        TR1
  D:00E8H         PUBLIC        ADCCON0
  C:4641H         PUBLIC        _Send_Data_To_UART0
  D:00C0H         PUBLIC        I2CON
  D:00C8H         PUBLIC        T2CON
  D:00C4H         PUBLIC        T3CON
  D:008EH         PUBLIC        CKCON
  D:00D0H         PUBLIC        PSW
  C:4649H         PUBLIC        _printch
  -------         PROC          _INITIALUART0_TIMER1
  D:0004H         SYMBOL        u32Baudrate
  C:4284H         LINE#         8
  C:4284H         LINE#         9
  C:4284H         LINE#         10
  C:428AH         LINE#         11
  C:4290H         LINE#         13
  C:4293H         LINE#         14
  C:4296H         LINE#         16
  C:4299H         LINE#         17
  C:429CH         LINE#         18
  C:429FH         LINE#         21
  C:42B8H         LINE#         26
  C:42BAH         LINE#         27
  C:42BCH         LINE#         28
  -------         ENDPROC       _INITIALUART0_TIMER1
  -------         PROC          _SEND_DATA_TO_UART0
  D:0007H         SYMBOL        c
  C:4641H         LINE#         64
  C:4641H         LINE#         65
  C:4641H         LINE#         66
  C:4643H         LINE#         67
  C:4645H         LINE#         68
  C:4648H         LINE#         69
  -------         ENDPROC       _SEND_DATA_TO_UART0
  -------         PROC          _PRINTCH
  D:0007H         SYMBOL        ch
  C:4649H         LINE#         144
  C:4649H         LINE#         145
  C:4649H         LINE#         146
  -------         ENDPROC       _PRINTCH
  -------         ENDMOD        UART0

  -------         MODULE        MAIN
  C:0000H         SYMBOL        _ICE_DUMMY_
  D:00B1H         PUBLIC        P0M1
  D:00B3H         PUBLIC        P1M1
  D:00B2H         PUBLIC        P0M2
  D:0080H         PUBLIC        P0
  D:00B4H         PUBLIC        P1M2
  D:0090H         PUBLIC        P1
BL51 BANKED LINKER/LOCATER V6.22                                                      10/17/2022  08:34:50  PAGE 11


  D:00ACH         PUBLIC        P3M1
  D:00A0H         PUBLIC        P2
  D:00B0H         PUBLIC        P3
  D:00ADH         PUBLIC        P3M2
  B:00A8H.7       PUBLIC        EA
  D:00D8H         PUBLIC        PWMCON0
  D:00A8H         PUBLIC        IE
  D:00B8H         PUBLIC        IP
  C:460FH         PUBLIC        main
  B:00B0H.0       PUBLIC        P30
  D:0098H         PUBLIC        SCON
  D:0088H         PUBLIC        TCON
  D:00F8H         PUBLIC        SCON_1
  D:009BH         PUBLIC        EIE
  C:4528H         PUBLIC        LT9611_Reset
  D:00E8H         PUBLIC        ADCCON0
  D:00C0H         PUBLIC        I2CON
  X:01E0H         PUBLIC        irq_task_flag
  C:409CH         PUBLIC        MCU_SystemInit
  D:00C8H         PUBLIC        T2CON
  D:00E9H         PUBLIC        PICON
  D:00D0H         PUBLIC        PSW
  D:00EAH         PUBLIC        PINEN
  D:00EBH         PUBLIC        PIPEN
  -------         PROC          MCU_SYSTEMINIT
  C:409CH         LINE#         6
  C:409CH         LINE#         7
  C:409CH         LINE#         8
  C:40A2H         LINE#         9
  C:40A8H         LINE#         10
  C:40AEH         LINE#         11
  C:40B4H         LINE#         12
  C:40BAH         LINE#         14
  C:40C0H         LINE#         15
  C:40C6H         LINE#         16
  C:40CCH         LINE#         19
  C:40D7H         LINE#         21
  C:40DAH         LINE#         22
  C:40E3H         LINE#         23
  C:40E6H         LINE#         28
  C:40E8H         LINE#         29
  -------         ENDPROC       MCU_SYSTEMINIT
  -------         PROC          LT9611_RESET
  C:4528H         LINE#         31
  C:4528H         LINE#         32
  C:4528H         LINE#         33
  C:452AH         LINE#         34
  C:4535H         LINE#         35
  C:4537H         LINE#         36
  -------         ENDPROC       LT9611_RESET
  -------         PROC          MAIN
  C:460FH         LINE#         39
  C:460FH         LINE#         40
  C:460FH         LINE#         41
  C:4612H         LINE#         43
  C:461BH         LINE#         44
  C:461EH         LINE#         49
BL51 BANKED LINKER/LOCATER V6.22                                                      10/17/2022  08:34:50  PAGE 12


  C:4621H         LINE#         52
  -------         ENDPROC       MAIN
  -------         ENDMOD        MAIN

  -------         MODULE        I2C
  C:0000H         SYMBOL        _ICE_DUMMY_
  D:0080H         PUBLIC        P0
  D:0090H         PUBLIC        P1
  D:00A0H         PUBLIC        P2
  D:00B0H         PUBLIC        P3
  C:45BBH         PUBLIC        _HDMI_ReadI2C_ByteN
  D:00D8H         PUBLIC        PWMCON0
  D:00A8H         PUBLIC        IE
  C:36BAH         SYMBOL        _i2c_read_byte
  C:45D0H         PUBLIC        _HDMI_WriteI2C_ByteN
  X:01DEH         PUBLIC        I2CADR
  D:00B8H         PUBLIC        IP
  C:3BD2H         SYMBOL        _i2c_write_byte
  X:01DFH         PUBLIC        ack
  B:0090H.3       PUBLIC        P13
  D:0098H         PUBLIC        SCON
  B:0090H.4       PUBLIC        P14
  D:0088H         PUBLIC        TCON
  C:43B3H         PUBLIC        _HDMI_ReadI2C_Byte
  C:3FFDH         SYMBOL        _I2C_SendByte
  C:42BDH         SYMBOL        RcvByte
  D:00F8H         PUBLIC        SCON_1
  C:44B5H         PUBLIC        _HDMI_WriteI2C_Byte
  C:44F0H         SYMBOL        _Ack_I2c
  C:45A6H         SYMBOL        Start_I2c
  C:462AH         SYMBOL        _I2C_Delay_us
  D:00E8H         PUBLIC        ADCCON0
  D:00C0H         PUBLIC        I2CON
  C:4635H         SYMBOL        Stop_I2c
  D:00C8H         PUBLIC        T2CON
  D:00D0H         PUBLIC        PSW
  -------         PROC          L?0048
  -------         ENDPROC       L?0048
  -------         PROC          _I2C_DELAY_US
  D:0007H         SYMBOL        uscount
  -------         DO            
  D:0006H         SYMBOL        x
  -------         ENDDO         
  C:462AH         LINE#         21
  C:462AH         LINE#         22
  C:462AH         LINE#         24
  C:4631H         LINE#         25
  C:4631H         LINE#         27
  C:4634H         LINE#         28
  -------         ENDPROC       _I2C_DELAY_US
  -------         PROC          START_I2C
  C:45A6H         LINE#         30
  C:45A6H         LINE#         31
  C:45A6H         LINE#         32
  C:45A8H         LINE#         33
  C:45AAH         LINE#         34
  C:45AAH         LINE#         35
BL51 BANKED LINKER/LOCATER V6.22                                                      10/17/2022  08:34:50  PAGE 13


  C:45ADH         LINE#         36
  C:45AFH         LINE#         37
  C:45B4H         LINE#         38
  C:45B6H         LINE#         39
  -------         ENDPROC       START_I2C
  -------         PROC          STOP_I2C
  C:4635H         LINE#         42
  C:4635H         LINE#         43
  C:4635H         LINE#         44
  C:4637H         LINE#         45
  C:4639H         LINE#         46
  C:4639H         LINE#         47
  C:463CH         LINE#         48
  C:463EH         LINE#         49
  -------         ENDPROC       STOP_I2C
  -------         PROC          _I2C_SENDBYTE
  D:0005H         SYMBOL        c
  -------         DO            
  D:0004H         SYMBOL        bit_Cnt
  -------         ENDDO         
  C:3FFDH         LINE#         53
  C:3FFFH         LINE#         54
  C:3FFFH         LINE#         57
  C:4001H         LINE#         58
  C:4001H         LINE#         59
  C:400EH         LINE#         60
  C:400EH         LINE#         61
  C:4010H         LINE#         62
  C:4012H         LINE#         64
  C:4012H         LINE#         65
  C:4014H         LINE#         66
  C:4014H         LINE#         67
  C:4019H         LINE#         68
  C:401BH         LINE#         69
  C:401FH         LINE#         70
  C:4021H         LINE#         71
  C:4026H         LINE#         73
  C:402BH         LINE#         74
  C:402DH         LINE#         75
  C:4032H         LINE#         76
  C:4034H         LINE#         77
  C:4037H         LINE#         79
  C:403AH         LINE#         80
  C:403AH         LINE#         81
  C:403FH         LINE#         82
  C:4041H         LINE#         84
  C:4041H         LINE#         85
  C:4047H         LINE#         86
  C:4047H         LINE#         87
  C:4049H         LINE#         88
  -------         ENDPROC       _I2C_SENDBYTE
  -------         PROC          RCVBYTE
  -------         DO            
  D:0005H         SYMBOL        retc
  D:0004H         SYMBOL        bit_Cnt
  -------         ENDDO         
  C:42BDH         LINE#         91
BL51 BANKED LINKER/LOCATER V6.22                                                      10/17/2022  08:34:50  PAGE 14


  C:42BDH         LINE#         92
  C:42BDH         LINE#         96
  C:42BFH         LINE#         97
  C:42C1H         LINE#         98
  C:42C2H         LINE#         99
  C:42C2H         LINE#         100
  C:42C7H         LINE#         101
  C:42C9H         LINE#         102
  C:42CEH         LINE#         103
  C:42D0H         LINE#         104
  C:42D5H         LINE#         105
  C:42D9H         LINE#         106
  C:42DCH         LINE#         107
  C:42DCH         LINE#         108
  C:42DDH         LINE#         109
  C:42DDH         LINE#         110
  C:42E2H         LINE#         111
  C:42E7H         LINE#         112
  C:42E9H         LINE#         113
  C:42EEH         LINE#         114
  C:42F0H         LINE#         115
  -------         ENDPROC       RCVBYTE
  -------         PROC          _ACK_I2C
  D:0007H         SYMBOL        a
  C:44F0H         LINE#         117
  C:44F0H         LINE#         118
  C:44F0H         LINE#         119
  C:44F3H         LINE#         120
  C:44F3H         LINE#         121
  C:44F5H         LINE#         122
  C:44F7H         LINE#         124
  C:44F7H         LINE#         125
  C:44F9H         LINE#         126
  C:44F9H         LINE#         128
  C:44FEH         LINE#         129
  C:4500H         LINE#         130
  C:4505H         LINE#         131
  C:4507H         LINE#         132
  -------         ENDPROC       _ACK_I2C
  -------         PROC          _I2C_WRITE_BYTE
  D:0004H         SYMBOL        sla
  X:017BH         SYMBOL        suba
  D:0001H         SYMBOL        s
  X:017FH         SYMBOL        no
  -------         DO            
  X:0180H         SYMBOL        i
  -------         ENDDO         
  C:3BD2H         LINE#         135
  C:3BD9H         LINE#         136
  C:3BD9H         LINE#         139
  C:3BDCH         LINE#         141
  C:3BE1H         LINE#         143
  C:3BE7H         LINE#         144
  C:3BE7H         LINE#         145
  C:3BE7H         LINE#         146
  C:3BE9H         LINE#         147
  C:3BE9H         LINE#         148
BL51 BANKED LINKER/LOCATER V6.22                                                      10/17/2022  08:34:50  PAGE 15


  C:3BF1H         LINE#         149
  C:3BF7H         LINE#         150
  C:3BF7H         LINE#         151
  C:3BF7H         LINE#         152
  C:3BF9H         LINE#         153
  C:3BF9H         LINE#         155
  C:3C09H         LINE#         156
  C:3C09H         LINE#         157
  C:3C10H         LINE#         158
  C:3C16H         LINE#         159
  C:3C16H         LINE#         160
  C:3C19H         LINE#         161
  C:3C1CH         LINE#         162
  C:3C1CH         LINE#         163
  C:3C23H         LINE#         164
  C:3C2BH         LINE#         165
  C:3C2EH         LINE#         166
  C:3C30H         LINE#         167
  -------         ENDPROC       _I2C_WRITE_BYTE
  -------         PROC          _I2C_READ_BYTE
  X:017AH         SYMBOL        sla
  X:017BH         SYMBOL        suba
  D:0001H         SYMBOL        s
  X:017FH         SYMBOL        no
  -------         DO            
  X:0180H         SYMBOL        i
  -------         ENDDO         
  C:36BAH         LINE#         169
  C:36C2H         LINE#         170
  C:36C2H         LINE#         172
  C:36C5H         LINE#         173
  C:36CDH         LINE#         174
  C:36D3H         LINE#         175
  C:36D3H         LINE#         176
  C:36D3H         LINE#         177
  C:36D3H         LINE#         178
  C:36D5H         LINE#         179
  C:36D5H         LINE#         180
  C:36DDH         LINE#         181
  C:36E3H         LINE#         182
  C:36E3H         LINE#         183
  C:36E3H         LINE#         184
  C:36E3H         LINE#         185
  C:36E5H         LINE#         186
  C:36E5H         LINE#         187
  C:36E8H         LINE#         188
  C:36F1H         LINE#         189
  C:36F7H         LINE#         190
  C:36F7H         LINE#         191
  C:36FAH         LINE#         192
  C:36FEH         LINE#         193
  C:3700H         LINE#         194
  C:3700H         LINE#         195
  C:3711H         LINE#         196
  C:3711H         LINE#         197
  C:3718H         LINE#         198
  C:371DH         LINE#         199
BL51 BANKED LINKER/LOCATER V6.22                                                      10/17/2022  08:34:50  PAGE 16


  C:3724H         LINE#         200
  C:372CH         LINE#         201
  C:3733H         LINE#         202
  C:3738H         LINE#         203
  C:373BH         LINE#         204
  C:373DH         LINE#         205
  -------         ENDPROC       _I2C_READ_BYTE
  -------         PROC          _HDMI_READI2C_BYTE
  D:0006H         SYMBOL        RegAddr
  -------         DO            
  X:0179H         SYMBOL        p_data
  -------         ENDDO         
  C:43B3H         LINE#         207
  C:43B5H         LINE#         208
  C:43B5H         LINE#         209
  C:43BAH         LINE#         211
  C:43D3H         LINE#         212
  C:43D3H         LINE#         213
  C:43D9H         LINE#         214
  C:43D9H         LINE#         215
  C:43DBH         LINE#         216
  -------         ENDPROC       _HDMI_READI2C_BYTE
  -------         PROC          _HDMI_READI2C_BYTEN
  D:0006H         SYMBOL        RegAddr
  D:0001H         SYMBOL        p_data
  X:01B9H         SYMBOL        N
  -------         DO            
  D:0007H         SYMBOL        flag
  -------         ENDDO         
  C:45BBH         LINE#         218
  C:45BDH         LINE#         219
  C:45BDH         LINE#         222
  C:45CFH         LINE#         224
  C:45CFH         LINE#         225
  -------         ENDPROC       _HDMI_READI2C_BYTEN
  -------         PROC          _HDMI_WRITEI2C_BYTE
  D:0006H         SYMBOL        RegAddr
  X:0179H         SYMBOL        d
  -------         DO            
  D:0007H         SYMBOL        flag
  -------         ENDDO         
  C:44B5H         LINE#         227
  C:44BCH         LINE#         228
  C:44BCH         LINE#         231
  C:44D2H         LINE#         234
  C:44D2H         LINE#         235
  -------         ENDPROC       _HDMI_WRITEI2C_BYTE
  -------         PROC          _HDMI_WRITEI2C_BYTEN
  D:0006H         SYMBOL        RegAddr
  D:0001H         SYMBOL        d
  X:01BEH         SYMBOL        N
  -------         DO            
  D:0007H         SYMBOL        flag
  -------         ENDDO         
  C:45D0H         LINE#         237
  C:45D2H         LINE#         238
  C:45D2H         LINE#         241
BL51 BANKED LINKER/LOCATER V6.22                                                      10/17/2022  08:34:50  PAGE 17


  C:45E4H         LINE#         243
  C:45E4H         LINE#         244
  -------         ENDPROC       _HDMI_WRITEI2C_BYTEN
  -------         ENDMOD        I2C

  -------         MODULE        LT9611
  C:0000H         SYMBOL        _ICE_DUMMY_
  D:0080H         PUBLIC        P0
  C:420BH         PUBLIC        _lt9611_cec_msg_init
  C:4542H         PUBLIC        lt9611_cec_msg_write_demo
  D:0090H         PUBLIC        P1
  D:00A0H         PUBLIC        P2
  D:00B0H         PUBLIC        P3
  C:404EH         PUBLIC        _delay_1ms
  D:00D8H         PUBLIC        PWMCON0
  C:2AC6H         PUBLIC        _lt9611_cec_msg_tx_handle
  C:45E5H         PUBLIC        lt9611_cec_logical_reset
  X:0005H         PUBLIC        Tx_HPD
  C:45FAH         PUBLIC        LT9611_pattern_en
  C:2DF3H         PUBLIC        _LT9611_MIPI_Pcr
  C:1002H         PUBLIC        video_1400x1050_60Hz
  C:3483H         SYMBOL        _do_checksum
  C:458FH         PUBLIC        LT9611_HDCP_Disable
  C:4356H         PUBLIC        _lt9611_cec_feature_abort
  D:00A8H         PUBLIC        IE
  C:442CH         PUBLIC        IntbInterruptFun
  C:1059H         PUBLIC        LT9611_Video_Check
  X:0006H         PUBLIC        Sink_EDID
  C:101FH         PUBLIC        video_1200x1920_60Hz
  C:4325H         PUBLIC        _lt9611_cec_menu_activate
  C:0F1AH         PUBLIC        video_1920x1080_30Hz
  X:0106H         PUBLIC        pcr_m
  C:0EFDH         PUBLIC        video_1920x1080_50Hz
  C:373EH         PUBLIC        LT9611_HDP_Interrupt_Handle
  C:0F71H         PUBLIC        video_3840x2160_30Hz
  C:0F54H         PUBLIC        video_1920x1080_24Hz
  C:0EE0H         PUBLIC        video_1920x1080_60Hz
  C:0F37H         PUBLIC        video_1920x1080_25Hz
  C:3633H         PUBLIC        LT9611_HDMI_TX_Phy
  C:0FC8H         PUBLIC        video_1440x2560_70Hz
  C:0FABH         PUBLIC        video_3840x2160_24Hz
  C:0F8EH         PUBLIC        video_3840x2160_25Hz
  D:00B8H         PUBLIC        IP
  X:0107H         PUBLIC        video
  C:4386H         PUBLIC        LT9611_Get_HPD_Status
  C:417FH         PUBLIC        _lt9611_cec_frame_retransmission
  C:424AH         PUBLIC        LT9611_HDCP_Enable
  C:3AA5H         PUBLIC        _LT9611_LowPower_mode
  C:3FABH         PUBLIC        LT9611_Htotal_Sysclk
  C:0003H         PUBLIC        _LT9611_HDMI_CEC_ON
  C:393DH         PUBLIC        LT9611_load_hdcp_key
  C:3130H         PUBLIC        _lt9611_cec_msg_set_logical_address
  C:2C66H         PUBLIC        _LT9611_HDMI_TX_Digital
  C:43DCH         PUBLIC        LT9611_HDMI_Out_Disable
  C:2785H         PUBLIC        _LT9611_MIPI_Video_Timing
  C:4496H         PUBLIC        LT9611_CSC
  C:3CE8H         PUBLIC        LT9611_MIPI_Input_Analog
BL51 BANKED LINKER/LOCATER V6.22                                                      10/17/2022  08:34:50  PAGE 18


  C:3229H         PUBLIC        LT9611_MIPI_Input_Digtal
  B:0090H.0       PUBLIC        P10
  X:010AH         PUBLIC        PCR_Format
  X:010BH         PUBLIC        lt9611
  C:20CDH         PUBLIC        _lt9611_cec_msg_rx_parse
  C:0E4FH         PUBLIC        video_720x480_60Hz
  D:0098H         PUBLIC        SCON
  C:455CH         PUBLIC        lt9611_broad_cast_demo
  C:0E32H         PUBLIC        video_640x480_60Hz
  D:0088H         PUBLIC        TCON
  C:4134H         PUBLIC        LT9611_IRQ_Task
  C:450CH         PUBLIC        LT9611_IRQ_Init
  C:4450H         PUBLIC        LT9611_RST_PD_Init
  C:0E6CH         PUBLIC        video_720x576_50Hz
  C:3A30H         PUBLIC        LT9611_HDMI_Out_Enable
  C:1DFDH         PUBLIC        _LT9611_PLL
  B:0088H.1       PUBLIC        IE0
  C:3845H         PUBLIC        LT9611_Audio_Init
  C:238DH         PUBLIC        _lt9611_parse_physical_address
  C:38C1H         PUBLIC        _lt9611_hdmi_cec_read
  D:00F8H         PUBLIC        SCON_1
  C:2F19H         PUBLIC        _LT9611_Enable_Interrupts
  C:41C8H         PUBLIC        LT9611_Chip_ID
  C:003AH         PUBLIC        LT9611_Read_EDID
  C:39B7H         PUBLIC        _lt9611_cec_msg_Interrupt_Handle
  C:3B0AH         PUBLIC        LT9611_Vid_Chg_Interrupt_Handle
  C:3F64H         PUBLIC        _lt9611_cec_report_physical_address
  C:3C8DH         PUBLIC        LT9611_System_Init
  X:0114H         PUBLIC        flag_cec_data_received
  D:009BH         PUBLIC        EIE
  C:351AH         PUBLIC        _lt9611_hdmi_cec_write
  C:3029H         PUBLIC        LT9611_Dphy_debug
  C:42F1H         PUBLIC        LT9611_pattern
  X:0115H         SYMBOL        CEC_RxData_Buff
  D:00E8H         PUBLIC        ADCCON0
  X:0125H         SYMBOL        CEC_TxData_Buff
  D:00C0H         PUBLIC        I2CON
  C:292FH         PUBLIC        LT9611_Frequency_Meter_Byte_Clk
  D:00ECH         PUBLIC        PIF
  C:0EC3H         PUBLIC        video_1280x720_30Hz
  C:0EA6H         PUBLIC        video_1280x720_50Hz
  C:37C2H         PUBLIC        LT9611_Pcr_MK_Print
  C:0E89H         PUBLIC        video_1280x720_60Hz
  C:103CH         PUBLIC        video_1920x720_60Hz
  C:4576H         PUBLIC        _LT9611_Globe_Interrupts
  D:00C8H         PUBLIC        T2CON
  X:0137H         PUBLIC        lt9611_cec_msg
  C:33D9H         PUBLIC        LT9611_Init
  C:4473H         PUBLIC        LT9611_HDCP_Init
  C:25C7H         PUBLIC        _LT9611_pattern_gcm
  C:3B6FH         PUBLIC        _lt9611_cec_device_polling
  C:0FE5H         PUBLIC        video_1366x768_60Hz
  C:331DH         PUBLIC        _LT9611_pattern_pixel_clk
  D:00D0H         PUBLIC        PSW
  C:44D3H         PUBLIC        _lt9611_cec_la_allocation
  -------         PROC          _DELAY_1MS
  D:0007H         SYMBOL        cnt
BL51 BANKED LINKER/LOCATER V6.22                                                      10/17/2022  08:34:50  PAGE 19


  -------         DO            
  X:0000H         SYMBOL        i
  X:0002H         SYMBOL        j
  -------         ENDDO         
  C:404EH         LINE#         126
  C:404EH         LINE#         127
  C:404EH         LINE#         130
  C:405CH         LINE#         131
  C:406BH         LINE#         132
  C:406BH         LINE#         133
  C:406FH         LINE#         134
  C:407DH         LINE#         136
  C:407DH         LINE#         137
  C:408BH         LINE#         138
  C:408BH         LINE#         139
  C:4092H         LINE#         140
  C:4096H         LINE#         141
  C:4099H         LINE#         142
  C:4099H         LINE#         144
  C:4099H         LINE#         145
  C:409BH         LINE#         146
  C:409BH         LINE#         147
  -------         ENDPROC       _DELAY_1MS
  -------         PROC          LT9611_CHIP_ID
  C:41C8H         LINE#         149
  C:41C8H         LINE#         150
  C:41C8H         LINE#         151
  C:41CFH         LINE#         152
  C:41D6H         LINE#         153
  C:41F6H         LINE#         156
  C:41FDH         LINE#         157
  C:4204H         LINE#         158
  -------         ENDPROC       LT9611_CHIP_ID
  -------         PROC          LT9611_RST_PD_INIT
  C:4450H         LINE#         161
  C:4450H         LINE#         162
  C:4450H         LINE#         164
  C:4457H         LINE#         165
  C:445EH         LINE#         166
  C:4465H         LINE#         167
  C:446CH         LINE#         168
  -------         ENDPROC       LT9611_RST_PD_INIT
  -------         PROC          _LT9611_LOWPOWER_MODE
  D:0007H         SYMBOL        on
  C:3AA5H         LINE#         171
  C:3AA5H         LINE#         172
  C:3AA5H         LINE#         175
  C:3AACH         LINE#         176
  C:3AACH         LINE#         177
  C:3AAFH         LINE#         178
  C:3AB6H         LINE#         179
  C:3ABDH         LINE#         180
  C:3AC4H         LINE#         182
  C:3ACBH         LINE#         183
  C:3AD2H         LINE#         184
  C:3AD8H         LINE#         185
  C:3ADAH         LINE#         187
BL51 BANKED LINKER/LOCATER V6.22                                                      10/17/2022  08:34:50  PAGE 20


  C:3ADAH         LINE#         188
  C:3ADDH         LINE#         189
  C:3AE4H         LINE#         190
  C:3AEBH         LINE#         191
  C:3AF2H         LINE#         193
  C:3AF9H         LINE#         194
  C:3B00H         LINE#         195
  C:3B09H         LINE#         196
  C:3B09H         LINE#         197
  -------         ENDPROC       _LT9611_LOWPOWER_MODE
  -------         PROC          LT9611_SYSTEM_INIT
  C:3C8DH         LINE#         199
  C:3C8DH         LINE#         200
  C:3C8DH         LINE#         201
  C:3C94H         LINE#         203
  C:3C9BH         LINE#         205
  C:3CA2H         LINE#         206
  C:3CA9H         LINE#         207
  C:3CB0H         LINE#         208
  C:3CB7H         LINE#         211
  C:3CBEH         LINE#         212
  C:3CC5H         LINE#         213
  C:3CCCH         LINE#         214
  C:3CD3H         LINE#         215
  C:3CDAH         LINE#         216
  C:3CE1H         LINE#         217
  -------         ENDPROC       LT9611_SYSTEM_INIT
  -------         PROC          LT9611_MIPI_INPUT_ANALOG
  C:3CE8H         LINE#         220
  C:3CE8H         LINE#         221
  C:3CE8H         LINE#         223
  C:3CEFH         LINE#         225
  C:3CF6H         LINE#         226
  C:3CFDH         LINE#         227
  C:3D04H         LINE#         228
  C:3D0BH         LINE#         229
  C:3D12H         LINE#         231
  C:3D19H         LINE#         232
  C:3D20H         LINE#         233
  C:3D27H         LINE#         234
  C:3D2EH         LINE#         235
  C:3D35H         LINE#         237
  C:3D3CH         LINE#         238
  -------         ENDPROC       LT9611_MIPI_INPUT_ANALOG
  -------         PROC          LT9611_MIPI_INPUT_DIGTAL
  -------         DO            
  X:0165H         SYMBOL        lanes
  -------         ENDDO         
  C:3229H         LINE#         241
  C:3229H         LINE#         242
  C:3229H         LINE#         244
  C:3231H         LINE#         246
  C:323EH         LINE#         249
  C:3245H         LINE#         250
  C:3245H         LINE#         251
  C:3248H         LINE#         252
  C:324FH         LINE#         253
BL51 BANKED LINKER/LOCATER V6.22                                                      10/17/2022  08:34:50  PAGE 21


  C:3256H         LINE#         254
  C:325DH         LINE#         255
  C:3263H         LINE#         256
  C:3265H         LINE#         258
  C:3265H         LINE#         259
  C:3268H         LINE#         260
  C:326FH         LINE#         261
  C:3276H         LINE#         262
  C:327DH         LINE#         263
  C:3286H         LINE#         264
  C:3286H         LINE#         265
  C:328DH         LINE#         266
  C:3294H         LINE#         269
  C:329BH         LINE#         270
  C:32A5H         LINE#         272
  C:32ACH         LINE#         273
  C:32B3H         LINE#         275
  C:32BAH         LINE#         276
  C:32BAH         LINE#         277
  C:32C1H         LINE#         278
  C:32C7H         LINE#         279
  C:32C9H         LINE#         281
  C:32C9H         LINE#         282
  C:32D0H         LINE#         283
  C:32D9H         LINE#         284
  C:32D9H         LINE#         287
  C:32E1H         LINE#         288
  C:32E1H         LINE#         289
  C:32EAH         LINE#         290
  C:32F1H         LINE#         291
  C:32F8H         LINE#         292
  C:32FFH         LINE#         294
  C:3305H         LINE#         295
  C:3305H         LINE#         296
  C:330CH         LINE#         297
  C:3313H         LINE#         298
  C:3313H         LINE#         299
  C:3313H         LINE#         301
  C:331CH         LINE#         303
  -------         ENDPROC       LT9611_MIPI_INPUT_DIGTAL
  -------         PROC          LT9611_VIDEO_CHECK
  -------         DO            
  X:0168H         SYMBOL        mipi_video_format
  X:0169H         SYMBOL        h_act
  X:016BH         SYMBOL        h_act_a
  X:016DH         SYMBOL        h_act_b
  X:016FH         SYMBOL        v_act
  X:0171H         SYMBOL        v_tal
  X:0173H         SYMBOL        h_total_sysclk
  -------         ENDDO         
  C:1059H         LINE#         305
  C:1059H         LINE#         306
  C:1059H         LINE#         308
  C:105EH         LINE#         312
  C:1065H         LINE#         313
  C:1072H         LINE#         314
  C:108CH         LINE#         315
BL51 BANKED LINKER/LOCATER V6.22                                                      10/17/2022  08:34:50  PAGE 22


  C:1095H         LINE#         316
  C:109EH         LINE#         317
  C:10B6H         LINE#         319
  C:10C3H         LINE#         320
  C:10DDH         LINE#         321
  C:10EAH         LINE#         322
  C:1104H         LINE#         324
  C:110BH         LINE#         325
  C:1118H         LINE#         326
  C:1132H         LINE#         328
  C:113FH         LINE#         329
  C:1159H         LINE#         332
  C:1160H         LINE#         333
  C:1160H         LINE#         334
  C:1169H         LINE#         335
  C:1174H         LINE#         336
  C:117DH         LINE#         337
  C:117FH         LINE#         338
  C:1185H         LINE#         339
  C:1185H         LINE#         340
  C:118EH         LINE#         341
  C:11A5H         LINE#         342
  C:11BAH         LINE#         343
  C:11BAH         LINE#         345
  C:11C4H         LINE#         347
  C:1209H         LINE#         348
  C:121AH         LINE#         350
  C:1221H         LINE#         351
  C:1239H         LINE#         353
  C:1248H         LINE#         356
  C:1251H         LINE#         360
  C:127DH         LINE#         361
  C:127DH         LINE#         362
  C:1286H         LINE#         363
  C:128CH         LINE#         364
  C:129AH         LINE#         365
  C:129DH         LINE#         366
  C:12C9H         LINE#         367
  C:12C9H         LINE#         368
  C:12D2H         LINE#         369
  C:12D8H         LINE#         370
  C:12E6H         LINE#         371
  C:12E9H         LINE#         373
  C:1315H         LINE#         374
  C:1315H         LINE#         375
  C:131EH         LINE#         376
  C:1324H         LINE#         377
  C:1332H         LINE#         378
  C:1335H         LINE#         380
  C:1366H         LINE#         381
  C:1366H         LINE#         382
  C:1375H         LINE#         383
  C:1375H         LINE#         384
  C:137EH         LINE#         385
  C:1384H         LINE#         386
  C:1392H         LINE#         387
  C:1395H         LINE#         388
BL51 BANKED LINKER/LOCATER V6.22                                                      10/17/2022  08:34:50  PAGE 23


  C:13A4H         LINE#         389
  C:13A4H         LINE#         390
  C:13ADH         LINE#         391
  C:13B3H         LINE#         392
  C:13C1H         LINE#         393
  C:13C4H         LINE#         394
  C:13D6H         LINE#         395
  C:13D6H         LINE#         396
  C:13DFH         LINE#         397
  C:13E5H         LINE#         398
  C:13F3H         LINE#         399
  C:13F3H         LINE#         400
  C:13F6H         LINE#         402
  C:1427H         LINE#         403
  C:1427H         LINE#         404
  C:1436H         LINE#         405
  C:1436H         LINE#         406
  C:143FH         LINE#         407
  C:1445H         LINE#         408
  C:1453H         LINE#         409
  C:1456H         LINE#         411
  C:1465H         LINE#         412
  C:1465H         LINE#         413
  C:146EH         LINE#         414
  C:1474H         LINE#         415
  C:1482H         LINE#         416
  C:1485H         LINE#         418
  C:1494H         LINE#         419
  C:1494H         LINE#         420
  C:149DH         LINE#         421
  C:14A3H         LINE#         422
  C:14B1H         LINE#         423
  C:14B4H         LINE#         425
  C:14C3H         LINE#         426
  C:14C3H         LINE#         427
  C:14CCH         LINE#         428
  C:14D2H         LINE#         429
  C:14E0H         LINE#         430
  C:14E3H         LINE#         432
  C:14F5H         LINE#         433
  C:14F5H         LINE#         434
  C:14FEH         LINE#         435
  C:1504H         LINE#         436
  C:1512H         LINE#         437
  C:1512H         LINE#         438
  C:1515H         LINE#         440
  C:1546H         LINE#         441
  C:1546H         LINE#         442
  C:154DH         LINE#         443
  C:1554H         LINE#         444
  C:1563H         LINE#         445
  C:1563H         LINE#         446
  C:156CH         LINE#         447
  C:1572H         LINE#         448
  C:1580H         LINE#         449
  C:1583H         LINE#         450
  C:1592H         LINE#         451
BL51 BANKED LINKER/LOCATER V6.22                                                      10/17/2022  08:34:50  PAGE 24


  C:1592H         LINE#         452
  C:159BH         LINE#         453
  C:15A1H         LINE#         454
  C:15AFH         LINE#         455
  C:15B2H         LINE#         456
  C:15C4H         LINE#         457
  C:15C4H         LINE#         458
  C:15CDH         LINE#         459
  C:15D3H         LINE#         460
  C:15E1H         LINE#         461
  C:15E1H         LINE#         462
  C:15E4H         LINE#         466
  C:1610H         LINE#         467
  C:1610H         LINE#         468
  C:1619H         LINE#         469
  C:161FH         LINE#         470
  C:162DH         LINE#         471
  C:1630H         LINE#         472
  C:165CH         LINE#         473
  C:165CH         LINE#         474
  C:1665H         LINE#         475
  C:166BH         LINE#         476
  C:1679H         LINE#         477
  C:167BH         LINE#         478
  C:16A7H         LINE#         479
  C:16A7H         LINE#         480
  C:16B0H         LINE#         481
  C:16B6H         LINE#         482
  C:16C4H         LINE#         483
  C:16C6H         LINE#         650
  C:16C6H         LINE#         651
  C:16CBH         LINE#         652
  C:16D4H         LINE#         653
  C:16D4H         LINE#         654
  C:16DDH         LINE#         655
  -------         ENDPROC       LT9611_VIDEO_CHECK
  -------         PROC          _LT9611_MIPI_VIDEO_TIMING
  X:016BH         SYMBOL        video_format
  C:2785H         LINE#         661
  C:2790H         LINE#         662
  C:2790H         LINE#         663
  C:2797H         LINE#         664
  C:27B0H         LINE#         665
  C:27C7H         LINE#         666
  C:27E0H         LINE#         667
  C:27F7H         LINE#         668
  C:2810H         LINE#         669
  C:2827H         LINE#         670
  C:2840H         LINE#         671
  C:2857H         LINE#         672
  C:286EH         LINE#         673
  C:2885H         LINE#         674
  C:289CH         LINE#         675
  C:28C2H         LINE#         676
  C:28D6H         LINE#         677
  C:2909H         LINE#         678
  -------         ENDPROC       _LT9611_MIPI_VIDEO_TIMING
BL51 BANKED LINKER/LOCATER V6.22                                                      10/17/2022  08:34:50  PAGE 25


  -------         PROC          L?0383
  -------         ENDPROC       L?0383
  -------         PROC          _LT9611_MIPI_PCR
  D:0001H         SYMBOL        video_format
  -------         DO            
  X:0168H         SYMBOL        POL
  X:0169H         SYMBOL        hact
  -------         ENDDO         
  C:2DF3H         LINE#         681
  C:2DF3H         LINE#         682
  C:2DF3H         LINE#         685
  C:2E03H         LINE#         686
  C:2E17H         LINE#         687
  C:2E19H         LINE#         688
  C:2E1CH         LINE#         690
  C:2E23H         LINE#         692
  C:2E2BH         LINE#         693
  C:2E2BH         LINE#         694
  C:2E41H         LINE#         695
  C:2E4DH         LINE#         697
  C:2E68H         LINE#         699
  C:2E72H         LINE#         700
  C:2E7DH         LINE#         702
  C:2E87H         LINE#         703
  C:2E8DH         LINE#         704
  C:2E8FH         LINE#         707
  C:2E8FH         LINE#         708
  C:2E96H         LINE#         709
  C:2E9DH         LINE#         711
  C:2EA4H         LINE#         712
  C:2EABH         LINE#         713
  C:2EABH         LINE#         716
  C:2EB2H         LINE#         719
  C:2EB9H         LINE#         720
  C:2EC0H         LINE#         722
  C:2EC7H         LINE#         725
  C:2ECEH         LINE#         726
  C:2EDAH         LINE#         761
  C:2EE8H         LINE#         763
  C:2EEFH         LINE#         764
  C:2EF9H         LINE#         766
  C:2F00H         LINE#         767
  C:2F07H         LINE#         768
  C:2F12H         LINE#         769
  -------         ENDPROC       _LT9611_MIPI_PCR
  C:1DF2H         SYMBOL        L?0378
  -------         PROC          L?0377
  -------         ENDPROC       L?0377
  C:1DF2H         SYMBOL        L?0378
  -------         PROC          _LT9611_PLL
  D:0001H         SYMBOL        video_format
  -------         DO            
  X:0168H         SYMBOL        pclk
  D:0007H         SYMBOL        pll_lock_flag
  X:016CH         SYMBOL        cal_done_flag
  X:016DH         SYMBOL        band_out
  X:016EH         SYMBOL        hdmi_post_div
BL51 BANKED LINKER/LOCATER V6.22                                                      10/17/2022  08:34:50  PAGE 26


  X:016FH         SYMBOL        i
  -------         ENDDO         
  C:1DFDH         LINE#         772
  C:1DFDH         LINE#         773
  C:1DFDH         LINE#         778
  C:1E09H         LINE#         779
  C:1E26H         LINE#         781
  C:1E2DH         LINE#         782
  C:1E34H         LINE#         783
  C:1E3BH         LINE#         784
  C:1E42H         LINE#         785
  C:1E49H         LINE#         786
  C:1E50H         LINE#         789
  C:1E57H         LINE#         791
  C:1E5EH         LINE#         792
  C:1E65H         LINE#         793
  C:1E6CH         LINE#         795
  C:1E88H         LINE#         796
  C:1E88H         LINE#         797
  C:1E8FH         LINE#         798
  C:1E95H         LINE#         799
  C:1E97H         LINE#         800
  C:1EB3H         LINE#         801
  C:1EB3H         LINE#         802
  C:1EBAH         LINE#         803
  C:1EC0H         LINE#         804
  C:1EC2H         LINE#         806
  C:1EC2H         LINE#         807
  C:1EC9H         LINE#         808
  C:1ECFH         LINE#         809
  C:1ECFH         LINE#         811
  C:1F09H         LINE#         812
  C:1F0CH         LINE#         813
  C:1F22H         LINE#         815
  C:1F29H         LINE#         816
  C:1F30H         LINE#         817
  C:1F37H         LINE#         818
  C:1F43H         LINE#         820
  C:1F60H         LINE#         821
  C:1F67H         LINE#         822
  C:1F85H         LINE#         823
  C:1F98H         LINE#         824
  C:1FB6H         LINE#         825
  C:1FCAH         LINE#         827
  C:1FD1H         LINE#         828
  C:1FD8H         LINE#         830
  C:1FDFH         LINE#         831
  C:1FE6H         LINE#         832
  C:1FEDH         LINE#         833
  C:1FF4H         LINE#         834
  C:1FFBH         LINE#         835
  C:2002H         LINE#         836
  C:2009H         LINE#         839
  C:200EH         LINE#         840
  C:200EH         LINE#         841
  C:2015H         LINE#         842
  C:201CH         LINE#         843
BL51 BANKED LINKER/LOCATER V6.22                                                      10/17/2022  08:34:50  PAGE 27


  C:2023H         LINE#         844
  C:202AH         LINE#         845
  C:2034H         LINE#         846
  C:203EH         LINE#         847
  C:2043H         LINE#         849
  C:2054H         LINE#         850
  C:2054H         LINE#         851
  C:2062H         LINE#         852
  C:2062H         LINE#         853
  C:2062H         LINE#         855
  C:2062H         LINE#         856
  C:2069H         LINE#         857
  C:2070H         LINE#         858
  C:207BH         LINE#         859
  C:2082H         LINE#         861
  C:2089H         LINE#         862
  C:2090H         LINE#         863
  C:209BH         LINE#         864
  C:20A2H         LINE#         865
  C:20A9H         LINE#         866
  C:20B2H         LINE#         867
  C:20BDH         LINE#         868
  C:20BDH         LINE#         869
  C:20CCH         LINE#         870
  -------         ENDPROC       _LT9611_PLL
  -------         PROC          LT9611_HDMI_TX_PHY
  C:3633H         LINE#         872
  C:3633H         LINE#         873
  C:3633H         LINE#         874
  C:363AH         LINE#         875
  C:3641H         LINE#         876
  C:3647H         LINE#         877
  C:3647H         LINE#         878
  C:364EH         LINE#         879
  C:3654H         LINE#         880
  C:3656H         LINE#         882
  C:3656H         LINE#         883
  C:365DH         LINE#         884
  C:3666H         LINE#         885
  C:3666H         LINE#         886
  C:366DH         LINE#         887
  C:3674H         LINE#         888
  C:367BH         LINE#         889
  C:3682H         LINE#         890
  C:3689H         LINE#         891
  C:3690H         LINE#         892
  C:3697H         LINE#         893
  C:369EH         LINE#         894
  C:36A5H         LINE#         895
  C:36ACH         LINE#         896
  C:36B3H         LINE#         897
  -------         ENDPROC       LT9611_HDMI_TX_PHY
  -------         PROC          LT9611_HDCP_INIT
  C:4473H         LINE#         934
  C:4473H         LINE#         935
  C:4473H         LINE#         936
  C:447AH         LINE#         937
BL51 BANKED LINKER/LOCATER V6.22                                                      10/17/2022  08:34:50  PAGE 28


  C:4481H         LINE#         938
  C:4488H         LINE#         940
  C:448FH         LINE#         942
  -------         ENDPROC       LT9611_HDCP_INIT
  -------         PROC          LT9611_LOAD_HDCP_KEY
  C:393DH         LINE#         978
  C:393DH         LINE#         979
  C:393DH         LINE#         981
  C:3944H         LINE#         982
  C:394BH         LINE#         984
  C:3952H         LINE#         985
  C:3959H         LINE#         986
  C:3960H         LINE#         987
  C:3967H         LINE#         988
  C:396EH         LINE#         989
  C:3975H         LINE#         991
  C:397CH         LINE#         992
  C:3983H         LINE#         993
  C:398EH         LINE#         996
  C:399CH         LINE#         997
  C:399CH         LINE#         998
  C:39A0H         LINE#         999
  C:39A2H         LINE#         1001
  C:39A2H         LINE#         1002
  C:39A9H         LINE#         1003
  C:39A9H         LINE#         1005
  C:39B0H         LINE#         1006
  -------         ENDPROC       LT9611_LOAD_HDCP_KEY
  -------         PROC          LT9611_HDCP_ENABLE
  C:424AH         LINE#         1009
  C:424AH         LINE#         1010
  C:424AH         LINE#         1011
  C:4251H         LINE#         1012
  C:4258H         LINE#         1013
  C:425FH         LINE#         1014
  C:4266H         LINE#         1015
  C:426DH         LINE#         1016
  C:4274H         LINE#         1017
  C:427BH         LINE#         1018
  -------         ENDPROC       LT9611_HDCP_ENABLE
  -------         PROC          LT9611_HDCP_DISABLE
  C:458FH         LINE#         1021
  C:458FH         LINE#         1022
  C:458FH         LINE#         1023
  C:4596H         LINE#         1024
  C:459DH         LINE#         1025
  -------         ENDPROC       LT9611_HDCP_DISABLE
  -------         PROC          LT9611_HDMI_OUT_ENABLE
  C:3A30H         LINE#         1028
  C:3A30H         LINE#         1029
  C:3A30H         LINE#         1030
  C:3A37H         LINE#         1031
  C:3A3EH         LINE#         1033
  C:3A45H         LINE#         1034
  C:3A4CH         LINE#         1035
  C:3A53H         LINE#         1037
  C:3A5AH         LINE#         1038
BL51 BANKED LINKER/LOCATER V6.22                                                      10/17/2022  08:34:50  PAGE 29


  C:3A61H         LINE#         1039
  C:3A68H         LINE#         1040
  C:3A6FH         LINE#         1041
  C:3A76H         LINE#         1043
  C:3A7DH         LINE#         1044
  C:3A84H         LINE#         1046
  C:3A8BH         LINE#         1047
  C:3A92H         LINE#         1049
  C:3A99H         LINE#         1050
  C:3A99H         LINE#         1051
  C:3A9CH         LINE#         1052
  C:3A9CH         LINE#         1058
  -------         ENDPROC       LT9611_HDMI_OUT_ENABLE
  -------         PROC          LT9611_HDMI_OUT_DISABLE
  C:43DCH         LINE#         1061
  C:43DCH         LINE#         1062
  C:43DCH         LINE#         1063
  C:43E3H         LINE#         1064
  C:43EAH         LINE#         1065
  C:43F1H         LINE#         1066
  C:43FAH         LINE#         1067
  C:4401H         LINE#         1068
  C:4401H         LINE#         1069
  C:4404H         LINE#         1070
  C:4404H         LINE#         1071
  -------         ENDPROC       LT9611_HDMI_OUT_DISABLE
  C:2C5BH         SYMBOL        L?0380
  -------         PROC          L?0379
  -------         ENDPROC       L?0379
  C:2C5BH         SYMBOL        L?0380
  -------         PROC          _LT9611_HDMI_TX_DIGITAL
  D:0001H         SYMBOL        video_format
  -------         DO            
  X:0168H         SYMBOL        VIC
  X:0169H         SYMBOL        AR
  X:016AH         SYMBOL        pb0
  X:016BH         SYMBOL        pb2
  X:016CH         SYMBOL        pb4
  X:016DH         SYMBOL        infoFrame_en
  -------         ENDDO         
  C:2C66H         LINE#         1073
  C:2C66H         LINE#         1074
  C:2C66H         LINE#         1076
  C:2C70H         LINE#         1077
  C:2C7AH         LINE#         1082
  C:2C80H         LINE#         1084
  C:2C8DH         LINE#         1086
  C:2C9AH         LINE#         1088
  C:2CA2H         LINE#         1089
  C:2CA2H         LINE#         1090
  C:2CA7H         LINE#         1091
  C:2CA9H         LINE#         1093
  C:2CA9H         LINE#         1094
  C:2CAEH         LINE#         1095
  C:2CAEH         LINE#         1097
  C:2CF9H         LINE#         1099
  C:2D00H         LINE#         1101
BL51 BANKED LINKER/LOCATER V6.22                                                      10/17/2022  08:34:50  PAGE 30


  C:2D07H         LINE#         1102
  C:2D07H         LINE#         1103
  C:2D0EH         LINE#         1104
  C:2D14H         LINE#         1105
  C:2D16H         LINE#         1106
  C:2D1CH         LINE#         1107
  C:2D1CH         LINE#         1108
  C:2D23H         LINE#         1109
  C:2D2CH         LINE#         1110
  C:2D2CH         LINE#         1112
  C:2D32H         LINE#         1113
  C:2D32H         LINE#         1114
  C:2D39H         LINE#         1115
  C:2D39H         LINE#         1117
  C:2D40H         LINE#         1118
  C:2D40H         LINE#         1119
  C:2D47H         LINE#         1120
  C:2D47H         LINE#         1123
  C:2D4EH         LINE#         1124
  C:2D58H         LINE#         1126
  C:2D62H         LINE#         1127
  C:2D6CH         LINE#         1128
  C:2D73H         LINE#         1129
  C:2D7AH         LINE#         1130
  C:2D81H         LINE#         1134
  C:2D8DH         LINE#         1135
  C:2D8DH         LINE#         1136
  C:2D90H         LINE#         1137
  C:2D9CH         LINE#         1139
  C:2DA3H         LINE#         1140
  C:2DAAH         LINE#         1141
  C:2DB1H         LINE#         1142
  C:2DB8H         LINE#         1143
  C:2DBFH         LINE#         1144
  C:2DC6H         LINE#         1145
  C:2DCDH         LINE#         1146
  C:2DD4H         LINE#         1147
  C:2DD8H         LINE#         1148
  C:2DDAH         LINE#         1150
  C:2DDAH         LINE#         1151
  C:2DDDH         LINE#         1152
  C:2DE7H         LINE#         1153
  C:2DE7H         LINE#         1171
  -------         ENDPROC       _LT9611_HDMI_TX_DIGITAL
  -------         PROC          LT9611_CSC
  C:4496H         LINE#         1173
  C:4496H         LINE#         1174
  C:4496H         LINE#         1175
  C:449DH         LINE#         1176
  C:449DH         LINE#         1177
  C:44A4H         LINE#         1178
  C:44ABH         LINE#         1180
  C:44B4H         LINE#         1181
  C:44B4H         LINE#         1182
  -------         ENDPROC       LT9611_CSC
  -------         PROC          LT9611_AUDIO_INIT
  C:3845H         LINE#         1185
BL51 BANKED LINKER/LOCATER V6.22                                                      10/17/2022  08:34:50  PAGE 31


  C:3845H         LINE#         1186
  C:3845H         LINE#         1187
  C:384BH         LINE#         1188
  C:384BH         LINE#         1189
  C:3854H         LINE#         1191
  C:385BH         LINE#         1192
  C:3862H         LINE#         1193
  C:3869H         LINE#         1196
  C:3870H         LINE#         1197
  C:3877H         LINE#         1199
  C:387EH         LINE#         1200
  C:3885H         LINE#         1201
  C:388CH         LINE#         1219
  C:388CH         LINE#         1220
  C:3894H         LINE#         1221
  C:3894H         LINE#         1222
  C:389DH         LINE#         1224
  C:38A4H         LINE#         1225
  C:38ABH         LINE#         1226
  C:38B2H         LINE#         1228
  C:38B9H         LINE#         1229
  C:38C0H         LINE#         1230
  C:38C0H         LINE#         1231
  -------         ENDPROC       LT9611_AUDIO_INIT
  -------         PROC          LT9611_READ_EDID
  C:003AH         LINE#         1234
  C:003AH         LINE#         1235
  C:003AH         LINE#         1341
  -------         ENDPROC       LT9611_READ_EDID
  -------         PROC          LT9611_GET_HPD_STATUS
  C:4386H         LINE#         1344
  C:4386H         LINE#         1345
  C:4386H         LINE#         1346
  C:438DH         LINE#         1348
  C:4396H         LINE#         1349
  C:4396H         LINE#         1350
  C:43A1H         LINE#         1351
  C:43AAH         LINE#         1352
  C:43AAH         LINE#         1353
  C:43ADH         LINE#         1354
  C:43ADH         LINE#         1356
  C:43ADH         LINE#         1357
  C:43B0H         LINE#         1358
  C:43B0H         LINE#         1359
  C:43B0H         LINE#         1361
  C:43B0H         LINE#         1362
  C:43B2H         LINE#         1363
  C:43B2H         LINE#         1364
  -------         ENDPROC       LT9611_GET_HPD_STATUS
  -------         PROC          _LT9611_HDMI_CEC_ON
  D:0007H         SYMBOL        enable
  C:0003H         LINE#         1368
  C:0003H         LINE#         1369
  C:0003H         LINE#         1370
  C:000AH         LINE#         1372
  C:000DH         LINE#         1373
  C:0014H         LINE#         1374
BL51 BANKED LINKER/LOCATER V6.22                                                      10/17/2022  08:34:50  PAGE 32


  C:001BH         LINE#         1375
  C:0022H         LINE#         1376
  C:0029H         LINE#         1377
  C:002DH         LINE#         1378
  C:002FH         LINE#         1379
  C:002FH         LINE#         1380
  C:0032H         LINE#         1381
  C:0039H         LINE#         1382
  C:0039H         LINE#         1383
  -------         ENDPROC       _LT9611_HDMI_CEC_ON
  -------         PROC          LT9611_CEC_LOGICAL_RESET
  C:45E5H         LINE#         1385
  C:45E5H         LINE#         1386
  C:45E5H         LINE#         1387
  C:45ECH         LINE#         1388
  C:45F3H         LINE#         1389
  -------         ENDPROC       LT9611_CEC_LOGICAL_RESET
  -------         PROC          _LT9611_CEC_MSG_SET_LOGICAL_ADDRESS
  D:0001H         SYMBOL        cec_msg
  -------         DO            
  X:0171H         SYMBOL        logical_address
  -------         ENDDO         
  C:3130H         LINE#         1393
  C:3130H         LINE#         1394
  C:3130H         LINE#         1416
  C:3138H         LINE#         1417
  C:3140H         LINE#         1419
  C:314AH         LINE#         1421
  C:3153H         LINE#         1422
  C:3153H         LINE#         1423
  C:315CH         LINE#         1425
  C:315CH         LINE#         1427
  C:3163H         LINE#         1429
  C:31A6H         LINE#         1430
  C:31A6H         LINE#         1431
  C:31A6H         LINE#         1432
  C:31A8H         LINE#         1433
[...]
  C:3B0AH         LINE#         2252
  C:3B0AH         LINE#         2253
  C:3B13H         LINE#         2255
  C:3B1AH         LINE#         2256
  C:3B21H         LINE#         2257
  C:3B28H         LINE#         2259
  C:3B2FH         LINE#         2260
  C:3B36H         LINE#         2263
  C:3B39H         LINE#         2265
  C:3B3FH         LINE#         2266
  C:3B3FH         LINE#         2267
  C:3B46H         LINE#         2268
  C:3B4DH         LINE#         2269
  C:3B58H         LINE#         2270
  C:3B5FH         LINE#         2272
  C:3B62H         LINE#         2273
  C:3B65H         LINE#         2274
  C:3B68H         LINE#         2275
  C:3B6BH         LINE#         2276
  C:3B6BH         LINE#         2278
  C:3B6BH         LINE#         2280
  C:3B6EH         LINE#         2281
  C:3B6EH         LINE#         2282
  -------         ENDPROC       LT9611_VID_CHG_INTERRUPT_HANDLE
  -------         PROC          _LT9611_CEC_MSG_INTERRUPT_HANDLE
  X:0168H         SYMBOL        cec_msg
BL51 BANKED LINKER/LOCATER V6.22                                                      10/17/2022  08:34:50  PAGE 45


  -------         DO            
  D:0007H         SYMBOL        cec_status
  -------         ENDDO         
  C:39B7H         LINE#         2285
  C:39C2H         LINE#         2286
  C:39C2H         LINE#         2289
  C:39C9H         LINE#         2290
  C:39CEH         LINE#         2292
  C:39DDH         LINE#         2293
  C:39EAH         LINE#         2295
  C:39F1H         LINE#         2296
  C:39F8H         LINE#         2297
  C:39FFH         LINE#         2299
  C:3A06H         LINE#         2300
  C:3A0DH         LINE#         2301
  C:3A14H         LINE#         2303
  C:3A22H         LINE#         2304
  -------         ENDPROC       _LT9611_CEC_MSG_INTERRUPT_HANDLE
  -------         PROC          _LT9611_PATTERN_GCM
  X:01BFH         SYMBOL        video_format
  -------         DO            
  X:01C2H         SYMBOL        POL
  -------         ENDDO         
  C:25C7H         LINE#         2314
  C:25D2H         LINE#         2315
  C:25D2H         LINE#         2317
  C:25F6H         LINE#         2318
  C:25F8H         LINE#         2319
  C:25FBH         LINE#         2321
  C:2602H         LINE#         2322
  C:2626H         LINE#         2323
  C:264CH         LINE#         2324
  C:2672H         LINE#         2325
  C:268BH         LINE#         2326
  C:26A2H         LINE#         2327
  C:26BBH         LINE#         2328
  C:26D2H         LINE#         2329
  C:26EBH         LINE#         2330
  C:2702H         LINE#         2331
  C:271BH         LINE#         2332
  C:2732H         LINE#         2333
  C:274BH         LINE#         2334
  C:2762H         LINE#         2335
  C:2779H         LINE#         2337
  -------         ENDPROC       _LT9611_PATTERN_GCM
  -------         PROC          _LT9611_PATTERN_PIXEL_CLK
  D:0001H         SYMBOL        video_format
  -------         DO            
  X:01C3H         SYMBOL        pclk
  -------         ENDDO         
  C:331DH         LINE#         2340
  C:331DH         LINE#         2341
  C:331DH         LINE#         2343
  C:3329H         LINE#         2344
  C:3346H         LINE#         2347
  C:334DH         LINE#         2348
  C:3354H         LINE#         2350
BL51 BANKED LINKER/LOCATER V6.22                                                      10/17/2022  08:34:50  PAGE 46


  C:3370H         LINE#         2351
  C:3370H         LINE#         2352
  C:3377H         LINE#         2353
  C:337EH         LINE#         2354
  C:337EH         LINE#         2355
  C:339AH         LINE#         2356
  C:339AH         LINE#         2357
  C:33A1H         LINE#         2358
  C:33A1H         LINE#         2359
  C:33BDH         LINE#         2360
  C:33BDH         LINE#         2361
  C:33C4H         LINE#         2362
  C:33C4H         LINE#         2363
  C:33CBH         LINE#         2364
  C:33D2H         LINE#         2365
  -------         ENDPROC       _LT9611_PATTERN_PIXEL_CLK
  -------         PROC          LT9611_PATTERN_EN
  C:45FAH         LINE#         2368
  C:45FAH         LINE#         2369
  C:45FAH         LINE#         2370
  C:4601H         LINE#         2371
  C:4608H         LINE#         2372
  -------         ENDPROC       LT9611_PATTERN_EN
  -------         PROC          LT9611_PATTERN
  C:42F1H         LINE#         2375
  C:42F1H         LINE#         2376
  C:42F1H         LINE#         2381
  C:42FFH         LINE#         2390
  C:4302H         LINE#         2391
  C:4305H         LINE#         2392
  C:4308H         LINE#         2394
  C:430BH         LINE#         2395
  C:4319H         LINE#         2396
  C:431CH         LINE#         2398
  C:431FH         LINE#         2414
  C:4322H         LINE#         2418
  -------         ENDPROC       LT9611_PATTERN
  -------         PROC          LT9611_INIT
  -------         DO            
  X:0161H         SYMBOL        cnt
  -------         ENDDO         
  C:33D9H         LINE#         2433
  C:33D9H         LINE#         2434
  C:33D9H         LINE#         2435
  C:33E3H         LINE#         2437
  C:33E6H         LINE#         2438
  C:33E9H         LINE#         2441
  C:33ECH         LINE#         2442
  C:33EFH         LINE#         2449
  C:33F2H         LINE#         2450
  C:33F5H         LINE#         2452
  C:33F8H         LINE#         2453
  C:33FBH         LINE#         2456
  C:33FEH         LINE#         2458
  C:3401H         LINE#         2461
  C:3406H         LINE#         2463
  C:340FH         LINE#         2466
BL51 BANKED LINKER/LOCATER V6.22                                                      10/17/2022  08:34:50  PAGE 47


  C:3416H         LINE#         2467
  C:341DH         LINE#         2468
  C:3424H         LINE#         2470
  C:3427H         LINE#         2471
  C:342AH         LINE#         2472
  C:342DH         LINE#         2475
  C:3438H         LINE#         2476
  C:343BH         LINE#         2478
  C:3444H         LINE#         2480
  C:3444H         LINE#         2481
  C:3444H         LINE#         2482
  C:344AH         LINE#         2483
  C:344AH         LINE#         2485
  C:344DH         LINE#         2486
  C:3452H         LINE#         2487
  C:3455H         LINE#         2488
  C:3455H         LINE#         2489
  C:345CH         LINE#         2490
  C:345CH         LINE#         2491
  C:3462H         LINE#         2492
  C:3462H         LINE#         2493
  C:3469H         LINE#         2494
  C:347BH         LINE#         2495
  C:347BH         LINE#         2496
  C:347EH         LINE#         2497
  C:3481H         LINE#         2498
  C:3481H         LINE#         2499
  C:3481H         LINE#         2500
  C:3481H         LINE#         2501
  -------         ENDPROC       LT9611_INIT
  -------         PROC          INTBINTERRUPTFUN
  C:442CH         LINE#         2505
  C:4434H         LINE#         2507
  C:4439H         LINE#         2508
  C:4439H         LINE#         2509
  C:443CH         LINE#         2510
  C:443EH         LINE#         2511
  C:443EH         LINE#         2512
  C:4444H         LINE#         2513
  C:4447H         LINE#         2514
  -------         ENDPROC       INTBINTERRUPTFUN
  -------         PROC          LT9611_IRQ_TASK
  -------         DO            
  X:0165H         SYMBOL        irq_flag3
  X:0166H         SYMBOL        irq_flag0
  X:0167H         SYMBOL        irq_flag1
  -------         ENDDO         
  C:4134H         LINE#         2517
  C:4134H         LINE#         2518
  C:4134H         LINE#         2525
  C:413BH         LINE#         2527
  C:4145H         LINE#         2528
  C:414FH         LINE#         2529
  C:4159H         LINE#         2531
  C:4160H         LINE#         2532
  C:4160H         LINE#         2533
  C:4169H         LINE#         2534
BL51 BANKED LINKER/LOCATER V6.22                                                      10/17/2022  08:34:50  PAGE 48


  C:4169H         LINE#         2536
  C:4171H         LINE#         2537
  C:4171H         LINE#         2538
  C:4174H         LINE#         2539
  C:4174H         LINE#         2541
  C:417BH         LINE#         2542
  C:417BH         LINE#         2543
  C:417EH         LINE#         2544
  C:417EH         LINE#         2545
  -------         ENDPROC       LT9611_IRQ_TASK
  -------         ENDMOD        LT9611

  -------         MODULE        ?C_STARTUP
  C:35A7H         SEGMENT       ?C_C51STARTUP
  I:0022H         SEGMENT       ?STACK
  C:0000H         PUBLIC        ?C_STARTUP
  D:00E0H         SYMBOL        ACC
  D:00F0H         SYMBOL        B
  D:0083H         SYMBOL        DPH
  D:0082H         SYMBOL        DPL
  N:0000H         SYMBOL        IBPSTACK
  N:0100H         SYMBOL        IBPSTACKTOP
  N:0080H         SYMBOL        IDATALEN
  C:35AAH         SYMBOL        IDATALOOP
  N:0000H         SYMBOL        PBPSTACK
  N:0100H         SYMBOL        PBPSTACKTOP
  N:0000H         SYMBOL        PDATALEN
  N:0000H         SYMBOL        PDATASTART
  N:0000H         SYMBOL        PPAGE
  N:0000H         SYMBOL        PPAGEENABLE
  D:00A0H         SYMBOL        PPAGE_SFR
  D:0081H         SYMBOL        SP
  C:35A7H         SYMBOL        STARTUP1
  N:0000H         SYMBOL        XBPSTACK
  N:0000H         SYMBOL        XBPSTACKTOP
  N:0000H         SYMBOL        XDATALEN
  N:0000H         SYMBOL        XDATASTART
  C:0000H         LINE#         126
  C:35A7H         LINE#         133
  C:35A9H         LINE#         134
  C:35AAH         LINE#         135
  C:35ABH         LINE#         136
  C:35ADH         LINE#         185
  C:35B0H         LINE#         196
  -------         ENDMOD        ?C_STARTUP

  -------         MODULE        DELAY
  C:0000H         SYMBOL        _ICE_DUMMY_
  D:0080H         PUBLIC        P0
  D:0090H         PUBLIC        P1
  D:00A0H         PUBLIC        P2
  C:3DF9H         PUBLIC        _Timer0_Delay100us
  D:00B0H         PUBLIC        P3
  D:00D8H         PUBLIC        PWMCON0
  C:3C31H         PUBLIC        _Timer2_Delay500us
  D:00A8H         PUBLIC        IE
  D:00B8H         PUBLIC        IP
BL51 BANKED LINKER/LOCATER V6.22                                                      10/17/2022  08:34:50  PAGE 49


  C:3E52H         PUBLIC        _Timer0_Delay1ms
  B:0021H.1       PUBLIC        BIT_TMP
  D:0098H         PUBLIC        SCON
  D:0089H         PUBLIC        TMOD
  D:0088H         PUBLIC        TCON
  D:00F8H         PUBLIC        SCON_1
  B:0088H.5       PUBLIC        TF0
  C:3EABH         PUBLIC        _Timer1_Delay10ms
  B:0088H.7       PUBLIC        TF1
  B:00C8H.7       PUBLIC        TF2
  D:008CH         PUBLIC        TH0
  D:00C6H         PUBLIC        RH3
  D:008DH         PUBLIC        TH1
  D:00CDH         PUBLIC        TH2
  D:008AH         PUBLIC        TL0
  D:00C5H         PUBLIC        RL3
  D:008BH         PUBLIC        TL1
  D:00CCH         PUBLIC        TL2
  C:3D9EH         PUBLIC        _Timer3_Delay10us
  B:0088H.4       PUBLIC        TR0
  B:0088H.6       PUBLIC        TR1
  B:00C8H.2       PUBLIC        TR2
  D:00E8H         PUBLIC        ADCCON0
  D:00C0H         PUBLIC        I2CON
  D:00C9H         PUBLIC        T2MOD
  D:00C8H         PUBLIC        T2CON
  D:00C4H         PUBLIC        T3CON
  D:008EH         PUBLIC        CKCON
  D:00D0H         PUBLIC        PSW
  C:3D43H         PUBLIC        _Timer3_Delay100ms
  -------         PROC          _TIMER0_DELAY100US
  X:01C7H         SYMBOL        u32CNT
  C:3DF9H         LINE#         22
  C:3DFFH         LINE#         23
  C:3DFFH         LINE#         24
  C:3E02H         LINE#         25
  C:3E05H         LINE#         26
  C:3E07H         LINE#         27
  C:3E20H         LINE#         28
  C:3E20H         LINE#         29
  C:3E23H         LINE#         30
  C:3E26H         LINE#         31
  C:3E29H         LINE#         32
  C:3E2BH         LINE#         33
  C:3E4DH         LINE#         34
  C:3E4FH         LINE#         35
  C:3E51H         LINE#         36
  -------         ENDPROC       _TIMER0_DELAY100US
  -------         PROC          _TIMER0_DELAY1MS
  X:0179H         SYMBOL        u32CNT
  C:3E52H         LINE#         38
  C:3E58H         LINE#         39
  C:3E58H         LINE#         40
  C:3E5BH         LINE#         41
  C:3E5EH         LINE#         42
  C:3E60H         LINE#         43
  C:3E79H         LINE#         44
BL51 BANKED LINKER/LOCATER V6.22                                                      10/17/2022  08:34:50  PAGE 50


  C:3E79H         LINE#         45
  C:3E7CH         LINE#         46
  C:3E7FH         LINE#         47
  C:3E82H         LINE#         48
  C:3E84H         LINE#         49
  C:3EA6H         LINE#         50
  C:3EA8H         LINE#         51
  C:3EAAH         LINE#         52
  -------         ENDPROC       _TIMER0_DELAY1MS
  -------         PROC          _TIMER1_DELAY10MS
  X:01CBH         SYMBOL        u32CNT
  C:3EABH         LINE#         55
  C:3EB1H         LINE#         56
  C:3EB1H         LINE#         57
  C:3EB4H         LINE#         58
  C:3EB7H         LINE#         59
  C:3EB9H         LINE#         60
  C:3ED2H         LINE#         61
  C:3ED2H         LINE#         62
  C:3ED5H         LINE#         63
  C:3ED8H         LINE#         64
  C:3EDBH         LINE#         65
  C:3EDDH         LINE#         66
  C:3EFFH         LINE#         67
  C:3F01H         LINE#         68
  C:3F03H         LINE#         69
  -------         ENDPROC       _TIMER1_DELAY10MS
  -------         PROC          _TIMER2_DELAY500US
  X:01CFH         SYMBOL        u32CNT
  C:3C31H         LINE#         71
  C:3C37H         LINE#         72
  C:3C37H         LINE#         73
  C:3C3AH         LINE#         74
  C:3C3DH         LINE#         75
  C:3C40H         LINE#         76
  C:3C42H         LINE#         77
  C:3C5BH         LINE#         78
  C:3C5BH         LINE#         79
  C:3C5EH         LINE#         80
  C:3C61H         LINE#         81
  C:3C64H         LINE#         82
  C:3C66H         LINE#         83
  C:3C88H         LINE#         84
  C:3C8AH         LINE#         85
  C:3C8CH         LINE#         86
  -------         ENDPROC       _TIMER2_DELAY500US
  -------         PROC          _TIMER3_DELAY100MS
  X:01D3H         SYMBOL        u32CNT
  C:3D43H         LINE#         88
  C:3D49H         LINE#         89
  C:3D49H         LINE#         90
  C:3D4CH         LINE#         91
  C:3D4FH         LINE#         92
  C:3D68H         LINE#         93
  C:3D68H         LINE#         94
  C:3D6BH         LINE#         95
  C:3D6EH         LINE#         96
BL51 BANKED LINKER/LOCATER V6.22                                                      10/17/2022  08:34:50  PAGE 51


  C:3D73H         LINE#         97
  C:3D76H         LINE#         98
  C:3D98H         LINE#         99
  C:3D9AH         LINE#         100
  C:3D9DH         LINE#         101
  -------         ENDPROC       _TIMER3_DELAY100MS
  -------         PROC          _TIMER3_DELAY10US
  X:01D7H         SYMBOL        u32CNT
  C:3D9EH         LINE#         104
  C:3DA4H         LINE#         105
  C:3DA4H         LINE#         106
  C:3DA7H         LINE#         107
  C:3DAAH         LINE#         108
  C:3DC3H         LINE#         109
  C:3DC3H         LINE#         110
  C:3DC6H         LINE#         111
  C:3DC9H         LINE#         112
  C:3DCEH         LINE#         113
  C:3DD1H         LINE#         114
  C:3DF3H         LINE#         115
  C:3DF5H         LINE#         116
  C:3DF8H         LINE#         117
  -------         ENDPROC       _TIMER3_DELAY10US
  -------         ENDMOD        DELAY

  -------         MODULE        ?C?CLDPTR
  C:16E6H         PUBLIC        ?C?CLDPTR
  -------         ENDMOD        ?C?CLDPTR

  -------         MODULE        ?C?CLDOPTR
  C:16FFH         PUBLIC        ?C?CLDOPTR
  -------         ENDMOD        ?C?CLDOPTR

  -------         MODULE        ?C?CILDOPTR
  C:172CH         PUBLIC        ?C?CILDOPTR
  -------         ENDMOD        ?C?CILDOPTR

  -------         MODULE        ?C?CSTPTR
  C:175FH         PUBLIC        ?C?CSTPTR
  -------         ENDMOD        ?C?CSTPTR

  -------         MODULE        ?C?CSTOPTR
  C:1771H         PUBLIC        ?C?CSTOPTR
  -------         ENDMOD        ?C?CSTOPTR

  -------         MODULE        ?C?UIDIV
  C:1793H         PUBLIC        ?C?UIDIV
  -------         ENDMOD        ?C?UIDIV

  -------         MODULE        ?C?ILDPTR
  C:17E8H         PUBLIC        ?C?ILDPTR
  -------         ENDMOD        ?C?ILDPTR

  -------         MODULE        ?C?ILDOPTR
  C:1813H         PUBLIC        ?C?ILDOPTR
  -------         ENDMOD        ?C?ILDOPTR

BL51 BANKED LINKER/LOCATER V6.22                                                      10/17/2022  08:34:50  PAGE 52


  -------         MODULE        ?C?ISTOPTR
  C:184BH         PUBLIC        ?C?ISTOPTR
  -------         ENDMOD        ?C?ISTOPTR

  -------         MODULE        ?C?LMUL
  C:1878H         PUBLIC        ?C?LMUL
  -------         ENDMOD        ?C?LMUL

  -------         MODULE        ?C?ULDIV
  C:1903H         PUBLIC        ?C?ULDIV
  -------         ENDMOD        ?C?ULDIV

  -------         MODULE        ?C?ULCMP
  C:1995H         PUBLIC        ?C?ULCMP
  -------         ENDMOD        ?C?ULCMP

  -------         MODULE        ?C?LLDOPTR
  C:19A6H         PUBLIC        ?C?LLDOPTR
  -------         ENDMOD        ?C?LLDOPTR

  -------         MODULE        ?C?LSTXDATA
  C:19D6H         PUBLIC        ?C?LSTXDATA
  -------         ENDMOD        ?C?LSTXDATA

  -------         MODULE        ?C?LSTKXDATA
  C:19E2H         PUBLIC        ?C?LSTKXDATA
  -------         ENDMOD        ?C?LSTKXDATA

  -------         MODULE        PRINTF
  X:0175H         PUBLIC        ?_PRINTF517?BYTE
  X:0175H         PUBLIC        ?_PRINTF?BYTE
  X:0175H         PUBLIC        ?_SPRINTF517?BYTE
  X:0175H         PUBLIC        ?_SPRINTF?BYTE
  C:1AF8H         PUBLIC        _PRINTF
  C:1AF8H         PUBLIC        _PRINTF517
  C:1AF2H         PUBLIC        _SPRINTF
  C:1AF2H         PUBLIC        _SPRINTF517
  -------         ENDMOD        PRINTF

  -------         MODULE        ?C?LLDIDATA
  C:1A13H         PUBLIC        ?C?LLDIDATA
  -------         ENDMOD        ?C?LLDIDATA

  -------         MODULE        ?C?LLDXDATA
  C:1A1FH         PUBLIC        ?C?LLDXDATA
  -------         ENDMOD        ?C?LLDXDATA

  -------         MODULE        ?C?LLDPDATA
  C:1A2BH         PUBLIC        ?C?LLDPDATA
  -------         ENDMOD        ?C?LLDPDATA

  -------         MODULE        ?C?LLDCODE
  C:1A37H         PUBLIC        ?C?LLDCODE
  -------         ENDMOD        ?C?LLDCODE

  -------         MODULE        ?C?PLDIXDATA
  C:1A47H         PUBLIC        ?C?PLDIXDATA
BL51 BANKED LINKER/LOCATER V6.22                                                      10/17/2022  08:34:50  PAGE 53


  -------         ENDMOD        ?C?PLDIXDATA

  -------         MODULE        ?C?PSTXDATA
  C:1A5EH         PUBLIC        ?C?PSTXDATA
  -------         ENDMOD        ?C?PSTXDATA

  -------         MODULE        ?C?CCASE
  C:1A67H         PUBLIC        ?C?CCASE
  -------         ENDMOD        ?C?CCASE

  -------         MODULE        PUTCHAR
  C:4405H         PUBLIC        _PUTCHAR
  -------         ENDMOD        PUTCHAR

Program Size: data=15.2 xdata=481 code=17996
LINK/LOCATE RUN COMPLETE.  0 WARNING(S),  0 ERROR(S)
